******************************************************************************
                   ARP32 Linker PC v1.0.7                      
******************************************************************************
>> Linked Wed Oct 07 00:50:17 2015

OUTPUT FILE NAME:   <.\elf_out\test_eveHoughForLines.eve.out>
ENTRY POINT SYMBOL: "_reset_handler"  address: 80000100


MEMORY CONFIGURATION

         name            origin    length      used     unused   attr    fill
----------------------  --------  ---------  --------  --------  ----  --------
PAGE 0:
  VECMEM                80000000   00000100  00000028  000000d8  RWIX
  CMDMEM                80000100   00001000  00000028  00000fd8  RWIX
  EXTMEM                80001100   00020000  0000e8b4  0001174c  RWIX

PAGE 1:
  DATMEM                40020000   00008000  0000653d  00001ac3  RWIX
  WMEM                  40040000   00007fe0  00000000  00007fe0  RWIX
  IMEMLA                40050000   00004000  00000000  00004000  RWIX
  IMEMHA                40054000   00004000  00000000  00004000  RWIX
  IMEMLB                40070000   00004000  00000000  00004000  RWIX
  IMEMHB                40074000   00004000  00000000  00004000  RWIX
  L3MEM                 40300000   00100000  00000000  00100000  RWIX
  GEM0_L2_MEM           40800000   00008000  00000000  00008000  RWIX
  EXTDMEM               80030000   02000000  01809738  007f68c8  RWIX


SECTION ALLOCATION MAP

 output                                  attributes/
section   page    origin      length       input sections
--------  ----  ----------  ----------   ----------------
.cinit     1    40020000    00000000     UNINITIALIZED

.init_array 
*          1    40020000    00000000     UNINITIALIZED

.intvecs   0    80000000    00000028     
                  80000000    00000028     boot_arp32.obj (.intvecs)

.inthandler 
*          0    80000100    00000028     
                  80000100    00000028     boot_arp32.obj (.inthandler)

.rts_text 
*          0    80001100    00006e50     
                  80001100    000004f8     rtsarp32_v200.lib : _scanfi.obj (.text:_scanfi)
                  800015f8    000003a0                       : strtod.obj (.text:strtod)
                  80001998    0000039c                       : strtold.obj (.text:strtold)
                  80001d34    00000364                       : divf.obj (.text:__arp32abi_divf)
                  80002098    000002d8                       : strtoll.obj (.text:strtoll)
                  80002370    000002a0                       : _printfi.obj (.text:_setfield)
                  80002610    00000268                       : _scanfi.obj (.text:_sproc_int)
                  80002878    00000260                       : _scanfi.obj (.text:_sset_arg)
                  80002ad8    0000025c                       : _printfi.obj (.text:_pproc_fge)
                  80002d34    0000025c                       : _printfi.obj (.text:ecvt)
                  80002f90    00000258                       : _printfi.obj (.text:fcvt)
                  800031e8    0000024c                       : strtoull.obj (.text:strtoull)
                  80003434    0000022c                       : _printfi.obj (.text:_printfi)
                  80003660    00000220                       : _printfi.obj (.text:_pconv_e)
                  80003880    00000208                       : _printfi.obj (.text:_getarg_diouxp)
                  80003a88    00000200                       : frcdivd.obj (.text:_frcdivd)
                  80003c88    000001e4                       : divd.obj (.text:__arp32abi_divd)
                  80003e6c    000001cc                       : imath64.obj (.text:__arp32abi_divull)
                  80004038    000001cc                       : strtol.obj (.text:strtol)
                  80004204    000001c8                       : mpyd.obj (.text:__arp32abi_mpyd)
                  800043cc    000001c8                       : fgets.obj (.text:_dofgets)
                  80004594    000001b8                       : addd.obj (.text:__arp32abi_addd)
                  8000474c    000001a0                       : strtoul.obj (.text:strtoul)
                  800048ec    0000018c                       : _printfi.obj (.text:_pproc_diouxp)
                  80004a78    00000170                       : fputs.obj (.text:fputs)
                  80004be8    00000160                       : frcaddd.obj (.text:_frcaddd)
                  80004d48    0000015c                       : _scanfi.obj (.text:_sproc_float)
                  80004ea4    00000158                       : llmpy.obj (.text:__arp32abi_mpyll)
                  80004ffc    00000144                       : fread.obj (.text:fread)
                  80005140    00000140                       : frcmpyd.obj (.text:_frcmpyd)
                  80005280    00000140                       : _scanfi.obj (.text:_sget_conv)
                  800053c0    0000013c                       : _printfi.obj (.text:_pproc_fwp)
                  800054fc    0000012c                       : fopen.obj (.text:_openfile)
                  80005628    00000118                       : setvbuf.obj (.text:setvbuf)
                  80005740    00000114                       : _printfi.obj (.text:_pconv_g)
                  80005854    000000f4                       : _printfi.obj (.text:_pproc_str)
                  80005948    000000ec                       : lowlev.obj (.text:open)
                  80005a34    000000e8                       : fputc.obj (.text:fputc)
                  80005b1c    000000dc                       : memcpy.obj (.text:memcpy)
                  80005bf8    000000cc                       : cmpd.obj (.text:__arp32abi_cmpd)
                  80005cc4    000000c4                       : memory.obj (.text:mem_alloc)
                  80005d88    000000bc                       : _printfi.obj (.text:_ltostr)
                  80005e44    000000bc                       : _scanfi.obj (.text:_sproc_str)
                  80005f00    000000b4                       : trgdrv.obj (.text:HOSTlseek)
                  80005fb4    000000b4                       : _scanfi.obj (.text:_sproc_lb)
                  80006068    000000ac                       : trgdrv.obj (.text:HOSTrename)
                  80006114    000000a8                       : fopen.obj (.text:_search_fp)
                  800061bc    000000a8                       : memset.obj (.text:memset)
                  80006264    000000a0                       : lowlev.obj (.text:getdevice)
                  80006304    0000009c                       : _bufread.obj (.text:_buff_read)
                  800063a0    0000009c                       : _printfi.obj (.text:_mcpy)
                  8000643c    00000098                       : trgdrv.obj (.text:HOSTopen)
                  800064d4    00000094                       : sscanf.obj (.text:_chkmbc)
                  80006568    00000094                       : memory.obj (.text:mem_free)
                  800065fc    00000090                       : trgdrv.obj (.text:HOSTread)
                  8000668c    00000090                       : cvtdf.obj (.text:__arp32abi_cvtdf)
                  8000671c    00000090                       : _printfi.obj (.text:_pproc_fflags)
                  800067ac    00000090                       : _io_perm.obj (.text:_wrt_ok)
                  8000683c    00000090                       : fseek.obj (.text:fseek)
                  800068cc    00000090                       : ftell.obj (.text:ftell)
                  8000695c    0000008c                       : trgdrv.obj (.text:HOSTwrite)
                  800069e8    00000088                       : lowlev.obj (.text:close)
                  80006a70    00000084                       : _printfi.obj (.text:_ecpy)
                  80006af4    00000080                       : cvtfd.obj (.text:__arp32abi_cvtfd)
                  80006b74    00000080                       : fltulld.obj (.text:__arp32abi_fltulld)
                  80006bf4    00000080                       : _scanfi.obj (.text:_sget_scanset)
                  80006c74    00000080                       : printf.obj (.text:printf)
                  80006cf4    0000007c                       : fixdi.obj (.text:__arp32abi_fixdi)
                  80006d70    0000007c                       : fltullf.obj (.text:__arp32abi_fltullf)
                  80006dec    0000007c                       : fclose.obj (.text:_closefile)
                  80006e68    0000007c                       : atoi.obj (.text:atoi)
                  80006ee4    0000007c                       : fflush.obj (.text:fflush)
                  80006f60    00000078                       : trgdrv.obj (.text:HOSTunlink)
                  80006fd8    00000078                       : _printfi.obj (.text:_div)
                  80007050    00000078                       : _printfi.obj (.text:_pconv_f)
                  800070c8    00000078                       : memory.obj (.text:minit)
                  80007140    00000074                       : trgdrv.obj (.text:HOSTclose)
                  800071b4    00000074                       : fprintf.obj (.text:fprintf)
                  80007228    00000070                       : autoinit.obj (.text:_auto_init)
                  80007298    00000070                       : vfprintf.obj (.text:vfprintf)
                  80007308    0000006c                       : _io_perm.obj (.text:_rd_ok)
                  80007374    00000068                       : fltid.obj (.text:__arp32abi_fltid)
                  800073dc    00000068                       : boot.obj (.text:_c_int00)
                  80007444    00000068                       : lowlev.obj (.text:lseek)
                  800074ac    00000068                       : lowlev.obj (.text:read)
                  80007514    00000068                       : lowlev.obj (.text:write)
                  8000757c    00000064                       : imath64.obj (.text:_subcull)
                  800075e0    00000064                       : ltoa.obj (.text:ltoa)
                  80007644    00000060                       : llshift.obj (.text:__arp32abi_llshl)
                  800076a4    00000060                       : fflush.obj (.text:_doflush)
                  80007704    0000005c                       : isinf.obj (.text:__arp32abi_isinf)
                  80007760    0000005c                       : lowlev.obj (.text:tabinit)
                  800077bc    00000054                       : _printfi.obj (.text:_fcpy)
                  80007810    00000054                       : renormd.obj (.text:_renormd)
                  80007864    00000054                       : exit.obj (.text:exit)
                  800078b8    00000050                       : fopen.obj (.text:_cleanup)
                  80007908    00000050                       : lowlev.obj (.text:finddevice)
                  80007958    00000050                       : rand.obj (.text:rand)
                  800079a8    0000004c                       : memory.obj (.text:malloc)
                  800079f4    00000048                       : frcmpyf_div.obj (.text:__arp32abi_frcmpyf_div)
                  80007a3c    00000048                       : trgmsg.obj (.text:readmsg)
                  80007a84    00000048                       : lowlev.obj (.text:unlink)
                  80007acc    00000048                       : trgmsg.obj (.text:writemsg)
                  80007b14    00000040                       : args_main.obj (.text:_args_main)
                  80007b54    0000003c                       : fltuf.obj (.text:__arp32abi_fltuf)
                  80007b90    0000003c                       : _printfi.obj (.text:__arp32abi_isnan)
                  80007bcc    0000003c                       : strasgi_c.obj (.text:__arp32abi_strasgi)
                  80007c08    0000003c                       : fopen.obj (.text:fopen)
                  80007c44    00000038                       : assert.obj (.text:__arp32abi_abort_msg)
                  80007c7c    00000038                       : imath64.obj (.text:__arp32abi_remull)
                  80007cb4    00000038                       : sscanf.obj (.text:sscanf)
                  80007cec    00000034                       : llshift.obj (.text:__arp32abi_llshru)
                  80007d20    00000030                       : fclose.obj (.text:fclose)
                  80007d50    00000030                       : rand.obj (.text:srand)
                  80007d80    0000002c                       : subd.obj (.text:__arp32abi_subd)
                  80007dac    00000028                       : negd.obj (.text:__arp32abi_negd)
                  80007dd4    00000028                       : mult.obj (.text:_mpyl)
                  80007dfc    00000024                       : llcmp.obj (.text:__arp32abi_cmplls)
                  80007e20    00000024                       : llcmp.obj (.text:__arp32abi_cmpllu)
                  80007e44    00000020                       : memccpy.obj (.text:memccpy)
                  80007e64    0000001c                       : lladdsub.obj (.text:__arp32abi_addll)
                  80007e80    00000018                       : fgets.obj (.text:fgets)
                  80007e98    00000014                       : lladdsub.obj (.text:__arp32abi_subll)
                  80007eac    00000014                       : memory.obj (.text:free)
                  80007ec0    00000010                       : lladdsub.obj (.text:__arp32abi_negll)
                  80007ed0    00000010                       : sscanf.obj (.text:_inpchar)
                  80007ee0    0000000c                       : fprintf.obj (.text:_outc)
                  80007eec    0000000c                       : printf.obj (.text:_outc)
                  80007ef8    0000000c                       : vfprintf.obj (.text:_outc)
                  80007f04    0000000c                       : fprintf.obj (.text:_outs)
                  80007f10    0000000c                       : printf.obj (.text:_outs)
                  80007f1c    0000000c                       : vfprintf.obj (.text:_outs)
                  80007f28    0000000c                       : sscanf.obj (.text:_uninpchar)
                  80007f34    0000000c                       : remove.obj (.text:remove)
                  80007f40    00000008                       : exit.obj (.text:abort)
                  80007f48    00000004                       : _lock.obj (.text:_nop)
                  80007f4c    00000004                       : pre_init.obj (.text:_system_pre_init)

.bam_text 
*          0    80007f50    000030cc     
                  80007f50    00000810     libevealgframework.eve.lib : bam_construct_int.obj (.text:BAM_initGraph)
                  80008760    00000788                                : bam_construct_int.obj (.text:BAM_autoAllocMemRec)
                  80008ee8    00000544                                : bam_execute.obj (.text:BAM_execute)
                  8000942c    0000047c                                : bam_construct_int.obj (.text:BAM_finaliseGraph)
                  800098a8    00000414                                : bam_construct_int.obj (.text:BAM_optimizeGraph)
                  80009cbc    00000378                                : bam_construct_int.obj (.text:BAM_getMemRec)
                  8000a034    000001cc                                : bam_construct.obj (.text:BAM_createGraph)
                  8000a200    00000158                                : bam_construct_int.obj (.text:BAM_updateNodes)
                  8000a358    00000150                                : bam_memory.obj (.text:bam_mem_alloc)
                  8000a4a8    00000140                                : bam_memory.obj (.text:bam_getMemPacket)
                  8000a5e8    00000130                                : bam_execute.obj (.text:BAM_process)
                  8000a718    00000120                                : bam_construct_int.obj (.text:BAM_setNodeMemRec)
                  8000a838    0000010c                                : bam_construct_int.obj (.text:BAM_getGraphMemSize)
                  8000a944    000000e8                                : bam_construct_int.obj (.text:BAM_fillKernelInfo)
                  8000aa2c    000000e8                                : bam_memory.obj (.text:bam_mem_free)
                  8000ab14    000000ac                                : bam_construct_int.obj (.text:BAM_copyIntMemRec2ExtMem)
                  8000abc0    000000a8                                : bam_memory.obj (.text:bam_minit)
                  8000ac68    00000098                                : bam_execute.obj (.text:BAM_ARP32_computeWrapper)
                  8000ad00    00000090                                : bam_memory.obj (.text:bam_releaseMemPacket)
                  8000ad90    0000008c                                : bam_construct_int.obj (.text:BAM_copyNodeList)
                  8000ae1c    00000074                                : bam_execute.obj (.text:BAM_initGraphInstance)
                  8000ae90    00000068                                : bam_memory.obj (.text:bam_mcheck)
                  8000aef8    0000004c                                : bam_construct.obj (.text:BAM_initKernelDB)
                  8000af44    0000003c                                : bam_execute.obj (.text:BAM_controlNode)
                  8000af80    00000038                                : bam_construct_int.obj (.text:BAM_getMemPacket)
                  8000afb8    00000024                                : alg_osal.obj (.text:PRINTF)
                  8000afdc    00000024                                : alg_osal.obj (.text:TEST_PRINTF)
                  8000b000    00000018                                : bam_execute.obj (.text:VCOP_SET_MEM_VIEW)
                  8000b018    00000004                                : bam_execute.obj (.text:BAM_dummyKernelFunc)

.text      0    8000b01c    00002adc     
                  8000b01c    00000d8c     ti_stats_collector.obj (.text:statCollectorControl)
                  8000bda8    00000964     hough_for_lines_tb.obj (.text:houghForLinesTest)
                  8000c70c    000003e8     configparser.obj (.text:ParseContent)
                  8000caf4    00000308     configparser.obj (.text:printparams)
                  8000cdfc    00000234     hough_for_lines_tb.obj (.text:main)
                  8000d030    00000234     eve_profile.obj (.text:profiler_end)
                  8000d264    00000154     report_utils.obj (.text:report_printAppletInfo)
                  8000d3b8    00000150     hough_for_lines_tb.obj (.text:TestApp_AllocateBufs)
                  8000d508    0000013c     hough_for_lines_tb.obj (.text:TestApp_HoughForLinesReference)
                  8000d644    000000d8     configparser.obj (.text:readparamfile)
                  8000d71c    000000c4     eve_profile.obj (.text:profiler_init)
                  8000d7e0    00000094     libevenatckernels.eve.lib : vcop_hough_for_lines_cn.obj (.text:vcop_hough_for_lines_cn)
                  8000d874    00000070     ti_stats_collector.obj (.text:statCollectorInit)
                  8000d8e4    0000006c     eve_profile.obj (.text:profiler_getStackDepth)
                  8000d950    00000058     ti_mem_manager.obj (.text:TI_GetMemoryChunk)
                  8000d9a8    00000050     eve_profile.obj (.text:profiler_testCaseInfo)
                  8000d9f8    00000048     eve_profile.obj (.text:profiler_start)
                  8000da40    00000038     eve_profile.obj (.text:profiler_printStatus)
                  8000da78    00000030     eve_profile.obj (.text:profiler_initStack)
                  8000daa8    0000001c     libevenatckernels.eve.lib : vcop_hough_for_lines_cn.obj (.text:vcop_merge_voted_rho_array_cn)
                  8000dac4    00000018     eve_profile.obj (.text:profiler_getSP)
                  8000dadc    00000010     eve_profile.obj (.text:profiler_end_print)
                  8000daec    0000000c     ti_mem_manager.obj (.text:TI_CreateMemoryHandle)

.algo_text 
*          0    8000daf8    00000fa8     
                  8000daf8    00000130     libevekernels.eve.lib : bam_hough_for_lines_exec_funcs.obj (.text:Bam_HoughForLines_initFrame)
                  8000dc28    00000130                           : vcop_hough_for_lines_kernel.obj (.text:vcop_hough_for_lines_init)
                  8000dd58    000000c8                           : vcop_hough_for_lines_kernel.obj (.text:vcop_merge_voted_rho_array_init)
                  8000de20    000000a4                           : bam_hough_for_lines_exec_funcs.obj (.text:Bam_HoughForLines_computeFrame)
                  8000dec4    00000080                           : bam_hough_for_lines_helper_funcs.obj (.text:BAM_HoughForLines_getMemRecFunc)
                  8000df44    0000007c                           : vcop_hough_for_lines_kernel.obj (.text:vcop_hough_for_lines_vloops)
                  8000dfc0    0000004c                           : vcop_hough_for_lines_kernel.obj (.text:vcop_merge_voted_rho_array_vloops)
                  8000e00c    00000010                           : bam_hough_for_lines_exec_funcs.obj (.text:Bam_HoughForLines_control)
                  8000e01c    00000008                           : vcop_hough_for_lines_kernel.obj (.text:vcop_hough_for_lines_param_count)
                  8000e024    00000004                           : vcop_hough_for_lines_kernel.obj (.text:vcop_merge_voted_rho_array_param_count)
                  8000e028    00000214     libeveHoughForLines.eve.lib : hough_for_lines_alg.obj (.text:HOUGH_FOR_LINES_TI_process)
                  8000e23c    000001a4                                 : bam_dma_custom_hough_for_lines_node.obj (.text:BAM_DMA_CUSTOM_HOUGH_FOR_LINES_IN_frameInitChannel)
                  8000e3e0    00000170                                 : hough_for_lines_graph.obj (.text:HOUGH_FOR_LINES_TI_graphCreate)
                  8000e550    000000bc                                 : hough_for_lines_alg.obj (.text:HOUGH_FOR_LINES_TI_alloc)
                  8000e60c    0000008c                                 : bam_dma_custom_hough_for_lines_node.obj (.text:BAM_DMA_CUSTOM_HOUGH_FOR_LINES_OUT_frameInitChannel)
                  8000e698    00000080                                 : hough_for_lines_alg.obj (.text:HOUGH_FOR_LINES_TI_init)
                  8000e718    00000068                                 : bam_dma_custom_hough_for_lines_node.obj (.text:BAM_DMA_CUSTOM_HOUGH_FOR_LINES_IN_getMemRecFunc)
                  8000e780    0000005c                                 : hough_for_lines_alg.obj (.text:HOUGH_FOR_LINES_TI_activate)
                  8000e7dc    0000005c                                 : hough_for_lines_alg.obj (.text:HOUGH_FOR_LINES_TI_deactivate)
                  8000e838    00000058                                 : bam_dma_custom_hough_for_lines_node.obj (.text:BAM_DMA_CUSTOM_HOUGH_FOR_LINES_OUT_trigger)
                  8000e890    00000054                                 : bam_dma_custom_hough_for_lines_node.obj (.text:BAM_DMA_CUSTOM_HOUGH_FOR_LINES_IN_setMemRecFunc)
                  8000e8e4    00000048                                 : bam_dma_custom_hough_for_lines_node.obj (.text:BAM_DMA_CUSTOM_HOUGH_FOR_LINES_IN_updateDDRptr)
                  8000e92c    0000003c                                 : hough_for_lines_graph.obj (.text:HOUGH_FOR_LINES_TI_graphKernelControl)
                  8000e968    00000038                                 : bam_dma_custom_hough_for_lines_node.obj (.text:BAM_DMA_CUSTOM_HOUGH_FOR_LINES_OUT_getMemRecFunc)
                  8000e9a0    00000038                                 : hough_for_lines_graph.obj (.text:HOUGH_FOR_LINES_TI_graphDmaControl)
                  8000e9d8    00000028                                 : bam_dma_custom_hough_for_lines_node.obj (.text:BAM_DMA_CUSTOM_HOUGH_FOR_LINES_IN_trigger)
                  8000ea00    00000024                                 : bam_dma_custom_hough_for_lines_node.obj (.text:BAM_DMA_CUSTOM_HOUGH_FOR_LINES_IN_wait)
                  8000ea24    00000020                                 : hough_for_lines_graph.obj (.text:HOUGH_FOR_LINES_TI_execute)
                  8000ea44    0000001c                                 : hough_for_lines_graph.obj (.text:HOUGH_FOR_LINES_TI_getGraphMemReq)
                  8000ea60    00000018                                 : bam_dma_custom_hough_for_lines_node.obj (.text:BAM_DMA_CUSTOM_HOUGH_FOR_LINES_OUT_wait)
                  8000ea78    00000018                                 : hough_for_lines_alg.obj (.text:HOUGH_FOR_LINES_TI_free)
                  8000ea90    00000004                                 : bam_dma_custom_hough_for_lines_node.obj (.text:BAM_DMA_CUSTOM_HOUGH_FOR_LINES_OUT_setMemRecFunc)
                  8000ea94    00000004                                 : hough_for_lines_alg.obj (.text:HOUGH_FOR_LINES_TI_control)
                  8000ea98    00000004                                 : hough_for_lines_graph.obj (.text:HOUGH_FOR_LINES_TI_initKernelsArgs)
                  8000ea9c    00000004                                 : hough_for_lines_alg.obj (.text:HOUGH_FOR_LINES_TI_numAlloc)

.starterware_text 
*          0    8000eaa0    00000f14     
                  8000eaa0    000004c4     libevestarterware_eve.lib : edma_utils_autoincrement_1d.obj (.text:EDMA_UTILS_autoIncrement1D_configure)
                  8000ef64    000001c4                               : dma_funcs.obj (.text:DMA_funcs_hardwareRegSetup)
                  8000f128    00000178                               : dma_resource_allocator.obj (.text:DMA_resourceAllocator_allocateResources)
                  8000f2a0    00000178                               : edma_utils_scatterGather.obj (.text:EDMA_UTILS_scattherGather_init)
                  8000f418    000000cc                               : edma_utils_state.obj (.text:DMA_utils_updateStateStruct)
                  8000f4e4    000000b8                               : edma_utils_autoincrement_1d.obj (.text:EDMA_UTILS_autoIncrement1D_init)
                  8000f59c    00000090                               : edma_utils_memcpy.obj (.text:EDMA_UTILS_memcpy2D)
                  8000f62c    00000074                               : dma_funcs.obj (.text:DMA_funcs_writeTransferParams)
                  8000f6a0    00000048                               : edma_utils_autoincrement_1d.obj (.text:EDMA_UTILS_autoIncrement1D_waitOutChannel)
                  8000f6e8    00000048                               : sctm.obj (.text:EVE_SCTM_CounterConfig)
                  8000f730    00000040                               : edma_utils.obj (.text:EDMA_UTILS_globalReset)
                  8000f770    00000040                               : edma_utils_memcpy.obj (.text:EDMA_UTILS_memcpy2D_init)
                  8000f7b0    00000038                               : edma_utils_scatterGather.obj (.text:EDMA_UTILS_scattherGather_updateSrcNtrigger)
                  8000f7e8    00000034                               : edma_utils_autoincrement_1d.obj (.text:EDMA_UTILS_autoIncrement1D_waitInChannel)
                  8000f81c    0000002c                               : dma_resource_allocator.obj (.text:DMA_resourceAllocator_initResources)
                  8000f848    0000002c                               : edma_utils_autoincrement_1d.obj (.text:EDMA_UTILS_autoIncrement1D_triggerOutChannel)
                  8000f874    0000002c                               : sctm.obj (.text:EVE_SCTM_CounterTimerEnable)
                  8000f8a0    0000002c                               : sctm.obj (.text:EVE_SCTM_InpEvtSelect)
                  8000f8cc    0000002c                               : sctm.obj (.text:EVE_SCTM_SamplingSelect)
                  8000f8f8    00000020                               : edma_utils_state.obj (.text:DMA_utils_resetStateStruct)
                  8000f918    0000001c                               : edma_utils_autoincrement_1d.obj (.text:EDMA_UTILS_autoIncrement1D_triggerInChannel)
                  8000f934    0000001c                               : edma_utils_scatterGather.obj (.text:EDMA_UTILS_scattherGather_wait)
                  8000f950    00000018                               : sctm.obj (.text:EVE_SCTM_CounterRead)
                  8000f968    00000018                               : sctm.obj (.text:EVE_SCTM_OverflowCheck)
                  8000f980    00000014                               : sctm.obj (.text:EVE_SCTM_Enable)
                  8000f994    00000010                               : edma_utils_scatterGather.obj (.text:EDMA_UTILS_scattherGather_configure)
                  8000f9a4    0000000c                               : dma_resource_allocator.obj (.text:DMA_resourceAllocator_setEdma3RmHandle)
                  8000f9b0    00000004                               : edma3lld_support.obj (.text:EDMA3LLD_SUPPORT_requestResources)

.dmemSect 
*          1    40020000    00003800     UNINITIALIZED
                  40020000    00003800     hough_for_lines_tb.obj (.dmemSect)

.stack     1    40023800    00001c00     UNINITIALIZED
                  40023800    00000004     rtsarp32_v200.lib : boot.obj (.stack)
                  40023804    00001bfc     --HOLE--

.algo_neardata 
*          1    40025400    00000a0c     
                  40025400    000001c1     libeveHoughForLines.eve.lib : bam_dma_custom_hough_for_lines_node.obj (.const:.string)
                  400255c1    000001a7                                 : hough_for_lines_graph.obj (.const:.string)
                  40025768    00000062                                 : hough_for_lines_alg.obj (.const:.string)
                  400257ca    00000002     --HOLE-- [fill = 0]
                  400257cc    00000054                                 : hough_for_lines_alg.obj (.const)
                  40025820    00000030                                 : hough_for_lines_graph.obj (.const:$P$T0$1)
                  40025850    00000010                                 : hough_for_lines_graph.obj (.const:$P$T1$2)
                  40025860    00000004                                 : bam_dma_custom_hough_for_lines_node.obj (.rodata)
                  40025864    000002d0     libevekernels.eve.lib : bam_hough_for_lines_exec_funcs.obj (.const:cosLutQ8)
                  40025b34    000002d0                           : bam_hough_for_lines_exec_funcs.obj (.const:sinLutQ8)
                  40025e04    00000004                           : bam_hough_for_lines_exec_funcs.obj (.rodata)
                  40025e08    00000004                           : vcop_hough_for_lines_kernel.obj (.rodata)

.rts_neardata 
*          1    40025e0c    00000270     
                  40025e0c    00000101     rtsarp32_v200.lib : ctype.obj (.const:.string:_ctypes_)
                  40025f0d    00000001     --HOLE-- [fill = 0]
                  40025f0e    00000008                       : divf.obj (.const:.string:initial_approx$1)
                  40025f16    00000007                       : _scanfi.obj (.const:.string:flit$1)
                  40025f1d    00000001     --HOLE-- [fill = 0]
                  40025f1e    00000006                       : _scanfi.obj (.const:.string:barr$2)
                  40025f24    00000003                       : assert.obj (.const:.string)
                  40025f27    00000023                       : _printfi.obj (.const:.string)
                  40025f4a    00000002     --HOLE-- [fill = 0]
                  40025f4c    00000050                       : strtod.obj (.const:digits)
                  40025f9c    00000048                       : strtod.obj (.const:powerof10)
                  40025fe4    00000050                       : strtold.obj (.const:digits)
                  40026034    00000048                       : strtold.obj (.const:powerof10)

.bam_neardata 
*          1    4002607c    000001e5     
                  4002607c    00000018     libevealgframework.eve.lib : bam_memory.obj (.bss) [fill = 0]
                  40026094    00000005                                : bam_memory.obj (.data)
                  40026099    00000003     --HOLE-- [fill = 0]
                  4002609c    00000008                                : bam_construct_int.obj (.rodata)
                  400260a4    00000004                                : bam_execute.obj (.rodata)
                  400260a8    00000004                                : bam_memory.obj (.rodata)
                  400260ac    00000121                                : bam_construct_int.obj (.const:.string)
                  400261cd    00000090                                : bam_execute.obj (.const:.string)
                  4002625d    00000001     --HOLE-- [fill = 0]
                  4002625e    00000003                                : bam_construct_int.obj (.const:.string:$P$T0$1)

.cio       1    40026264    00000120     UNINITIALIZED
                  40026264    00000120     rtsarp32_v200.lib : trgmsg.obj (.cio)

.starterware_neardata 
*          1    40026384    00000118     
                  40026384    000000a8     libevestarterware_eve.lib : dma_resource_allocator.obj (.bss) [fill = 0]
                  4002642c    00000060                               : edma_utils_state.obj (.bss) [fill = 0]
                  4002648c    00000004                               : dma_resource_allocator.obj (.data)
                  40026490    00000004                               : edma_utils.obj (.data)
                  40026494    00000004                               : edma_utils_memcpy.obj (.rodata)
                  40026498    00000004                               : edma_utils_scatterGather.obj (.rodata)

.bss       1    4002649c    0000004c     UNINITIALIZED
                  4002649c    00000048     eve_profile.obj (.bss)
                  400264e4    00000004     hough_for_lines_config.obj (.bss)

.data      1    400264e8    00000024     
                  400264e8    00000020     boot_arp32.obj (.data)
                  40026508    00000004     eve_profile.obj (.data)

.rodata    1    4002650c    00000034     
                  4002650c    00000028     ti_stats_collector.obj (.rodata)
                  40026534    00000008     eve_profile.obj (.rodata)
                  4002653c    00000004     hough_for_lines_tb.obj (.rodata)

.sysmem    1    80030000    01800000     UNINITIALIZED
                  80030000    00000008     rtsarp32_v200.lib : memory.obj (.sysmem)
                  80030008    017ffff8     --HOLE--

.far       1    81830000    00006638     UNINITIALIZED
                  81830000    000065e0     hough_for_lines_config.obj (.far)
                  818365e0    00000028     ti_stats_collector.obj (.far)
                  81836608    00000020     eve_profile.obj (.far)
                  81836628    00000010     hough_for_lines_tb.obj (.far)

.fardata   1    81836638    00001da0     
                  81836638    00001800     hough_for_lines_config.obj (.fardata:gsTokenMap_houghForLines)
                  81837e38    000002d0     hough_for_lines_tb.obj (.fardata:cosLutQ8)
                  81838108    000002d0     hough_for_lines_tb.obj (.fardata:sinLutQ8)

.const     1    818383d8    00000ce0     
                  818383d8    000003d2     eve_profile.obj (.const:.string)
                  818387aa    00000317     hough_for_lines_tb.obj (.const:.string)
                  81838ac1    00000252     configparser.obj (.const:.string)
                  81838d13    00000001     --HOLE-- [fill = 0]
                  81838d14    00000128     ti_stats_collector.obj (.const:.switchtab)
                  81838e3c    000000fd     report_utils.obj (.const:.string)
                  81838f39    000000b9     hough_for_lines_config.obj (.const:.string)
                  81838ff2    00000053     ti_mem_manager.obj (.const:.string)
                  81839045    00000043     ti_stats_collector.obj (.const:.string)
                  81839088    00000015     hough_for_lines_tb.obj (.const:.string:__FUNCTION__$1)
                  8183909d    00000001     --HOLE-- [fill = 0]
                  8183909e    00000012     hough_for_lines_tb.obj (.const:.string:__FUNCTION__$2)
                  818390b0    00000008     configparser.obj (.const:.string:$P$T0$1)

.rts_fardata 
*          1    818390b8    00000294     
                  818390b8    000000a0     rtsarp32_v200.lib : defs.obj (.far) [fill = 0]
                  81839158    0000000c                       : memory.obj (.far) [fill = 0]
                  81839164    00000008                       : boot.obj (.far) [fill = 0]
                  8183916c    00000008                       : trgdrv.obj (.far) [fill = 0]
                  81839174    000000f0                       : defs.obj (.fardata:_ftable)
                  81839264    00000078                       : lowlev.obj (.fardata:_device)
                  818392dc    00000050                       : lowlev.obj (.fardata:_stream)
                  8183932c    00000008                       : _lock.obj (.fardata)
                  81839334    00000004                       : defs.obj (.fardata)
                  81839338    00000004                       : errno.obj (.fardata)
                  8183933c    00000004                       : fopen.obj (.fardata)
                  81839340    00000004                       : lowlev.obj (.fardata)
                  81839344    00000004                       : memory.obj (.fardata)
                  81839348    00000004                       : rand.obj (.fardata)

.starterware_fardata 
*          1    8183934c    000001f4     
                  8183934c    000001f4     libevestarterware_eve.lib : cred.obj (.fardata:CRED_instVirtAddr)

.algo_fardata 
*          1    81839540    00000108     
                  81839540    00000068     libeveHoughForLines.eve.lib : bam_dma_custom_hough_for_lines_node.obj (.fardata)
                  818395a8    00000030                                 : hough_for_lines_graph.obj (.fardata:bamHoughForLinesCornerDetectKernelExecFuncDB)
                  818395d8    00000030                                 : hough_for_lines_graph.obj (.fardata:bamHoughForLinesCornerDetectKernelHostDB)
                  81839608    0000000c                                 : hough_for_lines_graph.obj (.fardata)
                  81839614    0000001c     libevekernels.eve.lib : bam_hough_for_lines_helper_funcs.obj (.fardata)
                  81839630    00000018                           : bam_hough_for_lines_exec_funcs.obj (.fardata)

.bam_fardata 
*          1    81839648    000000f0     
                  81839648    00000078     libevealgframework.eve.lib : bam_memory.obj (.far) [fill = 0]
                  818396c0    0000000c                                : bam_execute.obj (.far) [fill = 0]
                  818396cc    00000008                                : bam_construct.obj (.far) [fill = 0]
                  818396d4    00000064                                : bam_memory.obj (.fardata:vcop_mem)


SEGMENT ATTRIBUTES

    id tag      seg value
    -- ---      --- -----
     0 PHA_PAGE 3   1    
     1 PHA_PAGE 4   1    
     2 PHA_PAGE 5   1    
     3 PHA_PAGE 6   1    
     4 PHA_PAGE 7   1    
     5 PHA_PAGE 8   1    
     6 PHA_PAGE 9   1    
     7 PHA_PAGE 10  1    
     8 PHA_PAGE 11  1    
     9 PHA_PAGE 12  1    
    10 PHA_PAGE 13  1    


GLOBAL SYMBOLS: SORTED ALPHABETICALLY BY Name 

address    name
--------   ----
8000ac68   BAM_ARP32_computeWrapper
8000af44   BAM_controlNode
8000ab14   BAM_copyIntMemRec2ExtMem
8000ad90   BAM_copyNodeList
8000a034   BAM_createGraph
8000b018   BAM_dummyKernelFunc
8000a944   BAM_fillKernelInfo
8000a838   BAM_getGraphMemSize
8000af80   BAM_getMemPacket
80007f50   BAM_initGraph
8000ae1c   BAM_initGraphInstance
8000aef8   BAM_initKernelDB
800098a8   BAM_optimizeGraph
8000a5e8   BAM_process
8000a200   BAM_updateNodes
80007f40   C$$EXIT
80007b0c   C$$IO$$
8183934c   CRED_instVirtAddr
8000ef64   DMA_funcs_hardwareRegSetup
8000f62c   DMA_funcs_writeTransferParams
8000f128   DMA_resourceAllocator_allocateResources
8000f81c   DMA_resourceAllocator_initResources
8000f9a4   DMA_resourceAllocator_setEdma3RmHandle
8000f8f8   DMA_utils_resetStateStruct
8000f418   DMA_utils_updateStateStruct
40020000   DMEM_SCRATCH
8000f9b0   EDMA3LLD_SUPPORT_requestResources
8000eaa0   EDMA_UTILS_autoIncrement1D_configure
8000f4e4   EDMA_UTILS_autoIncrement1D_init
8000f918   EDMA_UTILS_autoIncrement1D_triggerInChannel
8000f848   EDMA_UTILS_autoIncrement1D_triggerOutChannel
8000f7e8   EDMA_UTILS_autoIncrement1D_waitInChannel
8000f6a0   EDMA_UTILS_autoIncrement1D_waitOutChannel
8000f730   EDMA_UTILS_globalReset
8000f59c   EDMA_UTILS_memcpy2D
8000f994   EDMA_UTILS_scattherGather_configure
8000f2a0   EDMA_UTILS_scattherGather_init
8000f7b0   EDMA_UTILS_scattherGather_updateSrcNtrigger
8000f934   EDMA_UTILS_scattherGather_wait
8000f6e8   EVE_SCTM_CounterConfig
8000f950   EVE_SCTM_CounterRead
8000f874   EVE_SCTM_CounterTimerEnable
8000f980   EVE_SCTM_Enable
8000f8a0   EVE_SCTM_InpEvtSelect
8000f968   EVE_SCTM_OverflowCheck
8000f8cc   EVE_SCTM_SamplingSelect
80007140   HOSTclose
80005f00   HOSTlseek
8000643c   HOSTopen
800065fc   HOSTread
80006068   HOSTrename
80006f60   HOSTunlink
8000695c   HOSTwrite
400257f8   HOUGH_FOR_LINES_TI_IRES
400257cc   HOUGH_FOR_LINES_TI_VISION_FXNS
8000e780   HOUGH_FOR_LINES_TI_activate
8000e550   HOUGH_FOR_LINES_TI_alloc
8000ea94   HOUGH_FOR_LINES_TI_control
8000e7dc   HOUGH_FOR_LINES_TI_deactivate
8000ea24   HOUGH_FOR_LINES_TI_execute
8000ea78   HOUGH_FOR_LINES_TI_free
8000ea44   HOUGH_FOR_LINES_TI_getGraphMemReq
8000e3e0   HOUGH_FOR_LINES_TI_graphCreate
8000e9a0   HOUGH_FOR_LINES_TI_graphDmaControl
8000e92c   HOUGH_FOR_LINES_TI_graphKernelControl
8000e698   HOUGH_FOR_LINES_TI_init
8000ea9c   HOUGH_FOR_LINES_TI_numAlloc
8000e028   HOUGH_FOR_LINES_TI_process
00000000   IMEMH_SIZE
00000000   IMEML_SIZE
8000afb8   PRINTF
8000afdc   TEST_PRINTF
8000daec   TI_CreateMemoryHandle
8000d950   TI_GetMemoryChunk
8000d3b8   TestApp_AllocateBufs
8000d508   TestApp_HoughForLinesReference
00000000   WMEM_SIZE
40026264   __CIOBUF_
UNDEFED    __TI_CINIT_Base
UNDEFED    __TI_CINIT_Limit
UNDEFED    __TI_Handler_Table_Base
UNDEFED    __TI_Handler_Table_Limit
UNDEFED    __TI_INITARRAY_Base
UNDEFED    __TI_INITARRAY_Limit
40025400   __TI_STACK_END
00001c00   __TI_STACK_SIZE
40025400   __TI_STATIC_BASE
01800000   __TI_SYSMEM_SIZE
00000001   __TI_args_main
00000001   __TI_exit
80007c44   __arp32abi_abort_msg
80004594   __arp32abi_addd
80007e64   __arp32abi_addll
80005bf8   __arp32abi_cmpd
80007dfc   __arp32abi_cmplls
80007e20   __arp32abi_cmpllu
8000668c   __arp32abi_cvtdf
80006af4   __arp32abi_cvtfd
80003c88   __arp32abi_divd
80001d34   __arp32abi_divf
80003e6c   __arp32abi_divull
80006cf4   __arp32abi_fixdi
80007374   __arp32abi_fltid
80007b54   __arp32abi_fltuf
80006b74   __arp32abi_fltulld
80006d70   __arp32abi_fltullf
800079f4   __arp32abi_frcmpyf_div
80007704   __arp32abi_isinf
80007644   __arp32abi_llshl
80007cec   __arp32abi_llshru
80004204   __arp32abi_mpyd
80004ea4   __arp32abi_mpyll
80007dac   __arp32abi_negd
80007ec0   __arp32abi_negll
80007c7c   __arp32abi_remull
80007bcc   __arp32abi_strasgi
80007d80   __arp32abi_subd
80007e98   __arp32abi_subll
ffffffff   __binit__
ffffffff   __c_args__
00000108   _algo_fardata_size
00000a0c   _algo_neardata_size
00000fa8   _algo_text_size
80007b14   _args_main
80007228   _auto_init
000000f0   _bam_fardata_size
000001e5   _bam_neardata_size
000030cc   _bam_text_size
80006304   _buff_read
800073dc   _c_int00
800078b8   _cleanup
81839164   _cleanup_ptr
80006dec   _closefile
40025e0c   _ctypes_
800076a4   _doflush
81839168   _dtors_ptr
80000120   _dummy_handler
80004be8   _frcaddd
80003a88   _frcdivd
80005140   _frcmpyd
81839334   _ft_end
81839174   _ftable
8183932c   _lock
80007dd4   _mpyl
400264e8   _my_stack
80007f48   _nop
80003434   _printfi
80007308   _rd_ok
80007810   _renormd
80000100   _reset_handler
00000294   _rts_fardata_size
00000270   _rts_neardata_size
00006e50   _rts_text_size
80001100   _scanfi
40023800   _stack
000001f4   _starterware_fardata_size
00000118   _starterware_neardata_size
00000f14   _starterware_text_size
80030000   _sys_memory
80007f4c   _system_pre_init
00002adc   _text_size
818390b8   _tmpnams
81839330   _unlock
80000000   _vec_table
800067ac   _wrt_ok
80007f40   abort
80006e68   atoi
8000a4a8   bam_getMemPacket
8000ae90   bam_mcheck
8000a358   bam_mem_alloc
8000aa2c   bam_mem_free
8000abc0   bam_minit
8000ad00   bam_releaseMemPacket
40026088   bam_stat_num_packets
ffffffff   binit
800069e8   close
81837e38   cosLutQ8
81839338   errno
80007864   exit
80007d20   fclose
80006ee4   fflush
80007e80   fgets
80007c08   fopen
800071b4   fprintf
80005a34   fputc
80004a78   fputs
80004ffc   fread
80007eac   free
8000683c   fseek
800068cc   ftell
81839540   gBAM_TI_dmaCustomHoughForLinesNodeReadKernel
8183955c   gBAM_TI_dmaCustomHoughForLinesNodeReadKernelExecFunc
81839554   gBAM_TI_dmaCustomHoughForLinesNodeReadKernelHelperFunc
81839574   gBAM_TI_dmaCustomHoughForLinesNodeWriteKernel
81839590   gBAM_TI_dmaCustomHoughForLinesNodeWriteKernelExecFunc
81839588   gBAM_TI_dmaCustomHoughForLinesNodeWriteKernelHelperFunc
81839630   gBAM_TI_houghForLinesExecFunc
81839628   gBAM_TI_houghForLinesHelperFunc
81839614   gBAM_TI_houghForLinesKernel
81830000   gConfig_houghForLines
4002642c   gDmaUtilsStateStruct
40026490   gEdmaCc
81839608   gHoughForLinesCornerDetect_TI_BAM_kernelDBdef
81836618   gTest_TI_profileSctm
400264c8   gTest_TI_profileTsc
81836638   gsTokenMap_houghForLines
8000bda8   houghForLinesTest
400264e4   houghForLines_numTestCases
80007444   lseek
800075e0   ltoa
8000cdfc   main
800079a8   malloc
81836628   memObj_DMEM
80005cc4   mem_alloc
80006568   mem_free
80007e44   memccpy
80005b1c   memcpy
800061bc   memset
800070c8   minit
80005948   open
80006c74   printf
8000caf4   printparams
8000d030   profiler_end
8000dadc   profiler_end_print
8000dac4   profiler_getSP
8000d8e4   profiler_getStackDepth
8000d71c   profiler_init
8000da78   profiler_initStack
8000da40   profiler_printStatus
8000d9f8   profiler_start
8000d9a8   profiler_testCaseInfo
80007958   rand
800074ac   read
80007a3c   readmsg
8000d644   readparamfile
80007f34   remove
8000d264   report_printAppletInfo
80005628   setvbuf
81838108   sinLutQ8
80007d50   srand
80007cb4   sscanf
8000b01c   statCollectorControl
8000d874   statCollectorInit
800015f8   strtod
80004038   strtol
80001998   strtold
80002098   strtoll
8000474c   strtoul
800031e8   strtoull
400264a4   test_module_cyles
80007a84   unlink
8000d7e0   vcop_hough_for_lines_cn
8000dc28   vcop_hough_for_lines_init
8000e01c   vcop_hough_for_lines_param_count
8000df44   vcop_hough_for_lines_vloops
8000daa8   vcop_merge_voted_rho_array_cn
8000dd58   vcop_merge_voted_rho_array_init
8000e024   vcop_merge_voted_rho_array_param_count
8000dfc0   vcop_merge_voted_rho_array_vloops
80007298   vfprintf
80007514   write
80007acc   writemsg


GLOBAL SYMBOLS: SORTED BY Symbol Address 

address    name
--------   ----
00000000   IMEMH_SIZE
00000000   IMEML_SIZE
00000000   WMEM_SIZE
00000001   __TI_args_main
00000001   __TI_exit
000000f0   _bam_fardata_size
00000108   _algo_fardata_size
00000118   _starterware_neardata_size
000001e5   _bam_neardata_size
000001f4   _starterware_fardata_size
00000270   _rts_neardata_size
00000294   _rts_fardata_size
00000a0c   _algo_neardata_size
00000f14   _starterware_text_size
00000fa8   _algo_text_size
00001c00   __TI_STACK_SIZE
00002adc   _text_size
000030cc   _bam_text_size
00006e50   _rts_text_size
01800000   __TI_SYSMEM_SIZE
40020000   DMEM_SCRATCH
40023800   _stack
40025400   __TI_STACK_END
40025400   __TI_STATIC_BASE
400257cc   HOUGH_FOR_LINES_TI_VISION_FXNS
400257f8   HOUGH_FOR_LINES_TI_IRES
40025e0c   _ctypes_
40026088   bam_stat_num_packets
40026264   __CIOBUF_
4002642c   gDmaUtilsStateStruct
40026490   gEdmaCc
400264a4   test_module_cyles
400264c8   gTest_TI_profileTsc
400264e4   houghForLines_numTestCases
400264e8   _my_stack
80000000   _vec_table
80000100   _reset_handler
80000120   _dummy_handler
80001100   _scanfi
800015f8   strtod
80001998   strtold
80001d34   __arp32abi_divf
80002098   strtoll
800031e8   strtoull
80003434   _printfi
80003a88   _frcdivd
80003c88   __arp32abi_divd
80003e6c   __arp32abi_divull
80004038   strtol
80004204   __arp32abi_mpyd
80004594   __arp32abi_addd
8000474c   strtoul
80004a78   fputs
80004be8   _frcaddd
80004ea4   __arp32abi_mpyll
80004ffc   fread
80005140   _frcmpyd
80005628   setvbuf
80005948   open
80005a34   fputc
80005b1c   memcpy
80005bf8   __arp32abi_cmpd
80005cc4   mem_alloc
80005f00   HOSTlseek
80006068   HOSTrename
800061bc   memset
80006304   _buff_read
8000643c   HOSTopen
80006568   mem_free
800065fc   HOSTread
8000668c   __arp32abi_cvtdf
800067ac   _wrt_ok
8000683c   fseek
800068cc   ftell
8000695c   HOSTwrite
800069e8   close
80006af4   __arp32abi_cvtfd
80006b74   __arp32abi_fltulld
80006c74   printf
80006cf4   __arp32abi_fixdi
80006d70   __arp32abi_fltullf
80006dec   _closefile
80006e68   atoi
80006ee4   fflush
80006f60   HOSTunlink
800070c8   minit
80007140   HOSTclose
800071b4   fprintf
80007228   _auto_init
80007298   vfprintf
80007308   _rd_ok
80007374   __arp32abi_fltid
800073dc   _c_int00
80007444   lseek
800074ac   read
80007514   write
800075e0   ltoa
80007644   __arp32abi_llshl
800076a4   _doflush
80007704   __arp32abi_isinf
80007810   _renormd
80007864   exit
800078b8   _cleanup
80007958   rand
800079a8   malloc
800079f4   __arp32abi_frcmpyf_div
80007a3c   readmsg
80007a84   unlink
80007acc   writemsg
80007b0c   C$$IO$$
80007b14   _args_main
80007b54   __arp32abi_fltuf
80007bcc   __arp32abi_strasgi
80007c08   fopen
80007c44   __arp32abi_abort_msg
80007c7c   __arp32abi_remull
80007cb4   sscanf
80007cec   __arp32abi_llshru
80007d20   fclose
80007d50   srand
80007d80   __arp32abi_subd
80007dac   __arp32abi_negd
80007dd4   _mpyl
80007dfc   __arp32abi_cmplls
80007e20   __arp32abi_cmpllu
80007e44   memccpy
80007e64   __arp32abi_addll
80007e80   fgets
80007e98   __arp32abi_subll
80007eac   free
80007ec0   __arp32abi_negll
80007f34   remove
80007f40   C$$EXIT
80007f40   abort
80007f48   _nop
80007f4c   _system_pre_init
80007f50   BAM_initGraph
800098a8   BAM_optimizeGraph
8000a034   BAM_createGraph
8000a200   BAM_updateNodes
8000a358   bam_mem_alloc
8000a4a8   bam_getMemPacket
8000a5e8   BAM_process
8000a838   BAM_getGraphMemSize
8000a944   BAM_fillKernelInfo
8000aa2c   bam_mem_free
8000ab14   BAM_copyIntMemRec2ExtMem
8000abc0   bam_minit
8000ac68   BAM_ARP32_computeWrapper
8000ad00   bam_releaseMemPacket
8000ad90   BAM_copyNodeList
8000ae1c   BAM_initGraphInstance
8000ae90   bam_mcheck
8000aef8   BAM_initKernelDB
8000af44   BAM_controlNode
8000af80   BAM_getMemPacket
8000afb8   PRINTF
8000afdc   TEST_PRINTF
8000b018   BAM_dummyKernelFunc
8000b01c   statCollectorControl
8000bda8   houghForLinesTest
8000caf4   printparams
8000cdfc   main
8000d030   profiler_end
8000d264   report_printAppletInfo
8000d3b8   TestApp_AllocateBufs
8000d508   TestApp_HoughForLinesReference
8000d644   readparamfile
8000d71c   profiler_init
8000d7e0   vcop_hough_for_lines_cn
8000d874   statCollectorInit
8000d8e4   profiler_getStackDepth
8000d950   TI_GetMemoryChunk
8000d9a8   profiler_testCaseInfo
8000d9f8   profiler_start
8000da40   profiler_printStatus
8000da78   profiler_initStack
8000daa8   vcop_merge_voted_rho_array_cn
8000dac4   profiler_getSP
8000dadc   profiler_end_print
8000daec   TI_CreateMemoryHandle
8000dc28   vcop_hough_for_lines_init
8000dd58   vcop_merge_voted_rho_array_init
8000df44   vcop_hough_for_lines_vloops
8000dfc0   vcop_merge_voted_rho_array_vloops
8000e01c   vcop_hough_for_lines_param_count
8000e024   vcop_merge_voted_rho_array_param_count
8000e028   HOUGH_FOR_LINES_TI_process
8000e3e0   HOUGH_FOR_LINES_TI_graphCreate
8000e550   HOUGH_FOR_LINES_TI_alloc
8000e698   HOUGH_FOR_LINES_TI_init
8000e780   HOUGH_FOR_LINES_TI_activate
8000e7dc   HOUGH_FOR_LINES_TI_deactivate
8000e92c   HOUGH_FOR_LINES_TI_graphKernelControl
8000e9a0   HOUGH_FOR_LINES_TI_graphDmaControl
8000ea24   HOUGH_FOR_LINES_TI_execute
8000ea44   HOUGH_FOR_LINES_TI_getGraphMemReq
8000ea78   HOUGH_FOR_LINES_TI_free
8000ea94   HOUGH_FOR_LINES_TI_control
8000ea9c   HOUGH_FOR_LINES_TI_numAlloc
8000eaa0   EDMA_UTILS_autoIncrement1D_configure
8000ef64   DMA_funcs_hardwareRegSetup
8000f128   DMA_resourceAllocator_allocateResources
8000f2a0   EDMA_UTILS_scattherGather_init
8000f418   DMA_utils_updateStateStruct
8000f4e4   EDMA_UTILS_autoIncrement1D_init
8000f59c   EDMA_UTILS_memcpy2D
8000f62c   DMA_funcs_writeTransferParams
8000f6a0   EDMA_UTILS_autoIncrement1D_waitOutChannel
8000f6e8   EVE_SCTM_CounterConfig
8000f730   EDMA_UTILS_globalReset
8000f7b0   EDMA_UTILS_scattherGather_updateSrcNtrigger
8000f7e8   EDMA_UTILS_autoIncrement1D_waitInChannel
8000f81c   DMA_resourceAllocator_initResources
8000f848   EDMA_UTILS_autoIncrement1D_triggerOutChannel
8000f874   EVE_SCTM_CounterTimerEnable
8000f8a0   EVE_SCTM_InpEvtSelect
8000f8cc   EVE_SCTM_SamplingSelect
8000f8f8   DMA_utils_resetStateStruct
8000f918   EDMA_UTILS_autoIncrement1D_triggerInChannel
8000f934   EDMA_UTILS_scattherGather_wait
8000f950   EVE_SCTM_CounterRead
8000f968   EVE_SCTM_OverflowCheck
8000f980   EVE_SCTM_Enable
8000f994   EDMA_UTILS_scattherGather_configure
8000f9a4   DMA_resourceAllocator_setEdma3RmHandle
8000f9b0   EDMA3LLD_SUPPORT_requestResources
80030000   _sys_memory
81830000   gConfig_houghForLines
81836618   gTest_TI_profileSctm
81836628   memObj_DMEM
81836638   gsTokenMap_houghForLines
81837e38   cosLutQ8
81838108   sinLutQ8
818390b8   _tmpnams
81839164   _cleanup_ptr
81839168   _dtors_ptr
81839174   _ftable
8183932c   _lock
81839330   _unlock
81839334   _ft_end
81839338   errno
8183934c   CRED_instVirtAddr
81839540   gBAM_TI_dmaCustomHoughForLinesNodeReadKernel
81839554   gBAM_TI_dmaCustomHoughForLinesNodeReadKernelHelperFunc
8183955c   gBAM_TI_dmaCustomHoughForLinesNodeReadKernelExecFunc
81839574   gBAM_TI_dmaCustomHoughForLinesNodeWriteKernel
81839588   gBAM_TI_dmaCustomHoughForLinesNodeWriteKernelHelperFunc
81839590   gBAM_TI_dmaCustomHoughForLinesNodeWriteKernelExecFunc
81839608   gHoughForLinesCornerDetect_TI_BAM_kernelDBdef
81839614   gBAM_TI_houghForLinesKernel
81839628   gBAM_TI_houghForLinesHelperFunc
81839630   gBAM_TI_houghForLinesExecFunc
ffffffff   __binit__
ffffffff   __c_args__
ffffffff   binit
UNDEFED    __TI_CINIT_Base
UNDEFED    __TI_CINIT_Limit
UNDEFED    __TI_Handler_Table_Base
UNDEFED    __TI_Handler_Table_Limit
UNDEFED    __TI_INITARRAY_Base
UNDEFED    __TI_INITARRAY_Limit

[262 symbols]
