******************************************************************************
                   ARP32 Linker PC v1.0.7                      
******************************************************************************
>> Linked Wed Oct 07 00:47:17 2015

OUTPUT FILE NAME:   <.\elf_out\test_eveMorphology.eve.out>
ENTRY POINT SYMBOL: "_reset_handler"  address: 80000100


MEMORY CONFIGURATION

         name            origin    length      used     unused   attr    fill
----------------------  --------  ---------  --------  --------  ----  --------
PAGE 0:
  VECMEM                80000000   00000100  00000028  000000d8  RWIX
  CMDMEM                80000100   00001000  00000028  00000fd8  RWIX
  EXTMEM                80001100   00020000  0000fd5c  000102a4  RWIX

PAGE 1:
  DATMEM                40020000   00008000  000065e0  00001a20  RWIX
  WMEM                  40040000   00007fe0  00007000  00000fe0  RWIX
  IMEMLA                40050000   00004000  00004000  00000000  RWIX
  IMEMHA                40054000   00004000  00004000  00000000  RWIX
  IMEMLB                40070000   00004000  00004000  00000000  RWIX
  IMEMHB                40074000   00004000  00004000  00000000  RWIX
  L3MEM                 40300000   00100000  00000000  00100000  RWIX
  GEM0_L2_MEM           40800000   00008000  00000000  00008000  RWIX
  EXTDMEM               80030000   02000000  01002eda  00ffd126  RWIX


SECTION ALLOCATION MAP

 output                                  attributes/
section   page    origin      length       input sections
--------  ----  ----------  ----------   ----------------
.cinit     1    40020000    00000000     UNINITIALIZED

.init_array 
*          1    40020000    00000000     UNINITIALIZED

.intvecs   0    80000000    00000028     
                  80000000    00000028     boot_arp32.obj (.intvecs)

.inthandler 
*          0    80000100    00000028     
                  80000100    00000028     boot_arp32.obj (.inthandler)

.rts_text 
*          0    80001100    0000746c     
                  80001100    000004f8     rtsarp32_v200.lib : _scanfi.obj (.text:_scanfi)
                  800015f8    000003a0                       : strtod.obj (.text:strtod)
                  80001998    0000039c                       : strtold.obj (.text:strtold)
                  80001d34    00000364                       : divf.obj (.text:__arp32abi_divf)
                  80002098    000002d8                       : strtoll.obj (.text:strtoll)
                  80002370    000002a0                       : _printfi.obj (.text:_setfield)
                  80002610    00000268                       : _scanfi.obj (.text:_sproc_int)
                  80002878    00000260                       : _scanfi.obj (.text:_sset_arg)
                  80002ad8    0000025c                       : _printfi.obj (.text:_pproc_fge)
                  80002d34    0000025c                       : _printfi.obj (.text:ecvt)
                  80002f90    00000258                       : _printfi.obj (.text:fcvt)
                  800031e8    0000024c                       : strtoull.obj (.text:strtoull)
                  80003434    0000022c                       : _printfi.obj (.text:_printfi)
                  80003660    00000220                       : _printfi.obj (.text:_pconv_e)
                  80003880    0000021c                       : fwrite.obj (.text:fwrite)
                  80003a9c    00000208                       : _printfi.obj (.text:_getarg_diouxp)
                  80003ca4    00000200                       : frcdivd.obj (.text:_frcdivd)
                  80003ea4    000001e4                       : divd.obj (.text:__arp32abi_divd)
                  80004088    000001cc                       : imath64.obj (.text:__arp32abi_divull)
                  80004254    000001cc                       : strtol.obj (.text:strtol)
                  80004420    000001c8                       : mpyd.obj (.text:__arp32abi_mpyd)
                  800045e8    000001c8                       : fgets.obj (.text:_dofgets)
                  800047b0    000001b8                       : addd.obj (.text:__arp32abi_addd)
                  80004968    000001a0                       : strtoul.obj (.text:strtoul)
                  80004b08    0000018c                       : _printfi.obj (.text:_pproc_diouxp)
                  80004c94    00000170                       : fputs.obj (.text:fputs)
                  80004e04    00000168                       : vcop_memory.obj (.text:vcop_memalign)
                  80004f6c    00000164                       : mpyf.obj (.text:__arp32abi_mpyf)
                  800050d0    00000160                       : frcaddd.obj (.text:_frcaddd)
                  80005230    0000015c                       : _scanfi.obj (.text:_sproc_float)
                  8000538c    00000158                       : llmpy.obj (.text:__arp32abi_mpyll)
                  800054e4    00000144                       : fread.obj (.text:fread)
                  80005628    00000140                       : frcmpyd.obj (.text:_frcmpyd)
                  80005768    00000140                       : _scanfi.obj (.text:_sget_conv)
                  800058a8    0000013c                       : _printfi.obj (.text:_pproc_fwp)
                  800059e4    0000012c                       : fopen.obj (.text:_openfile)
                  80005b10    00000118                       : setvbuf.obj (.text:setvbuf)
                  80005c28    00000114                       : _printfi.obj (.text:_pconv_g)
                  80005d3c    000000f4                       : _printfi.obj (.text:_pproc_str)
                  80005e30    000000ec                       : lowlev.obj (.text:open)
                  80005f1c    000000e8                       : fputc.obj (.text:fputc)
                  80006004    000000dc                       : memcpy.obj (.text:memcpy)
                  800060e0    000000cc                       : cmpd.obj (.text:__arp32abi_cmpd)
                  800061ac    000000c4                       : memory.obj (.text:mem_alloc)
                  80006270    000000bc                       : _printfi.obj (.text:_ltostr)
                  8000632c    000000bc                       : _scanfi.obj (.text:_sproc_str)
                  800063e8    000000b4                       : trgdrv.obj (.text:HOSTlseek)
                  8000649c    000000b4                       : _scanfi.obj (.text:_sproc_lb)
                  80006550    000000ac                       : trgdrv.obj (.text:HOSTrename)
                  800065fc    000000a8                       : fopen.obj (.text:_search_fp)
                  800066a4    000000a8                       : memset.obj (.text:memset)
                  8000674c    000000a0                       : lowlev.obj (.text:getdevice)
                  800067ec    0000009c                       : _bufread.obj (.text:_buff_read)
                  80006888    0000009c                       : _printfi.obj (.text:_mcpy)
                  80006924    00000098                       : trgdrv.obj (.text:HOSTopen)
                  800069bc    00000098                       : vcop_memory.obj (.text:vcop_free)
                  80006a54    00000094                       : sscanf.obj (.text:_chkmbc)
                  80006ae8    00000094                       : memory.obj (.text:mem_free)
                  80006b7c    00000090                       : trgdrv.obj (.text:HOSTread)
                  80006c0c    00000090                       : cvtdf.obj (.text:__arp32abi_cvtdf)
                  80006c9c    00000090                       : _printfi.obj (.text:_pproc_fflags)
                  80006d2c    00000090                       : _io_perm.obj (.text:_wrt_ok)
                  80006dbc    00000090                       : fseek.obj (.text:fseek)
                  80006e4c    00000090                       : ftell.obj (.text:ftell)
                  80006edc    0000008c                       : trgdrv.obj (.text:HOSTwrite)
                  80006f68    00000088                       : lowlev.obj (.text:close)
                  80006ff0    00000084                       : _printfi.obj (.text:_ecpy)
                  80007074    00000080                       : cvtfd.obj (.text:__arp32abi_cvtfd)
                  800070f4    00000080                       : fltulld.obj (.text:__arp32abi_fltulld)
                  80007174    00000080                       : _scanfi.obj (.text:_sget_scanset)
                  800071f4    00000080                       : printf.obj (.text:printf)
                  80007274    0000007c                       : fixdi.obj (.text:__arp32abi_fixdi)
                  800072f0    0000007c                       : fltullf.obj (.text:__arp32abi_fltullf)
                  8000736c    0000007c                       : fclose.obj (.text:_closefile)
                  800073e8    0000007c                       : atoi.obj (.text:atoi)
                  80007464    0000007c                       : fflush.obj (.text:fflush)
                  800074e0    00000078                       : trgdrv.obj (.text:HOSTunlink)
                  80007558    00000078                       : _printfi.obj (.text:_div)
                  800075d0    00000078                       : _printfi.obj (.text:_pconv_f)
                  80007648    00000078                       : memory.obj (.text:minit)
                  800076c0    00000074                       : trgdrv.obj (.text:HOSTclose)
                  80007734    00000074                       : fprintf.obj (.text:fprintf)
                  800077a8    00000070                       : autoinit.obj (.text:_auto_init)
                  80007818    00000070                       : vfprintf.obj (.text:vfprintf)
                  80007888    0000006c                       : frcmpyf.obj (.text:_frcmpyf)
                  800078f4    0000006c                       : _io_perm.obj (.text:_rd_ok)
                  80007960    00000068                       : fltid.obj (.text:__arp32abi_fltid)
                  800079c8    00000068                       : boot.obj (.text:_c_int00)
                  80007a30    00000068                       : lowlev.obj (.text:lseek)
                  80007a98    00000068                       : lowlev.obj (.text:read)
                  80007b00    00000068                       : lowlev.obj (.text:write)
                  80007b68    00000064                       : imath64.obj (.text:_subcull)
                  80007bcc    00000064                       : ltoa.obj (.text:ltoa)
                  80007c30    00000060                       : llshift.obj (.text:__arp32abi_llshl)
                  80007c90    00000060                       : fflush.obj (.text:_doflush)
                  80007cf0    0000005c                       : isinf.obj (.text:__arp32abi_isinf)
                  80007d4c    0000005c                       : lowlev.obj (.text:tabinit)
                  80007da8    0000005c                       : vcop_memory.obj (.text:vcop_minit)
                  80007e04    00000054                       : _printfi.obj (.text:_fcpy)
                  80007e58    00000054                       : renormd.obj (.text:_renormd)
                  80007eac    00000054                       : exit.obj (.text:exit)
                  80007f00    00000050                       : fopen.obj (.text:_cleanup)
                  80007f50    00000050                       : lowlev.obj (.text:finddevice)
                  80007fa0    00000050                       : rand.obj (.text:rand)
                  80007ff0    0000004c                       : memory.obj (.text:malloc)
                  8000803c    00000048                       : frcmpyf_div.obj (.text:__arp32abi_frcmpyf_div)
                  80008084    00000048                       : trgmsg.obj (.text:readmsg)
                  800080cc    00000048                       : lowlev.obj (.text:unlink)
                  80008114    00000048                       : trgmsg.obj (.text:writemsg)
                  8000815c    00000040                       : args_main.obj (.text:_args_main)
                  8000819c    0000003c                       : fltuf.obj (.text:__arp32abi_fltuf)
                  800081d8    0000003c                       : _printfi.obj (.text:__arp32abi_isnan)
                  80008214    0000003c                       : fopen.obj (.text:fopen)
                  80008250    00000038                       : assert.obj (.text:__arp32abi_abort_msg)
                  80008288    00000038                       : imath64.obj (.text:__arp32abi_remull)
                  800082c0    00000038                       : sscanf.obj (.text:sscanf)
                  800082f8    00000034                       : llshift.obj (.text:__arp32abi_llshru)
                  8000832c    00000030                       : fclose.obj (.text:fclose)
                  8000835c    00000030                       : rand.obj (.text:srand)
                  8000838c    0000002c                       : subd.obj (.text:__arp32abi_subd)
                  800083b8    00000028                       : negd.obj (.text:__arp32abi_negd)
                  800083e0    00000028                       : mult.obj (.text:_mpyl)
                  80008408    00000024                       : llcmp.obj (.text:__arp32abi_cmplls)
                  8000842c    00000024                       : llcmp.obj (.text:__arp32abi_cmpllu)
                  80008450    00000020                       : memccpy.obj (.text:memccpy)
                  80008470    0000001c                       : lladdsub.obj (.text:__arp32abi_addll)
                  8000848c    00000018                       : fgets.obj (.text:fgets)
                  800084a4    00000014                       : lladdsub.obj (.text:__arp32abi_subll)
                  800084b8    00000014                       : memory.obj (.text:free)
                  800084cc    00000010                       : lladdsub.obj (.text:__arp32abi_negll)
                  800084dc    00000010                       : sscanf.obj (.text:_inpchar)
                  800084ec    00000010                       : vcop_memory.obj (.text:vcop_malloc)
                  800084fc    0000000c                       : fprintf.obj (.text:_outc)
                  80008508    0000000c                       : printf.obj (.text:_outc)
                  80008514    0000000c                       : vfprintf.obj (.text:_outc)
                  80008520    0000000c                       : fprintf.obj (.text:_outs)
                  8000852c    0000000c                       : printf.obj (.text:_outs)
                  80008538    0000000c                       : vfprintf.obj (.text:_outs)
                  80008544    0000000c                       : sscanf.obj (.text:_uninpchar)
                  80008550    0000000c                       : remove.obj (.text:remove)
                  8000855c    00000008                       : exit.obj (.text:abort)
                  80008564    00000004                       : _lock.obj (.text:_nop)
                  80008568    00000004                       : pre_init.obj (.text:_system_pre_init)

.algo_text 
*          0    8000856c    00003cf8     
                  8000856c    0000013c     libevekernels.eve.lib : vcop_grayscale_morphology_kernel.obj (.text:vcop_grayscale_dilate_rect_init)
                  800086a8    0000013c                           : vcop_grayscale_morphology_kernel.obj (.text:vcop_grayscale_erode_rect_init)
                  800087e4    00000118                           : vcop_grayscale_morphology_kernel.obj (.text:vcop_grayscale_dilate_cross_init)
                  800088fc    00000118                           : vcop_grayscale_morphology_kernel.obj (.text:vcop_grayscale_erode_cross_init)
                  80008a14    000000f0                           : vcop_grayscale_morphology.obj (.text:vcop_grayscale_bottomhat_cross_init)
                  80008b04    000000f0                           : vcop_grayscale_morphology.obj (.text:vcop_grayscale_tophat_cross_init)
                  80008bf4    000000e8                           : vcop_vec_bin_image_dilate_mask_kernel.obj (.text:vcop_vec_bin_image_dilate_mask_init)
                  80008cdc    000000e4                           : vcop_vec_bin_image_erode_mask_kernel.obj (.text:vcop_vec_bin_image_erode_mask_init)
                  80008dc0    000000d4                           : vcop_vec_bin_image_morph_diff_kernel.obj (.text:vcop_vec_bin_image_morph_diff_init)
                  80008e94    000000d0                           : vcop_grayscale_morphology.obj (.text:vcop_grayscale_bottomhat_rect_init)
                  80008f64    000000d0                           : vcop_grayscale_morphology.obj (.text:vcop_grayscale_tophat_rect_init)
                  80009034    000000cc                           : vcop_grayscale_morphology.obj (.text:vcop_grayscale_bottomhat_mask_init)
                  80009100    000000cc                           : vcop_grayscale_morphology.obj (.text:vcop_grayscale_morph_grad_cross_init)
                  800091cc    000000cc                           : vcop_grayscale_morphology.obj (.text:vcop_grayscale_tophat_mask_init)
                  80009298    000000c0                           : vcop_vec_bin_image_dilate_cross_kernel.obj (.text:vcop_vec_bin_image_dilate_cross_init)
                  80009358    000000c0                           : vcop_vec_bin_image_dilate_square_kernel.obj (.text:vcop_vec_bin_image_dilate_square_init)
                  80009418    000000c0                           : vcop_vec_bin_image_erode_cross_kernel.obj (.text:vcop_vec_bin_image_erode_cross_init)
                  800094d8    000000c0                           : vcop_vec_bin_image_erode_square_kernel.obj (.text:vcop_vec_bin_image_erode_square_init)
                  80009598    000000bc                           : vcop_grayscale_morphology_kernel.obj (.text:vcop_grayscale_dilate_mask_init)
                  80009654    000000bc                           : vcop_grayscale_morphology_kernel.obj (.text:vcop_grayscale_erode_mask_init)
                  80009710    000000a8                           : vcop_grayscale_morphology.obj (.text:vcop_grayscale_morph_grad_mask_init)
                  800097b8    000000a8                           : vcop_grayscale_morphology.obj (.text:vcop_grayscale_morph_grad_rect_init)
                  80009860    000000a4                           : vcop_grayscale_morphology.obj (.text:vcop_grayscale_close_cross_init)
                  80009904    000000a4                           : vcop_grayscale_morphology.obj (.text:vcop_grayscale_open_cross_init)
                  800099a8    00000080                           : vcop_grayscale_morphology.obj (.text:vcop_grayscale_close_mask_init)
                  80009a28    00000080                           : vcop_grayscale_morphology.obj (.text:vcop_grayscale_close_rect_init)
                  80009aa8    00000080                           : vcop_grayscale_morphology.obj (.text:vcop_grayscale_open_mask_init)
                  80009b28    00000080                           : vcop_grayscale_morphology.obj (.text:vcop_grayscale_open_rect_init)
                  80009ba8    0000007c                           : vcop_vec_bin_image_erode_square_kernel.obj (.text:vcop_vec_bin_image_erode_square_vloops)
                  80009c24    00000068                           : vcop_vec_bin_image_dilate_mask_kernel.obj (.text:vcop_vec_bin_image_dilate_mask_vloops)
                  80009c8c    00000068                           : vcop_vec_bin_image_erode_mask_kernel.obj (.text:vcop_vec_bin_image_erode_mask_vloops)
                  80009cf4    00000064                           : vcop_vec_bin_image_erode_cross_kernel.obj (.text:vcop_vec_bin_image_erode_cross_vloops)
                  80009d58    00000060                           : vcop_grayscale_morphology_kernel.obj (.text:vcop_grayscale_morp_diff_init)
                  80009db8    00000060                           : vcop_vec_bin_image_dilate_cross_kernel.obj (.text:vcop_vec_bin_image_dilate_cross_vloops)
                  80009e18    0000005c                           : vcop_vec_bin_image_dilate_square_kernel.obj (.text:vcop_vec_bin_image_dilate_square_vloops)
                  80009e74    00000050                           : vcop_grayscale_morphology_kernel.obj (.text:vcop_grayscale_dilate_rect_vloops)
                  80009ec4    00000050                           : vcop_grayscale_morphology_kernel.obj (.text:vcop_grayscale_erode_rect_vloops)
                  80009f14    0000004c                           : vcop_grayscale_morphology_kernel.obj (.text:vcop_grayscale_dilate_cross_vloops)
                  80009f60    0000004c                           : vcop_grayscale_morphology_kernel.obj (.text:vcop_grayscale_erode_cross_vloops)
                  80009fac    00000048                           : vcop_vec_bin_image_morph_diff_kernel.obj (.text:vcop_vec_bin_image_morph_diff_vloops)
                  80009ff4    00000044                           : vcop_grayscale_morphology_kernel.obj (.text:vcop_grayscale_dilate_mask_vloops)
                  8000a038    00000044                           : vcop_grayscale_morphology_kernel.obj (.text:vcop_grayscale_erode_mask_vloops)
                  8000a07c    00000028                           : vcop_grayscale_morphology_kernel.obj (.text:vcop_grayscale_morp_diff_vloops)
                  8000a0a4    00000024                           : vcop_grayscale_morphology.obj (.text:vcop_grayscale_bottomhat_cross_vloops)
                  8000a0c8    00000024                           : vcop_grayscale_morphology.obj (.text:vcop_grayscale_bottomhat_mask_vloops)
                  8000a0ec    00000024                           : vcop_grayscale_morphology.obj (.text:vcop_grayscale_bottomhat_rect_vloops)
                  8000a110    00000024                           : vcop_grayscale_morphology.obj (.text:vcop_grayscale_morph_grad_cross_vloops)
                  8000a134    00000024                           : vcop_grayscale_morphology.obj (.text:vcop_grayscale_morph_grad_mask_vloops)
                  8000a158    00000024                           : vcop_grayscale_morphology.obj (.text:vcop_grayscale_morph_grad_rect_vloops)
                  8000a17c    00000024                           : vcop_grayscale_morphology.obj (.text:vcop_grayscale_tophat_cross_vloops)
                  8000a1a0    00000024                           : vcop_grayscale_morphology.obj (.text:vcop_grayscale_tophat_mask_vloops)
                  8000a1c4    00000024                           : vcop_grayscale_morphology.obj (.text:vcop_grayscale_tophat_rect_vloops)
                  8000a1e8    0000001c                           : vcop_grayscale_morphology.obj (.text:vcop_grayscale_close_cross_vloops)
                  8000a204    0000001c                           : vcop_grayscale_morphology.obj (.text:vcop_grayscale_close_mask_vloops)
                  8000a220    0000001c                           : vcop_grayscale_morphology.obj (.text:vcop_grayscale_close_rect_vloops)
                  8000a23c    0000001c                           : vcop_grayscale_morphology.obj (.text:vcop_grayscale_open_cross_vloops)
                  8000a258    0000001c                           : vcop_grayscale_morphology.obj (.text:vcop_grayscale_open_mask_vloops)
                  8000a274    0000001c                           : vcop_grayscale_morphology.obj (.text:vcop_grayscale_open_rect_vloops)
                  8000a290    00000008                           : vcop_grayscale_morphology_kernel.obj (.text:vcop_grayscale_dilate_cross_param_count)
                  8000a298    00000008                           : vcop_grayscale_morphology_kernel.obj (.text:vcop_grayscale_dilate_rect_param_count)
                  8000a2a0    00000008                           : vcop_grayscale_morphology_kernel.obj (.text:vcop_grayscale_erode_cross_param_count)
                  8000a2a8    00000008                           : vcop_grayscale_morphology_kernel.obj (.text:vcop_grayscale_erode_rect_param_count)
                  8000a2b0    00000008                           : vcop_vec_bin_image_dilate_mask_kernel.obj (.text:vcop_vec_bin_image_dilate_mask_param_count)
                  8000a2b8    00000008                           : vcop_vec_bin_image_erode_mask_kernel.obj (.text:vcop_vec_bin_image_erode_mask_param_count)
                  8000a2c0    00000004                           : vcop_grayscale_morphology_kernel.obj (.text:vcop_grayscale_dilate_mask_param_count)
                  8000a2c4    00000004                           : vcop_grayscale_morphology_kernel.obj (.text:vcop_grayscale_erode_mask_param_count)
                  8000a2c8    00000004                           : vcop_grayscale_morphology_kernel.obj (.text:vcop_grayscale_morp_diff_param_count)
                  8000a2cc    00000004                           : vcop_vec_bin_image_dilate_cross_kernel.obj (.text:vcop_vec_bin_image_dilate_cross_param_count)
                  8000a2d0    00000004                           : vcop_vec_bin_image_dilate_square_kernel.obj (.text:vcop_vec_bin_image_dilate_square_param_count)
                  8000a2d4    00000004                           : vcop_vec_bin_image_erode_cross_kernel.obj (.text:vcop_vec_bin_image_erode_cross_param_count)
                  8000a2d8    00000004                           : vcop_vec_bin_image_erode_square_kernel.obj (.text:vcop_vec_bin_image_erode_square_param_count)
                  8000a2dc    00000004                           : vcop_vec_bin_image_morph_diff_kernel.obj (.text:vcop_vec_bin_image_morph_diff_param_count)
                  8000a2e0    00000718     libeveMorphology.eve.lib : grayscale_morphology.obj (.text:Grayscale_Morphology_Process)
                  8000a9f8    000006d0                              : binary_morphology.obj (.text:Binary_Morphology_Init_Frame)
                  8000b0c8    000003d8                              : binary_morphology.obj (.text:Binary_Morphology_Process)
                  8000b4a0    0000028c                              : morphology_alg.obj (.text:MORPHOLOGY_TI_process)
                  8000b72c    000001bc                              : morphology_dma_auto_incr.obj (.text:morphology_DMAAutoIncrInit)
                  8000b8e8    00000110                              : binary_morphology.obj (.text:Binary_Morphology_Init)
                  8000b9f8    000000d8                              : grayscale_morphology.obj (.text:Grayscale_Morphology_Init)
                  8000bad0    000000b4                              : morphology_dma_auto_incr.obj (.text:morphology_DMAAutoIncrExec)
                  8000bb84    000000a0                              : binary_morphology.obj (.text:Binary_bottomhat_mask_init)
                  8000bc24    000000a0                              : binary_morphology.obj (.text:Binary_tophat_mask_init)
                  8000bcc4    00000094                              : binary_morphology.obj (.text:Binary_morph_grad_mask_init)
                  8000bd58    00000080                              : binary_morphology.obj (.text:Binary_Morphology_Deinit)
                  8000bdd8    0000006c                              : binary_morphology.obj (.text:Binary_close_mask_init)
                  8000be44    0000006c                              : binary_morphology.obj (.text:Binary_open_mask_init)
                  8000beb0    0000005c                              : grayscale_morphology.obj (.text:Grayscale_Morphology_Deinit)
                  8000bf0c    00000058                              : morphology_alg.obj (.text:MORPHOLOGY_TI_init)
                  8000bf64    00000040                              : morphology_alg.obj (.text:MORPHOLOGY_TI_free)
                  8000bfa4    0000003c                              : morphology_alg.obj (.text:MORPHOLOGY_TI_activate)
                  8000bfe0    0000003c                              : morphology_alg.obj (.text:MORPHOLOGY_TI_deactivate)
                  8000c01c    00000030                              : morphology_alg.obj (.text:MORPHOLOGY_TI_alloc)
                  8000c04c    00000024                              : binary_morphology.obj (.text:Binary_bottomhat_cross_vloops)
                  8000c070    00000024                              : binary_morphology.obj (.text:Binary_bottomhat_mask_vloops)
                  8000c094    00000024                              : binary_morphology.obj (.text:Binary_bottomhat_square_vloops)
                  8000c0b8    00000024                              : binary_morphology.obj (.text:Binary_morph_grad_cross_vloops)
                  8000c0dc    00000024                              : binary_morphology.obj (.text:Binary_morph_grad_mask_vloops)
                  8000c100    00000024                              : binary_morphology.obj (.text:Binary_morph_grad_square_vloops)
                  8000c124    00000024                              : binary_morphology.obj (.text:Binary_tophat_cross_vloops)
                  8000c148    00000024                              : binary_morphology.obj (.text:Binary_tophat_mask_vloops)
                  8000c16c    00000024                              : binary_morphology.obj (.text:Binary_tophat_square_vloops)
                  8000c190    0000001c                              : binary_morphology.obj (.text:Binary_close_cross_vloops)
                  8000c1ac    0000001c                              : binary_morphology.obj (.text:Binary_close_mask_vloops)
                  8000c1c8    0000001c                              : binary_morphology.obj (.text:Binary_close_square_vloops)
                  8000c1e4    0000001c                              : binary_morphology.obj (.text:Binary_open_cross_vloops)
                  8000c200    0000001c                              : binary_morphology.obj (.text:Binary_open_mask_vloops)
                  8000c21c    0000001c                              : binary_morphology.obj (.text:Binary_open_square_vloops)
                  8000c238    00000018                              : morphology_dma_auto_incr.obj (.text:VCOP_SET_MEM_VIEW)
                  8000c250    0000000c                              : morphology_dma_auto_incr.obj (.text:morphology_DMAAutoIncrDeInit)
                  8000c25c    00000004                              : morphology_alg.obj (.text:MORPHOLOGY_TI_control)
                  8000c260    00000004                              : morphology_alg.obj (.text:MORPHOLOGY_TI_numAlloc)

.text      0    8000c264    00003c3c     
                  8000c264    00000eac     morphology_tb.obj (.text:morphologyTest)
                  8000d110    00000d8c     ti_stats_collector.obj (.text:statCollectorControl)
                  8000de9c    000003e8     configparser.obj (.text:ParseContent)
                  8000e284    00000310     morphology_tb.obj (.text:main)
                  8000e594    00000308     configparser.obj (.text:printparams)
                  8000e89c    00000234     eve_profile.obj (.text:profiler_end)
                  8000ead0    0000020c     libevenatckernels.eve.lib : vcop_vec_bin_image_dilate_mask_c.obj (.text:vcop_vec_bin_image_dilate_mask_cn)
                  8000ecdc    0000020c                               : vcop_vec_bin_image_erode_mask_c.obj (.text:vcop_vec_bin_image_erode_mask_cn)
                  8000eee8    000001f0     morphology_tb.obj (.text:getOperationName)
                  8000f0d8    000001dc     morphology_tb.obj (.text:vcop_binary_morph_mask_cn)
                  8000f2b4    00000154     report_utils.obj (.text:report_printAppletInfo)
                  8000f408    0000011c     morphology_tb.obj (.text:vcop_grayscale_morph_mask_cn)
                  8000f524    000000d8     configparser.obj (.text:readparamfile)
                  8000f5fc    000000d0     libevenatckernels.eve.lib : vcop_grayscale_morphology_c.obj (.text:vcop_grayscale_bottomhat_mask_cn)
                  8000f6cc    000000d0                               : vcop_grayscale_morphology_c.obj (.text:vcop_grayscale_tophat_mask_cn)
                  8000f79c    000000d0                               : vcop_vec_bin_image_morph_diff_c.obj (.text:vcop_vec_bin_image_morph_diff_cn)
                  8000f86c    000000c8                               : vcop_grayscale_morphology_c.obj (.text:vcop_grayscale_dilate_mask_cn)
                  8000f934    000000c8                               : vcop_grayscale_morphology_c.obj (.text:vcop_grayscale_erode_mask_cn)
                  8000f9fc    000000c4     eve_profile.obj (.text:profiler_init)
                  8000fac0    000000b0     libevenatckernels.eve.lib : vcop_grayscale_morphology_c.obj (.text:vcop_grayscale_morph_grad_mask_cn)
                  8000fb70    00000070     ti_stats_collector.obj (.text:statCollectorInit)
                  8000fbe0    0000006c     eve_profile.obj (.text:profiler_getStackDepth)
                  8000fc4c    00000064     libevenatckernels.eve.lib : vcop_grayscale_morphology_c.obj (.text:vcop_grayscale_close_mask_cn)
                  8000fcb0    00000064                               : vcop_grayscale_morphology_c.obj (.text:vcop_grayscale_open_mask_cn)
                  8000fd14    00000058     ti_mem_manager.obj (.text:TI_GetMemoryChunk)
                  8000fd6c    00000050     eve_profile.obj (.text:profiler_testCaseInfo)
                  8000fdbc    00000048     eve_profile.obj (.text:profiler_start)
                  8000fe04    00000038     eve_profile.obj (.text:profiler_printStatus)
                  8000fe3c    00000030     eve_profile.obj (.text:profiler_initStack)
                  8000fe6c    00000018     eve_profile.obj (.text:profiler_getSP)
                  8000fe84    00000010     eve_profile.obj (.text:profiler_end_print)
                  8000fe94    0000000c     ti_mem_manager.obj (.text:TI_CreateMemoryHandle)

.starterware_text 
*          0    8000fea0    00000f98     
                  8000fea0    00000560     libevestarterware_eve.lib : edma_utils_autoincrement.obj (.text:EDMA_UTILS_autoIncrement_configure)
                  80010400    000001c4                               : dma_funcs.obj (.text:DMA_funcs_hardwareRegSetup)
                  800105c4    00000178                               : dma_resource_allocator.obj (.text:DMA_resourceAllocator_allocateResources)
                  8001073c    000000e8                               : edma_utils_autoincrement.obj (.text:EDMA_UTILS_autoIncrement_init)
                  80010824    000000dc                               : edma_utils_autoincrement.obj (.text:EDMA_UTILS_autoIncrement_triggerOutChannel)
                  80010900    000000cc                               : edma_utils_state.obj (.text:DMA_utils_updateStateStruct)
                  800109cc    000000c0                               : edma_utils_autoincrement.obj (.text:EDMA_UTILS_autoIncrement_triggerInChannel)
                  80010a8c    00000090                               : edma_utils_memcpy.obj (.text:EDMA_UTILS_memcpy2D)
                  80010b1c    00000074                               : dma_funcs.obj (.text:DMA_funcs_writeTransferParams)
                  80010b90    0000006c                               : edma_utils_autoincrement.obj (.text:EDMA_UTILS_autoIncrement_waitOutChannel)
                  80010bfc    00000050                               : edma_utils_autoincrement.obj (.text:EDMA_UTILS_autoIncrement_waitInChannel)
                  80010c4c    00000048                               : sctm.obj (.text:EVE_SCTM_CounterConfig)
                  80010c94    00000040                               : edma_utils.obj (.text:EDMA_UTILS_globalReset)
                  80010cd4    00000040                               : edma_utils_memcpy.obj (.text:EDMA_UTILS_memcpy2D_init)
                  80010d14    0000002c                               : dma_resource_allocator.obj (.text:DMA_resourceAllocator_initResources)
                  80010d40    0000002c                               : sctm.obj (.text:EVE_SCTM_CounterTimerEnable)
                  80010d6c    0000002c                               : sctm.obj (.text:EVE_SCTM_InpEvtSelect)
                  80010d98    0000002c                               : sctm.obj (.text:EVE_SCTM_SamplingSelect)
                  80010dc4    00000020                               : edma_utils_state.obj (.text:DMA_utils_resetStateStruct)
                  80010de4    00000018                               : sctm.obj (.text:EVE_SCTM_CounterRead)
                  80010dfc    00000018                               : sctm.obj (.text:EVE_SCTM_OverflowCheck)
                  80010e14    00000014                               : sctm.obj (.text:EVE_SCTM_Enable)
                  80010e28    0000000c                               : dma_resource_allocator.obj (.text:DMA_resourceAllocator_setEdma3RmHandle)
                  80010e34    00000004                               : edma3lld_support.obj (.text:EDMA3LLD_SUPPORT_requestResources)

.bam_text 
*          0    80010e38    00000024     
                  80010e38    00000024     libevealgframework.eve.lib : alg_osal.obj (.text:TEST_PRINTF)

.bam_neardata 
*          1    40020000    00000000     UNINITIALIZED

.dmemSect 
*          1    40020000    00004000     UNINITIALIZED
                  40020000    00004000     morphology_tb.obj (.dmemSect)

.stack     1    40024000    00002000     UNINITIALIZED
                  40024000    00000004     rtsarp32_v200.lib : boot.obj (.stack)
                  40024004    00001ffc     --HOLE--

.rts_neardata 
*          1    40026000    00000270     
                  40026000    00000101     rtsarp32_v200.lib : ctype.obj (.const:.string:_ctypes_)
                  40026101    00000001     --HOLE-- [fill = 0]
                  40026102    00000008                       : divf.obj (.const:.string:initial_approx$1)
                  4002610a    00000007                       : _scanfi.obj (.const:.string:flit$1)
                  40026111    00000001     --HOLE-- [fill = 0]
                  40026112    00000006                       : _scanfi.obj (.const:.string:barr$2)
                  40026118    00000003                       : assert.obj (.const:.string)
                  4002611b    00000023                       : _printfi.obj (.const:.string)
                  4002613e    00000002     --HOLE-- [fill = 0]
                  40026140    00000050                       : strtod.obj (.const:digits)
                  40026190    00000048                       : strtod.obj (.const:powerof10)
                  400261d8    00000050                       : strtold.obj (.const:digits)
                  40026228    00000048                       : strtold.obj (.const:powerof10)

.cio       1    40026270    00000120     UNINITIALIZED
                  40026270    00000120     rtsarp32_v200.lib : trgmsg.obj (.cio)

.starterware_neardata 
*          1    40026390    00000118     
                  40026390    000000a8     libevestarterware_eve.lib : dma_resource_allocator.obj (.bss) [fill = 0]
                  40026438    00000060                               : edma_utils_state.obj (.bss) [fill = 0]
                  40026498    00000004                               : dma_resource_allocator.obj (.data)
                  4002649c    00000004                               : edma_utils.obj (.data)
                  400264a0    00000004                               : edma_utils_autoincrement.obj (.rodata)
                  400264a4    00000004                               : edma_utils_memcpy.obj (.rodata)

.bss       1    400264a8    00000048     UNINITIALIZED
                  400264a8    00000048     eve_profile.obj (.bss)

.data      1    400264f0    00000024     
                  400264f0    00000020     boot_arp32.obj (.data)
                  40026510    00000004     eve_profile.obj (.data)

.rodata    1    40026514    00000038     
                  40026514    00000028     ti_stats_collector.obj (.rodata)
                  4002653c    00000008     eve_profile.obj (.rodata)
                  40026544    00000008     morphology_tb.obj (.rodata)

.algo_neardata 
*          1    4002654c    00000094     
                  4002654c    00000004     libeveMorphology.eve.lib : binary_morphology.obj (.rodata)
                  40026550    00000004                              : morphology_dma_auto_incr.obj (.rodata)
                  40026554    00000054                              : morphology_alg.obj (.const)
                  400265a8    0000001c                              : binary_morphology.obj (.const:.switchtab)
                  400265c4    0000001c                              : grayscale_morphology.obj (.const:.switchtab)

.wmem      1    40040000    00007000     UNINITIALIZED
                  40040000    00000008     rtsarp32_v200.lib : vcop_memory.obj (.wmem)
                  40040008    00006ff8     --HOLE--

.imemla    1    40050000    00004000     UNINITIALIZED
                  40050000    00000008     rtsarp32_v200.lib : vcop_memory.obj (.imemla)
                  40050008    00003ff8     --HOLE--

.imemha    1    40054000    00004000     UNINITIALIZED
                  40054000    00000008     rtsarp32_v200.lib : vcop_memory.obj (.imemha)
                  40054008    00003ff8     --HOLE--

.imemlb    1    40070000    00004000     UNINITIALIZED
                  40070000    00000008     rtsarp32_v200.lib : vcop_memory.obj (.imemlb)
                  40070008    00003ff8     --HOLE--

.imemhb    1    40074000    00004000     UNINITIALIZED
                  40074000    00000008     rtsarp32_v200.lib : vcop_memory.obj (.imemhb)
                  40074008    00003ff8     --HOLE--

.algo_fardata 
*          1    80030000    00000000     UNINITIALIZED

.bam_fardata 
*          1    80030000    00000000     UNINITIALIZED

.sysmem    1    80030000    01000000     UNINITIALIZED
                  80030000    00000008     rtsarp32_v200.lib : memory.obj (.sysmem)
                  80030008    00fffff8     --HOLE--

.fardata   1    81030000    00001800     
                  81030000    00001800     morphology_config.obj (.fardata:gsTokenMap_morphology)

.const     1    81031800    00000d1a     
                  81031800    000003d2     eve_profile.obj (.const:.string)
                  81031bd2    0000031b     morphology_tb.obj (.const:.string)
                  81031eed    00000252     configparser.obj (.const:.string)
                  8103213f    00000001     --HOLE-- [fill = 0]
                  81032140    00000128     ti_stats_collector.obj (.const:.switchtab)
                  81032268    000000fd     report_utils.obj (.const:.string)
                  81032365    00000095     morphology_config.obj (.const:.string)
                  810323fa    00000002     --HOLE-- [fill = 0]
                  810323fc    00000070     morphology_tb.obj (.const:.switchtab)
                  8103246c    00000053     ti_mem_manager.obj (.const:.string)
                  810324bf    00000043     ti_stats_collector.obj (.const:.string)
                  81032502    0000000f     morphology_tb.obj (.const:.string:__FUNCTION__$1)
                  81032511    00000001     --HOLE-- [fill = 0]
                  81032512    00000008     configparser.obj (.const:.string:$P$T0$1)

.far       1    8103251c    000004cc     UNINITIALIZED
                  8103251c    00000472     morphology_config.obj (.far)
                  8103298e    00000002     --HOLE--
                  81032990    00000028     ti_stats_collector.obj (.far)
                  810329b8    00000020     eve_profile.obj (.far)
                  810329d8    00000010     morphology_tb.obj (.far)

.rts_fardata 
*          1    810329e8    00000300     
                  810329e8    000000a0     rtsarp32_v200.lib : defs.obj (.far) [fill = 0]
                  81032a88    0000000c                       : memory.obj (.far) [fill = 0]
                  81032a94    00000008                       : boot.obj (.far) [fill = 0]
                  81032a9c    00000008                       : trgdrv.obj (.far) [fill = 0]
                  81032aa4    000000f0                       : defs.obj (.fardata:_ftable)
                  81032b94    00000078                       : lowlev.obj (.fardata:_device)
                  81032c0c    00000064                       : vcop_memory.obj (.fardata:vcop_mem)
                  81032c70    00000050                       : lowlev.obj (.fardata:_stream)
                  81032cc0    00000008                       : _lock.obj (.fardata)
                  81032cc8    00000005                       : vcop_memory.obj (.fardata)
                  81032ccd    00000003     --HOLE-- [fill = 0]
                  81032cd0    00000004                       : defs.obj (.fardata)
                  81032cd4    00000004                       : errno.obj (.fardata)
                  81032cd8    00000004                       : fopen.obj (.fardata)
                  81032cdc    00000004                       : lowlev.obj (.fardata)
                  81032ce0    00000004                       : memory.obj (.fardata)
                  81032ce4    00000004                       : rand.obj (.fardata)

.starterware_fardata 
*          1    81032ce8    000001f4     
                  81032ce8    000001f4     libevestarterware_eve.lib : cred.obj (.fardata:CRED_instVirtAddr)


SEGMENT ATTRIBUTES

    id tag      seg value
    -- ---      --- -----
     0 PHA_PAGE 3   1    
     1 PHA_PAGE 4   1    
     2 PHA_PAGE 5   1    
     3 PHA_PAGE 6   1    
     4 PHA_PAGE 7   1    
     5 PHA_PAGE 8   1    
     6 PHA_PAGE 9   1    
     7 PHA_PAGE 10  1    
     8 PHA_PAGE 11  1    
     9 PHA_PAGE 12  1    
    10 PHA_PAGE 13  1    
    11 PHA_PAGE 14  1    
    12 PHA_PAGE 15  1    
    13 PHA_PAGE 16  1    


GLOBAL SYMBOLS: SORTED ALPHABETICALLY BY Name 

address    name
--------   ----
8000bd58   Binary_Morphology_Deinit
8000b8e8   Binary_Morphology_Init
8000a9f8   Binary_Morphology_Init_Frame
8000b0c8   Binary_Morphology_Process
8000c04c   Binary_bottomhat_cross_vloops
8000bb84   Binary_bottomhat_mask_init
8000c070   Binary_bottomhat_mask_vloops
8000c094   Binary_bottomhat_square_vloops
8000c190   Binary_close_cross_vloops
8000bdd8   Binary_close_mask_init
8000c1ac   Binary_close_mask_vloops
8000c1c8   Binary_close_square_vloops
8000c0b8   Binary_morph_grad_cross_vloops
8000bcc4   Binary_morph_grad_mask_init
8000c0dc   Binary_morph_grad_mask_vloops
8000c100   Binary_morph_grad_square_vloops
8000c1e4   Binary_open_cross_vloops
8000be44   Binary_open_mask_init
8000c200   Binary_open_mask_vloops
8000c21c   Binary_open_square_vloops
8000c124   Binary_tophat_cross_vloops
8000bc24   Binary_tophat_mask_init
8000c148   Binary_tophat_mask_vloops
8000c16c   Binary_tophat_square_vloops
8000855c   C$$EXIT
80008154   C$$IO$$
81032ce8   CRED_instVirtAddr
80010400   DMA_funcs_hardwareRegSetup
80010b1c   DMA_funcs_writeTransferParams
800105c4   DMA_resourceAllocator_allocateResources
80010d14   DMA_resourceAllocator_initResources
80010e28   DMA_resourceAllocator_setEdma3RmHandle
80010dc4   DMA_utils_resetStateStruct
80010900   DMA_utils_updateStateStruct
40020000   DMEM_SCRATCH
80010e34   EDMA3LLD_SUPPORT_requestResources
8000fea0   EDMA_UTILS_autoIncrement_configure
8001073c   EDMA_UTILS_autoIncrement_init
800109cc   EDMA_UTILS_autoIncrement_triggerInChannel
80010824   EDMA_UTILS_autoIncrement_triggerOutChannel
80010bfc   EDMA_UTILS_autoIncrement_waitInChannel
80010b90   EDMA_UTILS_autoIncrement_waitOutChannel
80010c94   EDMA_UTILS_globalReset
80010a8c   EDMA_UTILS_memcpy2D
80010c4c   EVE_SCTM_CounterConfig
80010de4   EVE_SCTM_CounterRead
80010d40   EVE_SCTM_CounterTimerEnable
80010e14   EVE_SCTM_Enable
80010d6c   EVE_SCTM_InpEvtSelect
80010dfc   EVE_SCTM_OverflowCheck
80010d98   EVE_SCTM_SamplingSelect
8000beb0   Grayscale_Morphology_Deinit
8000b9f8   Grayscale_Morphology_Init
8000a2e0   Grayscale_Morphology_Process
800076c0   HOSTclose
800063e8   HOSTlseek
80006924   HOSTopen
80006b7c   HOSTread
80006550   HOSTrename
800074e0   HOSTunlink
80006edc   HOSTwrite
00004000   IMEMH_SIZE
00004000   IMEML_SIZE
40026580   MORPHOLOGY_TI_IRES
40026554   MORPHOLOGY_TI_VISION_FXNS
8000bfa4   MORPHOLOGY_TI_activate
8000c01c   MORPHOLOGY_TI_alloc
8000c25c   MORPHOLOGY_TI_control
8000bfe0   MORPHOLOGY_TI_deactivate
8000bf64   MORPHOLOGY_TI_free
8000bf0c   MORPHOLOGY_TI_init
8000c260   MORPHOLOGY_TI_numAlloc
8000b4a0   MORPHOLOGY_TI_process
80010e38   TEST_PRINTF
8000fe94   TI_CreateMemoryHandle
8000fd14   TI_GetMemoryChunk
00007000   WMEM_SIZE
40026270   __CIOBUF_
UNDEFED    __TI_CINIT_Base
UNDEFED    __TI_CINIT_Limit
UNDEFED    __TI_Handler_Table_Base
UNDEFED    __TI_Handler_Table_Limit
UNDEFED    __TI_INITARRAY_Base
UNDEFED    __TI_INITARRAY_Limit
40026000   __TI_STACK_END
00002000   __TI_STACK_SIZE
40026390   __TI_STATIC_BASE
01000000   __TI_SYSMEM_SIZE
00000001   __TI_args_main
00000001   __TI_exit
80008250   __arp32abi_abort_msg
800047b0   __arp32abi_addd
80008470   __arp32abi_addll
800060e0   __arp32abi_cmpd
80008408   __arp32abi_cmplls
8000842c   __arp32abi_cmpllu
80006c0c   __arp32abi_cvtdf
80007074   __arp32abi_cvtfd
80003ea4   __arp32abi_divd
80001d34   __arp32abi_divf
80004088   __arp32abi_divull
80007274   __arp32abi_fixdi
80007960   __arp32abi_fltid
8000819c   __arp32abi_fltuf
800070f4   __arp32abi_fltulld
800072f0   __arp32abi_fltullf
8000803c   __arp32abi_frcmpyf_div
80007cf0   __arp32abi_isinf
80007c30   __arp32abi_llshl
800082f8   __arp32abi_llshru
80004420   __arp32abi_mpyd
80004f6c   __arp32abi_mpyf
8000538c   __arp32abi_mpyll
800083b8   __arp32abi_negd
800084cc   __arp32abi_negll
80008288   __arp32abi_remull
8000838c   __arp32abi_subd
800084a4   __arp32abi_subll
ffffffff   __binit__
ffffffff   __c_args__
00000000   _algo_fardata_size
00000094   _algo_neardata_size
00003cf8   _algo_text_size
8000815c   _args_main
800077a8   _auto_init
00000000   _bam_fardata_size
00000000   _bam_neardata_size
00000024   _bam_text_size
800067ec   _buff_read
800079c8   _c_int00
80007f00   _cleanup
81032a94   _cleanup_ptr
8000736c   _closefile
40026000   _ctypes_
80007c90   _doflush
81032a98   _dtors_ptr
80000120   _dummy_handler
800050d0   _frcaddd
80003ca4   _frcdivd
80005628   _frcmpyd
80007888   _frcmpyf
81032cd0   _ft_end
81032aa4   _ftable
40054000   _imemha_memory
40074000   _imemhb_memory
40050000   _imemla_memory
40070000   _imemlb_memory
81032cc0   _lock
800083e0   _mpyl
400264f0   _my_stack
80008564   _nop
80003434   _printfi
800078f4   _rd_ok
80007e58   _renormd
80000100   _reset_handler
00000300   _rts_fardata_size
00000270   _rts_neardata_size
0000746c   _rts_text_size
80001100   _scanfi
40024000   _stack
000001f4   _starterware_fardata_size
00000118   _starterware_neardata_size
00000f98   _starterware_text_size
80030000   _sys_memory
80008568   _system_pre_init
00003c3c   _text_size
810329e8   _tmpnams
81032cc4   _unlock
80000000   _vec_table
40040000   _wmem_memory
80006d2c   _wrt_ok
8000855c   abort
800073e8   atoi
ffffffff   binit
80006f68   close
81032cd4   errno
80007eac   exit
8000832c   fclose
80007464   fflush
8000848c   fgets
80008214   fopen
80007734   fprintf
80005f1c   fputc
80004c94   fputs
800054e4   fread
800084b8   free
80006dbc   fseek
80006e4c   ftell
80003880   fwrite
8103251c   gConfig_morphology
40026438   gDmaUtilsStateStruct
4002649c   gEdmaCc
810329c8   gTest_TI_profileSctm
400264d4   gTest_TI_profileTsc
8000eee8   getOperationName
81030000   gsTokenMap_morphology
80007a30   lseek
80007bcc   ltoa
8000e284   main
80007ff0   malloc
810329d8   memObj_DMEM
800061ac   mem_alloc
80006ae8   mem_free
80008450   memccpy
80006004   memcpy
800066a4   memset
80007648   minit
8000c264   morphologyTest
8000c250   morphology_DMAAutoIncrDeInit
8000bad0   morphology_DMAAutoIncrExec
8000b72c   morphology_DMAAutoIncrInit
80005e30   open
800071f4   printf
8000e594   printparams
8000e89c   profiler_end
8000fe84   profiler_end_print
8000fe6c   profiler_getSP
8000fbe0   profiler_getStackDepth
8000f9fc   profiler_init
8000fe3c   profiler_initStack
8000fe04   profiler_printStatus
8000fdbc   profiler_start
8000fd6c   profiler_testCaseInfo
80007fa0   rand
80007a98   read
80008084   readmsg
8000f524   readparamfile
80008550   remove
8000f2b4   report_printAppletInfo
80005b10   setvbuf
8000835c   srand
800082c0   sscanf
8000d110   statCollectorControl
8000fb70   statCollectorInit
800015f8   strtod
80004254   strtol
80001998   strtold
80002098   strtoll
80004968   strtoul
800031e8   strtoull
400264b0   test_module_cyles
800080cc   unlink
8000f0d8   vcop_binary_morph_mask_cn
800069bc   vcop_free
80008a14   vcop_grayscale_bottomhat_cross_init
8000a0a4   vcop_grayscale_bottomhat_cross_vloops
8000f5fc   vcop_grayscale_bottomhat_mask_cn
80009034   vcop_grayscale_bottomhat_mask_init
8000a0c8   vcop_grayscale_bottomhat_mask_vloops
80008e94   vcop_grayscale_bottomhat_rect_init
8000a0ec   vcop_grayscale_bottomhat_rect_vloops
80009860   vcop_grayscale_close_cross_init
8000a1e8   vcop_grayscale_close_cross_vloops
8000fc4c   vcop_grayscale_close_mask_cn
800099a8   vcop_grayscale_close_mask_init
8000a204   vcop_grayscale_close_mask_vloops
80009a28   vcop_grayscale_close_rect_init
8000a220   vcop_grayscale_close_rect_vloops
800087e4   vcop_grayscale_dilate_cross_init
8000a290   vcop_grayscale_dilate_cross_param_count
80009f14   vcop_grayscale_dilate_cross_vloops
8000f86c   vcop_grayscale_dilate_mask_cn
80009598   vcop_grayscale_dilate_mask_init
8000a2c0   vcop_grayscale_dilate_mask_param_count
80009ff4   vcop_grayscale_dilate_mask_vloops
8000856c   vcop_grayscale_dilate_rect_init
8000a298   vcop_grayscale_dilate_rect_param_count
80009e74   vcop_grayscale_dilate_rect_vloops
800088fc   vcop_grayscale_erode_cross_init
8000a2a0   vcop_grayscale_erode_cross_param_count
80009f60   vcop_grayscale_erode_cross_vloops
8000f934   vcop_grayscale_erode_mask_cn
80009654   vcop_grayscale_erode_mask_init
8000a2c4   vcop_grayscale_erode_mask_param_count
8000a038   vcop_grayscale_erode_mask_vloops
800086a8   vcop_grayscale_erode_rect_init
8000a2a8   vcop_grayscale_erode_rect_param_count
80009ec4   vcop_grayscale_erode_rect_vloops
80009d58   vcop_grayscale_morp_diff_init
8000a2c8   vcop_grayscale_morp_diff_param_count
8000a07c   vcop_grayscale_morp_diff_vloops
80009100   vcop_grayscale_morph_grad_cross_init
8000a110   vcop_grayscale_morph_grad_cross_vloops
8000fac0   vcop_grayscale_morph_grad_mask_cn
80009710   vcop_grayscale_morph_grad_mask_init
8000a134   vcop_grayscale_morph_grad_mask_vloops
800097b8   vcop_grayscale_morph_grad_rect_init
8000a158   vcop_grayscale_morph_grad_rect_vloops
8000f408   vcop_grayscale_morph_mask_cn
80009904   vcop_grayscale_open_cross_init
8000a23c   vcop_grayscale_open_cross_vloops
8000fcb0   vcop_grayscale_open_mask_cn
80009aa8   vcop_grayscale_open_mask_init
8000a258   vcop_grayscale_open_mask_vloops
80009b28   vcop_grayscale_open_rect_init
8000a274   vcop_grayscale_open_rect_vloops
80008b04   vcop_grayscale_tophat_cross_init
8000a17c   vcop_grayscale_tophat_cross_vloops
8000f6cc   vcop_grayscale_tophat_mask_cn
800091cc   vcop_grayscale_tophat_mask_init
8000a1a0   vcop_grayscale_tophat_mask_vloops
80008f64   vcop_grayscale_tophat_rect_init
8000a1c4   vcop_grayscale_tophat_rect_vloops
800084ec   vcop_malloc
80004e04   vcop_memalign
80007da8   vcop_minit
80009298   vcop_vec_bin_image_dilate_cross_init
8000a2cc   vcop_vec_bin_image_dilate_cross_param_count
80009db8   vcop_vec_bin_image_dilate_cross_vloops
8000ead0   vcop_vec_bin_image_dilate_mask_cn
80008bf4   vcop_vec_bin_image_dilate_mask_init
8000a2b0   vcop_vec_bin_image_dilate_mask_param_count
80009c24   vcop_vec_bin_image_dilate_mask_vloops
80009358   vcop_vec_bin_image_dilate_square_init
8000a2d0   vcop_vec_bin_image_dilate_square_param_count
80009e18   vcop_vec_bin_image_dilate_square_vloops
80009418   vcop_vec_bin_image_erode_cross_init
8000a2d4   vcop_vec_bin_image_erode_cross_param_count
80009cf4   vcop_vec_bin_image_erode_cross_vloops
8000ecdc   vcop_vec_bin_image_erode_mask_cn
80008cdc   vcop_vec_bin_image_erode_mask_init
8000a2b8   vcop_vec_bin_image_erode_mask_param_count
80009c8c   vcop_vec_bin_image_erode_mask_vloops
800094d8   vcop_vec_bin_image_erode_square_init
8000a2d8   vcop_vec_bin_image_erode_square_param_count
80009ba8   vcop_vec_bin_image_erode_square_vloops
8000f79c   vcop_vec_bin_image_morph_diff_cn
80008dc0   vcop_vec_bin_image_morph_diff_init
8000a2dc   vcop_vec_bin_image_morph_diff_param_count
80009fac   vcop_vec_bin_image_morph_diff_vloops
80007818   vfprintf
80007b00   write
80008114   writemsg


GLOBAL SYMBOLS: SORTED BY Symbol Address 

address    name
--------   ----
00000000   _algo_fardata_size
00000000   _bam_fardata_size
00000000   _bam_neardata_size
00000001   __TI_args_main
00000001   __TI_exit
00000024   _bam_text_size
00000094   _algo_neardata_size
00000118   _starterware_neardata_size
000001f4   _starterware_fardata_size
00000270   _rts_neardata_size
00000300   _rts_fardata_size
00000f98   _starterware_text_size
00002000   __TI_STACK_SIZE
00003c3c   _text_size
00003cf8   _algo_text_size
00004000   IMEMH_SIZE
00004000   IMEML_SIZE
00007000   WMEM_SIZE
0000746c   _rts_text_size
01000000   __TI_SYSMEM_SIZE
40020000   DMEM_SCRATCH
40024000   _stack
40026000   __TI_STACK_END
40026000   _ctypes_
40026270   __CIOBUF_
40026390   __TI_STATIC_BASE
40026438   gDmaUtilsStateStruct
4002649c   gEdmaCc
400264b0   test_module_cyles
400264d4   gTest_TI_profileTsc
400264f0   _my_stack
40026554   MORPHOLOGY_TI_VISION_FXNS
40026580   MORPHOLOGY_TI_IRES
40040000   _wmem_memory
40050000   _imemla_memory
40054000   _imemha_memory
40070000   _imemlb_memory
40074000   _imemhb_memory
80000000   _vec_table
80000100   _reset_handler
80000120   _dummy_handler
80001100   _scanfi
800015f8   strtod
80001998   strtold
80001d34   __arp32abi_divf
80002098   strtoll
800031e8   strtoull
80003434   _printfi
80003880   fwrite
80003ca4   _frcdivd
80003ea4   __arp32abi_divd
80004088   __arp32abi_divull
80004254   strtol
80004420   __arp32abi_mpyd
800047b0   __arp32abi_addd
80004968   strtoul
80004c94   fputs
80004e04   vcop_memalign
80004f6c   __arp32abi_mpyf
800050d0   _frcaddd
8000538c   __arp32abi_mpyll
800054e4   fread
80005628   _frcmpyd
80005b10   setvbuf
80005e30   open
80005f1c   fputc
80006004   memcpy
800060e0   __arp32abi_cmpd
800061ac   mem_alloc
800063e8   HOSTlseek
80006550   HOSTrename
800066a4   memset
800067ec   _buff_read
80006924   HOSTopen
800069bc   vcop_free
80006ae8   mem_free
80006b7c   HOSTread
80006c0c   __arp32abi_cvtdf
80006d2c   _wrt_ok
80006dbc   fseek
80006e4c   ftell
80006edc   HOSTwrite
80006f68   close
80007074   __arp32abi_cvtfd
800070f4   __arp32abi_fltulld
800071f4   printf
80007274   __arp32abi_fixdi
800072f0   __arp32abi_fltullf
8000736c   _closefile
800073e8   atoi
80007464   fflush
800074e0   HOSTunlink
80007648   minit
800076c0   HOSTclose
80007734   fprintf
800077a8   _auto_init
80007818   vfprintf
80007888   _frcmpyf
800078f4   _rd_ok
80007960   __arp32abi_fltid
800079c8   _c_int00
80007a30   lseek
80007a98   read
80007b00   write
80007bcc   ltoa
80007c30   __arp32abi_llshl
80007c90   _doflush
80007cf0   __arp32abi_isinf
80007da8   vcop_minit
80007e58   _renormd
80007eac   exit
80007f00   _cleanup
80007fa0   rand
80007ff0   malloc
8000803c   __arp32abi_frcmpyf_div
80008084   readmsg
800080cc   unlink
80008114   writemsg
80008154   C$$IO$$
8000815c   _args_main
8000819c   __arp32abi_fltuf
80008214   fopen
80008250   __arp32abi_abort_msg
80008288   __arp32abi_remull
800082c0   sscanf
800082f8   __arp32abi_llshru
8000832c   fclose
8000835c   srand
8000838c   __arp32abi_subd
800083b8   __arp32abi_negd
800083e0   _mpyl
80008408   __arp32abi_cmplls
8000842c   __arp32abi_cmpllu
80008450   memccpy
80008470   __arp32abi_addll
8000848c   fgets
800084a4   __arp32abi_subll
800084b8   free
800084cc   __arp32abi_negll
800084ec   vcop_malloc
80008550   remove
8000855c   C$$EXIT
8000855c   abort
80008564   _nop
80008568   _system_pre_init
8000856c   vcop_grayscale_dilate_rect_init
800086a8   vcop_grayscale_erode_rect_init
800087e4   vcop_grayscale_dilate_cross_init
800088fc   vcop_grayscale_erode_cross_init
80008a14   vcop_grayscale_bottomhat_cross_init
80008b04   vcop_grayscale_tophat_cross_init
80008bf4   vcop_vec_bin_image_dilate_mask_init
80008cdc   vcop_vec_bin_image_erode_mask_init
80008dc0   vcop_vec_bin_image_morph_diff_init
80008e94   vcop_grayscale_bottomhat_rect_init
80008f64   vcop_grayscale_tophat_rect_init
80009034   vcop_grayscale_bottomhat_mask_init
80009100   vcop_grayscale_morph_grad_cross_init
800091cc   vcop_grayscale_tophat_mask_init
80009298   vcop_vec_bin_image_dilate_cross_init
80009358   vcop_vec_bin_image_dilate_square_init
80009418   vcop_vec_bin_image_erode_cross_init
800094d8   vcop_vec_bin_image_erode_square_init
80009598   vcop_grayscale_dilate_mask_init
80009654   vcop_grayscale_erode_mask_init
80009710   vcop_grayscale_morph_grad_mask_init
800097b8   vcop_grayscale_morph_grad_rect_init
80009860   vcop_grayscale_close_cross_init
80009904   vcop_grayscale_open_cross_init
800099a8   vcop_grayscale_close_mask_init
80009a28   vcop_grayscale_close_rect_init
80009aa8   vcop_grayscale_open_mask_init
80009b28   vcop_grayscale_open_rect_init
80009ba8   vcop_vec_bin_image_erode_square_vloops
80009c24   vcop_vec_bin_image_dilate_mask_vloops
80009c8c   vcop_vec_bin_image_erode_mask_vloops
80009cf4   vcop_vec_bin_image_erode_cross_vloops
80009d58   vcop_grayscale_morp_diff_init
80009db8   vcop_vec_bin_image_dilate_cross_vloops
80009e18   vcop_vec_bin_image_dilate_square_vloops
80009e74   vcop_grayscale_dilate_rect_vloops
80009ec4   vcop_grayscale_erode_rect_vloops
80009f14   vcop_grayscale_dilate_cross_vloops
80009f60   vcop_grayscale_erode_cross_vloops
80009fac   vcop_vec_bin_image_morph_diff_vloops
80009ff4   vcop_grayscale_dilate_mask_vloops
8000a038   vcop_grayscale_erode_mask_vloops
8000a07c   vcop_grayscale_morp_diff_vloops
8000a0a4   vcop_grayscale_bottomhat_cross_vloops
8000a0c8   vcop_grayscale_bottomhat_mask_vloops
8000a0ec   vcop_grayscale_bottomhat_rect_vloops
8000a110   vcop_grayscale_morph_grad_cross_vloops
8000a134   vcop_grayscale_morph_grad_mask_vloops
8000a158   vcop_grayscale_morph_grad_rect_vloops
8000a17c   vcop_grayscale_tophat_cross_vloops
8000a1a0   vcop_grayscale_tophat_mask_vloops
8000a1c4   vcop_grayscale_tophat_rect_vloops
8000a1e8   vcop_grayscale_close_cross_vloops
8000a204   vcop_grayscale_close_mask_vloops
8000a220   vcop_grayscale_close_rect_vloops
8000a23c   vcop_grayscale_open_cross_vloops
8000a258   vcop_grayscale_open_mask_vloops
8000a274   vcop_grayscale_open_rect_vloops
8000a290   vcop_grayscale_dilate_cross_param_count
8000a298   vcop_grayscale_dilate_rect_param_count
8000a2a0   vcop_grayscale_erode_cross_param_count
8000a2a8   vcop_grayscale_erode_rect_param_count
8000a2b0   vcop_vec_bin_image_dilate_mask_param_count
8000a2b8   vcop_vec_bin_image_erode_mask_param_count
8000a2c0   vcop_grayscale_dilate_mask_param_count
8000a2c4   vcop_grayscale_erode_mask_param_count
8000a2c8   vcop_grayscale_morp_diff_param_count
8000a2cc   vcop_vec_bin_image_dilate_cross_param_count
8000a2d0   vcop_vec_bin_image_dilate_square_param_count
8000a2d4   vcop_vec_bin_image_erode_cross_param_count
8000a2d8   vcop_vec_bin_image_erode_square_param_count
8000a2dc   vcop_vec_bin_image_morph_diff_param_count
8000a2e0   Grayscale_Morphology_Process
8000a9f8   Binary_Morphology_Init_Frame
8000b0c8   Binary_Morphology_Process
8000b4a0   MORPHOLOGY_TI_process
8000b72c   morphology_DMAAutoIncrInit
8000b8e8   Binary_Morphology_Init
8000b9f8   Grayscale_Morphology_Init
8000bad0   morphology_DMAAutoIncrExec
8000bb84   Binary_bottomhat_mask_init
8000bc24   Binary_tophat_mask_init
8000bcc4   Binary_morph_grad_mask_init
8000bd58   Binary_Morphology_Deinit
8000bdd8   Binary_close_mask_init
8000be44   Binary_open_mask_init
8000beb0   Grayscale_Morphology_Deinit
8000bf0c   MORPHOLOGY_TI_init
8000bf64   MORPHOLOGY_TI_free
8000bfa4   MORPHOLOGY_TI_activate
8000bfe0   MORPHOLOGY_TI_deactivate
8000c01c   MORPHOLOGY_TI_alloc
8000c04c   Binary_bottomhat_cross_vloops
8000c070   Binary_bottomhat_mask_vloops
8000c094   Binary_bottomhat_square_vloops
8000c0b8   Binary_morph_grad_cross_vloops
8000c0dc   Binary_morph_grad_mask_vloops
8000c100   Binary_morph_grad_square_vloops
8000c124   Binary_tophat_cross_vloops
8000c148   Binary_tophat_mask_vloops
8000c16c   Binary_tophat_square_vloops
8000c190   Binary_close_cross_vloops
8000c1ac   Binary_close_mask_vloops
8000c1c8   Binary_close_square_vloops
8000c1e4   Binary_open_cross_vloops
8000c200   Binary_open_mask_vloops
8000c21c   Binary_open_square_vloops
8000c250   morphology_DMAAutoIncrDeInit
8000c25c   MORPHOLOGY_TI_control
8000c260   MORPHOLOGY_TI_numAlloc
8000c264   morphologyTest
8000d110   statCollectorControl
8000e284   main
8000e594   printparams
8000e89c   profiler_end
8000ead0   vcop_vec_bin_image_dilate_mask_cn
8000ecdc   vcop_vec_bin_image_erode_mask_cn
8000eee8   getOperationName
8000f0d8   vcop_binary_morph_mask_cn
8000f2b4   report_printAppletInfo
8000f408   vcop_grayscale_morph_mask_cn
8000f524   readparamfile
8000f5fc   vcop_grayscale_bottomhat_mask_cn
8000f6cc   vcop_grayscale_tophat_mask_cn
8000f79c   vcop_vec_bin_image_morph_diff_cn
8000f86c   vcop_grayscale_dilate_mask_cn
8000f934   vcop_grayscale_erode_mask_cn
8000f9fc   profiler_init
8000fac0   vcop_grayscale_morph_grad_mask_cn
8000fb70   statCollectorInit
8000fbe0   profiler_getStackDepth
8000fc4c   vcop_grayscale_close_mask_cn
8000fcb0   vcop_grayscale_open_mask_cn
8000fd14   TI_GetMemoryChunk
8000fd6c   profiler_testCaseInfo
8000fdbc   profiler_start
8000fe04   profiler_printStatus
8000fe3c   profiler_initStack
8000fe6c   profiler_getSP
8000fe84   profiler_end_print
8000fe94   TI_CreateMemoryHandle
8000fea0   EDMA_UTILS_autoIncrement_configure
80010400   DMA_funcs_hardwareRegSetup
800105c4   DMA_resourceAllocator_allocateResources
8001073c   EDMA_UTILS_autoIncrement_init
80010824   EDMA_UTILS_autoIncrement_triggerOutChannel
80010900   DMA_utils_updateStateStruct
800109cc   EDMA_UTILS_autoIncrement_triggerInChannel
80010a8c   EDMA_UTILS_memcpy2D
80010b1c   DMA_funcs_writeTransferParams
80010b90   EDMA_UTILS_autoIncrement_waitOutChannel
80010bfc   EDMA_UTILS_autoIncrement_waitInChannel
80010c4c   EVE_SCTM_CounterConfig
80010c94   EDMA_UTILS_globalReset
80010d14   DMA_resourceAllocator_initResources
80010d40   EVE_SCTM_CounterTimerEnable
80010d6c   EVE_SCTM_InpEvtSelect
80010d98   EVE_SCTM_SamplingSelect
80010dc4   DMA_utils_resetStateStruct
80010de4   EVE_SCTM_CounterRead
80010dfc   EVE_SCTM_OverflowCheck
80010e14   EVE_SCTM_Enable
80010e28   DMA_resourceAllocator_setEdma3RmHandle
80010e34   EDMA3LLD_SUPPORT_requestResources
80010e38   TEST_PRINTF
80030000   _sys_memory
81030000   gsTokenMap_morphology
8103251c   gConfig_morphology
810329c8   gTest_TI_profileSctm
810329d8   memObj_DMEM
810329e8   _tmpnams
81032a94   _cleanup_ptr
81032a98   _dtors_ptr
81032aa4   _ftable
81032cc0   _lock
81032cc4   _unlock
81032cd0   _ft_end
81032cd4   errno
81032ce8   CRED_instVirtAddr
ffffffff   __binit__
ffffffff   __c_args__
ffffffff   binit
UNDEFED    __TI_CINIT_Base
UNDEFED    __TI_CINIT_Limit
UNDEFED    __TI_Handler_Table_Base
UNDEFED    __TI_Handler_Table_Limit
UNDEFED    __TI_INITARRAY_Base
UNDEFED    __TI_INITARRAY_Limit

[333 symbols]
