******************************************************************************
                  TI ARM Linker Unix v5.2.5                    
******************************************************************************
>> Linked Fri Sep 18 12:50:28 2015

OUTPUT FILE NAME:   <bin/ti_platforms_evmDRA7XX_ipu1/fault.xem4>
ENTRY POINT SYMBOL: "ti_sysbios_family_arm_ducati_Core_reset"  address: 00000009


MEMORY CONFIGURATION

         name            origin    length      used     unused   attr    fill
----------------------  --------  ---------  --------  --------  ----  --------
  L2_ROM                00000000   00004000  000005ec  00003a14  RWIX
  EXT_CODE              00004000   000fc000  00015cc7  000e6339  RW X
  L2_RAM                20000000   00010000  00000000  00010000  RWIX
  OCMC_RAM1             40300000   00080000  00000000  00080000  RWIX
  OCMC_RAM2             40400000   00100000  00000000  00100000  RWIX
  OCMC_RAM3             40500000   00100000  00000000  00100000  RWIX
  EXT_DATA              80000000   00200000  00082ce4  0017d31c  RW  
  EXT_HEAP              80200000   00300000  00000000  00300000  RW  
  TRACE_BUF             9f000000   00060000  00008000  00058000  RW  
  EXC_DATA              9f060000   00010000  00000200  0000fe00  RW  
  PM_DATA               9f070000   00020000  00000000  00020000  RW X


SEGMENT ALLOCATION MAP

run origin  load origin   length   init length attrs members
----------  ----------- ---------- ----------- ----- -------
00000000    00000000    00000050   00000050    r-x
  00000000    00000000    00000050   00000050    r-x .ducatiBoot
00000400    00000400    00000140   00000140    r--
  00000400    00000400    00000140   00000140    r-- .resetVecs
000007f0    000007f0    00000010   00000000    rw-
  000007f0    000007f0    00000010   00000000    rw- .ducatiGates
00003000    00003000    0000044c   0000044c    rw-
  00003000    00003000    0000044c   0000044c    rw- .resource_table
00004000    00004000    00015cd8   00015cd8    r-x
  00004000    00004000    00004bdc   00004bdc    r-x .text.1
  00008bdc    00008bdc    00000004   00000004    r-- .const.1
  00008be0    00008be0    0000076c   0000076c    r-x .text.2
  0000934c    0000934c    00000004   00000004    r-- .const.2
  00009350    00009350    00000254   00000254    r-x .text.3
  000095a4    000095a4    00000004   00000004    r-- .const.3
  000095a8    000095a8    00000244   00000244    r-x .text.4
  000097ec    000097ec    00000004   00000004    r-- .const.4
  000097f0    000097f0    0000047c   0000047c    r-x .text.5
  00009c6c    00009c6c    00000004   00000004    r-- .const.5
  00009c70    00009c70    00000654   00000654    r-x .text.6
  0000a2c4    0000a2c4    00000004   00000004    r-- .const.6
  0000a2c8    0000a2c8    000003ec   000003ec    r-x .text.7
  0000a6b4    0000a6b4    00000004   00000004    r-- .const.7
  0000a6b8    0000a6b8    000001f4   000001f4    r-x .text.8
  0000a8ac    0000a8ac    00000004   00000004    r-- .const.8
  0000a8b0    0000a8b0    000008dc   000008dc    r-x .text.9
  0000b18c    0000b18c    00000004   00000004    r-- .const.9
  0000b190    0000b190    00000304   00000304    r-x .text.10
  0000b494    0000b494    00000004   00000004    r-- .const.10
  0000b498    0000b498    00000464   00000464    r-x .text.11
  0000b8fc    0000b8fc    00000004   00000004    r-- .const.11
  0000b900    0000b900    00000174   00000174    r-x .text.12
  0000ba74    0000ba74    00000004   00000004    r-- .const.12
  0000ba78    0000ba78    0000044c   0000044c    r-x .text.13
  0000bec4    0000bec4    00000004   00000004    r-- .const.13
  0000bec8    0000bec8    00000164   00000164    r-x .text.14
  0000c02c    0000c02c    00000004   00000004    r-- .const.14
  0000c030    0000c030    00000164   00000164    r-x .text.15
  0000c194    0000c194    00000004   00000004    r-- .const.15
  0000c198    0000c198    00000164   00000164    r-x .text.16
  0000c2fc    0000c2fc    00000004   00000004    r-- .const.16
  0000c300    0000c300    00000164   00000164    r-x .text.17
  0000c464    0000c464    00000004   00000004    r-- .const.17
  0000c468    0000c468    0000014c   0000014c    r-x .text.18
  0000c5b4    0000c5b4    00000004   00000004    r-- .const.18
  0000c5b8    0000c5b8    0000014c   0000014c    r-x .text.19
  0000c704    0000c704    00000004   00000004    r-- .const.19
  0000c708    0000c708    0000014c   0000014c    r-x .text.20
  0000c854    0000c854    00000004   00000004    r-- .const.20
  0000c858    0000c858    0000028c   0000028c    r-x .text.21
  0000cae4    0000cae4    00000004   00000004    r-- .const.21
  0000cae8    0000cae8    0000027c   0000027c    r-x .text.22
  0000cd64    0000cd64    00000004   00000004    r-- .const.22
  0000cd68    0000cd68    000003a4   000003a4    r-x .text.23
  0000d10c    0000d10c    00000004   00000004    r-- .const.23
  0000d110    0000d110    00000134   00000134    r-x .text.24
  0000d244    0000d244    00000004   00000004    r-- .const.24
  0000d248    0000d248    0000024c   0000024c    r-x .text.25
  0000d494    0000d494    00000004   00000004    r-- .const.25
  0000d498    0000d498    0000023c   0000023c    r-x .text.26
  0000d6d4    0000d6d4    00000004   00000004    r-- .const.26
  0000d6d8    0000d6d8    00000234   00000234    r-x .text.27
  0000d90c    0000d90c    00000004   00000004    r-- .const.27
  0000d910    0000d910    00000114   00000114    r-x .text.28
  0000da24    0000da24    00000004   00000004    r-- .const.28
  0000da28    0000da28    0000053c   0000053c    r-x .text.29
  0000df64    0000df64    00000004   00000004    r-- .const.29
  0000df68    0000df68    000003fc   000003fc    r-x .text.30
  0000e364    0000e364    00000004   00000004    r-- .const.30
  0000e368    0000e368    000002ec   000002ec    r-x .text.31
  0000e654    0000e654    00000004   00000004    r-- .const.31
  0000e658    0000e658    000002c4   000002c4    r-x .text.32
  0000e91c    0000e91c    00000004   00000004    r-- .const.32
  0000e920    0000e920    00000344   00000344    r-x .text.33
  0000ec64    0000ec64    00000004   00000004    r-- .const.33
  0000ec68    0000ec68    0000018c   0000018c    r-x .text.34
  0000edf4    0000edf4    00000004   00000004    r-- .const.34
  0000edf8    0000edf8    000000c4   000000c4    r-x .text.35
  0000eebc    0000eebc    00000004   00000004    r-- .const.35
  0000eec0    0000eec0    000003bc   000003bc    r-x .text.36
  0000f27c    0000f27c    00000004   00000004    r-- .const.36
  0000f280    0000f280    000000bc   000000bc    r-x .text.37
  0000f33c    0000f33c    00000004   00000004    r-- .const.37
  0000f340    0000f340    00000174   00000174    r-x .text.38
  0000f4b4    0000f4b4    00000004   00000004    r-- .const.38
  0000f4b8    0000f4b8    0000016c   0000016c    r-x .text.39
  0000f624    0000f624    00000004   00000004    r-- .const.39
  0000f628    0000f628    000000b4   000000b4    r-x .text.40
  0000f6dc    0000f6dc    00000004   00000004    r-- .const.40
  0000f6e0    0000f6e0    000000b4   000000b4    r-x .text.41
  0000f794    0000f794    00000004   00000004    r-- .const.41
  0000f798    0000f798    000000b4   000000b4    r-x .text.42
  0000f84c    0000f84c    00000004   00000004    r-- .const.42
  0000f850    0000f850    00000154   00000154    r-x .text.43
  0000f9a4    0000f9a4    00000004   00000004    r-- .const.43
  0000f9a8    0000f9a8    00000644   00000644    r-x .text.44
  0000ffec    0000ffec    00000004   00000004    r-- .const.44
  0000fff0    0000fff0    00000394   00000394    r-x .text.45
  00010384    00010384    00000004   00000004    r-- .const.45
  00010388    00010388    00000094   00000094    r-x .text.46
  0001041c    0001041c    00000004   00000004    r-- .const.46
  00010420    00010420    000001ac   000001ac    r-x .text.47
  000105cc    000105cc    00000004   00000004    r-- .const.47
  000105d0    000105d0    0000021c   0000021c    r-x .text.48
  000107ec    000107ec    00000004   00000004    r-- .const.48
  000107f0    000107f0    000000fc   000000fc    r-x .text.49
  000108ec    000108ec    00000004   00000004    r-- .const.49
  000108f0    000108f0    0000007c   0000007c    r-x .text.50
  0001096c    0001096c    00000004   00000004    r-- .const.50
  00010970    00010970    00000334   00000334    r-x .text.51
  00010ca4    00010ca4    00000004   00000004    r-- .const.51
  00010ca8    00010ca8    000001ac   000001ac    r-x .text.52
  00010e54    00010e54    00000004   00000004    r-- .const.52
  00010e58    00010e58    0000076c   0000076c    r-x .text.53
  000115c4    000115c4    00000004   00000004    r-- .const.53
  000115c8    000115c8    00000113   00000113    r-x .text.54
  000116dc    000116dc    00000004   00000004    r-- .const.54
  000116e0    000116e0    0000046c   0000046c    r-x .text.55
  00011b4c    00011b4c    00000004   00000004    r-- .const.55
  00011b50    00011b50    0000004c   0000004c    r-x .text.56
  00011b9c    00011b9c    00000004   00000004    r-- .const.56
  00011ba0    00011ba0    0000004c   0000004c    r-x .text.57
  00011bec    00011bec    00000004   00000004    r-- .const.57
  00011bf0    00011bf0    00000474   00000474    r-x .text.58
  00012064    00012064    00000004   00000004    r-- .const.58
  00012068    00012068    00000044   00000044    r-x .text.59
  000120ac    000120ac    00000004   00000004    r-- .const.59
  000120b0    000120b0    00000044   00000044    r-x .text.60
  000120f4    000120f4    00000004   00000004    r-- .const.60
  000120f8    000120f8    0000030c   0000030c    r-x .text.61
  00012404    00012404    00000004   00000004    r-- .const.61
  00012408    00012408    000002f4   000002f4    r-x .text.62
  000126fc    000126fc    00000004   00000004    r-- .const.62
  00012700    00012700    0000003c   0000003c    r-x .text.63
  0001273c    0001273c    00000004   00000004    r-- .const.63
  00012740    00012740    000000b4   000000b4    r-x .text.64
  000127f4    000127f4    00000004   00000004    r-- .const.64
  000127f8    000127f8    0000003c   0000003c    r-x .text.65
  00012834    00012834    00000004   00000004    r-- .const.65
  00012838    00012838    0000003c   0000003c    r-x .text.66
  00012874    00012874    00000004   00000004    r-- .const.66
  00012878    00012878    00000354   00000354    r-x .text.67
  00012bcc    00012bcc    00000004   00000004    r-- .const.67
  00012bd0    00012bd0    00000034   00000034    r-x .text.68
  00012c04    00012c04    00000004   00000004    r-- .const.68
  00012c08    00012c08    00000454   00000454    r-x .text.69
  0001305c    0001305c    00000004   00000004    r-- .const.69
  00013060    00013060    00000254   00000254    r-x .text.70
  000132b4    000132b4    00000004   00000004    r-- .const.70
  000132b8    000132b8    0000036c   0000036c    r-x .text.71
  00013624    00013624    00000004   00000004    r-- .const.71
  00013628    00013628    00000354   00000354    r-x .text.72
  0001397c    0001397c    00000004   00000004    r-- .const.72
  00013980    00013980    0000031c   0000031c    r-x .text.73
  00013c9c    00013c9c    00000004   00000004    r-- .const.73
  00013ca0    00013ca0    0000001c   0000001c    r-x .text.74
  00013cbc    00013cbc    00000004   00000004    r-- .const.74
  00013cc0    00013cc0    00000174   00000174    r-x .text.75
  00013e34    00013e34    00000004   00000004    r-- .const.75
  00013e38    00013e38    00000174   00000174    r-x .text.76
  00013fac    00013fac    00000004   00000004    r-- .const.76
  00013fb0    00013fb0    00000052   00000052    r-x .text.77
  00014004    00014004    00000004   00000004    r-- .const.77
  00014008    00014008    00000012   00000012    r-x .text.78
  0001401c    0001401c    00000004   00000004    r-- .const.78
  00014020    00014020    00000044   00000044    r-x .text.79
  00014064    00014064    00000004   00000004    r-- .const.79
  00014068    00014068    00000294   00000294    r-x .text.80
  000142fc    000142fc    00000004   00000004    r-- .const.80
  00014300    00014300    0000000c   0000000c    r-x .text.81
  0001430c    0001430c    00000004   00000004    r-- .const.81
  00014310    00014310    0000000c   0000000c    r-x .text.82
  0001431c    0001431c    00000004   00000004    r-- .const.82
  00014320    00014320    0000000c   0000000c    r-x .text.83
  0001432c    0001432c    00000004   00000004    r-- .const.83
  00014330    00014330    0000000c   0000000c    r-x .text.84
  0001433c    0001433c    00000004   00000004    r-- .const.84
  00014340    00014340    0000000c   0000000c    r-x .text.85
  0001434c    0001434c    00000004   00000004    r-- .const.85
  00014350    00014350    00000084   00000084    r-x .text.86
  000143d4    000143d4    00000004   00000004    r-- .const.86
  000143d8    000143d8    0000003c   0000003c    r-x .text.87
  00014414    00014414    00000004   00000004    r-- .const.87
  00014418    00014418    0000000c   0000000c    r-x .text.88
  00014424    00014424    00000004   00000004    r-- .const.88
  00014428    00014428    0000000c   0000000c    r-x .text.89
  00014434    00014434    00000004   00000004    r-- .const.89
  00014438    00014438    000000e2   000000e2    r-x .text.90
  0001451c    0001451c    00000004   00000004    r-- .const.90
  00014520    00014520    00000124   00000124    r-x .text.91
  00014644    00014644    00000004   00000004    r-- .const.91
  00014648    00014648    00000004   00000004    r-x .text.92
  0001464c    0001464c    00000004   00000004    r-- .const.92
  00014650    00014650    00000004   00000004    r-x .text.93
  00014654    00014654    00000004   00000004    r-- .const.93
  00014658    00014658    00000004   00000004    r-x .text.94
  0001465c    0001465c    00000004   00000004    r-- .const.94
  00014660    00014660    00000004   00000004    r-x .text.95
  00014664    00014664    00000004   00000004    r-- .const.95
  00014668    00014668    00000004   00000004    r-x .text.96
  0001466c    0001466c    00000004   00000004    r-- .const.96
  00014670    00014670    00000004   00000004    r-x .text.97
  00014674    00014674    00000004   00000004    r-- .const.97
  00014678    00014678    00000004   00000004    r-x .text.98
  0001467c    0001467c    00000004   00000004    r-- .const.98
  00014680    00014680    00000004   00000004    r-x .text.99
  00014684    00014684    00000004   00000004    r-- .const.99
  00014688    00014688    00000004   00000004    r-x .text.100
  0001468c    0001468c    00000004   00000004    r-- .const.100
  00014690    00014690    00000002   00000002    r-x .text.101
  00014694    00014694    00000004   00000004    r-- .const.101
  00014698    00014698    00000002   00000002    r-x .text.102
  0001469c    0001469c    00000004   00000004    r-- .const.102
  000146a0    000146a0    00000002   00000002    r-x .text.103
  000146a4    000146a4    00004258   00004258    r-- .const.103
  00018900    00018900    000013d8   000013d8    r-- .cinit
80000000    80000000    00082ce8   00000000    rw-
  80000000    80000000    00080954   00000000    rw- .bss
  80080958    80080958    00001390   00000000    rw- .data
  80081ce8    80081ce8    00001000   00000000    rw- .stack
9f000000    9f000000    00008000   00000000    rw-
  9f000000    9f000000    00008000   00000000    rw- .tracebuf
9f060000    9f060000    00000200   00000000    rw-
  9f060000    9f060000    00000200   00000000    rw- .errorbuf


SECTION ALLOCATION MAP

 output                                  attributes/
section   page    origin      length       input sections
--------  ----  ----------  ----------   ----------------
.bss       0    80000000    00080954     UNINITIALIZED
                  80000000    00040000     fault_pem4.oem4 (.bss:ti_sysbios_heaps_HeapBuf_Instance_State_1_buf__A)
                  80040000    00020000     fault_pem4.oem4 (.bss:ti_sysbios_heaps_HeapBuf_Instance_State_0_buf__A)
                  80060000    00020000     fault_pem4.oem4 (.bss:ti_sysbios_heaps_HeapMem_Instance_State_0_buf__A)
                  80080000    00000800     fault_pem4.oem4 (.bss:taskStackSection)
                  80080800    00000140     fault_pem4.oem4 (.bss:ti_sysbios_family_arm_m3_Hwi_dispatchTable)
                  80080940    00000004     (.common:endIdx$4)
                  80080944    00000004     (.common:startIdx$3)
                  80080948    00000004     (.common:ti_sysbios_knl_Swi_Instance_State_0_hookEnv__A)
                  8008094c    00000004     (.common:ti_sysbios_knl_Task_Instance_State_0_hookEnv__A)
                  80080950    00000004     (.common:timeStampSecCharLen$5)

.neardata 
*          0    80080954    00000000     UNINITIALIZED

.rodata    0    80080954    00000000     UNINITIALIZED

.stack     0    80081ce8    00001000     UNINITIALIZED
                  80081ce8    00001000     --HOLE--

.cinit     0    00018900    000013d8     
                  00018900    00001398     (.cinit..data.load) [load image]
                  00019c98    00000008     (.cinit..bss.load) [load image, compression = zero_init]
                  00019ca0    00000008     (.cinit..errorbuf.load) [load image, compression = zero_init]
                  00019ca8    00000008     (.cinit..tracebuf.load) [load image, compression = zero_init]
                  00019cb0    00000008     (__TI_handler_table)
                  00019cb8    00000020     (__TI_cinit_table)

.init_array 
*          0    00004000    00000000     UNINITIALIZED

.bootVecs 
*          0    00000000    00000008     DSECT
                  00000000    00000008     boot.aem4 : boot.oem4 (.bootVecs)

.vecs      0    00000400    00000000     DSECT

.ducatiBoot 
*          0    00000000    00000050     
                  00000000    00000050     sysbios.aem4 : ducati_Core_asm.obj (.ducatiBoot)

.resetVecs 
*          0    00000400    00000140     
                  00000400    00000140     fault_pem4.oem4 (.resetVecs)

.ducatiGates 
*          0    000007f0    00000010     UNINITIALIZED
                  000007f0    00000010     fault_pem4.oem4 (.ducatiGates)

.resource_table 
*          0    00003000    0000044c     
                  00003000    0000044c     fault_pem4.oem4 (.resource_table)

.tracebuf 
*          0    9f000000    00008000     UNINITIALIZED
                  9f000000    00008000     fault_pem4.oem4 (.tracebuf)

.errorbuf 
*          0    9f060000    00000200     UNINITIALIZED
                  9f060000    00000200     fault_pem4.oem4 (.errorbuf)

xdc.meta   0    00004000    00000113     COPY SECTION
                  00004000    00000113     fault_pem4.oem4 (xdc.meta)

.text.1    0    00004000    00004bdc     
                  00004000    000010a6     rtsv7M4_T_le_eabi.lib : _printfi.obj (.text)
                  000050a6    00000002                           : i_div0.obj (.text)
                  000050a8    00000734     ti.deh_vayu_smp.aem4 : Deh.oem4 (.text:ti_deh_Deh_excHandler__F)
                  000057dc    00000004     fault_pem4.oem4 (.text:ti_sysbios_family_arm_m3_TaskSupport_Module__startupDone__S)
                  000057e0    000005b4     ipc.aem4 : Ipc.obj (.text:RPMessage_send)
                  00005d94    00000004     fault_pem4.oem4 (.text:ti_sysbios_family_shared_vayu_IntXbar_Module__startupDone__S)
                  00005d98    000004c0     ipc.aem4 : Ipc.obj (.text:ti_ipc_namesrv_NameServerRemoteRpmsg_get__F)
                  00006258    00000430     fault.oem4 (.text:tsk1Fxn)
                  00006688    000003f0     ipc.aem4 : Ipc.obj (.text:MessageQ_put)
                  00006a78    00000394     sysbios.aem4 : BIOS.obj (.text:ti_sysbios_heaps_HeapBuf_Instance_init__E)
                  00006e0c    00000004     fault_pem4.oem4 (.text:ti_sysbios_hal_ammu_AMMU_Module__startupDone__S)
                  00006e10    00000370     ipc.aem4 : Ipc.obj (.text:NameServerRemote_processMessage)
                  00007180    00000358              : Ipc.obj (.text:VirtQueue_create)
                  000074d8    0000034c     ti.targets.arm.rtsarm.aem4 : System.oem4 (.text:xdc_runtime_System_doPrint__I)
                  00007824    00000004                                : Error.oem4 (.text:xdc_runtime_Error_getSite__E)
                  00007828    00000314     sysbios.aem4 : BIOS.obj (.text:ti_sysbios_knl_Semaphore_pend__E)
                  00007b3c    00000004     ti.targets.arm.rtsarm.aem4 : System.oem4 (.text:xdc_runtime_System_aprintf_va__F)
                  00007b40    0000030c     ipc.aem4 : Ipc.obj (.text:RPMessage_swiFxn$15)
                  00007e4c    00000004     ti.targets.arm.rtsarm.aem4 : System.oem4 (.text:xdc_runtime_System_printf_va__F)
                  00007e50    000002f4     ipc.aem4 : Ipc.obj (.text:ti_sdo_ipc_family_vayu_NotifySetup_Module_startup__E)
                  00008144    00000004     ti.targets.arm.rtsarm.aem4 : System.oem4 (.text:xdc_runtime_System_sprintf_va__F)
                  00008148    000002d4     ipc.aem4 : Ipc.obj (.text:RPMessage_init)
                  0000841c    00000004     fault_pem4.oem4 (.text:xdc_runtime_knl_GateThread_Module__startupDone__S)
                  00008420    00000298     ipc.aem4 : Ipc.obj (.text:VirtQueue_startup)
                  000086b8    00000294              : Ipc.obj (.text:NameServer_add)
                  0000894c    00000002     fault_pem4.oem4 (.text:ti_sysbios_BIOS_nullFunc__I)
                  0000894e    00000002     ti.trace.aem4 : SysMin.oem4 (.text:ti_trace_SysMin_flush__E)
                  00008950    0000028c     ipc.aem4 : Ipc.obj (.text:RPMessage_create)

.const.1   0    00008bdc    00000004     
                  00008bdc    00000004     fault_pem4.oem4 (.const:ti_ipc_namesrv_NameServerRemoteRpmsg_Module__diagsEnabled__C)

.text.2    0    00008be0    0000076c     
                  00008be0    00000284     ipc.aem4 : Ipc.obj (.text:transportCallbackFxn$8)
                  00008e64    00000274     ti.deh_vayu_smp.aem4 : Watchdog.oem4 (.text:ti_deh_Watchdog_init__F)
                  000090d8    00000274     sysbios.aem4 : BIOS.obj (.text:ti_sysbios_knl_Task_Instance_finalize__E)

.const.2   0    0000934c    00000004     
                  0000934c    00000004     fault_pem4.oem4 (.const:ti_ipc_namesrv_NameServerRemoteRpmsg_Module__diagsIncluded__C)

.text.3    0    00009350    00000254     
                  00009350    00000254     sysbios.aem4 : BIOS.obj (.text:ti_sysbios_heaps_HeapMem_free__E)

.const.3   0    000095a4    00000004     
                  000095a4    00000004     fault_pem4.oem4 (.const:ti_ipc_namesrv_NameServerRemoteRpmsg_Module__diagsMask__C)

.text.4    0    000095a8    00000244     
                  000095a8    00000244     ipc.aem4 : Ipc.obj (.text:ti_ipc_transports_TransportRpmsg_Instance_init__E)

.const.4   0    000097ec    00000004     
                  000097ec    00000004     fault_pem4.oem4 (.const:ti_ipc_namesrv_NameServerRemoteRpmsg_Module__loggerFxn1__C)

.text.5    0    000097f0    0000047c     
                  000097f0    00000240     sysbios.aem4 : BIOS.obj (.text:ti_sysbios_heaps_HeapMem_alloc__E)
                  00009a30    0000023c     ipc.aem4 : Ipc.obj (.text:MessageQ_free)

.const.5   0    00009c6c    00000004     
                  00009c6c    00000004     fault_pem4.oem4 (.const:ti_ipc_namesrv_NameServerRemoteRpmsg_Module__loggerFxn2__C)

.text.6    0    00009c70    00000654     
                  00009c70    00000224     ipc.aem4 : Ipc.obj (.text:ti_sdo_ipc_MessageQ_Instance_init__E)
                  00009e94    0000021c     fault_pem4.oem4 (.text:xdc_runtime_System_printfExtend__I)
                  0000a0b0    00000214     ti.trace.aem4 : SysMin.oem4 (.text:ti_trace_SysMin_putch__E)

.const.6   0    0000a2c4    00000004     
                  0000a2c4    00000004     fault_pem4.oem4 (.const:ti_ipc_namesrv_NameServerRemoteRpmsg_Module__loggerFxn4__C)

.text.7    0    0000a2c8    000003ec     
                  0000a2c8    000001f8     sysbios.aem4 : BIOS.obj (.text:ti_sysbios_heaps_HeapBuf_free__E)
                  0000a4c0    000001f4     rtsv7M4_T_le_eabi.lib : ull_div_t2.obj (.text)

.const.7   0    0000a6b4    00000004     
                  0000a6b4    00000004     fault_pem4.oem4 (.const:ti_ipc_namesrv_NameServerRemoteRpmsg_Module__loggerFxn8__C)

.text.8    0    0000a6b8    000001f4     
                  0000a6b8    000001f4     sysbios.aem4 : BIOS.obj (.text:ti_sysbios_knl_Task_Instance_init__E)

.const.8   0    0000a8ac    00000004     
                  0000a8ac    00000004     fault_pem4.oem4 (.const:ti_ipc_namesrv_NameServerRemoteRpmsg_Module__loggerObj__C)

.text.9    0    0000a8b0    000008dc     
                  0000a8b0    000001f0     sysbios.aem4 : BIOS.obj (.text:ti_sysbios_hal_unicache_Cache_startup__I)
                  0000aaa0    000001dc     ipc.aem4 : Ipc.obj (.text:IpcMgr_ipcStartup)
                  0000ac7c    000001b6     rtsv7M4_T_le_eabi.lib : fd_add_t2.obj (.text)
                  0000ae32    00000006     ti.targets.arm.rtsarm.aem4 : xdc_noinit.oem4 (.text:__xdc__init)
                  0000ae38    000001b0     sysbios.aem4 : BIOS.obj (.text:ti_sysbios_gates_GateMutexPri_enter__E)
                  0000afe8    000001a4     ipc.aem4 : Ipc.obj (.text:ti_ipc_transports_TransportRpmsg_Instance_finalize__E)

.const.9   0    0000b18c    00000004     
                  0000b18c    00000004     fault_pem4.oem4 (.const:ti_ipc_namesrv_NameServerRemoteRpmsg_timeout__C)

.text.10   0    0000b190    00000304     
                  0000b190    00000188     sysbios.aem4 : BIOS.obj (.text:ti_sysbios_knl_Task_setPri__E)
                  0000b318    0000017c     ipc.aem4 : Ipc.obj (.text:VirtQueue_isr)

.const.10 
*          0    0000b494    00000004     
                  0000b494    00000004     fault_pem4.oem4 (.const:ti_ipc_transports_TransportRpmsgSetup_Module__diagsEnabled__C)

.text.11   0    0000b498    00000464     
                  0000b498    00000178     ipc.aem4 : Ipc.obj (.text:ti_sdo_ipc_MessageQ_registerTransport__F)
                  0000b610    00000178     sysbios.aem4 : BIOS.obj (.text:ti_sysbios_knl_Swi_run__I)
                  0000b788    00000174     ipc.aem4 : Ipc.obj (.text:ti_sdo_utils_NameServer_registerRemoteDriver__E)

.const.11 
*          0    0000b8fc    00000004     
                  0000b8fc    00000004     fault_pem4.oem4 (.const:ti_ipc_transports_TransportRpmsgSetup_Module__diagsIncluded__C)

.text.12   0    0000b900    00000174     
                  0000b900    00000174     sysbios.aem4 : BIOS.obj (.text:ti_sysbios_family_arm_m3_Hwi_excBusFault__I)

.const.12 
*          0    0000ba74    00000004     
                  0000ba74    00000004     fault_pem4.oem4 (.const:ti_ipc_transports_TransportRpmsgSetup_Module__diagsMask__C)

.text.13   0    0000ba78    0000044c     
                  0000ba78    00000170     sysbios.aem4 : BIOS.obj (.text:ti_sysbios_timers_dmtimer_Timer_checkFreq__I)
                  0000bbe8    0000016f     fault.oem4 (.text:fxnFault)
                  0000bd57    00000001     --HOLE-- [fill = 0]
                  0000bd58    0000016c     ipc.aem4 : Ipc.obj (.text:ti_sdo_ipc_MessageQ_unregisterTransport__F)

.const.13 
*          0    0000bec4    00000004     
                  0000bec4    00000004     fault_pem4.oem4 (.const:ti_ipc_transports_TransportRpmsgSetup_Module__loggerFxn2__C)

.text.14   0    0000bec8    00000164     
                  0000bec8    00000164     ipc.aem4 : Ipc.obj (.text:sendMessage$14)

.const.14 
*          0    0000c02c    00000004     
                  0000c02c    00000004     fault_pem4.oem4 (.const:ti_ipc_transports_TransportRpmsgSetup_Module__loggerObj__C)

.text.15   0    0000c030    00000164     
                  0000c030    00000164     ipc.aem4 : Ipc.obj (.text:ti_sdo_utils_NameServer_unregisterRemoteDriver__E)

.const.15 
*          0    0000c194    00000004     
                  0000c194    00000004     fault_pem4.oem4 (.const:ti_ipc_transports_TransportRpmsg_Module__diagsEnabled__C)

.text.16   0    0000c198    00000164     
                  0000c198    00000164     sysbios.aem4 : BIOS.obj (.text:ti_sysbios_family_arm_m3_Hwi_excUsageFault__I)

.const.16 
*          0    0000c2fc    00000004     
                  0000c2fc    00000004     fault_pem4.oem4 (.const:ti_ipc_transports_TransportRpmsg_Module__diagsIncluded__C)

.text.17   0    0000c300    00000164     
                  0000c300    00000164     sysbios.aem4 : BIOS.obj (.text:ti_sysbios_heaps_HeapBuf_alloc__E)

.const.17 
*          0    0000c464    00000004     
                  0000c464    00000004     fault_pem4.oem4 (.const:ti_ipc_transports_TransportRpmsg_Module__diagsMask__C)

.text.18   0    0000c468    0000014c     
                  0000c468    0000014c     ipc.aem4 : Ipc.obj (.text:MessageQ_alloc)

.const.18 
*          0    0000c5b4    00000004     
                  0000c5b4    00000004     fault_pem4.oem4 (.const:ti_ipc_transports_TransportRpmsg_Module__loggerFxn1__C)

.text.19   0    0000c5b8    0000014c     
                  0000c5b8    0000014c     ipc.aem4 : Ipc.obj (.text:ti_sdo_ipc_MessageQ_Instance_finalize__E)

.const.19 
*          0    0000c704    00000004     
                  0000c704    00000004     fault_pem4.oem4 (.const:ti_ipc_transports_TransportRpmsg_Module__loggerFxn2__C)

.text.20   0    0000c708    0000014c     
                  0000c708    0000014c     sysbios.aem4 : BIOS.obj (.text:ti_sysbios_family_shared_vayu_IntXbar_connect__E)

.const.20 
*          0    0000c854    00000004     
                  0000c854    00000004     fault_pem4.oem4 (.const:ti_ipc_transports_TransportRpmsg_Module__loggerFxn4__C)

.text.21   0    0000c858    0000028c     
                  0000c858    00000148     sysbios.aem4 : BIOS.obj (.text:ti_sysbios_family_arm_m3_Hwi_excMemFault__I)
                  0000c9a0    00000144     ipc.aem4 : Ipc.obj (.text:ti_sdo_ipc_family_vayu_InterruptIpu_intRegister__E)

.const.21 
*          0    0000cae4    00000004     
                  0000cae4    00000004     fault_pem4.oem4 (.const:ti_ipc_transports_TransportRpmsg_Module__loggerFxn8__C)

.text.22   0    0000cae8    0000027c     
                  0000cae8    00000140     sysbios.aem4 : BIOS.obj (.text:ti_sysbios_knl_Semaphore_post__E)
                  0000cc28    0000013c                  : BIOS.obj (.text:ti_sysbios_heaps_HeapMem_Instance_init__E)

.const.22 
*          0    0000cd64    00000004     
                  0000cd64    00000004     fault_pem4.oem4 (.const:ti_ipc_transports_TransportRpmsg_Module__loggerObj__C)

.text.23   0    0000cd68    000003a4     
                  0000cd68    00000138     sysbios.aem4 : BIOS.obj (.text:ti_sysbios_family_arm_m3_Hwi_dispatchC__I)
                  0000cea0    00000136     rtsv7M4_T_le_eabi.lib : fd_div_t2.obj (.text)
                  0000cfd6    00000002     --HOLE-- [fill = 0]
                  0000cfd8    00000134     ipc.aem4 : Ipc.obj (.text:ti_sdo_ipc_family_vayu_InterruptIpu_intSend__E)

.const.23 
*          0    0000d10c    00000004     
                  0000d10c    00000004     fault_pem4.oem4 (.const:ti_sdo_ipc_MessageQ_A_cannotFreeStaticMsg__C)

.text.24   0    0000d110    00000134     
                  0000d110    00000134     sysbios.aem4 : BIOS.obj (.text:ti_sysbios_knl_Clock_workFunc__E)

.const.24 
*          0    0000d244    00000004     
                  0000d244    00000004     fault_pem4.oem4 (.const:ti_sdo_ipc_MessageQ_A_heapIdInvalid__C)

.text.25   0    0000d248    0000024c     
                  0000d248    00000128     sysbios.aem4 : BIOS.obj (.text:ti_sysbios_hal_unicache_Cache_inv__E)
                  0000d370    00000124     ipc.aem4 : Ipc.obj (.text:MessageQ_get)

.const.25 
*          0    0000d494    00000004     
                  0000d494    00000004     fault_pem4.oem4 (.const:ti_sdo_ipc_MessageQ_A_invalidMsg__C)

.text.26   0    0000d498    0000023c     
                  0000d498    00000120     ipc.aem4 : Ipc.obj (.text:NameServer_getLocal)
                  0000d5b8    0000011c              : Ipc.obj (.text:VirtQueue_kick)

.const.26 
*          0    0000d6d4    00000004     
                  0000d6d4    00000004     fault_pem4.oem4 (.const:ti_sdo_ipc_MessageQ_A_invalidObj__C)

.text.27   0    0000d6d8    00000234     
                  0000d6d8    0000011c     sysbios.aem4 : BIOS.obj (.text:ti_sysbios_timers_dmtimer_Timer_deviceConfig__I)
                  0000d7f4    00000118     ti.targets.arm.rtsarm.aem4 : Error.oem4 (.text:xdc_runtime_Error_policyDefault__E)

.const.27 
*          0    0000d90c    00000004     
                  0000d90c    00000004     fault_pem4.oem4 (.const:ti_sdo_ipc_MessageQ_A_invalidQueueId__C)

.text.28   0    0000d910    00000114     
                  0000d910    00000114     ipc.aem4 : Ipc.obj (.text:ti_ipc_transports_TransportRpmsg_put__E)

.const.28 
*          0    0000da24    00000004     
                  0000da24    00000004     fault_pem4.oem4 (.const:ti_sdo_ipc_MessageQ_A_procIdInvalid__C)

.text.29   0    0000da28    0000053c     
                  0000da28    00000110     ipc.aem4 : Ipc.obj (.text:callback_availBufReady$15)
                  0000db38    00000110     rtsv7M4_T_le_eabi.lib : xdscale.obj (.text)
                  0000dc48    00000110     sysbios.aem4 : BIOS.obj (.text:ti_sysbios_knl_Task_schedule__I)
                  0000dd58    00000108     ipc.aem4 : Ipc.obj (.text:ti_sdo_ipc_family_vayu_InterruptIpu_intClear__E)
                  0000de60    00000104     sysbios.aem4 : BIOS.obj (.text:ti_sysbios_knl_Swi_Instance_init__E)

.const.29 
*          0    0000df64    00000004     
                  0000df64    00000004     fault_pem4.oem4 (.const:ti_sdo_ipc_MessageQ_A_unregisteredTransport__C)

.text.30   0    0000df68    000003fc     
                  0000df68    00000104     sysbios.aem4 : BIOS.obj (.text:ti_sysbios_knl_Swi_Module_startup__E)
                  0000e06c    00000100     ti.targets.arm.rtsarm.aem4 : Core-mem.oem4 (.text:xdc_runtime_Core_createObject__I)
                  0000e16c    000000fc     rtsv7M4_T_le_eabi.lib : fd_mul_t2.obj (.text)
                  0000e268    000000fc     sysbios.aem4 : BIOS.obj (.text:ti_sysbios_knl_Task_postInit__I)

.const.30 
*          0    0000e364    00000004     
                  0000e364    00000004     fault_pem4.oem4 (.const:ti_sdo_ipc_MessageQ_E_indexNotAvailable__C)

.text.31   0    0000e368    000002ec     
                  0000e368    000000fc     sysbios.aem4 : BIOS.obj (.text:ti_sysbios_knl_Task_startCore__E)
                  0000e464    000000f8     ti.targets.arm.rtsarm.aem4 : Log.oem4 (.text:xdc_runtime_Log_doPrint__E)
                  0000e55c    000000f8                                : Startup.oem4 (.text:xdc_runtime_Startup_startMods__I)

.const.31 
*          0    0000e654    00000004     
                  0000e654    00000004     fault_pem4.oem4 (.const:ti_sdo_ipc_MessageQ_E_maxReached__C)

.text.32   0    0000e658    000002c4     
                  0000e658    000000f0     sysbios.aem4 : BIOS.obj (.text:ti_sysbios_knl_Task_exit__E)
                  0000e748    000000ec                  : BIOS.obj (.text:ti_sysbios_heaps_HeapBuf_Module_startup__E)
                  0000e834    000000e8     ti.deh_vayu_smp.aem4 : StackDbg.oem4 (.text:ti_deh_StackDbg_walkStack__F)

.const.32 
*          0    0000e91c    00000004     
                  0000e91c    00000004     fault_pem4.oem4 (.const:ti_sdo_ipc_MessageQ_E_nameFailed__C)

.text.33   0    0000e920    00000344     
                  0000e920    000000d8     sysbios.aem4 : BIOS.obj (.text:ti_sysbios_knl_Swi_post__E)
                  0000e9f8    000000d0                  : BIOS.obj (.text:ti_sysbios_family_arm_ducati_GateDualCore_enter__E)
                  0000eac8    000000d0                  : m3_Hwi_asm.obj (.text:ti_sysbios_family_arm_m3_Hwi_dispatch__I)
                  0000eb98    000000cc     ti.targets.arm.rtsarm.aem4 : Core-smem.oem4 (.text:xdc_runtime_Core_constructObject__I)

.const.33 
*          0    0000ec64    00000004     
                  0000ec64    00000004     fault_pem4.oem4 (.const:ti_sdo_ipc_MessageQ_Instance_State_highList__O)

.text.34   0    0000ec68    0000018c     
                  0000ec68    000000c8     ipc.aem4 : Ipc.obj (.text:ti_ipc_transports_TransportRpmsgSetup_attach__E)
                  0000ed30    000000c4              : Ipc.obj (.text:MultiProc_getId)

.const.34 
*          0    0000edf4    00000004     
                  0000edf4    00000004     fault_pem4.oem4 (.const:ti_sdo_ipc_MessageQ_Instance_State_normalList__O)

.text.35   0    0000edf8    000000c4     
                  0000edf8    000000c4     sysbios.aem4 : BIOS.obj (.text:ti_sysbios_family_arm_m3_Hwi_Module_startup__E)

.const.35 
*          0    0000eebc    00000004     
                  0000eebc    00000004     fault_pem4.oem4 (.const:ti_sdo_ipc_MessageQ_LM_free__C)

.text.36   0    0000eec0    000003bc     
                  0000eec0    000000c0     ipc.aem4 : Ipc.obj (.text:ti_ipc_namesrv_NameServerRemoteRpmsg_detach__E)
                  0000ef80    000000c0     fault_pem4.oem4 (.text:ti_sysbios_BIOS_rtsUnlock__I)
                  0000f040    000000c0     sysbios.aem4 : BIOS.obj (.text:ti_sysbios_timers_dmtimer_Timer_setPeriodMicroSecs__E)
                  0000f100    000000be     ti.deh_vayu_smp.aem4 : Deh.oem4 (.text:printStackEntry)
                  0000f1be    000000be     rtsv7M4_T_le_eabi.lib : xdnorm.obj (.text)

.const.36 
*          0    0000f27c    00000004     
                  0000f27c    00000004     fault_pem4.oem4 (.const:ti_sdo_ipc_MessageQ_LM_get__C)

.text.37   0    0000f280    000000bc     
                  0000f280    000000bc     sysbios.aem4 : BIOS.obj (.text:ti_sysbios_family_arm_m3_Hwi_excDebugMon__I)

.const.37 
*          0    0000f33c    00000004     
                  0000f33c    00000004     fault_pem4.oem4 (.const:ti_sdo_ipc_MessageQ_LM_putLocal__C)

.text.38   0    0000f340    00000174     
                  0000f340    000000bc     sysbios.aem4 : BIOS.obj (.text:ti_sysbios_family_arm_m3_Hwi_excHardFault__I)
                  0000f3fc    000000b8     ti.deh_vayu_smp.aem4 : StackDbg.oem4 (.text:__decode_bl32)

.const.38 
*          0    0000f4b4    00000004     
                  0000f4b4    00000004     fault_pem4.oem4 (.const:ti_sdo_ipc_MessageQ_Module__diagsEnabled__C)

.text.39   0    0000f4b8    0000016c     
                  0000f4b8    000000b8     sysbios.aem4 : BIOS.obj (.text:ti_sysbios_knl_Task_unblockI__E)
                  0000f570    000000b4                  : BIOS.obj (.text:ti_sysbios_family_arm_ducati_Timer_startup__E)

.const.39 
*          0    0000f624    00000004     
                  0000f624    00000004     fault_pem4.oem4 (.const:ti_sdo_ipc_MessageQ_Module__diagsIncluded__C)

.text.40   0    0000f628    000000b4     
                  0000f628    000000b4     sysbios.aem4 : BIOS.obj (.text:ti_sysbios_family_shared_vayu_IntXbar_initXbarRegs__I)

.const.40 
*          0    0000f6dc    00000004     
                  0000f6dc    00000004     fault_pem4.oem4 (.const:ti_sdo_ipc_MessageQ_Module__diagsMask__C)

.text.41   0    0000f6e0    000000b4     
                  0000f6e0    000000b4     sysbios.aem4 : BIOS.obj (.text:ti_sysbios_gates_GateMutex_enter__E)

.const.41 
*          0    0000f794    00000004     
                  0000f794    00000004     fault_pem4.oem4 (.const:ti_sdo_ipc_MessageQ_Module__loggerFxn4__C)

.text.42   0    0000f798    000000b4     
                  0000f798    000000b4     sysbios.aem4 : BIOS.obj (.text:ti_sysbios_knl_Task_checkStacks__E)

.const.42 
*          0    0000f84c    00000004     
                  0000f84c    00000004     fault_pem4.oem4 (.const:ti_sdo_ipc_MessageQ_Module__loggerObj__C)

.text.43   0    0000f850    00000154     
                  0000f850    000000ac     ipc.aem4 : Ipc.obj (.text:ti_sdo_utils_NameServer_Module_startup__E)
                  0000f8fc    000000a8     ti.deh_vayu_smp.aem4 : Deh.oem4 (.text:dump_hex)

.const.43 
*          0    0000f9a4    00000004     
                  0000f9a4    00000004     fault_pem4.oem4 (.const:ti_sdo_ipc_MessageQ_Object__count__C)

.text.44   0    0000f9a8    00000644     
                  0000f9a8    000000a8     ipc.aem4 : Ipc.obj (.text:ti_ipc_namesrv_NameServerRemoteRpmsg_Instance_init__E)
                  0000fa50    000000a8     sysbios.aem4 : BIOS.obj (.text:ti_sysbios_knl_Task_blockI__E)
                  0000faf8    000000a0     auto_init.aem4 : auto_init.oem4 (.text)
                  0000fb98    000000a0     ipc.aem4 : Ipc.obj (.text:ti_ipc_namesrv_NameServerRemoteRpmsg_attach__E)
                  0000fc38    000000a0              : Ipc.obj (.text:ti_sdo_ipc_family_vayu_NotifySetup_dispatchIsr__I)
                  0000fcd8    000000a0     sysbios.aem4 : BIOS.obj (.text:ti_sysbios_knl_Swi_Instance_finalize__E)
                  0000fd78    000000a0     ti.targets.arm.rtsarm.aem4 : Text.oem4 (.text:xdc_runtime_Text_putMod__E)
                  0000fe18    0000009c     ipc.aem4 : Ipc.obj (.text:MultiProc_getName)
                  0000feb4    0000009c     rtsv7M4_T_le_eabi.lib : memcpy_t2.obj (.text)
                  0000ff50    0000009c     ipc.aem4 : Ipc.obj (.text:ti_sdo_ipc_family_vayu_NotifySetup_plugHwi__F)

.const.44 
*          0    0000ffec    00000004     
                  0000ffec    00000004     fault_pem4.oem4 (.const:ti_sdo_ipc_MessageQ_Object__heap__C)

.text.45   0    0000fff0    00000394     
                  0000fff0    0000009c     sysbios.aem4 : BIOS.obj (.text:ti_sysbios_knl_Semaphore_Instance_init__E)
                  0001008c    0000009a     ti.targets.arm.rtsarm.aem4 : Text.oem4 (.text:xdc_runtime_Text_putSite__E)
                  00010126    00000002     --HOLE-- [fill = 0]
                  00010128    00000098     ipc.aem4 : Ipc.obj (.text:MessageQ_create)
                  000101c0    00000098              : Ipc.obj (.text:ti_sdo_ipc_family_vayu_InterruptIpu_intEnable__E)
                  00010258    00000098     sysbios.aem4 : BIOS.obj (.text:ti_sysbios_gates_GateSwi_enter__E)
                  000102f0    00000094                  : BIOS.obj (.text:ti_sysbios_family_arm_m3_Hwi_Instance_init__E)

.const.45 
*          0    00010384    00000004     
                  00010384    00000004     fault_pem4.oem4 (.const:ti_sdo_ipc_MessageQ_Object__table__C)

.text.46   0    00010388    00000094     
                  00010388    00000094     sysbios.aem4 : BIOS.obj (.text:ti_sysbios_syncs_SyncSem_Instance_init__E)

.const.46 
*          0    0001041c    00000004     
                  0001041c    00000004     fault_pem4.oem4 (.const:ti_sdo_ipc_MessageQ_maxRuntimeEntries__C)

.text.47   0    00010420    000001ac     
                  00010420    00000090     sysbios.aem4 : BIOS.obj (.text:ti_sysbios_family_arm_ducati_GateDualCore_Instance_init__E)
                  000104b0    00000090                  : BIOS.obj (.text:ti_sysbios_knl_Task_Module_startup__E)
                  00010540    0000008c                  : BIOS.obj (.text:ti_sysbios_family_arm_ducati_Timer_setPeriod__E)

.const.47 
*          0    000105cc    00000004     
                  000105cc    00000004     fault_pem4.oem4 (.const:ti_sdo_ipc_MessageQ_numReservedEntries__C)

.text.48   0    000105d0    0000021c     
                  000105d0    00000088     sysbios.aem4 : BIOS.obj (.text:ti_sysbios_family_arm_m3_Hwi_initNVIC__E)
                  00010658    00000088                  : BIOS.obj (.text:ti_sysbios_timers_dmtimer_Timer_start__E)
                  000106e0    00000086     rtsv7M4_T_le_eabi.lib : fd_cmp_t2.obj (.text:__aeabi_cdcmple)
                  00010766    00000086                           : fd_cmp_t2.obj (.text:__aeabi_cdrcmple)

.const.48 
*          0    000107ec    00000004     
                  000107ec    00000004     fault_pem4.oem4 (.const:ti_sdo_ipc_family_vayu_InterruptIpu_Module__diagsEnabled__C)

.text.49   0    000107f0    000000fc     
                  000107f0    00000080     sysbios.aem4 : BIOS.obj (.text:ti_sysbios_family_shared_vayu_IntXbar_initIntXbar__I)
                  00010870    0000007c     ipc.aem4 : Ipc.obj (.text:NameServer_getHandle)

.const.49 
*          0    000108ec    00000004     
                  000108ec    00000004     fault_pem4.oem4 (.const:ti_sdo_ipc_family_vayu_InterruptIpu_Module__diagsIncluded__C)

.text.50   0    000108f0    0000007c     
                  000108f0    0000007c     ipc.aem4 : Ipc.obj (.text:ti_sdo_ipc_MessageQ_Module_startup__E)

.const.50 
*          0    0001096c    00000004     
                  0001096c    00000004     fault_pem4.oem4 (.const:ti_sdo_ipc_family_vayu_InterruptIpu_Module__diagsMask__C)

.text.51   0    00010970    00000334     
                  00010970    0000007c     sysbios.aem4 : BIOS.obj (.text:ti_sysbios_family_arm_ducati_GateDualCore_Module_startup__E)
                  000109ec    0000007a     rtsv7M4_T_le_eabi.lib : memset_t2.obj (.text)
                  00010a66    00000002     --HOLE-- [fill = 0]
                  00010a68    00000078     sysbios.aem4 : BIOS.obj (.text:ti_sysbios_timers_dmtimer_Timer_Module_startup__E)
                  00010ae0    00000074                  : BIOS.obj (.text:ti_sysbios_family_arm_m3_Hwi_postInit__I)
                  00010b54    00000070     fault_pem4.oem4 (.text:ti_ipc_transports_TransportRpmsg_Object__create__S)
                  00010bc4    0000006e     ti.deh_vayu_smp.aem4 : Watchdog.oem4 (.text:initTimer)
                  00010c32    00000006     ti.targets.arm.rtsarm.aem4 : LoggerSys.oem4 (.text:xdc_runtime_LoggerSys_Instance_init__E)
                  00010c38    0000006c     sysbios.aem4 : BIOS.obj (.text:ti_sysbios_gates_GateMutexPri_leave__E)

.const.51 
*          0    00010ca4    00000004     
                  00010ca4    00000004     fault_pem4.oem4 (.const:ti_sdo_ipc_family_vayu_InterruptIpu_ducatiCtrlBaseAddr__C)

.text.52   0    00010ca8    000001ac     
                  00010ca8    0000006c     sysbios.aem4 : BIOS.obj (.text:ti_sysbios_knl_Swi_restoreHwi__E)
                  00010d14    0000006c     ti.targets.arm.rtsarm.aem4 : Error.oem4 (.text:xdc_runtime_Error_print__E)
                  00010d80    0000006c                                : Memory.oem4 (.text:xdc_runtime_Memory_alloc__E)
                  00010dec    00000068     fault_pem4.oem4 (.text:ti_ipc_transports_TransportRpmsg_create)

.const.52 
*          0    00010e54    00000004     
                  00010e54    00000004     fault_pem4.oem4 (.const:ti_sdo_ipc_family_vayu_InterruptIpu_ipu1_0ProcId__C)

.text.53   0    00010e58    0000076c     
                  00010e58    00000068     sysbios.aem4 : BIOS.obj (.text:ti_sysbios_family_arm_ducati_Timer_Module_startup__E)
                  00010ec0    00000068     fault_pem4.oem4 (.text:ti_sysbios_family_arm_m3_Hwi_create)
                  00010f28    00000068     fault_pem4.oem4 (.text:ti_sysbios_heaps_HeapBuf_Object__create__S)
                  00010f90    00000068     fault_pem4.oem4 (.text:ti_sysbios_syncs_SyncSem_Object__create__S)
                  00010ff8    00000068     sysbios.aem4 : BIOS.obj (.text:ti_sysbios_timers_dmtimer_Timer_getHandle__E)
                  00011060    00000068     fault_pem4.oem4 (.text:xdc_runtime_knl_GateThread_Object__create__S)
                  000110c8    00000066     rtsv7M4_T_le_eabi.lib : xdunscal.obj (.text)
                  0001112e    00000066     ti.targets.arm.rtsarm.aem4 : Core-mem.oem4 (.text:xdc_runtime_Core_deleteObject__I)
                  00011194    00000064     fault_pem4.oem4 (.text:ti_sdo_ipc_MessageQ_create)
                  000111f8    00000064     fault_pem4.oem4 (.text:ti_sysbios_family_arm_ducati_GateDualCore_Object__create__S)
                  0001125c    00000064     fault_pem4.oem4 (.text:ti_sysbios_knl_Swi_create)
                  000112c0    00000064     fault_pem4.oem4 (.text:ti_sysbios_knl_Task_create)
                  00011324    00000064     ti.targets.arm.rtsarm.aem4 : System.oem4 (.text:xdc_runtime_System_formatNum__I)
                  00011388    00000060     rtsv7M4_T_le_eabi.lib : sprintf.obj (.text)
                  000113e8    00000060     sysbios.aem4 : BIOS.obj (.text:ti_sysbios_family_arm_ducati_Timer_initDevice__I)
                  00011448    00000060                  : BIOS.obj (.text:ti_sysbios_knl_Clock_logTick__E)
                  000114a8    00000060     fault_pem4.oem4 (.text:ti_sysbios_syncs_SyncSem_create)
                  00011508    00000060     fault_pem4.oem4 (.text:xdc_runtime_knl_GateThread_create)
                  00011568    0000005c     ti.deh_vayu_smp.aem4 : Watchdog.oem4 (.text:ti_deh_Watchdog_restore__I)

.const.53 
*          0    000115c4    00000004     
                  000115c4    00000004     fault_pem4.oem4 (.const:ti_sdo_ipc_family_vayu_InterruptIpu_ipu1_1ProcId__C)

.text.54   0    000115c8    00000113     
                  000115c8    0000005c     sysbios.aem4 : BIOS.obj (.text:ti_sysbios_knl_Swi_schedule__I)
                  00011624    0000005c     ti.targets.arm.rtsarm.aem4 : Registry.oem4 (.text:xdc_runtime_Registry_addModule__E)
                  00011680    0000005b                                : Text.oem4 (.text:xdc_runtime_Text_putLab__E)

.const.54 
*          0    000116dc    00000004     
                  000116dc    00000004     fault_pem4.oem4 (.const:ti_sdo_ipc_family_vayu_InterruptIpu_ipu2_0ProcId__C)

.text.55   0    000116e0    0000046c     
                  000116e0    00000058     sysbios.aem4 : BIOS.obj (.text:ti_sysbios_family_arm_ducati_TimestampProvider_Module_startup__E)
                  00011738    00000058                  : BIOS.obj (.text:ti_sysbios_knl_Swi_postInit__I)
                  00011790    00000058                  : BIOS.obj (.text:ti_sysbios_timers_dmtimer_Timer_initDevice__I)
                  000117e8    00000056     rtsv7M4_T_le_eabi.lib : ltoa.obj (.text)
                  0001183e    00000002     --HOLE-- [fill = 0]
                  00011840    00000054     ti.targets.arm.rtsarm.aem4 : Assert.oem4 (.text:xdc_runtime_Assert_raise__I)
                  00011894    00000050     fault.oem4 (.text:main)
                  000118e4    00000050     ti.targets.arm.rtsarm.aem4 : Startup.oem4 (.text:xdc_runtime_Startup_exec__E)
                  00011934    00000050                                : Text.oem4 (.text:xdc_runtime_Text_visitRope2__I)
                  00011984    0000004c     rtsv7M4_T_le_eabi.lib : atoi.obj (.text)
                  000119d0    0000004c                           : cpy_tbl.obj (.text)
                  00011a1c    0000004c     ti.deh_vayu_smp.aem4 : Watchdog.oem4 (.text:ti_deh_Watchdog_start__I)
                  00011a68    0000004c     ipc.aem4 : Ipc.obj (.text:ti_sdo_ipc_family_vayu_InterruptIpu_intShmDucatiStub__I)
                  00011ab4    0000004c     sysbios.aem4 : m3_TaskSupport_asm.obj (.text:ti_sysbios_family_arm_m3_TaskSupport_buildTaskStack)
                  00011b00    0000004c                  : BIOS.obj (.text:ti_sysbios_heaps_HeapBuf_postInit__I)

.const.55 
*          0    00011b4c    00000004     
                  00011b4c    00000004     fault_pem4.oem4 (.const:ti_sdo_ipc_family_vayu_InterruptIpu_ipu2_1ProcId__C)

.text.56   0    00011b50    0000004c     
                  00011b50    0000004c     sysbios.aem4 : BIOS.obj (.text:ti_sysbios_heaps_HeapMem_getStats__E)

.const.56 
*          0    00011b9c    00000004     
                  00011b9c    00000004     fault_pem4.oem4 (.const:ti_sdo_ipc_interfaces_IMessageQTransport_Interface__BASE__C)

.text.57   0    00011ba0    0000004c     
                  00011ba0    0000004c     sysbios.aem4 : BIOS.obj (.text:ti_sysbios_knl_Swi_runLoop__I)

.const.57 
*          0    00011bec    00000004     
                  00011bec    00000004     fault_pem4.oem4 (.const:ti_sdo_ipc_interfaces_INetworkTransport_Interface__BASE__C)

.text.58   0    00011bf0    00000474     
                  00011bf0    0000004c     sysbios.aem4 : BIOS.obj (.text:ti_sysbios_knl_Task_allBlockedFunction__I)
                  00011c3c    0000004a     ti.targets.arm.rtsarm.aem4 : LoggerSys.oem4 (.text:xdc_runtime_LoggerSys_write8__E)
                  00011c86    00000048     rtsv7M4_T_le_eabi.lib : fd_toi_t2.obj (.text)
                  00011cce    00000002     --HOLE-- [fill = 0]
                  00011cd0    00000048     ti.deh_vayu_smp.aem4 : Watchdog.oem4 (.text:ti_deh_Watchdog_isException__F)
                  00011d18    00000048     fault_pem4.oem4 (.text:ti_ipc_namesrv_NameServerRemoteRpmsg_Object__create__S)
                  00011d60    00000048     sysbios.aem4 : BIOS.obj (.text:ti_sysbios_family_arm_m3_Hwi_disableInterrupt__E)
                  00011da8    00000048                  : BIOS.obj (.text:ti_sysbios_family_arm_m3_Hwi_enableInterrupt__E)
                  00011df0    00000048                  : BIOS.obj (.text:ti_sysbios_family_arm_m3_Hwi_excReserved__I)
                  00011e38    00000048                  : m3_Hwi_asm_switch.obj (.text:ti_sysbios_family_arm_m3_Hwi_initStacks__E)
                  00011e80    00000048                  : BIOS.obj (.text:ti_sysbios_family_shared_vayu_TimerSupport_enable__E)
                  00011ec8    00000046     rtsv7M4_T_le_eabi.lib : ldexp.obj (.text)
                  00011f0e    00000046     ti.targets.arm.rtsarm.aem4 : Core-params.oem4 (.text:xdc_runtime_Core_assignParams__I)
                  00011f54    00000044     boot.aem4 : boot.oem4 (.text)
                  00011f98    00000044     rtsv7M4_T_le_eabi.lib : exit.obj (.text)
                  00011fdc    00000044     fault_pem4.oem4 (.text:ti_ipc_namesrv_NameServerRemoteRpmsg_create)
                  00012020    00000044     sysbios.aem4 : BIOS.obj (.text:ti_sysbios_family_arm_ducati_TimestampProvider_get32__E)

.const.58 
*          0    00012064    00000004     
                  00012064    00000004     fault_pem4.oem4 (.const:ti_sdo_ipc_interfaces_ITransport_Interface__BASE__C)

.text.59   0    00012068    00000044     
                  00012068    00000044     sysbios.aem4 : BIOS.obj (.text:ti_sysbios_family_arm_m3_Hwi_getStackInfo__E)

.const.59 
*          0    000120ac    00000004     
                  000120ac    00000004     fault_pem4.oem4 (.const:ti_sdo_utils_INameServerRemote_Interface__BASE__C)

.text.60   0    000120b0    00000044     
                  000120b0    00000044     sysbios.aem4 : BIOS.obj (.text:ti_sysbios_hal_unicache_Cache_wbAll__E)

.const.60 
*          0    000120f4    00000004     
                  000120f4    00000004     fault_pem4.oem4 (.const:ti_sdo_utils_MultiProc_A_invalidMultiProcId__C)

.text.61   0    000120f8    0000030c     
                  000120f8    00000044     sysbios.aem4 : BIOS.obj (.text:ti_sysbios_timers_dmtimer_Timer_startup__E)
                  0001213c    00000044     ti.targets.arm.rtsarm.aem4 : Error.oem4 (.text:xdc_runtime_Error_setX__E)
                  00012180    00000044                                : Text.oem4 (.text:xdc_runtime_Text_xprintf__I)
                  000121c4    00000040     rtsv7M4_T_le_eabi.lib : signal.obj (.text)
                  00012204    00000040                           : u_divt2.obj (.text)
                  00012244    00000040     fault_pem4.oem4 (.text:ti_sdo_ipc_MessageQ_Object__get__S)
                  00012284    00000040     fault_pem4.oem4 (.text:ti_sdo_utils_NameServer_Object__get__S)
                  000122c4    00000040     fault_pem4.oem4 (.text:ti_sysbios_family_arm_m3_Hwi_Object__get__S)
                  00012304    00000040     fault_pem4.oem4 (.text:ti_sysbios_gates_GateHwi_Object__create__S)
                  00012344    00000040     fault_pem4.oem4 (.text:ti_sysbios_gates_GateMutexPri_Object__create__S)
                  00012384    00000040     fault_pem4.oem4 (.text:ti_sysbios_gates_GateMutex_Object__create__S)
                  000123c4    00000040     fault_pem4.oem4 (.text:ti_sysbios_gates_GateSwi_Object__create__S)

.const.61 
*          0    00012404    00000004     
                  00012404    00000004     fault_pem4.oem4 (.const:ti_sdo_utils_MultiProc_A_invalidProcName__C)

.text.62   0    00012408    000002f4     
                  00012408    00000040     sysbios.aem4 : BIOS.obj (.text:ti_sysbios_hal_unicache_Cache_seizeRegs__I)
                  00012448    00000040     fault_pem4.oem4 (.text:ti_sysbios_heaps_HeapBuf_Object__get__S)
                  00012488    00000040     fault_pem4.oem4 (.text:ti_sysbios_heaps_HeapMem_Object__create__S)
                  000124c8    00000040     fault_pem4.oem4 (.text:ti_sysbios_heaps_HeapMem_Object__get__S)
                  00012508    00000040     fault_pem4.oem4 (.text:ti_sysbios_knl_Semaphore_create)
                  00012548    00000040     fault_pem4.oem4 (.text:ti_sysbios_knl_Swi_Object__get__S)
                  00012588    00000040     fault_pem4.oem4 (.text:ti_sysbios_knl_Task_Object__get__S)
                  000125c8    00000040     fault_pem4.oem4 (.text:ti_sysbios_xdcruntime_GateThreadSupport_Object__create__S)
                  00012608    00000040     fault_pem4.oem4 (.text:xdc_runtime_LoggerSys_Object__create__S)
                  00012648    0000003c     ti.deh_vayu_smp.aem4 : Watchdog.oem4 (.text:ti_deh_Watchdog_stop__I)
                  00012684    0000003c     fault_pem4.oem4 (.text:ti_sdo_utils_List_create)
                  000126c0    0000003c     sysbios.aem4 : BIOS.obj (.text:ti_sysbios_family_arm_ducati_Core_Module_startup__E)

.const.62 
*          0    000126fc    00000004     
                  000126fc    00000004     fault_pem4.oem4 (.const:ti_sdo_utils_MultiProc_Module__diagsEnabled__C)

.text.63   0    00012700    0000003c     
                  00012700    0000003c     sysbios.aem4 : BIOS.obj (.text:ti_sysbios_family_arm_m3_Hwi_excSvCall__I)

.const.63 
*          0    0001273c    00000004     
                  0001273c    00000004     fault_pem4.oem4 (.const:ti_sdo_utils_MultiProc_Module__diagsIncluded__C)

.text.64   0    00012740    000000b4     
                  00012740    0000003c     sysbios.aem4 : BIOS.obj (.text:ti_sysbios_family_arm_m3_TaskSupport_start__E)
                  0001277c    0000003c     fault_pem4.oem4 (.text:ti_sysbios_gates_GateHwi_create)
                  000127b8    0000003c     sysbios.aem4 : BIOS.obj (.text:ti_sysbios_gates_GateSwi_leave__E)

.const.64 
*          0    000127f4    00000004     
                  000127f4    00000004     fault_pem4.oem4 (.const:ti_sdo_utils_MultiProc_Module__diagsMask__C)

.text.65   0    000127f8    0000003c     
                  000127f8    0000003c     sysbios.aem4 : BIOS.obj (.text:ti_sysbios_heaps_HeapMem_init__I)

.const.65 
*          0    00012834    00000004     
                  00012834    00000004     fault_pem4.oem4 (.const:ti_sdo_utils_MultiProc_nameList__C)

.text.66   0    00012838    0000003c     
                  00012838    0000003c     sysbios.aem4 : BIOS.obj (.text:ti_sysbios_knl_Swi_startup__E)

.const.66 
*          0    00012874    00000004     
                  00012874    00000004     fault_pem4.oem4 (.const:ti_sdo_utils_NameServer_A_invArgument__C)

.text.67   0    00012878    00000354     
                  00012878    0000003c     sysbios.aem4 : BIOS.obj (.text:ti_sysbios_syncs_SyncSem_wait__E)
                  000128b4    0000003c     fault_pem4.oem4 (.text:ti_sysbios_timers_dmtimer_Timer_Object__get__S)
                  000128f0    0000003c     sysbios.aem4 : BIOS.obj (.text:ti_sysbios_timers_dmtimer_Timer_stop__E)
                  0001292c    0000003c     ti.trace.aem4 : SysMin.oem4 (.text:ti_trace_SysMin_abort__E)
                  00012968    00000038                   : SysMin.oem4 (.text:SysMin_output)
                  000129a0    00000038     ti.deh_vayu_smp.aem4 : Watchdog.oem4 (.text:ti_deh_Watchdog_kick__I)
                  000129d8    00000038     fault_pem4.oem4 (.text:ti_ipc_remoteproc_Resource_init__I)
                  00012a10    00000038     fault_pem4.oem4 (.text:ti_sysbios_family_arm_ducati_GateDualCore_Object__get__S)
                  00012a48    00000038     sysbios.aem4 : BIOS.obj (.text:ti_sysbios_family_arm_ducati_TimestampProvider_get64__E)
                  00012a80    00000038                  : BIOS.obj (.text:ti_sysbios_family_arm_m3_Hwi_excNoIsr__I)
                  00012ab8    00000038     fault_pem4.oem4 (.text:ti_sysbios_knl_Clock_doTick__I)
                  00012af0    00000038     fault_pem4.oem4 (.text:ti_sysbios_knl_Queue_Object__get__S)
                  00012b28    00000038     sysbios.aem4 : BIOS.obj (.text:ti_sysbios_knl_Task_processVitalTaskFlag__I)
                  00012b60    00000038     ti.targets.arm.rtsarm.aem4 : System.oem4 (.text:xdc_runtime_System_atexit__E)
                  00012b98    00000034     rtsv7M4_T_le_eabi.lib : feraiseexcept.obj (.text)

.const.67 
*          0    00012bcc    00000004     
                  00012bcc    00000004     fault_pem4.oem4 (.const:ti_sdo_utils_NameServer_A_invalidLen__C)

.text.68   0    00012bd0    00000034     
                  00012bd0    00000034     sysbios.aem4 : BIOS.obj (.text:ti_sysbios_family_arm_m3_Hwi_excNmi__I)

.const.68 
*          0    00012c04    00000004     
                  00012c04    00000004     fault_pem4.oem4 (.const:ti_sdo_utils_NameServer_E_entryExists__C)

.text.69   0    00012c08    00000454     
                  00012c08    00000034     sysbios.aem4 : BIOS.obj (.text:ti_sysbios_hal_Hwi_checkStack)
                  00012c3c    00000034     fault_pem4.oem4 (.text:ti_sysbios_knl_Semaphore_construct)
                  00012c70    00000034     ti.targets.arm.rtsarm.aem4 : Core-label.oem4 (.text:xdc_runtime_Core_assignLabel__I)
                  00012ca4    00000033                                : Text.oem4 (.text:xdc_runtime_Text_printVisFxn__I)
                  00012cd7    00000001     --HOLE-- [fill = 0]
                  00012cd8    00000032     sysbios.aem4 : BIOS.obj (.text:ti_sysbios_hal_Hwi_initStack)
                  00012d0a    00000006     ti.targets.arm.rtsarm.aem4 : System.oem4 (.text:xdc_runtime_System_Module_startup__E)
                  00012d10    00000032     sysbios.aem4 : BIOS.obj (.text:ti_sysbios_knl_Semaphore_pendTimeout__I)
                  00012d42    00000030     rtsv7M4_T_le_eabi.lib : strncpy.obj (.text)
                  00012d72    00000002     --HOLE-- [fill = 0]
                  00012d74    00000030                           : xferaise.obj (.text)
                  00012da4    00000030     fault_pem4.oem4 (.text:ti_sdo_utils_List_construct)
                  00012dd4    00000030     fault_pem4.oem4 (.text:ti_sysbios_BIOS_atExitFunc__I)
                  00012e04    00000030     fault_pem4.oem4 (.text:ti_sysbios_BIOS_errorRaiseHook__I)
                  00012e34    00000030     fault_pem4.oem4 (.text:ti_sysbios_BIOS_rtsLock__I)
                  00012e64    00000030     fault_pem4.oem4 (.text:ti_sysbios_gates_GateMutexPri_construct)
                  00012e94    00000030     fault_pem4.oem4 (.text:ti_sysbios_knl_Queue_construct)
                  00012ec4    00000030     ti.targets.arm.rtsarm.aem4 : System.oem4 (.text:xdc_runtime_System_processAtExit__E)
                  00012ef4    0000002e     rtsv7M4_T_le_eabi.lib : i_tofd_t2.obj (.text)
                  00012f22    0000002e                           : raise.obj (.text)
                  00012f50    0000002e     sysbios.aem4 : BIOS.obj (.text:ti_sysbios_heaps_HeapBuf_getStats__E)
                  00012f7e    0000002e     fault_pem4.oem4 (.text:xdc_runtime_System_sprintf__E)
                  00012fac    0000002c     ti.deh_vayu_smp.aem4 : StackDbg.oem4 (.text:decode_bl32)
                  00012fd8    0000002c     fault_pem4.oem4 (.text:ti_ipc_transports_TransportRpmsg_Params__init__S)
                  00013004    0000002c     fault_pem4.oem4 (.text:ti_sdo_ipc_MessageQ_Params__init__S)
                  00013030    0000002c     fault_pem4.oem4 (.text:ti_sysbios_BIOS_startFunc__I)

.const.69 
*          0    0001305c    00000004     
                  0001305c    00000004     fault_pem4.oem4 (.const:ti_sdo_utils_NameServer_E_maxReached__C)

.text.70   0    00013060    00000254     
                  00013060    0000002c     sysbios.aem4 : BIOS.obj (.text:ti_sysbios_family_arm_m3_Hwi_Instance_finalize__E)
                  0001308c    0000002c     fault_pem4.oem4 (.text:ti_sysbios_family_arm_m3_Hwi_Params__init__S)
                  000130b8    0000002c     fault_pem4.oem4 (.text:ti_sysbios_gates_GateHwi_Params__init__S)
                  000130e4    0000002c     fault_pem4.oem4 (.text:ti_sysbios_knl_Semaphore_Params__init__S)
                  00013110    0000002c     sysbios.aem4 : BIOS.obj (.text:ti_sysbios_knl_Task_restore__E)
                  0001313c    0000002c     ti.trace.aem4 : SysMin.oem4 (.text:ti_trace_SysMin_Module_startup__E)
                  00013168    0000002c     ti.targets.arm.rtsarm.aem4 : Text.oem4 (.text:xdc_runtime_Text_cordText__E)
                  00013194    0000002a     rtsv7M4_T_le_eabi.lib : xdclass.obj (.text)
                  000131be    0000002a     fault_pem4.oem4 (.text:ti_ipc_namesrv_NameServerRemoteRpmsg_get__E)
                  000131e8    0000002a     ti.targets.arm.rtsarm.aem4 : System.oem4 (.text:xdc_runtime_System_putchar__I)
                  00013212    00000002     --HOLE-- [fill = 0]
                  00013214    00000028     fault_pem4.oem4 (.text:ti_ipc_namesrv_NameServerRemoteRpmsg_Object__delete__S)
                  0001323c    00000028     fault_pem4.oem4 (.text:ti_ipc_namesrv_NameServerRemoteRpmsg_Object__next__S)
                  00013264    00000028     fault_pem4.oem4 (.text:ti_ipc_transports_TransportRpmsg_Object__delete__S)
                  0001328c    00000028     fault_pem4.oem4 (.text:ti_sdo_utils_NameServer_Object__next__S)

.const.70 
*          0    000132b4    00000004     
                  000132b4    00000004     fault_pem4.oem4 (.const:ti_sdo_utils_NameServer_Instance_State_freeList__O)

.text.71   0    000132b8    0000036c     
                  000132b8    00000028     sysbios.aem4 : BIOS.obj (.text:ti_sysbios_family_arm_ducati_TimestampProvider_getFreq__E)
                  000132e0    00000028     fault_pem4.oem4 (.text:ti_sysbios_gates_GateMutexPri_Object__delete__S)
                  00013308    00000028     fault_pem4.oem4 (.text:ti_sysbios_gates_GateMutex_Object__delete__S)
                  00013330    00000028     fault_pem4.oem4 (.text:ti_sysbios_heaps_HeapBuf_Object__delete__S)
                  00013358    00000028     fault_pem4.oem4 (.text:ti_sysbios_knl_Semaphore_Object__delete__S)
                  00013380    00000028     fault_pem4.oem4 (.text:ti_sysbios_knl_Swi_Object__delete__S)
                  000133a8    00000028     fault_pem4.oem4 (.text:ti_sysbios_syncs_SyncSem_Object__delete__S)
                  000133d0    00000028     fault_pem4.oem4 (.text:ti_sysbios_xdcruntime_GateThreadSupport_Object__delete__S)
                  000133f8    00000028     fault_pem4.oem4 (.text:xdc_runtime_System_aprintf__E)
                  00013420    00000028     fault_pem4.oem4 (.text:xdc_runtime_System_printf__E)
                  00013448    00000028     fault_pem4.oem4 (.text:xdc_runtime_knl_GateThread_Object__delete__S)
                  00013470    00000026     ti.targets.arm.rtsarm.aem4 : System.oem4 (.text:xdc_runtime_System_avprintf__E)
                  00013496    00000026     fault_pem4.oem4 (.text:xdc_runtime_knl_GateThread_Proxy_Object__create__S)
                  000134bc    00000024     ti.deh_vayu_smp.aem4 : Watchdog.oem4 (.text:ti_deh_Watchdog_taskSwitch__F)
                  000134e0    00000024     fault_pem4.oem4 (.text:ti_ipc_namesrv_NameServerRemoteRpmsg_Object__first__S)
                  00013504    00000024     fault_pem4.oem4 (.text:ti_sdo_utils_NameServer_Object__first__S)
                  00013528    00000024     fault_pem4.oem4 (.text:ti_sysbios_BIOS_registerRTSLock__I)
                  0001354c    00000024     fault_pem4.oem4 (.text:ti_sysbios_family_arm_ducati_GateDualCore_Object__delete__S)
                  00013570    00000024     sysbios.aem4 : BIOS.obj (.text:ti_sysbios_family_arm_m3_Hwi_doTaskRestore__I)
                  00013594    00000024     fault_pem4.oem4 (.text:ti_sysbios_gates_GateHwi_Object__delete__S)
                  000135b8    00000024     fault_pem4.oem4 (.text:ti_sysbios_gates_GateSwi_Object__delete__S)
                  000135dc    00000024     fault_pem4.oem4 (.text:ti_sysbios_heaps_HeapMem_Object__delete__S)
                  00013600    00000024     fault_pem4.oem4 (.text:ti_sysbios_knl_Task_Handle__label__S)

.const.71 
*          0    00013624    00000004     
                  00013624    00000004     fault_pem4.oem4 (.const:ti_sdo_utils_NameServer_Instance_State_nameList__O)

.text.72   0    00013628    00000354     
                  00013628    00000024     sysbios.aem4 : BIOS.obj (.text:ti_sysbios_timers_dmtimer_Timer_stub__E)
                  0001364c    00000024     fault_pem4.oem4 (.text:xdc_runtime_LoggerSys_Object__delete__S)
                  00013670    00000024     ti.targets.arm.rtsarm.aem4 : LoggerSys.oem4 (.text:xdc_runtime_LoggerSys_write4__E)
                  00013694    00000024                                : System.oem4 (.text:xdc_runtime_System_vprintf__E)
                  000136b8    00000022     rtsv7M4_T_le_eabi.lib : frexp.obj (.text)
                  000136da    00000022     fault_pem4.oem4 (.text:ti_deh_StackDbg_walkStack__E)
                  000136fc    00000022     ti.deh_vayu_smp.aem4 : Watchdog.oem4 (.text:ti_deh_Watchdog_swiPrehook__F)
                  0001371e    00000022     fault_pem4.oem4 (.text:ti_ipc_namesrv_NameServerRemoteRpmsg_Handle__label__S)
                  00013740    00000022     fault_pem4.oem4 (.text:ti_ipc_transports_TransportRpmsg_Handle__label__S)
                  00013762    00000022     fault_pem4.oem4 (.text:ti_sysbios_family_arm_ducati_GateDualCore_Handle__label__S)
                  00013784    00000022     fault_pem4.oem4 (.text:ti_sysbios_gates_GateHwi_Handle__label__S)
                  000137a6    00000022     fault_pem4.oem4 (.text:ti_sysbios_gates_GateMutexPri_Handle__label__S)
                  000137c8    00000022     fault_pem4.oem4 (.text:ti_sysbios_gates_GateMutex_Handle__label__S)
                  000137ea    00000022     fault_pem4.oem4 (.text:ti_sysbios_gates_GateSwi_Handle__label__S)
                  0001380c    00000022     fault_pem4.oem4 (.text:ti_sysbios_heaps_HeapBuf_Handle__label__S)
                  0001382e    00000022     fault_pem4.oem4 (.text:ti_sysbios_heaps_HeapMem_Handle__label__S)
                  00013850    00000022     fault_pem4.oem4 (.text:ti_sysbios_knl_Swi_Handle__label__S)
                  00013872    00000022     fault_pem4.oem4 (.text:ti_sysbios_syncs_SyncSem_Handle__label__S)
                  00013894    00000022     fault_pem4.oem4 (.text:xdc_runtime_LoggerSys_Handle__label__S)
                  000138b6    00000022     ti.targets.arm.rtsarm.aem4 : Registry.oem4 (.text:xdc_runtime_Registry_findByNameInList__I)
                  000138d8    00000022     fault_pem4.oem4 (.text:xdc_runtime_knl_GateThread_Handle__label__S)
                  000138fa    00000022     fault_pem4.oem4 (.text:xdc_runtime_knl_GateThread_Proxy_create)
                  0001391c    00000020     ti.deh_vayu_smp.aem4 : Deh.oem4 (.text:ti_deh_Deh_Module_startup__E)
                  0001393c    00000020                          : Watchdog.oem4 (.text:ti_deh_Watchdog_idleBegin__F)
                  0001395c    00000020     fault_pem4.oem4 (.text:ti_sysbios_BIOS_removeRTSLock__I)

.const.72 
*          0    0001397c    00000004     
                  0001397c    00000004     fault_pem4.oem4 (.const:ti_sdo_utils_NameServer_Module__diagsEnabled__C)

.text.73   0    00013980    0000031c     
                  00013980    00000020     sysbios.aem4 : BIOS.obj (.text:ti_sysbios_family_arm_m3_Hwi_clearInterrupt__E)
                  000139a0    00000020                  : m3_Hwi_asm.obj (.text:ti_sysbios_family_arm_m3_Hwi_excHandlerAsm__I)
                  000139c0    00000020                  : BIOS.obj (.text:ti_sysbios_family_arm_m3_Hwi_excHandler__I)
                  000139e0    00000020     fault_pem4.oem4 (.text:ti_sysbios_gates_GateMutexPri_Object__destruct__S)
                  00013a00    00000020     fault_pem4.oem4 (.text:ti_sysbios_hal_Cache_CacheProxy_inv__E)
                  00013a20    00000020     sysbios.aem4 : BIOS.obj (.text:ti_sysbios_knl_Idle_run__E)
                  00013a40    00000020     fault_pem4.oem4 (.text:ti_sysbios_knl_Semaphore_Object__destruct__S)
                  00013a60    00000020     sysbios.aem4 : BIOS.obj (.text:ti_sysbios_timers_dmtimer_Timer_getFreq__E)
                  00013a80    00000020     ti.trace.aem4 : SysMin.oem4 (.text:ti_trace_SysMin_exit__E)
                  00013aa0    00000020     fault_pem4.oem4 (.text:xdc_runtime_IHeap_alloc)
                  00013ac0    00000020     ti.targets.arm.rtsarm.aem4 : LoggerSys.oem4 (.text:xdc_runtime_LoggerSys_write2__E)
                  00013ae0    00000020                                : Registry.oem4 (.text:xdc_runtime_Registry_findById__E)
                  00013b00    00000020     fault_pem4.oem4 (.text:xdc_runtime_Text_visitRope__I)
                  00013b20    0000001e     sysbios.aem4 : m3_Hwi_asm_switch.obj (.text:ti_sysbios_family_xxx_Hwi_switchAndRunFunc)
                  00013b3e    0000001e     fault_pem4.oem4 (.text:ti_sysbios_knl_Task_SupportProxy_start__E)
                  00013b5c    0000001e     ti.targets.arm.rtsarm.aem4 : LoggerSys.oem4 (.text:xdc_runtime_LoggerSys_write0__E)
                  00013b7a    0000001e                                : LoggerSys.oem4 (.text:xdc_runtime_LoggerSys_write1__E)
                  00013b98    0000001e     fault_pem4.oem4 (.text:xdc_runtime_Memory_HeapProxy_alloc__E)
                  00013bb6    0000001c     rtsv7M4_T_le_eabi.lib : memccpy.obj (.text)
                  00013bd2    00000006     ti.targets.arm.rtsarm.aem4 : GateThread.oem4 (.text:xdc_runtime_knl_GateThread_enter__E)
                  00013bd8    0000001c     ipc.aem4 : Ipc.obj (.text:ti_sdo_ipc_family_vayu_InterruptIpu_intShmMbxStub__I)
                  00013bf4    0000001c     fault_pem4.oem4 (.text:ti_sdo_utils_List_Object__destruct__S)
                  00013c10    0000001c     fault_pem4.oem4 (.text:ti_sdo_utils_NameServer_Module__startupDone__F)
                  00013c2c    0000001c     fault_pem4.oem4 (.text:ti_sysbios_family_arm_ducati_Timer_Module__startupDone__F)
                  00013c48    0000001c     fault_pem4.oem4 (.text:ti_sysbios_family_arm_ducati_Wugen_Module__startupDone__F)
                  00013c64    0000001c     fault_pem4.oem4 (.text:ti_sysbios_family_arm_m3_Hwi_Module__startupDone__F)
                  00013c80    0000001c     fault_pem4.oem4 (.text:ti_sysbios_family_shared_vayu_TimerSupport_Module__startupDone__F)

.const.73 
*          0    00013c9c    00000004     
                  00013c9c    00000004     fault_pem4.oem4 (.const:ti_sdo_utils_NameServer_Module__diagsIncluded__C)

.text.74   0    00013ca0    0000001c     
                  00013ca0    0000001c     sysbios.aem4 : BIOS.obj (.text:ti_sysbios_gates_GateMutexPri_Instance_init__E)

.const.74 
*          0    00013cbc    00000004     
                  00013cbc    00000004     fault_pem4.oem4 (.const:ti_sdo_utils_NameServer_Module__diagsMask__C)

.text.75   0    00013cc0    00000174     
                  00013cc0    0000001c     sysbios.aem4 : BIOS.obj (.text:ti_sysbios_gates_GateMutex_Instance_init__E)
                  00013cdc    0000001c     fault_pem4.oem4 (.text:ti_sysbios_knl_Queue_Object__destruct__S)
                  00013cf8    0000001c     sysbios.aem4 : BIOS.obj (.text:ti_sysbios_knl_Task_enter__I)
                  00013d14    0000001c     fault_pem4.oem4 (.text:ti_sysbios_timers_dmtimer_Timer_Module__startupDone__F)
                  00013d30    0000001c     ti.targets.arm.rtsarm.aem4 : Error.oem4 (.text:xdc_runtime_Error_raiseX__E)
                  00013d4c    0000001c                                : Memory.oem4 (.text:xdc_runtime_Memory_valloc__E)
                  00013d68    0000001c     fault_pem4.oem4 (.text:xdc_runtime_Startup_exec__I)
                  00013d84    0000001c     ti.targets.arm.rtsarm.aem4 : System.oem4 (.text:xdc_runtime_System_abort__E)
                  00013da0    0000001a     sysbios.aem4 : m3_Hwi_asm.obj (.text:ti_sysbios_family_arm_m3_Hwi_pendSV__I)
                  00013dba    0000001a     fault_pem4.oem4 (.text:xdc_runtime_IHeap_free)
                  00013dd4    00000018     rtsv7M4_T_le_eabi.lib : args_main.obj (.text)
                  00013dec    00000018                           : strcmp.obj (.text)
                  00013e04    00000018     fault_pem4.oem4 (.text:ti_sdo_ipc_MessageQ_registerTransport__E)
                  00013e1c    00000018     fault_pem4.oem4 (.text:ti_sdo_ipc_family_vayu_NotifySetup_plugHwi__E)

.const.75 
*          0    00013e34    00000004     
                  00013e34    00000004     fault_pem4.oem4 (.const:ti_sdo_utils_NameServer_Object__count__C)

.text.76   0    00013e38    00000174     
                  00013e38    00000018     sysbios.aem4 : BIOS.obj (.text:ti_sysbios_gates_GateMutex_leave__E)
                  00013e50    00000018     ti.targets.arm.rtsarm.aem4 : Error.oem4 (.text:xdc_runtime_Error_check__E)
                  00013e68    00000018                                : System.oem4 (.text:xdc_runtime_System_exit__E)
                  00013e80    00000018                                : Text.oem4 (.text:xdc_runtime_Text_ropeText__E)
                  00013e98    00000016     rtsv7M4_T_le_eabi.lib : strchr.obj (.text)
                  00013eae    00000016     fault_pem4.oem4 (.text:ti_sysbios_BIOS_exitFunc__I)
                  00013ec4    00000016     ti.deh_vayu_smp.aem4 : Watchdog.oem4 (.text:ti_sysbios_family_arm_m3_Hwi_Params_init)
                  00013eda    00000016                          : Deh.oem4 (.text:ti_sysbios_knl_Swi_Handle_name)
                  00013ef0    00000016                          : Deh.oem4 (.text:ti_sysbios_knl_Task_Handle_name)
                  00013f06    00000016     ti.targets.arm.rtsarm.aem4 : System.oem4 (.text:xdc_runtime_System_vsprintf__E)
                  00013f1c    00000016                                : GateThread.oem4 (.text:xdc_runtime_knl_GateThread_Instance_init__E)
                  00013f32    00000002     --HOLE-- [fill = 0]
                  00013f34    00000014     rtsv7M4_T_le_eabi.lib : _lock.obj (.text)
                  00013f48    00000014                           : strlen.obj (.text)
                  00013f5c    00000014     fault_pem4.oem4 (.text:ti_sdo_ipc_MessageQ_unregisterTransport__E)
                  00013f70    00000014     sysbios.aem4 : BIOS.obj (.text:ti_sysbios_family_arm_m3_Hwi_switchFromBootStack__E)
                  00013f84    00000014     fault_pem4.oem4 (.text:ti_sysbios_hal_Hwi_HwiProxy_getStackInfo__E)
                  00013f98    00000014     fault_pem4.oem4 (.text:ti_sysbios_knl_Clock_Module_State_clockQ)

.const.76 
*          0    00013fac    00000004     
                  00013fac    00000004     fault_pem4.oem4 (.const:ti_sdo_utils_NameServer_Object__table__C)

.text.77   0    00013fb0    00000052     
                  00013fb0    00000014     sysbios.aem4 : BIOS.obj (.text:ti_sysbios_xdcruntime_GateThreadSupport_Instance_init__E)
                  00013fc4    00000014     fault_pem4.oem4 (.text:xdc_runtime_Memory_HeapProxy_free__E)
                  00013fd8    00000012     sysbios.aem4 : BIOS.obj (.text:ti_sysbios_family_shared_vayu_TimerSupport_Module_startup__E)
                  00013fea    00000006     ti.targets.arm.rtsarm.aem4 : GateThread.oem4 (.text:xdc_runtime_knl_GateThread_leave__E)
[...]
000187e8  xdc_runtime_Error_Module__loggerFxn8__C                                 
000187ec  xdc_runtime_Error_Module__loggerObj__C                                  
000187f0  xdc_runtime_Error_policyFxn__C                                          
000187f4  xdc_runtime_Error_raiseHook__C                                          
000187f8  xdc_runtime_IGateProvider_Interface__BASE__C                            
000187fc  xdc_runtime_IHeap_Interface__BASE__C                                    
00018800  xdc_runtime_ILogger_Interface__BASE__C                                  
00018804  xdc_runtime_IModule_Interface__BASE__C                                  
00018808  xdc_runtime_Log_L_error__C                                              
0001880c  xdc_runtime_Main_Module__diagsEnabled__C                                
00018810  xdc_runtime_Main_Module__diagsIncluded__C                               
00018814  xdc_runtime_Main_Module__diagsMask__C                                   
00018818  xdc_runtime_Main_Module__loggerFxn2__C                                  
0001881c  xdc_runtime_Main_Module__loggerObj__C                                   
00018820  xdc_runtime_Memory_defaultHeapInstance__C                               
00018824  xdc_runtime_Registry_Module__diagsEnabled__C                            
00018828  xdc_runtime_Registry_Module__diagsIncluded__C                           
0001882c  xdc_runtime_Registry_Module__diagsMask__C                               
00018830  xdc_runtime_Registry_Module__loggerFxn1__C                              
00018834  xdc_runtime_Registry_Module__loggerFxn2__C                              
00018838  xdc_runtime_Registry_Module__loggerFxn4__C                              
0001883c  xdc_runtime_Registry_Module__loggerFxn8__C                              
00018840  xdc_runtime_Registry_Module__loggerObj__C                               
00018844  xdc_runtime_Startup_execImpl__C                                         
00018848  xdc_runtime_Startup_lastFxns__A                                         
0001884c  xdc_runtime_Startup_maxPasses__C                                        
00018850  xdc_runtime_Startup_sfxnRts__C                                          
00018854  xdc_runtime_Startup_sfxnTab__C                                          
00018858  xdc_runtime_Startup_startModsFxn__C                                     
0001885c  xdc_runtime_System_Module__gateObj__C                                   
00018860  xdc_runtime_System_abortFxn__C                                          
00018864  xdc_runtime_System_exitFxn__C                                           
00018868  xdc_runtime_System_extendFxn__C                                         
0001886c  xdc_runtime_System_maxAtexitHandlers__C                                 
00018870  xdc_runtime_Text_charTab__C                                             
00018874  xdc_runtime_Text_nameEmpty__C                                           
00018878  xdc_runtime_Text_nameStatic__C                                          
0001887c  xdc_runtime_Text_nameUnknown__C                                         
00018880  xdc_runtime_Text_nodeTab__C                                             
00018884  xdc_runtime_Text_visitRopeFxn__C                                        
00018888  xdc_runtime_knl_ISync_Interface__BASE__C                                
0001888c  ti_ipc_transports_TransportRpmsgSetup_Module__loggerDefined__C          
0001888e  ti_ipc_transports_TransportRpmsg_Module__id__C                          
00018890  ti_ipc_transports_TransportRpmsg_Module__loggerDefined__C               
00018892  ti_sdo_ipc_MessageQ_Module__id__C                                       
00018894  ti_sdo_ipc_MessageQ_Module__loggerDefined__C                            
00018896  ti_sdo_ipc_family_vayu_InterruptIpu_Module__id__C                       
00018898  ti_sdo_utils_MultiProc_Module__id__C                                    
0001889a  ti_sdo_utils_MultiProc_numProcessors__C                                 
0001889c  ti_sdo_utils_MultiProc_numProcsInCluster__C                             
0001889e  ti_sdo_utils_NameServer_Module__id__C                                   
000188a0  ti_sysbios_BIOS_smpEnabled__C                                           
000188a2  ti_sysbios_BIOS_swiEnabled__C                                           
000188a4  ti_sysbios_BIOS_taskEnabled__C                                          
000188a6  ti_sysbios_family_arm_ducati_Core_Module__id__C                         
000188a8  ti_sysbios_family_arm_ducati_GateDualCore_Module__id__C                 
000188aa  ti_sysbios_family_arm_ducati_GateDualCore_initGates__C                  
000188ac  ti_sysbios_family_arm_ducati_Timer_Module__id__C                        
000188ae  ti_sysbios_family_arm_m3_Hwi_Module__id__C                              
000188b0  ti_sysbios_family_arm_m3_Hwi_Module__loggerDefined__C                   
000188b2  ti_sysbios_family_shared_vayu_IntXbar_Module__id__C                     
000188b4  ti_sysbios_gates_GateMutexPri_Module__id__C                             
000188b6  ti_sysbios_gates_GateMutex_Module__id__C                                
000188b8  ti_sysbios_gates_GateSwi_Module__id__C                                  
000188ba  ti_sysbios_hal_Hwi_Module__id__C                                        
000188bc  ti_sysbios_hal_ammu_AMMU_configureAmmu__C                               
000188be  ti_sysbios_hal_unicache_Cache_configureCache__C                         
000188c0  ti_sysbios_hal_unicache_Cache_enableCache__C                            
000188c2  ti_sysbios_hal_unicache_Cache_l2CacheSupported__C                       
000188c4  ti_sysbios_heaps_HeapBuf_Module__id__C                                  
000188c6  ti_sysbios_heaps_HeapBuf_trackMaxAllocs__C                              
000188c8  ti_sysbios_heaps_HeapMem_Module__id__C                                  
000188ca  ti_sysbios_knl_Clock_Module__id__C                                      
000188cc  ti_sysbios_knl_Clock_Module__loggerDefined__C                           
000188ce  ti_sysbios_knl_Semaphore_Module__id__C                                  
000188d0  ti_sysbios_knl_Semaphore_Module__loggerDefined__C                       
000188d2  ti_sysbios_knl_Swi_Module__id__C                                        
000188d4  ti_sysbios_knl_Swi_Module__loggerDefined__C                             
000188d6  ti_sysbios_knl_Task_Module__id__C                                       
000188d8  ti_sysbios_knl_Task_Module__loggerDefined__C                            
000188da  ti_sysbios_knl_Task_initStackFlag__C                                    
000188dc  ti_sysbios_syncs_SyncSem_Module__id__C                                  
000188de  ti_sysbios_timers_dmtimer_Timer_Module__id__C                           
000188e0  ti_sysbios_timers_dmtimer_Timer_checkFrequency__C                       
000188e2  ti_sysbios_timers_dmtimer_Timer_startupNeeded__C                        
000188e4  ti_trace_SysMin_flushAtExit__C                                          
000188e6  xdc_runtime_Core_Module__id__C                                          
000188e8  xdc_runtime_Error_Module__loggerDefined__C                              
000188ea  xdc_runtime_Error_maxDepth__C                                           
000188ec  xdc_runtime_Main_Module__id__C                                          
000188ee  xdc_runtime_Main_Module__loggerDefined__C                               
000188f0  xdc_runtime_Memory_Module__id__C                                        
000188f2  xdc_runtime_Registry_Module__loggerDefined__C                           
000188f4  xdc_runtime_Text_charCnt__C                                             
000188f6  xdc_runtime_Text_isLoaded__C                                            
000188f8  xdc_runtime_Text_registryModsLastId__C                                  
000188fa  xdc_runtime_Text_unnamedModsLastId__C                                   
00018900  __TI_static_base__                                                      
00019cb0  __TI_Handler_Table_Base                                                 
00019cb8  __TI_CINIT_Base                                                         
00019cb8  __TI_Handler_Table_Limit                                                
00019cd8  __TI_CINIT_Limit                                                        
40000000  ti_sysbios_hal_unicache_Cache_cache                                     
40000400  ti_sysbios_family_arm_ducati_CTM_ctm                                    
40000800  ti_sysbios_hal_ammu_AMMU_mmu                                            
80000000  ti_sysbios_heaps_HeapBuf_Instance_State_1_buf__A                        
80040000  ti_sysbios_heaps_HeapBuf_Instance_State_0_buf__A                        
80060000  ti_sysbios_heaps_HeapMem_Instance_State_0_buf__A                        
80080000  ti_sysbios_knl_Task_Instance_State_0_stack__A                           
80080800  ti_sysbios_family_arm_m3_Hwi_dispatchTable                              
80080948  ti_sysbios_knl_Swi_Instance_State_0_hookEnv__A                          
8008094c  ti_sysbios_knl_Task_Instance_State_0_hookEnv__A                         
80080974  ti_ipc_family_vayu__Desc                                                
80080980  intInfo                                                                 
8008098c  ti_ipc_rpmsg_RPMessage__Desc                                            
80080f94  xdc_runtime_Diags_dictElems                                             
80080fa4  ti_deh_Deh_Module__state__V                                             
80080fb0  ti_deh_StackDbg_Module__state__V                                        
80080fb8  ti_deh_Watchdog_Module_State_0_device__A                                
80080fd8  ti_deh_Watchdog_Module_State_0_status__A                                
80080fdc  ti_deh_Watchdog_Module__state__V                                        
80080fe8  ti_ipc_namesrv_NameServerRemoteRpmsg_Module__root__V                    
80080ff0  ti_ipc_namesrv_NameServerRemoteRpmsg_Module__state__V                   
80081000  ti_ipc_remoteproc_Resource_Module__state__V                             
80081004  ti_ipc_transports_TransportRpmsg_Module__root__V                        
8008100c  ti_ipc_transports_TransportRpmsgSetup_Module_State_0_handles__A         
80081020  ti_ipc_transports_TransportRpmsgSetup_Module__state__V                  
80081024  ti_sdo_ipc_MessageQ_Module__root__V                                     
8008102c  ti_sdo_ipc_MessageQ_Module_State_0_heaps__A                             
8008104c  ti_sdo_ipc_family_vayu_NotifySetup_Module_State_0_numPlugged__A         
8008106c  ti_sdo_ipc_transports_TransportNetworkDummy_Module__root__V             
80081074  ti_sdo_utils_List_Module__root__V                                       
8008107c  ti_sdo_utils_MultiProc_Module_State_0_clusterProcList__A                
80081088  ti_sdo_utils_MultiProc_Module__state__V                                 
80081090  ti_sdo_utils_NameServer_Module__root__V                                 
80081098  ti_sdo_utils_NameServer_Module_State_0_nsRemoteHandle__A                
800810ac  ti_sdo_utils_NameServer_Module__state__V                                
800810b8  ti_sdo_utils_NameServerRemoteNull_Module__root__V                       
800810c0  ti_sysbios_family_arm_ducati_Core_Module__state__V                      
800810d4  ti_sysbios_family_arm_ducati_GateDualCore_Module__root__V               
800810dc  ti_sysbios_family_arm_ducati_GateDualCore_Object__table__V              
800810fc  ti_sysbios_family_arm_ducati_GateDualCore_Module__state__V              
80081100  ti_sysbios_family_arm_ducati_Timer_Module__root__V                      
80081108  ti_sysbios_family_arm_ducati_Timer_Module__state__V                     
80081114  ti_sysbios_family_arm_m3_Hwi_Module__root__V                            
8008111c  ti_sysbios_family_arm_m3_Hwi_Module_State_0_excActive__A                
80081120  ti_sysbios_family_arm_m3_Hwi_Module_State_0_excContext__A               
80081124  ti_sysbios_family_arm_m3_Hwi_Module_State_0_excStack__A                 
80081128  ti_sysbios_family_shared_vayu_IntXbar_Module__state__V                  
8008112c  ti_sysbios_gates_GateHwi_Module__root__V                                
80081134  ti_sysbios_gates_GateHwi_Object__table__V                               
80081138  ti_sysbios_gates_GateMutex_Module__root__V                              
80081140  ti_sysbios_gates_GateMutexPri_Module__root__V                           
80081148  ti_sysbios_gates_GateSwi_Module__root__V                                
80081150  ti_sysbios_gates_GateSwi_Object__table__V                               
80081154  ti_sysbios_hal_Hwi_Module__root__V                                      
8008115c  ti_sysbios_hal_Hwi_Object__table__V                                     
8008116c  ti_sysbios_hal_Timer_Module__root__V                                    
80081174  ti_sysbios_heaps_HeapBuf_Module__root__V                                
8008117c  ti_sysbios_heaps_HeapBuf_Module__state__V                               
80081180  ti_sysbios_heaps_HeapMem_Module__root__V                                
80081188  ti_sysbios_heaps_HeapMem_Object__table__V                               
800811a0  ti_sysbios_knl_Clock_Module__root__V                                    
800811a8  ti_sysbios_knl_Queue_Module__root__V                                    
800811b0  ti_sysbios_knl_Semaphore_Module__root__V                                
800811b8  ti_sysbios_knl_Semaphore_Object__table__V                               
800811cc  ti_sysbios_knl_Swi_Module__root__V                                      
800811d4  ti_sysbios_knl_Swi_Module__state__V                                     
800811f0  ti_sysbios_knl_Task_Module__root__V                                     
800811f8  ti_sysbios_knl_Task_Module_State_0_idleTask__A                          
800811fc  ti_sysbios_syncs_SyncSem_Module__root__V                                
80081204  ti_sysbios_timers_dmtimer_Timer_Module__root__V                         
8008120c  ti_sysbios_timers_dmtimer_Timer_Module__state__V                        
80081220  ti_sysbios_xdcruntime_GateThreadSupport_Module__root__V                 
80081228  ti_trace_SysMin_Module__state__V                                        
80081240  xdc_runtime_Error_Module__state__V                                      
80081244  xdc_runtime_LoggerSys_Module__root__V                                   
8008124c  xdc_runtime_LoggerSys_Object__table__V                                  
80081254  xdc_runtime_Memory_Module__state__V                                     
80081258  xdc_runtime_Registry_Module__root__V                                    
8008125c  xdc_runtime_Registry_Module__state__V                                   
80081264  xdc_runtime_Startup_Module__state__V                                    
8008126c  xdc_runtime_System_Module_State_0_atexitHandlers__A                     
8008128c  xdc_runtime_System_Module__state__V                                     
80081294  xdc_runtime_Text_Module__state__V                                       
8008129c  xdc_runtime_knl_GateThread_Module__root__V                              
800812a4  __xdc__init__addr                                                       
800812a8  ti_trace_SysMin_Module_State_0_lineBuffers__A                           
800814b0  ti_sysbios_timers_dmtimer_Timer_Module_State_0_device__A                
80081620  _Denorm                                                                 
80081630  _Eps                                                                    
80081640  _Hugeval                                                                
80081650  _Inf                                                                    
80081660  _Nan                                                                    
80081670  _Snan                                                                   
80081680  _Rteps                                                                  
80081690  _Xbig                                                                   
80081698  _Zero                                                                   
800816a0  ti_sysbios_knl_Swi_Module_State_0_readyQ__A                             
80081720  ti_sysbios_knl_Task_Module_State_0_readyQ__A                            
800817a0  ti_sysbios_timers_dmtimer_Timer_Module_State_0_intFreqs__A              
80081820  ti_sysbios_family_shared_vayu_IntXbar_Module_State_0_intXbar__A         
80081894  ti_sdo_ipc_MessageQ_Module__state__V                                    
800818fc  ti_sysbios_timers_dmtimer_Timer_Object__table__V                        
80081958  ti_sdo_ipc_family_vayu_InterruptIpu_Module__state__V                    
800819b0  ti_sysbios_gates_GateMutex_Object__table__V                             
80081a04  ti_sdo_ipc_family_vayu_NotifySetup_Module__state__V                     
80081a54  ti_sysbios_heaps_HeapBuf_Object__table__V                               
80081aa4  TSK_idle                                                                
80081aa4  ti_sysbios_knl_Task_Object__table__V                                    
80081af4  ti_sysbios_knl_Task_Module__state__V                                    
80081b38  ti_sysbios_timers_dmtimer_Timer_Module_State_0_handles__A               
80081b78  ti_sdo_utils_NameServer_Object__table__V                                
80081bb4  ti_sysbios_family_arm_m3_Hwi_Module__state__V                           
80081be8  ti_sysbios_family_arm_m3_Hwi_Object__table__V                           
80081c18  ti_sysbios_knl_Swi_Object__table__V                                     
80081c48  ti_sysbios_knl_Clock_Module__state__V                                   
80081c74  ti_sdo_ipc_MessageQ_Module_State_0_transports__A                        
80081c9c  ti_sysbios_BIOS_Module__state__V                                        
80081cc0  _lock                                                                   
80081cc4  _unlock                                                                 
80081cc8  __TI_cleanup_ptr                                                        
80081ccc  __TI_dtors_ptr                                                          
80081cd0  _Fenv                                                                   
80081cd4  _Tls_setup__Fenv                                                        
80081ce0  _Errno                                                                  
80081ce4  main_func_sp                                                            
80081ce8  __stack                                                                 
80082ce8  __STACK_END                                                             
9f000000  ti_trace_SysMin_Module_State_0_outbuf__A                                
9f007ff8  ti_trace_SysMin_Module_State_0_writeidx__A                              
9f007ffc  ti_trace_SysMin_Module_State_0_readidx__A                               
9f060000  ti_deh_Deh_Module_State_0_outbuf__A                                     
e000e000  ti_sysbios_family_arm_m3_Hwi_nvic                                       
ffffffff  __binit__                                                               
ffffffff  __c_args__                                                              
ffffffff  binit                                                                   
UNDEFED   IpcPower_registerCallback                                               
UNDEFED   SHT$$INIT_ARRAY$$Base                                                   
UNDEFED   SHT$$INIT_ARRAY$$Limit                                                  

[1163 symbols]
