******************************************************************************
                   ARP32 Linker PC v1.0.7                      
******************************************************************************
>> Linked Wed Oct 07 00:51:38 2015

OUTPUT FILE NAME:   <.\elf_out\test_evepyramidLKSOF.eve.out>
ENTRY POINT SYMBOL: "_reset_handler"  address: 80000100


MEMORY CONFIGURATION

         name            origin    length      used     unused   attr    fill
----------------------  --------  ---------  --------  --------  ----  --------
PAGE 0:
  VECMEM                80000000   00000100  00000028  000000d8  RWIX
  CMDMEM                80000100   00001000  00000028  00000fd8  RWIX
  EXTMEM                80001100   00040000  00026944  000196bc  RWIX

PAGE 1:
  DATMEM                40020000   00008000  00007c4c  000003b4  RWIX
  WMEM                  40040000   00007fe0  00000000  00007fe0  RWIX
  IMEMLA                40050000   00004000  00000000  00004000  RWIX
  IMEMHA                40054000   00004000  00000000  00004000  RWIX
  IMEMLB                40070000   00004000  00000000  00004000  RWIX
  IMEMHB                40074000   00004000  00000000  00004000  RWIX
  L3MEM                 40300000   00100000  00000000  00100000  RWIX
  GEM0_L2_MEM           40800000   00008000  00000000  00008000  RWIX
  EXTDMEM               80050000   03000000  0280821b  007f7de5  RWIX


SECTION ALLOCATION MAP

 output                                  attributes/
section   page    origin      length       input sections
--------  ----  ----------  ----------   ----------------
.cinit     1    40020000    00000000     UNINITIALIZED

.init_array 
*          1    40020000    00000000     UNINITIALIZED

.intvecs   0    80000000    00000028     
                  80000000    00000028     boot_arp32.obj (.intvecs)

.inthandler 
*          0    80000100    00000028     
                  80000100    00000028     boot_arp32.obj (.inthandler)

.algo_text 
*          0    80001100    00014958     
                  80001100    00000690     libevekernels.eve.lib : vcop_fast9_kernel.obj (.text:vcop_fast9_init)
                  80001790    000004b0                           : merge_sort_init.obj (.text:vcop_psort2_3steps)
                  80001c40    000003f4                           : merge_sort_init.obj (.text:vcop_psort2_2steps)
                  80002034    000003c8                           : merge_sort_init.obj (.text:mergeSort_init)
                  800023fc    000003c0                           : merge_sort_init.obj (.text:bitonic_merge_multi_step)
                  800027bc    0000039c                           : vcop_fast9_score_kernel.obj (.text:vcop_fast9_thresh_score_init)
                  80002b58    0000035c                           : vcop_horizontal_non_max_suppression_kernel.obj (.text:vcop_horizontal_non_max_suppression_init)
                  80002eb4    00000358                           : vcop_nonMaxSuppress_mxn_32s_kernel.obj (.text:vcop_nonMaxSuppress_mxn_32s_init)
                  8000320c    00000348                           : vcop_vertical_non_max_suppression_kernel.obj (.text:vcop_vertical_non_max_suppression_kernel_init)
                  80003554    00000314                           : merge_sort_init.obj (.text:vcop_psort2_1step)
                  80003868    000002f0                           : vcop_nonMaxSuppress_mxn_32s_kernel.obj (.text:vcop_nonMaxSuppress_mxn_32s_bitPack_init)
                  80003b58    000002ec                           : vcop_harrisScore_32_7x7_kernel.obj (.text:vcop_harrisScore_32_7x7_1_init)
                  80003e44    000002c4                           : merge_sort_kernel.obj (.text:vcop_psort2_3steps_reverse_kernel_init)
                  80004108    00000290                           : vcop_fast9_kernel.obj (.text:vcop_fast9_vloops)
                  80004398    0000028c                           : vcop_fast9_score_kernel.obj (.text:vcop_fast9_score_kernel_init)
                  80004624    00000278                           : vcop_harrisScore_32_7x7_kernel.obj (.text:vcop_harrisScore_32_methodB_init)
                  8000489c    00000258                           : vcop_calc_new_lk_xy_kernel.obj (.text:vcop_calc_new_lk_xy_init)
                  80004af4    00000234                           : bam_generateList_exec_funcs.obj (.text:BAM_generateList_initFrame)
                  80004d28    00000234                           : vcop_harrisScore_32_7x7_kernel.obj (.text:vcop_harrisScore_32_7x7_2_init)
                  80004f5c    00000230                           : merge_sort_kernel.obj (.text:vcop_psort2_3steps_kernel_init)
                  8000518c    000001f8                           : vcop_harrisScore_32_7x7_kernel.obj (.text:vcop_harrisScore_32_7x7_2_vloops)
                  80005384    000001f4                           : merge_sort_kernel.obj (.text:vcop_psort2_2steps_reverse_kernel_init)
                  80005578    000001f0                           : vcop_generateList_kernel.obj (.text:vcop_generateList_init)
                  80005768    000001e4                           : vcop_sad_error_measure_lk_kernel.obj (.text:vcop_sad_error_measure_lk_init)
                  8000594c    000001bc                           : vcop_calc_inverse_structure_tensor_2x2_kernel.obj (.text:vcop_calc_inverse_structure_tensor_2x2_init)
                  80005b08    000001b8                           : vcop_tensor_matrix_7x7_s16_grad_kernel.obj (.text:vcop_tensor_matrix_7x7_s16_grad_init)
                  80005cc0    000001b0                           : vcop_calc_new_lk_xy_kernel.obj (.text:vcop_calc_new_lk_xy_vloops)
                  80005e70    000001b0                           : vcop_weight_address_bilinear_interpolation_kernel.obj (.text:vcop_weight_address_bilinear_interpolation_init)
                  80006020    00000190                           : merge_sort_kernel.obj (.text:vcop_psort2_1step_reverse_kernel_init)
                  800061b0    0000018c                           : vcop_horizontal_non_max_suppression_kernel.obj (.text:vcop_horizontal_non_max_suppression_vloops)
                  8000633c    00000178                           : vcop_vertical_non_max_suppression_kernel.obj (.text:vcop_vertical_non_max_suppression_kernel_vloops)
                  800064b4    00000164                           : merge_sort_kernel.obj (.text:vcop_psort2_2steps_kernel_init)
                  80006618    0000015c                           : vcop_multiblock_bilinear_interp_intlv_7x7_s16_kernel.obj (.text:vcop_multiblock_bilinear_interp_intlv_7x7_s16_init)
                  80006774    00000158                           : vcop_sum_grad_cross_inter_frame_diff_7x7_kernel.obj (.text:vcop_sum_grad_cross_inter_frame_diff_7x7_init)
                  800068cc    00000154                           : vcop_foreach_multiblock_bilinear_interp_7x7_u8_kernel.obj (.text:vcop_foreach_multiblock_bilinear_interp_7x7_u8_init)
                  80006a20    0000014c                           : merge_sort_kernel.obj (.text:vcop_sort8_simd8_XX_init)
                  80006b6c    00000144                           : merge_sort_kernel.obj (.text:vcop_sort8_simd8_64_init)
                  80006cb0    00000128                           : vcop_multiblock_bilinear_interp_7x7_u8_kernel.obj (.text:vcop_multiblock_bilinear_interp_7x7_u8_init)
                  80006dd8    00000120                           : vcop_fast9_score_kernel.obj (.text:vcop_fast9_thresh_score_vloops)
                  80006ef8    0000011c                           : vcop_bin_image_to_list_kernel.obj (.text:vcop_bin_image_to_list_init)
                  80007014    0000011c                           : vcop_fast9_score_kernel.obj (.text:vcop_fast9_score_kernel_vloops)
                  80007130    0000010c                           : merge_sort_kernel.obj (.text:vcop_psort2_1step_kernel_init)
                  8000723c    00000108                           : vcop_prune_big_list_kernel.obj (.text:vcop_prune_big_list_init)
                  80007344    000000f8                           : bam_fast9_score_helper_funcs.obj (.text:BAM_Fast9_Score_getMemRecFunc)
                  8000743c    000000f8                           : bam_natcGenerateList_exec_funcs.obj (.text:BAM_natcGenerateList_computeFrame)
                  80007534    000000f8                           : vcop_weight_address_bilinear_interpolation_kernel.obj (.text:vcop_weight_address_bilinear_interpolation_vloops)
                  8000762c    000000f0                           : bam_fast9_score_exec_funcs.obj (.text:Bam_Fast9_Score_initFrame)
                  8000771c    000000ec                           : vcop_multiblock_gradient_xy_kernel.obj (.text:vcop_multiblock_gradient_xy_init)
                  80007808    000000e4                           : bam_bin_image_to_list_exec_funcs.obj (.text:Bam_Bin_image_to_list_initFrame)
                  800078ec    000000e4                           : vcop_calc_determinant_tensor_matrix_kernel.obj (.text:vcop_calc_determinant_tensor_matrix_vloops)
                  800079d0    000000e4                           : vcop_calc_inverse_structure_tensor_2x2_kernel.obj (.text:vcop_calc_inverse_structure_tensor_2x2_vloops)
                  80007ab4    000000e4                           : vcop_vec_gradients_xy_and_magnitude_kernel.obj (.text:vcop_vec_gradients_xy_magnitudeu8_init)
                  80007b98    000000e0                           : bam_harrisScore_32_7x7_helper_funcs.obj (.text:BAM_harrisScore_32_7x7_getMemRecFunc)
                  80007c78    000000e0                           : bam_natcHarrisScore_32_7x7_helper_funcs.obj (.text:BAM_natcHarrisScore_32_7x7_getMemRecFunc)
                  80007d58    000000dc                           : bam_select_list_elements_exec_funcs.obj (.text:Bam_Select_list_elements_initFrame)
                  80007e34    000000d8                           : vcop_select_list_elements_kernel.obj (.text:vcop_select_list_elements_init)
                  80007f0c    000000d4                           : vcop_generateList_kernel.obj (.text:vcop_generateList_vloops)
                  80007fe0    000000d4                           : vcop_harrisScore_32_7x7_kernel.obj (.text:vcop_harrisScore_32_7x7_1_vloops)
                  800080b4    000000d0                           : vcop_copy_new_lk_xy_kernel.obj (.text:vcop_copy_new_lk_xy_init)
                  80008184    000000c8                           : bam_multiblock_bilinear_interp_intlv_7x7_s16_exec_funcs.obj (.text:Bam_Multiblock_Bilinear_Interp_Intlv_7x7_S16_initFrame)
                  8000824c    000000c4                           : vcop_gauss5x5PyramidKernel_8_kernel.obj (.text:vcop_gauss5x5PyramidKernel_8_vert_init)
                  80008310    000000c4                           : vcop_vec_gradients_xy_and_magnitude_kernel.obj (.text:vcop_vec_gradients_xy_and_magnitude_init)
                  800083d4    000000c0                           : bam_gradXYmag_helper_funcs.obj (.text:BAM_gradXYmag_getMemRecFunc)
                  80008494    000000c0                           : bam_natcGradXYmag_helper_funcs.obj (.text:BAM_natcGradXYmag_getMemRecFunc)
                  80008554    000000c0                           : vcop_calc_determinant_tensor_matrix_kernel.obj (.text:vcop_calc_determinant_tensor_matrix_init)
                  80008614    000000c0                           : vcop_nonMaxSuppress_mxn_32s_kernel.obj (.text:vcop_nonMaxSuppress_mxn_32s_vloops)
                  800086d4    000000b8                           : bam_multiblock_bilinear_interp_7x7_u8_exec_funcs.obj (.text:Bam_Multiblock_Bilinear_Interp_7x7_U8_initFrame)
                  8000878c    000000b8                           : vcop_sad_error_measure_lk_kernel.obj (.text:vcop_sad_error_measure_lk_vloops)
                  80008844    000000b4                           : bam_harrisScore_32_7x7_exec_funcs.obj (.text:BAM_harrisScore_32_7x7_initFrame)
                  800088f8    000000b4                           : vcop_nonMaxSuppress_mxn_32s_kernel.obj (.text:vcop_nonMaxSuppress_mxn_32s_bitPack_vloops)
                  800089ac    000000a8                           : vcop_tensor_matrix_7x7_s16_grad_kernel.obj (.text:vcop_tensor_matrix_7x7_s16_grad_vloops)
                  80008a54    000000a4                           : bam_nonMaxSuppress_mxn_S32_helper_funcs.obj (.text:BAM_nonMaxSuppress_mxn_S32_getMemRecFunc)
                  80008af8    000000a0                           : vcop_generateList_kernel.obj (.text:vcop_copyListToOutBuff_init)
                  80008b98    000000a0                           : merge_sort_kernel.obj (.text:vcop_psort2_3steps_kernel_vloops)
                  80008c38    000000a0                           : merge_sort_kernel.obj (.text:vcop_psort2_3steps_reverse_kernel_vloops)
                  80008cd8    0000009c                           : merge_sort_kernel.obj (.text:vcop_sort8_simd8_64_vloops)
                  80008d74    0000009c                           : merge_sort_kernel.obj (.text:vcop_sort8_simd8_XX_vloops)
                  80008e10    00000098                           : bam_generateList_helper_funcs.obj (.text:BAM_generateList_getMemRecFunc)
                  80008ea8    00000098                           : bam_natcGenerateList_helper_funcs.obj (.text:BAM_natcGenerateList_getMemRecFunc)
                  80008f40    00000098                           : bam_nonMaxSuppress_mxn_S32_exec_funcs.obj (.text:BAM_nonMaxSuppress_mxn_S32_initFrame)
                  80008fd8    00000098                           : merge_sort_kernel_hard.obj (.text:my_vcop_psort2_3steps_kernel_custom)
                  80009070    00000098                           : merge_sort_kernel_hard.obj (.text:my_vcop_psort2_3steps_reverse_kernel_custom)
                  80009108    00000098                           : vcop_harrisScore_32_7x7_kernel.obj (.text:vcop_harrisScore_32_methodB_vloops)
                  800091a0    00000090                           : bam_natcNonMaxSuppress_mxn_S32_helper_funcs.obj (.text:BAM_natcNonMaxSuppress_mxn_S32_getMemRecFunc)
                  80009230    00000090                           : merge_sort_kernel_hard.obj (.text:my_vcop_psort2_1step_kernel_custom)
                  800092c0    00000090                           : vcop_gauss5x5PyramidKernel_8_kernel.obj (.text:vcop_gauss5x5PyramidKernel_8_horiz_init)
                  80009350    00000090                           : vcop_prune_big_list_kernel.obj (.text:vcop_prune_big_list_vloops)
                  800093e0    0000008c                           : bam_gradXYmag_exec_funcs.obj (.text:BAM_gradXYmag_initFrame)
                  8000946c    0000008c                           : vcop_weight_computation_kernel.obj (.text:vcop_weight_computation_init)
                  800094f8    00000088                           : bam_vertical_non_max_suppression_exec_funcs.obj (.text:Bam_Vertical_Non_Max_Suppression_initFrame)
                  80009580    0000007c                           : vcop_binary_masking_kernel.obj (.text:vcop_binary_masking_init)
                  800095fc    0000007c                           : vcop_blockAverage2x2_kernel.obj (.text:vcop_blockAverage2x2_uchar_init)
                  80009678    00000078                           : vcop_bin_image_to_list_kernel.obj (.text:vcop_bin_image_to_list_vloops)
                  800096f0    00000074                           : bam_vcop_yuv_left_right_padding_exec_funcs.obj (.text:Bam_yuvLeftRightPadding_initFrame)
                  80009764    00000074                           : merge_sort_kernel_hard.obj (.text:my_vcop_psort2_2steps_kernel_custom)
                  800097d8    00000074                           : merge_sort_kernel_hard.obj (.text:my_vcop_psort2_2steps_reverse_kernel_custom)
                  8000984c    00000070                           : bam_harrisScore_32_methodB_helper_funcs.obj (.text:BAM_harrisScore_32_methodB_getMemRecFunc)
                  800098bc    00000070                           : bam_vcop_yuv_left_right_padding_helper_funcs.obj (.text:BAM_yuvLeftRightPadding_getMemRecFunc)
                  8000992c    00000070                           : vcop_sum_grad_cross_inter_frame_diff_7x7_kernel.obj (.text:vcop_sum_grad_cross_inter_frame_diff_7x7_vloops)
                  8000999c    0000006c                           : bam_calc_inverse_structure_tensor_2x2_exec_funcs.obj (.text:Bam_Calc_Inverse_Structure_Tensor_2x2_initFrame)
                  80009a08    0000006c                           : vcop_generateList_kernel.obj (.text:vcop_updateGenerateList_init)
                  80009a74    00000068                           : bam_gauss5x5Pyramid_8_exec_funcs.obj (.text:BAM_gauss5x5Pyramid_initFrame)
                  80009adc    00000068                           : bam_horizontal_non_max_suppression_exec_funcs.obj (.text:Bam_Horizontal_Non_Max_Suppression_initFrame)
                  80009b44    00000068                           : vcop_yuv_left_right_padding_kernel.obj (.text:vcop_yuv_left_right_padding_u16_init)
                  80009bac    00000064                           : bam_weight_computation_exec_funcs.obj (.text:Bam_Weight_Computation_initFrame)
                  80009c10    00000064                           : merge_sort_kernel_hard.obj (.text:my_vcop_psort2_1step_reverse_kernel_custom)
                  80009c74    00000064                           : merge_sort_kernel.obj (.text:vcop_remove_ex_col_init)
                  80009cd8    00000060                           : bam_natcGenerateList_exec_funcs.obj (.text:BAM_natcGenerateList_initInstance)
                  80009d38    00000060                           : vcop_multiblock_bilinear_interp_intlv_7x7_s16_kernel.obj (.text:vcop_multiblock_bilinear_interp_intlv_7x7_s16_vloops)
                  80009d98    00000060                           : vcop_yuv_left_right_padding_kernel.obj (.text:vcop_yuv_left_right_padding_u8_init)
                  80009df8    0000005c                           : bam_multiblock_gradient_xy_exec_funcs.obj (.text:Bam_Multiblock_Gradient_XY_initFrame)
                  80009e54    0000005c                           : vcop_foreach_multiblock_bilinear_interp_7x7_u8_kernel.obj (.text:vcop_foreach_multiblock_bilinear_interp_7x7_u8_vloops)
                  80009eb0    0000005c                           : vcop_gauss5x5PyramidKernel_8_kernel.obj (.text:vcop_gauss5x5PyramidKernel_8_vert_vloops)
                  80009f0c    00000058                           : bam_fast9_helper_funcs.obj (.text:BAM_Fast9_getMemRecFunc)
                  80009f64    00000058                           : bam_multiblock_bilinear_interp_intlv_7x7_s16_helper_funcs.obj (.text:BAM_Multiblock_Bilinear_Interp_Intlv_7x7_S16_getMemRecFunc)
                  80009fbc    00000058                           : bam_vertical_non_max_suppression_helper_funcs.obj (.text:BAM_Vertical_Non_Max_Suppression_getMemRecFunc)
                  8000a014    00000058                           : bam_tensor_matrix_7x7_s16_grad_exec_funcs.obj (.text:Bam_Tensor_Matrix_7x7_S16_Grad_initFrame)
                  8000a06c    00000058                           : vcop_vec_gradients_xy_and_magnitude_kernel.obj (.text:vcop_vec_gradients_xy_and_magnitude_vloops)
                  8000a0c4    00000058                           : vcop_vec_gradients_xy_and_magnitude_kernel.obj (.text:vcop_vec_gradients_xy_magnitudeu8_vloops)
                  8000a11c    00000054                           : bam_natcGauss5x5Pyramid_8_exec_funcs.obj (.text:BAM_natcGauss5x5Pyramid_computeFrame)
                  8000a170    00000054                           : bam_calc_determinant_tensor_matrix_exec_funcs.obj (.text:Bam_Calc_Determinant_Tensor_Matrix_initFrame)
                  8000a1c4    00000054                           : merge_sort_kernel.obj (.text:vcop_psort2_2steps_kernel_vloops)
                  8000a218    00000054                           : merge_sort_kernel.obj (.text:vcop_psort2_2steps_reverse_kernel_vloops)
                  8000a26c    00000050                           : bam_bin_image_to_list_helper_funcs.obj (.text:BAM_Bin_image_to_list_getMemRecFunc)
                  8000a2bc    00000050                           : bam_select_list_elements_helper_funcs.obj (.text:BAM_Select_list_elements_getMemRecFunc)
                  8000a30c    0000004c                           : bam_horizontal_non_max_suppression_helper_funcs.obj (.text:BAM_Horizontal_Non_Max_Suppression_getMemRecFunc)
                  8000a358    0000004c                           : vcop_copy_new_lk_xy_kernel.obj (.text:vcop_copy_new_lk_xy_vloops)
                  8000a3a4    0000004c                           : vcop_multiblock_bilinear_interp_7x7_u8_kernel.obj (.text:vcop_multiblock_bilinear_interp_7x7_u8_vloops)
                  8000a3f0    0000004c                           : vcop_weight_computation_kernel.obj (.text:vcop_weight_computation_vloops)
                  8000a43c    00000048                           : bam_blockSortU32_exec_funcs.obj (.text:BAM_blockSortU32_initFrame)
                  8000a484    00000048                           : bam_gauss5x5Pyramid_8_helper_funcs.obj (.text:BAM_gauss5x5Pyramid_getMemRecFunc)
                  8000a4cc    00000048                           : bam_natcGauss5x5Pyramid_8_helper_funcs.obj (.text:BAM_natcGauss5x5Pyramid_getMemRecFunc)
                  8000a514    00000048                           : vcop_select_list_elements_kernel.obj (.text:vcop_select_list_elements_param_block_update_init)
                  8000a55c    00000048                           : vcop_select_list_elements_kernel.obj (.text:vcop_select_list_elements_vloops)
                  8000a5a4    00000044                           : bam_harrisScore_32_methodB_exec_funcs.obj (.text:BAM_harrisScore_32_methodB_initFrame)
                  8000a5e8    00000044                           : bam_prune_big_list_exec_funcs.obj (.text:Bam_Prune_Big_List_initFrame)
                  8000a62c    00000040                           : bam_calc_determinant_tensor_matrix_helper_funcs.obj (.text:BAM_Calc_Determinant_Tensor_Matrix_getMemRecFunc)
                  8000a66c    00000040                           : bam_calc_inverse_structure_tensor_2x2_helper_funcs.obj (.text:BAM_Calc_Inverse_Structure_Tensor_2x2_getMemRecFunc)
                  8000a6ac    00000040                           : bam_multiblock_gradient_xy_helper_funcs.obj (.text:BAM_Multiblock_Gradient_XY_getMemRecFunc)
                  8000a6ec    00000040                           : bam_tensor_matrix_7x7_s16_grad_helper_funcs.obj (.text:BAM_Tensor_Matrix_7x7_S16_Grad_getMemRecFunc)
                  8000a72c    00000040                           : bam_blockSortU32_exec_funcs.obj (.text:BAM_blockSortU32_initInstance)
                  8000a76c    00000040                           : bam_natcHarrisScore_32_7x7_exec_funcs.obj (.text:BAM_natcHarrisScore_32_7x7_computeFrame)
                  8000a7ac    00000040                           : bam_natcNonMaxSuppress_mxn_S32_exec_funcs.obj (.text:BAM_natcNonMaxSuppress_mxn_S32_computeFrame)
                  8000a7ec    00000040                           : vcop_gauss5x5PyramidKernel_8_kernel.obj (.text:vcop_gauss5x5PyramidKernel_8_horiz_vloops)
                  8000a82c    0000003c                           : bam_binary_masking_exec_funcs.obj (.text:Bam_BinaryMasking_initFrame)
                  8000a868    0000003c                           : bam_fast9_exec_funcs.obj (.text:Bam_Fast9_initFrame)
                  8000a8a4    0000003c                           : bam_select_list_elements_exec_funcs.obj (.text:Bam_Select_list_elements_control)
                  8000a8e0    0000003c                           : vcop_generateList_kernel.obj (.text:vcop_copyListToOutBuff_vloops)
                  8000a91c    00000038                           : bam_blockSortU32_exec_funcs.obj (.text:BAM_blockSortU32_compute)
                  8000a954    00000038                           : bam_generateList_exec_funcs.obj (.text:BAM_generateList_compute)
                  8000a98c    00000038                           : bam_natcGenerateList_exec_funcs.obj (.text:BAM_natcGenerateList_initFrame)
                  8000a9c4    00000038                           : bam_select_list_elements_exec_funcs.obj (.text:Bam_Select_list_elements_computeFrame)
                  8000a9fc    00000038                           : merge_sort_kernel.obj (.text:vcop_psort2_1step_kernel_vloops)
                  8000aa34    00000038                           : merge_sort_kernel.obj (.text:vcop_psort2_1step_reverse_kernel_vloops)
                  8000aa6c    00000038                           : vcop_generateList_kernel.obj (.text:vcop_updateGenerateList_vloops)
                  8000aaa4    00000034                           : bam_binary_masking_helper_funcs.obj (.text:BAM_BinaryMasking_getMemRecFunc)
                  8000aad8    00000034                           : bam_multiblock_bilinear_interp_7x7_u8_helper_funcs.obj (.text:BAM_Multiblock_Bilinear_Interp_7x7_U8_getMemRecFunc)
                  8000ab0c    00000034                           : bam_bin_image_to_list_exec_funcs.obj (.text:Bam_Bin_image_to_list_control)
                  8000ab40    00000030                           : bam_prune_big_list_helper_funcs.obj (.text:BAM_Prune_Big_List_getMemRecFunc)
                  8000ab70    00000030                           : bam_blockSortU32_helper_funcs.obj (.text:BAM_blockSortU32_getMemRecFunc)
                  8000aba0    00000030                           : bam_natcGradXYmag_exec_funcs.obj (.text:BAM_natcGradXYmag_computeFrame)
                  8000abd0    00000030                           : bam_binary_masking_exec_funcs.obj (.text:Bam_BinaryMasking_control)
                  8000ac00    00000030                           : vcop_binary_masking_kernel.obj (.text:vcop_binary_masking_vloops)
                  8000ac30    00000030                           : vcop_multiblock_gradient_xy_kernel.obj (.text:vcop_multiblock_gradient_xy_vloops)
                  8000ac60    0000002c                           : bam_weight_computation_helper_funcs.obj (.text:BAM_Weight_Computation_getMemRecFunc)
                  8000ac8c    0000002c                           : bam_blockAverage2x2_exec_funcs.obj (.text:BAM_blockAverage2x2_initFrame)
                  8000acb8    0000002c                           : bam_nonMaxSuppress_mxn_S32_exec_funcs.obj (.text:BAM_nonMaxSuppress_mxn_S32_control)
                  8000ace4    0000002c                           : vcop_blockAverage2x2_kernel.obj (.text:vcop_blockAverage2x2_uchar_vloops)
                  8000ad10    00000028                           : bam_blockAverage2x2_helper_funcs.obj (.text:BAM_blockAverage2x2_getMemRecFunc)
                  8000ad38    00000028                           : bam_natcBlockAverage2x2_exec_funcs.obj (.text:BAM_natcBlockAverage2x2_computeFrame)
                  8000ad60    00000028                           : bam_natcBlockAverage2x2_helper_funcs.obj (.text:BAM_natcBlockAverage2x2_getMemRecFunc)
                  8000ad88    00000024                           : bam_fast9_score_exec_funcs.obj (.text:Bam_Fast9_Score_compute)
                  8000adac    00000024                           : vcop_yuv_left_right_padding_kernel.obj (.text:vcop_yuv_left_right_padding_u16_vloops)
                  8000add0    00000024                           : vcop_yuv_left_right_padding_kernel.obj (.text:vcop_yuv_left_right_padding_u8_vloops)
                  8000adf4    00000020                           : bam_blockSortU32_exec_funcs.obj (.text:BAM_blockSortU32_control)
                  8000ae14    00000020                           : vcop_select_list_elements_kernel.obj (.text:vcop_select_list_elements_param_block_update_vloops)
                  8000ae34    0000001c                           : bam_gauss5x5Pyramid_8_exec_funcs.obj (.text:BAM_gauss5x5Pyramid_compute)
                  8000ae50    0000001c                           : bam_harrisScore_32_7x7_exec_funcs.obj (.text:BAM_harrisScore_32_7x7_compute)
                  8000ae6c    0000001c                           : bam_fast9_exec_funcs.obj (.text:Bam_Fast9_control)
                  8000ae88    0000001c                           : bam_vcop_yuv_left_right_padding_exec_funcs.obj (.text:Bam_yuvLeftRightPadding_compute)
                  8000aea4    0000001c                           : merge_sort_kernel_hard.obj (.text:my_vcop_sort8_simd8_64_custom)
                  8000aec0    0000001c                           : merge_sort_kernel_hard.obj (.text:my_vcop_sort8_simd8_XX_custom)
                  8000aedc    0000001c                           : merge_sort_kernel.obj (.text:vcop_remove_ex_col_vloops)
                  8000aef8    00000018                           : merge_sort_kernel_hard.obj (.text:my_vcop_remove_ex_col_custom)
                  8000af10    00000010                           : bam_prune_big_list_exec_funcs.obj (.text:Bam_Prune_Big_List_control)
                  8000af20    00000010                           : bam_vertical_non_max_suppression_exec_funcs.obj (.text:Bam_Vertical_Non_Max_Suppression_control)
                  8000af30    00000010                           : merge_sort_init.obj (.text:transp_idx)
                  8000af40    0000000c                           : bam_gradXYmag_exec_funcs.obj (.text:BAM_gradXYmag_Compute)
                  8000af4c    0000000c                           : bam_calc_inverse_structure_tensor_2x2_exec_funcs.obj (.text:Bam_Calc_Inverse_Structure_Tensor_2x2_control)
                  8000af58    0000000c                           : bam_fast9_score_exec_funcs.obj (.text:Bam_Fast9_Score_initInstance)
                  8000af64    0000000c                           : bam_horizontal_non_max_suppression_exec_funcs.obj (.text:Bam_Horizontal_Non_Max_Suppression_control)
                  8000af70    0000000c                           : bam_multiblock_bilinear_interp_7x7_u8_exec_funcs.obj (.text:Bam_Multiblock_Bilinear_Interp_7x7_U8_control)
                  8000af7c    0000000c                           : bam_multiblock_bilinear_interp_intlv_7x7_s16_exec_funcs.obj (.text:Bam_Multiblock_Bilinear_Interp_Intlv_7x7_S16_control)
                  8000af88    0000000c                           : bam_vertical_non_max_suppression_exec_funcs.obj (.text:Bam_Vertical_Non_Max_Suppression_initInstance)
                  8000af94    0000000c                           : bam_weight_computation_exec_funcs.obj (.text:Bam_Weight_Computation_control)
                  8000afa0    00000008                           : bam_prune_big_list_exec_funcs.obj (.text:Bam_Prune_Big_List_initInstance)
                  8000afa8    00000008                           : vcop_bin_image_to_list_kernel.obj (.text:vcop_bin_image_to_list_param_count)
                  8000afb0    00000008                           : vcop_calc_inverse_structure_tensor_2x2_kernel.obj (.text:vcop_calc_inverse_structure_tensor_2x2_param_count)
                  8000afb8    00000008                           : vcop_calc_new_lk_xy_kernel.obj (.text:vcop_calc_new_lk_xy_param_count)
                  8000afc0    00000008                           : vcop_fast9_kernel.obj (.text:vcop_fast9_param_count)
                  8000afc8    00000008                           : vcop_fast9_score_kernel.obj (.text:vcop_fast9_score_kernel_param_count)
                  8000afd0    00000008                           : vcop_fast9_score_kernel.obj (.text:vcop_fast9_thresh_score_param_count)
                  8000afd8    00000008                           : vcop_foreach_multiblock_bilinear_interp_7x7_u8_kernel.obj (.text:vcop_foreach_multiblock_bilinear_interp_7x7_u8_param_count)
                  8000afe0    00000008                           : vcop_generateList_kernel.obj (.text:vcop_generateList_param_count)
                  8000afe8    00000008                           : vcop_harrisScore_32_7x7_kernel.obj (.text:vcop_harrisScore_32_7x7_1_param_count)
                  8000aff0    00000008                           : vcop_harrisScore_32_7x7_kernel.obj (.text:vcop_harrisScore_32_7x7_2_param_count)
                  8000aff8    00000008                           : vcop_harrisScore_32_7x7_kernel.obj (.text:vcop_harrisScore_32_methodB_param_count)
                  8000b000    00000008                           : vcop_horizontal_non_max_suppression_kernel.obj (.text:vcop_horizontal_non_max_suppression_param_count)
                  8000b008    00000008                           : vcop_multiblock_bilinear_interp_intlv_7x7_s16_kernel.obj (.text:vcop_multiblock_bilinear_interp_intlv_7x7_s16_param_count)
                  8000b010    00000008                           : vcop_nonMaxSuppress_mxn_32s_kernel.obj (.text:vcop_nonMaxSuppress_mxn_32s_bitPack_param_count)
                  8000b018    00000008                           : vcop_nonMaxSuppress_mxn_32s_kernel.obj (.text:vcop_nonMaxSuppress_mxn_32s_param_count)
                  8000b020    00000008                           : vcop_prune_big_list_kernel.obj (.text:vcop_prune_big_list_param_count)
                  8000b028    00000008                           : merge_sort_kernel.obj (.text:vcop_psort2_2steps_kernel_param_count)
                  8000b030    00000008                           : merge_sort_kernel.obj (.text:vcop_psort2_2steps_reverse_kernel_param_count)
                  8000b038    00000008                           : merge_sort_kernel.obj (.text:vcop_psort2_3steps_kernel_param_count)
                  8000b040    00000008                           : merge_sort_kernel.obj (.text:vcop_psort2_3steps_reverse_kernel_param_count)
                  8000b048    00000008                           : merge_sort_kernel.obj (.text:vcop_sort8_simd8_64_param_count)
                  8000b050    00000008                           : merge_sort_kernel.obj (.text:vcop_sort8_simd8_XX_param_count)
                  8000b058    00000008                           : vcop_sum_grad_cross_inter_frame_diff_7x7_kernel.obj (.text:vcop_sum_grad_cross_inter_frame_diff_7x7_param_count)
                  8000b060    00000008                           : vcop_tensor_matrix_7x7_s16_grad_kernel.obj (.text:vcop_tensor_matrix_7x7_s16_grad_param_count)
                  8000b068    00000008                           : vcop_vertical_non_max_suppression_kernel.obj (.text:vcop_vertical_non_max_suppression_kernel_param_count)
                  8000b070    00000008                           : vcop_weight_address_bilinear_interpolation_kernel.obj (.text:vcop_weight_address_bilinear_interpolation_param_count)
                  8000b078    00000004                           : vcop_binary_masking_kernel.obj (.text:vcop_binary_masking_param_count)
                  8000b07c    00000004                           : vcop_blockAverage2x2_kernel.obj (.text:vcop_blockAverage2x2_uchar_param_count)
                  8000b080    00000004                           : vcop_calc_determinant_tensor_matrix_kernel.obj (.text:vcop_calc_determinant_tensor_matrix_param_count)
                  8000b084    00000004                           : vcop_generateList_kernel.obj (.text:vcop_copyListToOutBuff_param_count)
                  8000b088    00000004                           : vcop_copy_new_lk_xy_kernel.obj (.text:vcop_copy_new_lk_xy_param_count)
                  8000b08c    00000004                           : vcop_gauss5x5PyramidKernel_8_kernel.obj (.text:vcop_gauss5x5PyramidKernel_8_horiz_param_count)
                  8000b090    00000004                           : vcop_gauss5x5PyramidKernel_8_kernel.obj (.text:vcop_gauss5x5PyramidKernel_8_vert_param_count)
                  8000b094    00000004                           : vcop_multiblock_bilinear_interp_7x7_u8_kernel.obj (.text:vcop_multiblock_bilinear_interp_7x7_u8_param_count)
                  8000b098    00000004                           : vcop_multiblock_gradient_xy_kernel.obj (.text:vcop_multiblock_gradient_xy_param_count)
                  8000b09c    00000004                           : merge_sort_kernel.obj (.text:vcop_psort2_1step_kernel_param_count)
                  8000b0a0    00000004                           : merge_sort_kernel.obj (.text:vcop_psort2_1step_reverse_kernel_param_count)
                  8000b0a4    00000004                           : merge_sort_kernel.obj (.text:vcop_remove_ex_col_param_count)
                  8000b0a8    00000004                           : vcop_select_list_elements_kernel.obj (.text:vcop_select_list_elements_param_block_update_param_count)
                  8000b0ac    00000004                           : vcop_select_list_elements_kernel.obj (.text:vcop_select_list_elements_param_count)
                  8000b0b0    00000004                           : vcop_generateList_kernel.obj (.text:vcop_updateGenerateList_param_count)
                  8000b0b4    00000004                           : vcop_vec_gradients_xy_and_magnitude_kernel.obj (.text:vcop_vec_gradients_xy_and_magnitude_param_count)
                  8000b0b8    00000004                           : vcop_vec_gradients_xy_and_magnitude_kernel.obj (.text:vcop_vec_gradients_xy_magnitudeu8_param_count)
                  8000b0bc    00000004                           : vcop_weight_computation_kernel.obj (.text:vcop_weight_computation_param_count)
                  8000b0c0    00000004                           : vcop_yuv_left_right_padding_kernel.obj (.text:vcop_yuv_left_right_padding_u16_param_count)
                  8000b0c4    00000004                           : vcop_yuv_left_right_padding_kernel.obj (.text:vcop_yuv_left_right_padding_u8_param_count)
                  8000b0c8    00000ba0     libevePyramidLKTracker.eve.lib : bam_lk_iterative_loop_exec_funcs.obj (.text:Bam_LK_Iterative_Loop_initFrame)
                  8000bc68    000009a8                                    : bam_lk_iterative_loop_exec_funcs.obj (.text:Bam_LK_Iterative_Loop_computeFrame)
                  8000c610    000002ac                                    : pyramid_lk_tracker_alg.obj (.text:PYRAMID_LK_TRACKER_TI_process)
                  8000c8bc    00000228                                    : pyramid_lk_tracker_graph.obj (.text:LK_TRACKER_TI_initKernelsArgs)
                  8000cae4    00000210                                    : bam_pyramid_lk_tracker_dma_node.obj (.text:BAM_DMA_PYRAMID_LK_TRACKER_frameInitInChannel)
                  8000ccf4    0000017c                                    : pyramid_lk_tracker_alg.obj (.text:PYRAMID_LK_TRACKER_TI_init)
                  8000ce70    00000174                                    : pyramid_lk_tracker_graph.obj (.text:LK_TRACKER_TI_graphCreate)
                  8000cfe4    0000013c                                    : pyramid_lk_tracker_alg.obj (.text:PYRAMID_LK_TRACKER_TI_alloc)
                  8000d120    00000118                                    : bam_pyramid_lk_tracker_dma_node.obj (.text:BAM_DMA_PYRAMID_LK_TRACKER_dmaWriteGetMemRecFunc)
                  8000d238    000000d8                                    : bam_pyramid_lk_tracker_dma_node.obj (.text:BAM_DMA_PYRAMID_LK_TRACKER_dmaReadGetMemRecFunc)
                  8000d310    000000d0                                    : bam_pyramid_lk_tracker_dma_node.obj (.text:BAM_DMA_PYRAMID_LK_TRACKER_dmaReadSetMemRecFunc)
                  8000d3e0    000000cc                                    : bam_pyramid_lk_tracker_dma_node.obj (.text:BAM_DMA_PYRAMID_LK_TRACKER_dmaWriteSetMemRecFunc)
                  8000d4ac    000000b4                                    : bam_pyramid_lk_tracker_dma_node.obj (.text:BAM_DMA_PYRAMID_LK_TRACKER_dmaWriteUpdateDDRptr)
                  8000d560    00000090                                    : bam_pyramid_lk_tracker_dma_node.obj (.text:BAM_DMA_PYRAMID_LK_TRACKER_dmaReadUpdateDDRptr)
                  8000d5f0    00000088                                    : pyramid_lk_tracker_graph.obj (.text:LK_TRACKER_TI_bamControl)
                  8000d678    00000064                                    : pyramid_lk_tracker_alg.obj (.text:PYRAMID_LK_TRACKER_TI_activate)
                  8000d6dc    00000058                                    : pyramid_lk_tracker_alg.obj (.text:PYRAMID_LK_TRACKER_TI_deactivate)
                  8000d734    00000044                                    : bam_pyramid_lk_tracker_dma_node.obj (.text:BAM_DMA_PYRAMID_LK_TRACKER_frameInitOutChannel)
                  8000d778    00000040                                    : bam_lk_iterative_loop_helper_funcs.obj (.text:BAM_LK_Iterative_Loop_getMemRecFunc)
                  8000d7b8    0000003c                                    : bam_pyramid_lk_tracker_dma_node.obj (.text:BAM_DMA_PYRAMID_LK_TRACKER_waitInChannel)
                  8000d7f4    00000028                                    : pyramid_lk_tracker_graph.obj (.text:LK_TRACKER_TI_FindMaxSearchRange)
                  8000d81c    00000024                                    : pyramid_lk_tracker_graph.obj (.text:LK_TRACKER_TI_FindNumKeyPointsPerCall)
                  8000d840    00000020                                    : pyramid_lk_tracker_graph.obj (.text:LK_TRACKER_TI_execute)
                  8000d860    0000001c                                    : pyramid_lk_tracker_graph.obj (.text:LK_TRACKER_TI_getGraphMemReq)
                  8000d87c    00000018                                    : pyramid_lk_tracker_alg.obj (.text:PYRAMID_LK_TRACKER_TI_free)
                  8000d894    00000014                                    : bam_pyramid_lk_tracker_dma_node.obj (.text:BAM_DMA_PYRAMID_LK_TRACKER_triggerInChannel)
                  8000d8a8    00000004                                    : pyramid_lk_tracker_alg.obj (.text:PYRAMID_LK_TRACKER_TI_control)
                  8000d8ac    00000004                                    : pyramid_lk_tracker_alg.obj (.text:PYRAMID_LK_TRACKER_TI_numAlloc)
                  8000d8b0    000008d0     libevesof.eve.lib : sof_alg.obj (.text:SOF_TI_alloc)
                  8000e180    0000056c                       : sof_alg.obj (.text:SOF_TI_init)
                  8000e6ec    00000390                       : sof_filter_tracked_points.obj (.text:filterTrackedPoints)
                  8000ea7c    00000328                       : sof_track_key_points.obj (.text:createByteMask)
                  8000eda4    00000240                       : sof_track_key_points.obj (.text:binImageToListProcess)
                  8000efe4    00000224                       : sof_filter_tracked_points.obj (.text:filterTrackedPoints_chunk)
                  8000f208    00000204                       : sof_alg.obj (.text:pyramidLkTrackerProcess)
                  8000f40c    000001ec                       : sof_alg.obj (.text:SOF_TI_process)
                  8000f5f8    000001d8                       : sof_track_key_points.obj (.text:AddkeyPointstoTrack)
                  8000f7d0    0000017c                       : sof_alg.obj (.text:assignIOBufPtrs)
                  8000f94c    00000154                       : sof_alg.obj (.text:checkForPaddingRequirement)
                  8000faa0    00000150                       : sof_alg.obj (.text:fast9BestFeatureToFrontProcess)
                  8000fbf0    0000013c                       : sof_alg.obj (.text:harrisKeyPointDetectionProcess)
                  8000fd2c    00000110                       : sof_alg.obj (.text:fast9KeyPointDetectionProcess)
                  8000fe3c    000000f0                       : sof_alg.obj (.text:yuvPaddingTestProcess)
                  8000ff2c    000000ec                       : sof_alg.obj (.text:SOF_TI_SetAlgToAppsMemRec)
                  80010018    000000d4                       : sof_alg.obj (.text:copyImageToInternalMemAndPad)
                  800100ec    000000cc                       : sof_alg.obj (.text:imPyramidTestProcess)
                  800101b8    000000c4                       : sof_alg.obj (.text:SOF_TI_UpdateHarrisCornerParams)
                  8001027c    000000a8                       : sof_track_key_points.obj (.text:AddHarrisKeyPointstoTrack)
                  80010324    000000a8                       : sof_alg.obj (.text:SOF_TI_SetAppsToAlgMemRec)
                  800103cc    000000a0                       : sof_alg.obj (.text:SOF_TI_numAlloc)
                  8001046c    00000090                       : sof_alg.obj (.text:detectKeyPoints)
                  800104fc    0000007c                       : sof_alg.obj (.text:SOF_TI_UpdateImagePyramidParams)
                  80010578    0000006c                       : sof_alg.obj (.text:computeImagePyramids)
                  800105e4    00000060                       : sof_alg.obj (.text:SOF_TI_activate)
                  80010644    00000060                       : sof_alg.obj (.text:SOF_TI_deactivate)
                  800106a4    0000005c                       : sof_alg.obj (.text:SOF_TI_UpdateLKTrackerParams)
                  80010700    00000050                       : sof_alg.obj (.text:SOF_TI_UpdateYUVPaddingParams)
                  80010750    00000050                       : sof_track_key_points.obj (.text:initTrackInfo)
                  800107a0    0000003c                       : sof_alg.obj (.text:SOF_TI_free)
                  800107dc    0000002c                       : sof_alg.obj (.text:SOF_TI_UpdateBinImageToListParams)
                  80010808    0000002c                       : sof_alg.obj (.text:SOF_TI_UpdateFast9BFFTParams)
                  80010834    00000028                       : sof_alg.obj (.text:calcExtraBoderRequirement)
                  8001085c    00000024                       : sof_alg.obj (.text:SOF_TI_UpdateFast9CornerCreateParams)
                  80010880    00000004                       : sof_alg.obj (.text:SOF_TI_control)
                  80010884    00000434     libeveFast9CornerDetect.eve.lib : fast9_corner_detect_alg.obj (.text:FAST9_CORNER_DETECT_TI_init)
                  80010cb8    00000368                                     : fast9_corner_detect_alg.obj (.text:FAST9_CORNER_DETECT_TI_process)
                  80011020    00000168                                     : fast9_corner_detect_alg.obj (.text:FAST9_CORNER_DETECT_TI_alloc)
                  80011188    0000015c                                     : fast9_corner_detect_graph.obj (.text:FAST9_CORNER_DETECT_TI_graphCreate)
                  800112e4    0000014c                                     : binary_image_to_list_graph.obj (.text:BIN_IMAGE_TO_LIST_TI_graphCreate)
                  80011430    00000138                                     : fast9_corner_detect_graph.obj (.text:FAST9_CORNER_DETECT_TI_graphDmaControl)
                  80011568    000000e4                                     : binary_image_to_list_graph.obj (.text:BIN_IMAGE_TO_LIST_TI_graphDmaControl)
                  8001164c    000000c8                                     : bin_img_to_list_bam_dma_node.obj (.text:BIN_IMG2LIST_BAM_DMA_updateInDDRptr)
                  80011714    00000098                                     : bin_img_to_list_bam_dma_node.obj (.text:BIN_IMG2LIST_BAM_DMA_frameInitOutChannel)
                  800117ac    00000098                                     : bin_img_to_list_bam_dma_node.obj (.text:BIN_IMG2LIST_BAM_DMA_waitOutChannel)
                  80011844    00000090                                     : fast9_corner_detect_graph.obj (.text:FAST9_CORNER_DETECT_TI_initKernelsArgs)
                  800118d4    00000068                                     : bin_img_to_list_bam_dma_node.obj (.text:BIN_IMG2LIST_BAM_DMA_IN_setMemRecFunc)
                  8001193c    00000064                                     : fast9_corner_detect_alg.obj (.text:FAST9_CORNER_DETECT_TI_activate)
                  800119a0    00000064                                     : fast9_corner_detect_alg.obj (.text:FAST9_CORNER_DETECT_TI_deactivate)
                  80011a04    00000060                                     : bin_img_to_list_bam_dma_node.obj (.text:BIN_IMG2LIST_BAM_DMA_frameInitInChannel)
                  80011a64    0000005c                                     : bin_img_to_list_bam_dma_node.obj (.text:BIN_IMG2LIST_BAM_DMA_triggerOutChannel)
                  80011ac0    00000058                                     : bin_img_to_list_bam_dma_node.obj (.text:BIN_IMG2LIST_BAM_DMA_OUT_setMemRecFunc)
                  80011b18    0000004c                                     : bin_img_to_list_bam_dma_node.obj (.text:BIN_IMG2LIST_BAM_DMA_IN_getMemRecFunc)
                  80011b64    0000003c                                     : bin_img_to_list_bam_dma_node.obj (.text:BIN_IMG2LIST_BAM_DMA_updateOutDDRptr)
                  80011ba0    00000038                                     : bin_img_to_list_bam_dma_node.obj (.text:BIN_IMG2LIST_BAM_DMA_OUT_getMemRecFunc)
                  80011bd8    00000020                                     : binary_image_to_list_graph.obj (.text:BIN_IMAGE_TO_LIST_TI_execute)
                  80011bf8    00000020                                     : fast9_corner_detect_graph.obj (.text:FAST9_CORNER_DETECT_TI_execute)
                  80011c18    0000001c                                     : fast9_corner_detect_graph.obj (.text:FAST9_CORNER_DETECT_TI_getGraphMemReq)
                  80011c34    00000018                                     : binary_image_to_list_graph.obj (.text:BIN_IMAGE_TO_LIST_TI_getGraphMemReq)
                  80011c4c    00000018                                     : fast9_corner_detect_alg.obj (.text:FAST9_CORNER_DETECT_TI_free)
                  80011c64    00000010                                     : binary_image_to_list_graph.obj (.text:BIN_IMAGE_TO_LIST_TI_graphControl)
                  80011c74    00000010                                     : fast9_corner_detect_graph.obj (.text:FAST9_CORNER_DETECT_TI_graphControl)
                  80011c84    00000004                                     : binary_image_to_list_graph.obj (.text:BIN_IMAGE_TO_LIST_TI_initKernelsArgs)
                  80011c88    00000004                                     : fast9_corner_detect_alg.obj (.text:FAST9_CORNER_DETECT_TI_control)
                  80011c8c    00000004                                     : fast9_corner_detect_alg.obj (.text:FAST9_CORNER_DETECT_TI_numAlloc)
                  80011c90    00000540     libeveFAST9BestFeatureToFront.eve.lib : fast9_best_feature_to_front_alg.obj (.text:FAST9_BEST_FEATURE_TO_FRONT_TI_process)
                  800121d0    00000214                                           : bam_dma_scattergather_orb_node.obj (.text:BAM_DMA_SCATTERGATHER_ORB_frameInitInChannel)
                  800123e4    00000200                                           : fast9_best_feature_to_front_alg.obj (.text:FAST9_BEST_FEATURE_TO_FRONT_TI_alloc)
                  800125e4    0000016c                                           : fast9_score_graph.obj (.text:FAST9_SCORE_TI_graphCreate)
                  80012750    00000160                                           : best_feature_to_front_graph.obj (.text:BEST_FEATURE_TO_FRONT_TI_graphCreate)
                  800128b0    00000148                                           : bam_dma_one_shot_orb_node.obj (.text:BAM_DMA_ONESHOT_ORB_getMemRecFunc)
                  800129f8    00000148                                           : fast9_best_feature_to_front_alg.obj (.text:FAST9_BEST_FEATURE_TO_FRONT_TI_init)
                  80012b40    00000110                                           : bam_dma_scattergather_orb_node.obj (.text:BAM_DMA_SCATTERGATHER_ORB_waitInChannel)
                  80012c50    00000100                                           : bam_dma_one_shot_orb_node.obj (.text:BAM_DMA_ONESHOT_ORB_setMemRecFunc)
                  80012d50    000000ec                                           : bam_dma_one_shot_orb_node.obj (.text:BAM_DMA_ONESHOT_ORB_updateDDRptrInChannel)
                  80012e3c    000000e4                                           : best_feature_to_front_graph.obj (.text:BEST_FEATURE_TO_FRONT_TI_initKernelsArgs)
                  80012f20    000000dc                                           : bam_dma_one_shot_orb_node.obj (.text:BAM_DMA_ONESHOT_ORB_updateDDRptrOutChannel)
                  80012ffc    000000b4                                           : bam_dma_one_shot_orb_node.obj (.text:BAM_DMA_ONESHOT_ORB_triggerOutChannel)
                  800130b0    000000a0                                           : fast9_best_feature_to_front_alg.obj (.text:FAST9_BEST_FEATURE_TO_FRONT_TI_diagonalSuppression)
                  80013150    00000098                                           : best_feature_to_front_graph.obj (.text:BEST_FEATURE_TO_FRONT_TI_dmaControl)
                  800131e8    00000084                                           : fast9_score_graph.obj (.text:FAST9_SCORE_TI_dmaControl)
                  8001326c    0000006c                                           : bam_dma_one_shot_orb_node.obj (.text:BAM_DMA_ONESHOT_ORB_triggerInChannel)
                  800132d8    00000064                                           : bam_dma_scattergather_orb_node.obj (.text:BAM_DMA_SCATTERGATHER_ORB_IngetMemRecFunc)
                  8001333c    00000064                                           : fast9_best_feature_to_front_alg.obj (.text:FAST9_BEST_FEATURE_TO_FRONT_TI_activate)
                  800133a0    00000064                                           : fast9_best_feature_to_front_alg.obj (.text:FAST9_BEST_FEATURE_TO_FRONT_TI_deactivate)
                  80013404    0000005c                                           : bam_dma_scattergather_orb_node.obj (.text:BAM_DMA_SCATTERGATHER_ORB_InsetMemRecFunc)
                  80013460    0000005c                                           : bam_dma_scattergather_orb_node.obj (.text:BAM_DMA_SCATTERGATHER_ORB_ReadupdateDDRptr)
                  800134bc    00000058                                           : bam_dma_scattergather_orb_node.obj (.text:BAM_DMA_SCATTERGATHER_ORB_triggerOutChannel)
                  80013514    0000004c                                           : bam_dma_scattergather_orb_node.obj (.text:BAM_DMA_SCATTERGATHER_ORB_OutgetMemRecFunc)
                  80013560    0000004c                                           : bam_dma_scattergather_orb_node.obj (.text:BAM_DMA_SCATTERGATHER_ORB_WriteupdateDDRptr)
                  800135ac    00000044                                           : bam_dma_one_shot_orb_node.obj (.text:BAM_DMA_ONESHOT_ORB_frameInitInChannel)
                  800135f0    00000038                                           : best_feature_to_front_graph.obj (.text:BEST_FEATURE_TO_FRONT_TI_graphControl)
                  80013628    00000034                                           : bam_dma_one_shot_orb_node.obj (.text:BAM_DMA_ONESHOT_ORB_frameInitOutChannel)
                  8001365c    0000002c                                           : fast9_score_graph.obj (.text:FAST9_SCORE_TI_initKernelsArgs)
                  80013688    00000024                                           : bam_dma_scattergather_orb_node.obj (.text:BAM_DMA_SCATTERGATHER_ORB_OutsetMemRecFunc)
                  800136ac    00000020                                           : best_feature_to_front_graph.obj (.text:BEST_FEATURE_TO_FRONT_TI_execute)
                  800136cc    00000020                                           : fast9_score_graph.obj (.text:FAST9_SCORE_TI_execute)
                  800136ec    0000001c                                           : best_feature_to_front_graph.obj (.text:BEST_FEATURE_TO_FRONT_TI_getGraphMemReq)
                  80013708    0000001c                                           : fast9_score_graph.obj (.text:FAST9_SCORE_TI_getGraphMemReq)
                  80013724    00000018                                           : bam_dma_scattergather_orb_node.obj (.text:BAM_DMA_SCATTERGATHER_ORB_triggerInChannel)
                  8001373c    00000018                                           : fast9_best_feature_to_front_alg.obj (.text:FAST9_BEST_FEATURE_TO_FRONT_TI_free)
                  80013754    00000010                                           : bam_dma_scattergather_orb_node.obj (.text:BAM_DMA_SCATTERGATHER_ORB_waitOutChannel)
                  80013764    00000004                                           : bam_dma_one_shot_orb_node.obj (.text:BAM_DMA_ONESHOT_ORB_waitChannel)
                  80013768    00000004                                           : fast9_best_feature_to_front_alg.obj (.text:FAST9_BEST_FEATURE_TO_FRONT_TI_control)
                  8001376c    00000004                                           : fast9_best_feature_to_front_alg.obj (.text:FAST9_BEST_FEATURE_TO_FRONT_TI_numAlloc)
                  80013770    000002d4     libeveHarrisCornerDetection32.eve.lib : harrisCornerDetection32_graph.obj (.text:HARRIS_CORNER_DETECTION_32_TI_initArgs)
                  80013a44    0000024c                                           : harrisCornerDetection32_graph.obj (.text:HARRIS_CORNER_DETECTION_32_TI_graphCreate)
                  80013c90    0000014c                                           : harrisCornerDetection32_alg.obj (.text:HARRIS_CORNER_DETECTION_32_TI_process)
                  80013ddc    00000124                                           : harrisCornerDetection32_alg.obj (.text:HARRIS_CORNER_DETECTION_32_TI_init)
                  80013f00    000000cc                                           : harrisCornerDetection32_graph.obj (.text:HARRIS_CORNER_DETECTION_32_TI_dmaControl)
                  80013fcc    000000bc                                           : harrisCornerDetection32_alg.obj (.text:HARRIS_CORNER_DETECTION_32_TI_alloc)
                  80014088    0000005c                                           : harrisCornerDetection32_alg.obj (.text:HARRIS_CORNER_DETECTION_32_TI_activate)
                  800140e4    00000050                                           : harrisCornerDetection32_alg.obj (.text:HARRIS_CORNER_DETECTION_32_TI_deactivate)
                  80014134    00000050                                           : harrisCornerDetection32_graph.obj (.text:assignDMAautoIncrementParams)
                  80014184    00000040                                           : harrisCornerDetection32_graph.obj (.text:HARRIS_CORNER_DETECTION_32_TI_graphControl)
                  800141c4    0000002c                                           : harrisCornerDetection32_alg.obj (.text:HARRIS_CORNER_DETECTION_32_TI_control)
                  800141f0    00000020                                           : harrisCornerDetection32_graph.obj (.text:HARRIS_CORNER_DETECTION_32_TI_execute)
                  80014210    0000001c                                           : harrisCornerDetection32_graph.obj (.text:HARRIS_CORNER_DETECTION_32_TI_getGraphMemReq)
                  8001422c    00000018                                           : harrisCornerDetection32_alg.obj (.text:HARRIS_CORNER_DETECTION_32_TI_free)
                  80014244    00000004                                           : harrisCornerDetection32_alg.obj (.text:HARRIS_CORNER_DETECTION_32_TI_numAlloc)
                  80014248    00000664     libeveImagePyramid_u8.eve.lib : imagePyramid_u8_graph.obj (.text:IMAGE_PYRAMID_U8_TI_initArgs)
                  800148ac    00000270                                   : imagePyramid_u8_graph.obj (.text:IMAGE_PYRAMID_U8_TI_graphCreate)
                  80014b1c    00000108                                   : imagePyramid_u8_alg.obj (.text:IMAGE_PYRAMID_U8_TI_process)
                  80014c24    000000e4                                   : imagePyramid_u8_graph.obj (.text:IMAGE_PYRAMID_U8_TI_dmaControl)
                  80014d08    000000bc                                   : imagePyramid_u8_alg.obj (.text:IMAGE_PYRAMID_U8_TI_alloc)
                  80014dc4    000000bc                                   : imagePyramid_u8_alg.obj (.text:IMAGE_PYRAMID_U8_TI_init)
                  80014e80    0000005c                                   : imagePyramid_u8_alg.obj (.text:IMAGE_PYRAMID_U8_TI_activate)
                  80014edc    00000054                                   : imagePyramid_u8_graph.obj (.text:assignDMAautoIncrementParams)
                  80014f30    00000050                                   : imagePyramid_u8_alg.obj (.text:IMAGE_PYRAMID_U8_TI_deactivate)
                  80014f80    00000020                                   : imagePyramid_u8_graph.obj (.text:IMAGE_PYRAMID_U8_TI_execute)
                  80014fa0    0000001c                                   : imagePyramid_u8_graph.obj (.text:IMAGE_PYRAMID_U8_TI_getGraphMemReq)
                  80014fbc    00000018                                   : imagePyramid_u8_alg.obj (.text:IMAGE_PYRAMID_U8_TI_free)
                  80014fd4    00000004                                   : imagePyramid_u8_alg.obj (.text:IMAGE_PYRAMID_U8_TI_control)
                  80014fd8    00000004                                   : imagePyramid_u8_alg.obj (.text:IMAGE_PYRAMID_U8_TI_numAlloc)
                  80014fdc    00000290     libeveYUVPAdding.eve.lib : yuv_padding_alg.obj (.text:YUV_PADDING_TI_process)
                  8001526c    00000260                              : yuv_padding_graph.obj (.text:YUV_PADDING_initArgs)
                  800154cc    00000184                              : yuv_padding_graph.obj (.text:YUV_PADDING_TI_graphCreate)
                  80015650    00000178                              : yuv_padding_graph.obj (.text:YUV_PADDING_TI_dmaControl)
                  800157c8    000000e0                              : yuv_padding_alg.obj (.text:YUV_PADDING_TI_alloc)
                  800158a8    000000a8                              : yuv_padding_alg.obj (.text:YUV_PADDING_TI_init)
                  80015950    0000005c                              : yuv_padding_alg.obj (.text:YUV_PADDING_TI_activate)
                  800159ac    00000050                              : yuv_padding_alg.obj (.text:YUV_PADDING_TI_deactivate)
                  800159fc    00000020                              : yuv_padding_graph.obj (.text:YUV_PADDING_TI_execute)
                  80015a1c    0000001c                              : yuv_padding_graph.obj (.text:YUV_PADDING_TI_getGraphMemReq)
                  80015a38    00000018                              : yuv_padding_alg.obj (.text:YUV_PADDING_TI_free)
                  80015a50    00000004                              : yuv_padding_alg.obj (.text:YUV_PADDING_TI_control)
                  80015a54    00000004                              : yuv_padding_alg.obj (.text:YUV_PADDING_TI_numAlloc)

.rts_text 
*          0    80015a58    00007164     
                  80015a58    000004f8     rtsarp32_v200.lib : _scanfi.obj (.text:_scanfi)
                  80015f50    000003a0                       : strtod.obj (.text:strtod)
                  800162f0    0000039c                       : strtold.obj (.text:strtold)
                  8001668c    000002d8                       : strtoll.obj (.text:strtoll)
                  80016964    000002a0                       : _printfi.obj (.text:_setfield)
                  80016c04    00000268                       : _scanfi.obj (.text:_sproc_int)
                  80016e6c    00000260                       : _scanfi.obj (.text:_sset_arg)
                  800170cc    0000025c                       : _printfi.obj (.text:_pproc_fge)
                  80017328    0000025c                       : _printfi.obj (.text:ecvt)
                  80017584    00000258                       : _printfi.obj (.text:fcvt)
                  800177dc    0000024c                       : strtoull.obj (.text:strtoull)
                  80017a28    0000022c                       : _printfi.obj (.text:_printfi)
                  80017c54    00000220                       : _printfi.obj (.text:_pconv_e)
                  80017e74    0000021c                       : fwrite.obj (.text:fwrite)
                  80018090    00000208                       : _printfi.obj (.text:_getarg_diouxp)
                  80018298    00000200                       : frcdivd.obj (.text:_frcdivd)
                  80018498    000001e4                       : divd.obj (.text:__arp32abi_divd)
                  8001867c    000001cc                       : imath64.obj (.text:__arp32abi_divull)
                  80018848    000001cc                       : strtol.obj (.text:strtol)
                  80018a14    000001c8                       : mpyd.obj (.text:__arp32abi_mpyd)
                  80018bdc    000001c8                       : fgets.obj (.text:_dofgets)
                  80018da4    000001b8                       : addd.obj (.text:__arp32abi_addd)
                  80018f5c    000001a0                       : strtoul.obj (.text:strtoul)
                  800190fc    0000018c                       : _printfi.obj (.text:_pproc_diouxp)
                  80019288    00000170                       : fputs.obj (.text:fputs)
                  800193f8    00000164                       : mpyf.obj (.text:__arp32abi_mpyf)
                  8001955c    00000160                       : frcaddd.obj (.text:_frcaddd)
                  800196bc    0000015c                       : _scanfi.obj (.text:_sproc_float)
                  80019818    00000158                       : llmpy.obj (.text:__arp32abi_mpyll)
                  80019970    00000144                       : fread.obj (.text:fread)
                  80019ab4    00000140                       : frcmpyd.obj (.text:_frcmpyd)
                  80019bf4    00000140                       : _scanfi.obj (.text:_sget_conv)
                  80019d34    0000013c                       : _printfi.obj (.text:_pproc_fwp)
                  80019e70    0000012c                       : fopen.obj (.text:_openfile)
                  80019f9c    00000118                       : setvbuf.obj (.text:setvbuf)
                  8001a0b4    00000114                       : _printfi.obj (.text:_pconv_g)
                  8001a1c8    000000f4                       : _printfi.obj (.text:_pproc_str)
                  8001a2bc    000000ec                       : lowlev.obj (.text:open)
                  8001a3a8    000000e8                       : fputc.obj (.text:fputc)
                  8001a490    000000dc                       : memcpy.obj (.text:memcpy)
                  8001a56c    000000cc                       : cmpd.obj (.text:__arp32abi_cmpd)
                  8001a638    000000c8                       : fscanf.obj (.text:_chkmbc)
                  8001a700    000000c4                       : memory.obj (.text:mem_alloc)
                  8001a7c4    000000c0                       : fgetc.obj (.text:fgetc)
                  8001a884    000000bc                       : _printfi.obj (.text:_ltostr)
                  8001a940    000000bc                       : _scanfi.obj (.text:_sproc_str)
                  8001a9fc    000000b4                       : trgdrv.obj (.text:HOSTlseek)
                  8001aab0    000000b4                       : _scanfi.obj (.text:_sproc_lb)
                  8001ab64    000000ac                       : trgdrv.obj (.text:HOSTrename)
                  8001ac10    000000ac                       : ungetc.obj (.text:ungetc)
                  8001acbc    000000a8                       : fopen.obj (.text:_search_fp)
                  8001ad64    000000a8                       : memset.obj (.text:memset)
                  8001ae0c    000000a0                       : lowlev.obj (.text:getdevice)
                  8001aeac    0000009c                       : _bufread.obj (.text:_buff_read)
                  8001af48    0000009c                       : _printfi.obj (.text:_mcpy)
                  8001afe4    00000098                       : trgdrv.obj (.text:HOSTopen)
                  8001b07c    00000094                       : sscanf.obj (.text:_chkmbc)
                  8001b110    00000094                       : memory.obj (.text:mem_free)
                  8001b1a4    00000090                       : trgdrv.obj (.text:HOSTread)
                  8001b234    00000090                       : cvtdf.obj (.text:__arp32abi_cvtdf)
                  8001b2c4    00000090                       : _printfi.obj (.text:_pproc_fflags)
                  8001b354    00000090                       : _io_perm.obj (.text:_wrt_ok)
                  8001b3e4    00000090                       : fseek.obj (.text:fseek)
                  8001b474    00000090                       : ftell.obj (.text:ftell)
                  8001b504    0000008c                       : trgdrv.obj (.text:HOSTwrite)
                  8001b590    0000008c                       : fixdu.obj (.text:__arp32abi_fixdu)
                  8001b61c    00000088                       : lowlev.obj (.text:close)
                  8001b6a4    00000084                       : _printfi.obj (.text:_ecpy)
                  8001b728    00000080                       : cvtfd.obj (.text:__arp32abi_cvtfd)
                  8001b7a8    00000080                       : _scanfi.obj (.text:_sget_scanset)
                  8001b828    00000080                       : printf.obj (.text:printf)
                  8001b8a8    0000007c                       : fixdi.obj (.text:__arp32abi_fixdi)
                  8001b924    0000007c                       : fclose.obj (.text:_closefile)
                  8001b9a0    0000007c                       : atoi.obj (.text:atoi)
                  8001ba1c    0000007c                       : fflush.obj (.text:fflush)
                  8001ba98    00000078                       : trgdrv.obj (.text:HOSTunlink)
                  8001bb10    00000078                       : _printfi.obj (.text:_div)
                  8001bb88    00000078                       : _printfi.obj (.text:_pconv_f)
                  8001bc00    00000078                       : fscanf.obj (.text:fscanf)
                  8001bc78    00000078                       : memory.obj (.text:minit)
                  8001bcf0    00000074                       : trgdrv.obj (.text:HOSTclose)
                  8001bd64    00000074                       : fprintf.obj (.text:fprintf)
                  8001bdd8    00000070                       : autoinit.obj (.text:_auto_init)
                  8001be48    00000070                       : vfprintf.obj (.text:vfprintf)
                  8001beb8    0000006c                       : frcmpyf.obj (.text:_frcmpyf)
                  8001bf24    0000006c                       : _io_perm.obj (.text:_rd_ok)
                  8001bf90    00000068                       : fltid.obj (.text:__arp32abi_fltid)
                  8001bff8    00000068                       : boot.obj (.text:_c_int00)
                  8001c060    00000068                       : lowlev.obj (.text:lseek)
                  8001c0c8    00000068                       : lowlev.obj (.text:read)
                  8001c130    00000068                       : lowlev.obj (.text:write)
                  8001c198    00000064                       : imath64.obj (.text:_subcull)
                  8001c1fc    00000064                       : ltoa.obj (.text:ltoa)
                  8001c260    00000060                       : llshift.obj (.text:__arp32abi_llshl)
                  8001c2c0    00000060                       : fflush.obj (.text:_doflush)
                  8001c320    0000005c                       : isinf.obj (.text:__arp32abi_isinf)
                  8001c37c    0000005c                       : lowlev.obj (.text:tabinit)
                  8001c3d8    00000058                       : fltif.obj (.text:__arp32abi_fltif)
                  8001c430    00000054                       : _printfi.obj (.text:_fcpy)
                  8001c484    00000054                       : renormd.obj (.text:_renormd)
                  8001c4d8    00000054                       : exit.obj (.text:exit)
                  8001c52c    00000050                       : fopen.obj (.text:_cleanup)
                  8001c57c    00000050                       : lowlev.obj (.text:finddevice)
                  8001c5cc    0000004c                       : fltud.obj (.text:__arp32abi_fltud)
                  8001c618    0000004c                       : memory.obj (.text:malloc)
                  8001c664    00000048                       : trgmsg.obj (.text:readmsg)
                  8001c6ac    00000048                       : lowlev.obj (.text:unlink)
                  8001c6f4    00000048                       : trgmsg.obj (.text:writemsg)
                  8001c73c    00000040                       : args_main.obj (.text:_args_main)
                  8001c77c    0000003c                       : _printfi.obj (.text:__arp32abi_isnan)
                  8001c7b8    0000003c                       : strasgi_c.obj (.text:__arp32abi_strasgi)
                  8001c7f4    0000003c                       : fopen.obj (.text:fopen)
                  8001c830    00000038                       : assert.obj (.text:__arp32abi_abort_msg)
                  8001c868    00000038                       : llshift.obj (.text:__arp32abi_llshr)
                  8001c8a0    00000038                       : imath64.obj (.text:__arp32abi_remull)
                  8001c8d8    00000038                       : sscanf.obj (.text:sscanf)
                  8001c910    00000034                       : llshift.obj (.text:__arp32abi_llshru)
                  8001c944    00000030                       : fclose.obj (.text:fclose)
                  8001c974    00000030                       : rand.obj (.text:srand)
                  8001c9a4    0000002c                       : subd.obj (.text:__arp32abi_subd)
                  8001c9d0    0000002c                       : feof.obj (.text:feof)
                  8001c9fc    00000028                       : negd.obj (.text:__arp32abi_negd)
                  8001ca24    00000028                       : mult.obj (.text:_mpyl)
                  8001ca4c    00000024                       : llcmp.obj (.text:__arp32abi_cmplls)
                  8001ca70    00000024                       : llcmp.obj (.text:__arp32abi_cmpllu)
                  8001ca94    00000020                       : memccpy.obj (.text:memccpy)
                  8001cab4    0000001c                       : lladdsub.obj (.text:__arp32abi_addll)
                  8001cad0    00000018                       : fgets.obj (.text:fgets)
                  8001cae8    00000014                       : lladdsub.obj (.text:__arp32abi_subll)
                  8001cafc    00000014                       : memory.obj (.text:free)
                  8001cb10    00000010                       : lladdsub.obj (.text:__arp32abi_negll)
                  8001cb20    00000010                       : sscanf.obj (.text:_inpchar)
                  8001cb30    00000010                       : fscanf.obj (.text:_uninpchar)
                  8001cb40    0000000c                       : fscanf.obj (.text:_inpchar)
                  8001cb4c    0000000c                       : fprintf.obj (.text:_outc)
                  8001cb58    0000000c                       : printf.obj (.text:_outc)
                  8001cb64    0000000c                       : vfprintf.obj (.text:_outc)
                  8001cb70    0000000c                       : fprintf.obj (.text:_outs)
                  8001cb7c    0000000c                       : printf.obj (.text:_outs)
                  8001cb88    0000000c                       : vfprintf.obj (.text:_outs)
                  8001cb94    0000000c                       : sscanf.obj (.text:_uninpchar)
                  8001cba0    0000000c                       : remove.obj (.text:remove)
                  8001cbac    00000008                       : exit.obj (.text:abort)
                  8001cbb4    00000004                       : _lock.obj (.text:_nop)
                  8001cbb8    00000004                       : pre_init.obj (.text:_system_pre_init)

.text      0    8001cbbc    0000577c     
                  8001cbbc    00000d8c     ti_stats_collector.obj (.text:statCollectorControl)
                  8001d948    00000a44     pyramid_lk_sof_tb.obj (.text:pyramidLkSofTest)
                  8001e38c    0000052c     libeveBinImageToList.eve.lib : bin_image_to_list_alg.obj (.text:BIN_IMAGE_TO_LIST_TI_process)
                  8001e8b8    0000040c     pyramid_lk_sof_tb.obj (.text:main)
                  8001ecc4    000003e8     configparser.obj (.text:ParseContent)
                  8001f0ac    000003d4     pyramid_lk_sof_tb.obj (.text:APP_drawFlow)
                  8001f480    00000308     configparser.obj (.text:printparams)
                  8001f788    00000234     eve_profile.obj (.text:profiler_end)
                  8001f9bc    0000020c     pyramid_lk_sof_config.obj (.text:printConfigParams)
                  8001fbc8    00000200     pyramid_lk_sof_tb.obj (.text:sofhandleCreate)
                  8001fdc8    000001c8     ti_draw_utils.obj (.text:APP_drawLineRGB)
                  8001ff90    000001c0     libeveBinImageToList.eve.lib : bin_image_to_list_with_masking_graph.obj (.text:BIN_IMAGE_TO_LIST_WITH_MASKING_TI_graphCreate)
                  80020150    000001b0     libevenatckernels.eve.lib : vcop_harrisScore_32_7x7_cn.obj (.text:vcop_harrisScore_32_7x7_cn)
                  80020300    00000158     ti_draw_utils.obj (.text:APP_convertYUV420ptoRGB888)
                  80020458    00000158     libeveBinImageToList.eve.lib : bin_image_to_list_select_list_elems_graph.obj (.text:BIN_IMAGE_TO_LIST_SELECT_LIST_ELEMENTS_TI_graphCreate)
                  800205b0    00000154     report_utils.obj (.text:report_printAppletInfo)
                  80020704    0000014c     libeveBinImageToList.eve.lib : bin_image_to_list_alg.obj (.text:BIN_IMAGE_TO_LIST_TI_alloc)
                  80020850    0000013c     ti_draw_utils.obj (.text:APP_drawBoxRGB)
                  8002098c    00000134     pyramid_lk_sof_tb.obj (.text:sofProcess)
                  80020ac0    00000134     libevenatckernels.eve.lib : vcop_nonMaxSuppress_mxn_32s_c.obj (.text:vcop_nonMaxSuppress_mxn_32s_cn)
                  80020bf4    00000128     libeveBinImageToList.eve.lib : bam_dma_custom_bin_to_list_node.obj (.text:BAM_DMA_CUSTOM_BIN_TO_LIST_IN_updateDDRptr)
                  80020d1c    00000120     ti_draw_utils.obj (.text:APP_convertRGB888toYUV420p)
                  80020e3c    00000110     libevenatckernels.eve.lib : vcop_generateList_c.obj (.text:vcop_generateList_cn)
                  80020f4c    00000100     libeveBinImageToList.eve.lib : bin_image_to_list_with_masking_graph.obj (.text:BIN_IMAGE_TO_LIST_WITH_MASKING_TI_dmaControl)
                  8002104c    000000d8     configparser.obj (.text:readparamfile)
                  80021124    000000d4     libevenatckernels.eve.lib : vcop_gauss5x5PyramidKernel_8_c.obj (.text:vcop_gauss5x5PyramidKernel_8_vert_c)
[...]
800100ec   imPyramidTestProcess
8001027c   AddHarrisKeyPointstoTrack
800103cc   SOF_TI_numAlloc
8001046c   detectKeyPoints
80010578   computeImagePyramids
800105e4   SOF_TI_activate
80010644   SOF_TI_deactivate
80010750   initTrackInfo
800107a0   SOF_TI_free
80010880   SOF_TI_control
80010884   FAST9_CORNER_DETECT_TI_init
80010cb8   FAST9_CORNER_DETECT_TI_process
80011020   FAST9_CORNER_DETECT_TI_alloc
80011188   FAST9_CORNER_DETECT_TI_graphCreate
800112e4   BIN_IMAGE_TO_LIST_TI_graphCreate
80011430   FAST9_CORNER_DETECT_TI_graphDmaControl
80011568   BIN_IMAGE_TO_LIST_TI_graphDmaControl
8001164c   BIN_IMG2LIST_BAM_DMA_updateInDDRptr
80011714   BIN_IMG2LIST_BAM_DMA_frameInitOutChannel
800117ac   BIN_IMG2LIST_BAM_DMA_waitOutChannel
8001193c   FAST9_CORNER_DETECT_TI_activate
800119a0   FAST9_CORNER_DETECT_TI_deactivate
80011a64   BIN_IMG2LIST_BAM_DMA_triggerOutChannel
80011b64   BIN_IMG2LIST_BAM_DMA_updateOutDDRptr
80011bd8   BIN_IMAGE_TO_LIST_TI_execute
80011bf8   FAST9_CORNER_DETECT_TI_execute
80011c18   FAST9_CORNER_DETECT_TI_getGraphMemReq
80011c34   BIN_IMAGE_TO_LIST_TI_getGraphMemReq
80011c4c   FAST9_CORNER_DETECT_TI_free
80011c64   BIN_IMAGE_TO_LIST_TI_graphControl
80011c74   FAST9_CORNER_DETECT_TI_graphControl
80011c88   FAST9_CORNER_DETECT_TI_control
80011c8c   FAST9_CORNER_DETECT_TI_numAlloc
80011c90   FAST9_BEST_FEATURE_TO_FRONT_TI_process
800123e4   FAST9_BEST_FEATURE_TO_FRONT_TI_alloc
800125e4   FAST9_SCORE_TI_graphCreate
80012750   BEST_FEATURE_TO_FRONT_TI_graphCreate
800129f8   FAST9_BEST_FEATURE_TO_FRONT_TI_init
80013150   BEST_FEATURE_TO_FRONT_TI_dmaControl
800131e8   FAST9_SCORE_TI_dmaControl
8001333c   FAST9_BEST_FEATURE_TO_FRONT_TI_activate
800133a0   FAST9_BEST_FEATURE_TO_FRONT_TI_deactivate
800135f0   BEST_FEATURE_TO_FRONT_TI_graphControl
800136ac   BEST_FEATURE_TO_FRONT_TI_execute
800136cc   FAST9_SCORE_TI_execute
800136ec   BEST_FEATURE_TO_FRONT_TI_getGraphMemReq
80013708   FAST9_SCORE_TI_getGraphMemReq
8001373c   FAST9_BEST_FEATURE_TO_FRONT_TI_free
80013768   FAST9_BEST_FEATURE_TO_FRONT_TI_control
8001376c   FAST9_BEST_FEATURE_TO_FRONT_TI_numAlloc
80013a44   HARRIS_CORNER_DETECTION_32_TI_graphCreate
80013c90   HARRIS_CORNER_DETECTION_32_TI_process
80013ddc   HARRIS_CORNER_DETECTION_32_TI_init
80013f00   HARRIS_CORNER_DETECTION_32_TI_dmaControl
80013fcc   HARRIS_CORNER_DETECTION_32_TI_alloc
80014088   HARRIS_CORNER_DETECTION_32_TI_activate
800140e4   HARRIS_CORNER_DETECTION_32_TI_deactivate
80014184   HARRIS_CORNER_DETECTION_32_TI_graphControl
800141c4   HARRIS_CORNER_DETECTION_32_TI_control
800141f0   HARRIS_CORNER_DETECTION_32_TI_execute
80014210   HARRIS_CORNER_DETECTION_32_TI_getGraphMemReq
8001422c   HARRIS_CORNER_DETECTION_32_TI_free
80014244   HARRIS_CORNER_DETECTION_32_TI_numAlloc
800148ac   IMAGE_PYRAMID_U8_TI_graphCreate
80014b1c   IMAGE_PYRAMID_U8_TI_process
80014c24   IMAGE_PYRAMID_U8_TI_dmaControl
80014d08   IMAGE_PYRAMID_U8_TI_alloc
80014dc4   IMAGE_PYRAMID_U8_TI_init
80014e80   IMAGE_PYRAMID_U8_TI_activate
80014f30   IMAGE_PYRAMID_U8_TI_deactivate
80014f80   IMAGE_PYRAMID_U8_TI_execute
80014fa0   IMAGE_PYRAMID_U8_TI_getGraphMemReq
80014fbc   IMAGE_PYRAMID_U8_TI_free
80014fd4   IMAGE_PYRAMID_U8_TI_control
80014fd8   IMAGE_PYRAMID_U8_TI_numAlloc
80014fdc   YUV_PADDING_TI_process
800154cc   YUV_PADDING_TI_graphCreate
80015650   YUV_PADDING_TI_dmaControl
800157c8   YUV_PADDING_TI_alloc
800158a8   YUV_PADDING_TI_init
80015950   YUV_PADDING_TI_activate
800159ac   YUV_PADDING_TI_deactivate
800159fc   YUV_PADDING_TI_execute
80015a1c   YUV_PADDING_TI_getGraphMemReq
80015a38   YUV_PADDING_TI_free
80015a50   YUV_PADDING_TI_control
80015a54   YUV_PADDING_TI_numAlloc
80015a58   _scanfi
80015f50   strtod
800162f0   strtold
8001668c   strtoll
800177dc   strtoull
80017a28   _printfi
80017e74   fwrite
80018298   _frcdivd
80018498   __arp32abi_divd
8001867c   __arp32abi_divull
80018848   strtol
80018a14   __arp32abi_mpyd
80018da4   __arp32abi_addd
80018f5c   strtoul
80019288   fputs
800193f8   __arp32abi_mpyf
8001955c   _frcaddd
80019818   __arp32abi_mpyll
80019970   fread
80019ab4   _frcmpyd
80019f9c   setvbuf
8001a2bc   open
8001a3a8   fputc
8001a490   memcpy
8001a56c   __arp32abi_cmpd
8001a700   mem_alloc
8001a7c4   fgetc
8001a9fc   HOSTlseek
8001ab64   HOSTrename
8001ac10   ungetc
8001ad64   memset
8001aeac   _buff_read
8001afe4   HOSTopen
8001b110   mem_free
8001b1a4   HOSTread
8001b234   __arp32abi_cvtdf
8001b354   _wrt_ok
8001b3e4   fseek
8001b474   ftell
8001b504   HOSTwrite
8001b590   __arp32abi_fixdu
8001b61c   close
8001b728   __arp32abi_cvtfd
8001b828   printf
8001b8a8   __arp32abi_fixdi
8001b924   _closefile
8001b9a0   atoi
8001ba1c   fflush
8001ba98   HOSTunlink
8001bc00   fscanf
8001bc78   minit
8001bcf0   HOSTclose
8001bd64   fprintf
8001bdd8   _auto_init
8001be48   vfprintf
8001beb8   _frcmpyf
8001bf24   _rd_ok
8001bf90   __arp32abi_fltid
8001bff8   _c_int00
8001c060   lseek
8001c0c8   read
8001c130   write
8001c1fc   ltoa
8001c260   __arp32abi_llshl
8001c2c0   _doflush
8001c320   __arp32abi_isinf
8001c3d8   __arp32abi_fltif
8001c484   _renormd
8001c4d8   exit
8001c52c   _cleanup
8001c5cc   __arp32abi_fltud
8001c618   malloc
8001c664   readmsg
8001c6ac   unlink
8001c6f4   writemsg
8001c734   C$$IO$$
8001c73c   _args_main
8001c7b8   __arp32abi_strasgi
8001c7f4   fopen
8001c830   __arp32abi_abort_msg
8001c868   __arp32abi_llshr
8001c8a0   __arp32abi_remull
8001c8d8   sscanf
8001c910   __arp32abi_llshru
8001c944   fclose
8001c974   srand
8001c9a4   __arp32abi_subd
8001c9d0   feof
8001c9fc   __arp32abi_negd
8001ca24   _mpyl
8001ca4c   __arp32abi_cmplls
8001ca70   __arp32abi_cmpllu
8001ca94   memccpy
8001cab4   __arp32abi_addll
8001cad0   fgets
8001cae8   __arp32abi_subll
8001cafc   free
8001cb10   __arp32abi_negll
8001cba0   remove
8001cbac   C$$EXIT
8001cbac   abort
8001cbb4   _nop
8001cbb8   _system_pre_init
8001cbbc   statCollectorControl
8001d948   pyramidLkSofTest
8001e38c   BIN_IMAGE_TO_LIST_TI_process
8001e8b8   main
8001f0ac   APP_drawFlow
8001f480   printparams
8001f788   profiler_end
8001f9bc   printConfigParams
8001fbc8   sofhandleCreate
8001fdc8   APP_drawLineRGB
8001ff90   BIN_IMAGE_TO_LIST_WITH_MASKING_TI_graphCreate
80020150   vcop_harrisScore_32_7x7_cn
80020300   APP_convertYUV420ptoRGB888
80020458   BIN_IMAGE_TO_LIST_SELECT_LIST_ELEMENTS_TI_graphCreate
800205b0   report_printAppletInfo
80020704   BIN_IMAGE_TO_LIST_TI_alloc
80020850   APP_drawBoxRGB
8002098c   sofProcess
80020ac0   vcop_nonMaxSuppress_mxn_32s_cn
80020d1c   APP_convertRGB888toYUV420p
80020e3c   vcop_generateList_cn
80020f4c   BIN_IMAGE_TO_LIST_WITH_MASKING_TI_dmaControl
8002104c   readparamfile
80021124   vcop_gauss5x5PyramidKernel_8_vert_c
800211f8   BIN_IMAGE_TO_LIST_TI_init
800212bc   profiler_init
80021380   vcop_vec_gradients_xy_and_magnitude_cn2
80021650   vcop_blockAverage2x2_uchar_cn
800217f0   get_generateListPtr
80021870   vcop_gauss5x5PyramidKernel_8_horiz_c
800219dc   BIN_IMAGE_TO_LIST_WITH_MASKING_TI_kernelControl
80021ac4   BIN_IMAGE_TO_LIST_TI_activate
80021b34   BIN_IMAGE_TO_LIST_TI_deactivate
80021ba4   statCollectorInit
80021c80   profiler_getStackDepth
80021dbc   BIN_IMAGE_TO_LIST_SELECT_LIST_ELEMENTS_TI_dmaControl
80021e24   TestApp_AllocMemRecords
80021f30   TI_GetMemoryChunk
8002202c   profiler_testCaseInfo
8002207c   profiler_start
800221ac   profiler_printStatus
800221e4   profiler_initStack
80022214   BIN_IMAGE_TO_LIST_SELECT_LIST_ELEMENTS_TI_kernelControl
80022238   BIN_IMAGE_TO_LIST_SELECT_LIST_ELEMENTS_TI_execute
80022258   BIN_IMAGE_TO_LIST_WITH_MASKING_TI_execute
80022298   BIN_IMAGE_TO_LIST_SELECT_LIST_ELEMENTS_TI_getGraphMemReq
800222b0   BIN_IMAGE_TO_LIST_TI_free
800222c8   BIN_IMAGE_TO_LIST_WITH_MASKING_TI_getGraphMemReq
800222e0   profiler_getSP
80022308   profiler_end_print
80022318   TI_CreateMemoryHandle
80022324   reset_generateListPtr
80022330   BIN_IMAGE_TO_LIST_TI_control
80022334   BIN_IMAGE_TO_LIST_TI_numAlloc
80022338   BAM_initGraph
80023c90   BAM_optimizeGraph
8002441c   BAM_createGraph
800245e8   BAM_DMA_AUTOINCREMENT_getMemRecFunc
80024740   BAM_DMA_ONESHOT_getMemRecFunc
80024898   BAM_updateNodes
800249f0   bam_mem_alloc
80024b40   bam_getMemPacket
80024c80   BAM_process
80024ed0   BAM_DMA_AUTOINCREMENT_setMemRecFunc
80024fec   BAM_getGraphMemSize
800250f8   BAM_DMA_ONESHOT_setMemRecFunc
800251f0   BAM_fillKernelInfo
800252d8   bam_mem_free
800253c0   BAM_DMA_ONESHOT_updateDDRptrInChannel
8002549c   BAM_DMA_ONESHOT_updateDDRptrOutChannel
80025578   BAM_DMA_ONESHOT_triggerOutChannel
8002562c   BAM_activateGraph
800256e0   BAM_copyIntMemRec2ExtMem
8002578c   bam_minit
80025834   BAM_ARP32_computeWrapper
800258cc   bam_releaseMemPacket
8002595c   BAM_copyNodeList
800259e8   BAM_DMA_ONESHOT_triggerInChannel
80025a68   BAM_initGraphInstance
80025adc   BAM_DMA_AUTOINCREMENT_updateDDRptrInChannel
80025b4c   BAM_DMA_AUTOINCREMENT_updateDDRptrOutChannel
80025bbc   bam_mcheck
80025c24   BAM_DMA_AUTOINCREMENT_frameInitInChannel
80025c70   BAM_initKernelDB
80025cbc   BAM_DMA_AUTOINCREMENT_frameInitOutChannel
80025d00   BAM_DMA_ONESHOT_frameInitInChannel
80025d44   BAM_controlNode
80025d80   BAM_getMemPacket
80025db8   BAM_DMA_ONESHOT_frameInitOutChannel
80025dec   PRINTF
80025e10   TEST_PRINTF
80025e4c   BAM_DMA_ONESHOT_waitChannel
80025e50   BAM_dummyKernelFunc
80025e54   EDMA_UTILS_autoIncrement_configure
800263b4   EDMA_UTILS_autoIncrement1D_configure
80026878   EDMA_UTILS_autoIncrement_update
80026b00   DMA_funcs_hardwareRegSetup
80026cc4   DMA_resourceAllocator_allocateResources
80026e3c   EDMA_UTILS_scattherGather_init
80026fb4   EDMA_UTILS_autoIncrement1D_update
80027120   EDMA_UTILS_autoIncrement_init
80027208   EDMA_UTILS_autoIncrement_triggerOutChannel
800272e4   DMA_utils_updateStateStruct
800273b0   EDMA_UTILS_autoIncrement_triggerInChannel
80027470   EDMA_UTILS_autoIncrement1D_init
80027528   EDMA_UTILS_memcpy2D
800275b8   EDMA_UTILS_scattherGather_updateNtrigger
80027638   DMA_funcs_writeTransferParams
800276ac   EDMA_UTILS_autoIncrement_waitOutChannel
80027718   EDMA_UTILS_autoIncrement_waitInChannel
80027768   EVE_SCTM_CounterConfig
800277b0   EDMA_UTILS_globalReset
80027830   EDMA_UTILS_scattherGather_updateDstNtrigger
8002786c   EDMA_UTILS_scattherGather_updateSrcNtrigger
800278a4   EDMA_UTILS_autoIncrement1D_waitInChannel
800278d8   DMA_resourceAllocator_initResources
80027904   EVE_SCTM_CounterTimerEnable
80027930   EVE_SCTM_InpEvtSelect
8002795c   EVE_SCTM_SamplingSelect
80027988   DMA_utils_resetStateStruct
800279a8   EDMA_UTILS_autoIncrement1D_triggerInChannel
800279c4   EDMA_UTILS_scattherGather_wait
800279e0   EVE_SCTM_CounterRead
800279f8   EVE_SCTM_OverflowCheck
80027a10   EVE_SCTM_Enable
80027a24   EDMA_UTILS_scattherGather_configure
80027a34   DMA_resourceAllocator_setEdma3RmHandle
80027a40   EDMA3LLD_SUPPORT_requestResources
80050000   _sys_memory
82853710   LUT_EXT_IDX_THR
82853af0   LUT_EXT_IDX_SAD
82853ddc   BIN_IMAGE_TO_LIST_TI_VISION_FXNS
82853e08   BIN_IMAGE_TO_LIST_TI_IRES
82853e30   FAST9_BEST_FEATURE_TO_FRONT_TI_VISION_FXNS
82853e5c   FAST9_BEST_FEATURE_TO_FRONT_TI_IRES
82853e84   FAST9_CORNER_DETECT_TI_VISION_FXNS
82853eb0   FAST9_CORNER_DETECT_TI_IRES
82853ed8   HARRIS_CORNER_DETECTION_32_TI_VISION_FXNS
82853f04   HARRIS_CORNER_DETECTION_32_TI_IRES
82853f2c   IMAGE_PYRAMID_U8_TI_VISION_FXNS
82853f58   IMAGE_PYRAMID_U8_TI_IRES
82853f80   PYRAMID_LK_TRACKER_TI_VISION_FXNS
82853fac   PYRAMID_LK_TRACKER_TI_IRES
82853fd4   YUV_PADDING_TI_VISION_FXNS
82854000   YUV_PADDING_TI_IRES
82854028   SOF_TI_VISION_FXNS
82854054   SOF_TI_IRES
82854516   ID_EXT_IDX
8285451e   IN_ID_IDX
8285452c   gsTokenMap_sof
82855d2c   gParams
82856aa8   gBAM_TI_dmaCustomBinToListNodeReadKernel
82856abc   gBAM_TI_dmaCustomBinToListNodeReadKernelHelperFunc
82856ac4   gBAM_TI_dmaCustomBinToListNodeReadKernelExecFunc
82856adc   gBAM_TI_dmaCustomBinToListNodeWriteKernel
82856af0   gBAM_TI_dmaCustomBinToListNodeWriteKernelHelperFunc
82856af8   gBAM_TI_dmaCustomBinToListNodeWriteKernelExecFunc
82856b10   gBAM_TI_dmaCustomSelectListElemNodeReadKernel
82856b24   gBAM_TI_dmaCustomSelectListElemNodeReadKernelHelperFunc
82856b2c   gBAM_TI_dmaCustomSelectListElemNodeReadKernelExecFunc
82856b44   gBAM_TI_dmaCustomSelectListElemNodeWriteKernel
82856b58   gBAM_TI_dmaCustomSelectListElemNodeWriteKernelHelperFunc
82856b60   gBAM_TI_dmaCustomSelectListElemNodeWriteKernelExecFunc
82856b78   gBAM_TI_dmaOrbOneShotReadKernel
82856b8c   gBAM_TI_dmaOrbOneShotWriteKernel
82856ba0   gBAM_TI_dmaOrbReadOneShotKernelHelperFunc
82856ba8   gBAM_TI_dmaOrbWriteOneShotKernelHelperFunc
82856bb0   gBAM_TI_dmaOrbReadOneShotKernelExecFunc
82856bc8   gBAM_TI_dmaOrbWriteOneShotKernelExecFunc
82856be0   gBAM_TI_dmaScatterGatherReadKernel
82856bf4   gBAM_TI_dmaScatterGatherWriteKernel
82856c08   gBAM_TI_dmaReadScatterGatherKernelHelperFunc
82856c10   gBAM_TI_dmaWriteScatterGatherKernelHelperFunc
82856c18   gBAM_TI_dmaReadScatterGatherKernelExecFunc
82856c30   gBAM_TI_dmaWriteScatterGatherKernelExecFunc
82856c48   gBAM_TI_binImg2ListReadKernel
82856c5c   gBAM_TI_dmaReadBinImg2ListHelperFunc
82856c64   gBAM_TI_dmaReadBinImg2ListExecFunc
82856c7c   gBAM_TI_binImg2ListWriteKernel
82856c90   gBAM_TI_dmaWriteBinImg2ListHelperFunc
82856c98   gBAM_TI_dmaWriteBinImg2ListExecFunc
82856cb0   gBAM_TI_dmaPyramidLKTrackerReadKernel
82856cc4   gBAM_TI_dmaPyramidLKTrackerWriteKernel
82856cd8   gBAM_TI_dmaReadPyramidLKTrackerKernelHelperFunc
82856ce0   gBAM_TI_dmaWritePyramidLKTrackerKernelHelperFunc
82856ce8   gBAM_TI_dmaReadPyramidLKTrackerKernelExecFunc
82856d00   gBAM_TI_dmaWritePyramidLKTrackerKernelExecFunc
828570f8   gBAM_TI_lkIterativeLoopKernel
8285710c   gBAM_TI_lkIterativeLoopHelperFunc
82857114   gBAM_TI_lkIterativeLoopExecFunc
8285712c   SOFKeyPointMethos
82857138   gSelectListElem_BAM_TI_kernelDBdef
82857144   gBinToList_BAM_TI_kernelDBdef
82857168   gBAM_TI_kernelDBdef_binToList
82857198   gBAM_TI_kernelDBdef
828571a4   gYUV_PADDING_BAM_kernelDBdef
828571b0   gBAM_TI_nonMaxSuppress_mxn_S32_ExecFunc
828571c8   gBAM_TI_nonMaxSuppress_mxn_S32_binPack_ExecFunc
828571e0   gBAM_TI_nonMaxSuppress_mxn_S32_Kernel
828571f4   gBAM_TI_nonMaxSuppress_mxn_S32_binPack_Kernel
82857208   gBAM_TI_nonMaxSuppress_mxn_S32_HelperFunc
82857210   gBAM_TI_binImageToListKernel
82857224   gBAM_TI_binImageToListHelperFunc
8285722c   gBAM_TI_binaryMaskingKernel
82857240   gBAM_TI_binaryMaskingHelperFunc
82857248   gBAM_TI_blockAverage2x2Kernel
8285725c   gBAM_TI_blockAverage2x2HelperFunc
82857264   gBAM_TI_blockSortU32Kernel
82857278   gBAM_TI_blockSortU32HelperFunc
82857280   gBAM_TI_calcDeterminantTensorMatrixKernel
82857294   gBAM_TI_calcDeterminantTensorMatrixHelperFunc
8285729c   gBAM_TI_calcInverseStructureTensor2x2Kernel
828572b0   gBAM_TI_calcInverseStructureTensor2x2HelperFunc
828572b8   gBAM_TI_fast9Kernel
828572cc   gBAM_TI_fast9HelperFunc
828572d4   gBAM_TI_fast9scoreKernel
828572e8   gBAM_TI_fast9scoreHelperFunc
828572f0   gBAM_TI_gauss5x5PyramidKernel
82857304   gBAM_TI_gauss5x5PyramidHelperFunc
8285730c   gBAM_TI_generateListKernel
82857320   gBAM_TI_generateListHelperFunc
82857328   gBAM_TI_gradXYmagKernel
8285733c   gBAM_TI_gradXYmagHelperFunc
82857344   gBAM_TI_harrisScore_32_7x7_Kernel
82857358   gBAM_TI_harrisScore_32_7x7_HelperFunc
82857360   gBAM_TI_harrisScore_32_methodB_Kernel
82857374   gBAM_TI_harrisScore_32_methodB_HelperFunc
8285737c   gBAM_TI_horizontalnonmaxsuppressionKernel
82857390   gBAM_TI_horizontalnonmaxsuppressionHelperFunc
82857398   gBAM_TI_multiblockBilinearInterp7x7U8Kernel
828573ac   gBAM_TI_multiblockBilinearInterp7x7U8HelperFunc
828573b4   gBAM_TI_multiblockBilinearInterpIntlv7x7S16Kernel
828573c8   gBAM_TI_multiblockBilinearInterpIntlv7x7S16HelperFunc
828573d0   gBAM_TI_multiblockGradientXYKernel
828573e4   gBAM_TI_multiblockGradientXYHelperFunc
828573ec   gBAM_TI_natcBlockAverage2x2Kernel
82857400   gBAM_TI_natcBlockAverage2x2HelperFunc
82857408   gBAM_TI_natcGauss5x5PyramidKernel
8285741c   gBAM_TI_natcGauss5x5PyramidHelperFunc
82857424   gBAM_TI_natcGenerateListKernel
82857438   gBAM_TI_natcGenerateListHelperFunc
82857440   gBAM_TI_natcGradXYmagKernel
82857454   gBAM_TI_natcGradXYmagHelperFunc
8285745c   gBAM_TI_natcHarrisScore_32_7x7_Kernel
82857470   gBAM_TI_natcHarrisScore_32_7x7_HelperFunc
82857478   gBAM_TI_natcNonMaxSuppress_mxn_S32_Kernel
8285748c   gBAM_TI_natcNonMaxSuppress_mxn_S32_HelperFunc
82857494   gBAM_TI_prune_big_listKernel
828574a8   gBAM_TI_prune_big_listHelperFunc
828574b0   gBAM_TI_selecListElementsKernel
828574c4   gBAM_TI_selecListElementsHelperFunc
828574cc   gBAM_TI_tensorMatrix7x7S16GradKernel
828574e0   gBAM_TI_tensorMatrix7x7S16GradHelperFunc
828574e8   gBAM_TI_yuvLeftRightPaddingKernel
828574fc   gBAM_TI_yuvLeftRightPaddingHelperFunc
82857504   gBAM_TI_verticalnonmaxsuppressionKernel
82857518   gBAM_TI_verticalnonmaxsuppressionHelperFunc
82857520   gBAM_TI_weightComputationKernel
82857534   gBAM_TI_weightComputationHelperFunc
8285753c   gBAM_TI_binImageToListExecFunc
82857554   gBAM_TI_binaryMaskingExecFunc
8285756c   gBAM_TI_blockAverage2x2ExecFunc
82857584   gBAM_TI_blockSortU32ExecFunc
8285759c   gBAM_TI_calcDeterminantTensorMatrixExecFunc
828575b4   gBAM_TI_calcInverseStructureTensor2x2ExecFunc
828575cc   gBAM_TI_fast9ExecFunc
828575e4   gBAM_TI_fast9scoreExecFunc
828575fc   gBAM_TI_gauss5x5PyramidExecFunc
82857614   gBAM_TI_generateListExecFunc
8285762c   gBAM_TI_gradXYmagExecFunc
82857644   gBAM_TI_harrisScore_32_7x7_ExecFunc
8285765c   gBAM_TI_harrisScore_32_methodB_ExecFunc
82857674   gBAM_TI_horizontalnonmaxsuppressionExecFunc
8285768c   gBAM_TI_multiblockBilinearInterp7x7U8ExecFunc
828576a4   gBAM_TI_multiblockBilinearInterpIntlv7x7S16ExecFunc
828576bc   gBAM_TI_multiblockGradientXYExecFunc
828576d4   gBAM_TI_natcBlockAverage2x2ExecFunc
828576ec   gBAM_TI_natcGauss5x5PyramidExecFunc
82857704   gBAM_TI_natcGenerateListExecFunc
8285771c   gBAM_TI_natcGradXYmagExecFunc
82857734   gBAM_TI_natcHarrisScore_32_7x7_ExecFunc
8285774c   gBAM_TI_natcNonMaxSuppress_mxn_S32_ExecFunc
82857764   gBAM_TI_prune_big_listExecFunc
8285777c   gBAM_TI_selecListElementsExecFunc
82857794   gBAM_TI_tensorMatrix7x7S16GradExecFunc
828577ac   gBAM_TI_yuvLeftRightPaddingExecFunc
828577c4   gBAM_TI_verticalnonmaxsuppressionExecFunc
828577dc   gBAM_TI_weightComputationExecFunc
828577f4   _tmpnams
828578a0   _cleanup_ptr
828578a4   _dtors_ptr
828578b0   _ftable
82857a68   _lock
82857a6c   _unlock
82857a70   _ft_end
82857a74   errno
82857a88   _ctypes_
82857cf0   CRED_instVirtAddr
82857f70   gBAM_TI_dmaAutoIncrementReadKernel
82857f84   gBAM_TI_dmaAutoIncrementWriteKernel
82857f98   gBAM_TI_dmaReadAutoIncrementKernelHelperFunc
82857fa0   gBAM_TI_dmaWriteAutoIncrementKernelHelperFunc
82857fa8   gBAM_TI_dmaReadAutoIncrementKernelExecFunc
82857fc0   gBAM_TI_dmaWriteAutoIncrementKernelExecFunc
82857fd8   gBAM_TI_dmaOneShotReadKernel
82857fec   gBAM_TI_dmaOneShotWriteKernel
82858000   gBAM_TI_dmaReadOneShotKernelHelperFunc
82858008   gBAM_TI_dmaWriteOneShotKernelHelperFunc
82858010   gBAM_TI_dmaReadOneShotKernelExecFunc
82858028   gBAM_TI_dmaWriteOneShotKernelExecFunc
828580a4   __CIOBUF_
828581fc   gTest_TI_profileSctm
8285820c   memObj_DMEM
8285821c   __ctrl_vcop_foreach_multiblock_bilinear_interp_7x7_u8
ffffffff   __binit__
ffffffff   __c_args__
ffffffff   binit
UNDEFED    __TI_CINIT_Base
UNDEFED    __TI_CINIT_Limit
UNDEFED    __TI_Handler_Table_Base
UNDEFED    __TI_Handler_Table_Limit
UNDEFED    __TI_INITARRAY_Base
UNDEFED    __TI_INITARRAY_Limit

[737 symbols]
