******************************************************************************
                  TI ARM Linker Unix v5.2.5                    
******************************************************************************
>> Linked Fri Sep 18 12:50:22 2015

OUTPUT FILE NAME:   <bin/ti_platforms_evmDRA7XX_ipu2/messageq_multimulti.xem4>
ENTRY POINT SYMBOL: "ti_sysbios_family_arm_ducati_smp_Power_reset"  address: 00000011


MEMORY CONFIGURATION

         name            origin    length      used     unused   attr    fill
----------------------  --------  ---------  --------  --------  ----  --------
  L2_ROM                00000000   00004000  0000066c  00003994  RWIX
  EXT_CODE              00004000   005fc000  00017414  005e4bec  RW X
  L2_RAM                20000000   00010000  00000000  00010000  RWIX
  OCMC_RAM1             40300000   00080000  00000000  00080000  RWIX
  OCMC_RAM2             40400000   00100000  00000000  00100000  RWIX
  OCMC_RAM3             40500000   00100000  00000000  00100000  RWIX
  EXT_DATA              80000000   00600000  00086814  005797ec  RW  
  EXT_HEAP              80600000   02a00000  00000000  02a00000  RW  
  TRACE_BUF             9f000000   00060000  00008000  00058000  RW  
  EXC_DATA              9f060000   00010000  00000200  0000fe00  RW  
  PM_DATA               9f070000   00020000  0001027c  0000fd84  RW X


SEGMENT ALLOCATION MAP

run origin  load origin   length   init length attrs members
----------  ----------- ---------- ----------- ----- -------
00000000    00000000    000000e0   000000e0    r-x
  00000000    00000000    000000e0   000000e0    r-x .ducatiPowerBoot
00000400    00000400    00000140   00000140    r--
  00000400    00000400    00000140   00000140    r-- .resetVecs
00003000    00003000    0000044c   0000044c    rw-
  00003000    00003000    0000044c   0000044c    rw- .resource_table
00004000    00004000    00017420   00017420    r-x
  00004000    00004000    00005ecc   00005ecc    r-x .text.1
  00009ecc    00009ecc    00000004   00000004    r-- .const.1
  00009ed0    00009ed0    00000244   00000244    r-x .text.2
  0000a114    0000a114    00000004   00000004    r-- .const.2
  0000a118    0000a118    000006a4   000006a4    r-x .text.3
  0000a7bc    0000a7bc    00000004   00000004    r-- .const.3
  0000a7c0    0000a7c0    0000064c   0000064c    r-x .text.4
  0000ae0c    0000ae0c    00000004   00000004    r-- .const.4
  0000ae10    0000ae10    000005dc   000005dc    r-x .text.5
  0000b3ec    0000b3ec    00000004   00000004    r-- .const.5
  0000b3f0    0000b3f0    000001dc   000001dc    r-x .text.6
  0000b5cc    0000b5cc    00000004   00000004    r-- .const.6
  0000b5d0    0000b5d0    000001dc   000001dc    r-x .text.7
  0000b7ac    0000b7ac    00000004   00000004    r-- .const.7
  0000b7b0    0000b7b0    000006cc   000006cc    r-x .text.8
  0000be7c    0000be7c    00000004   00000004    r-- .const.8
  0000be80    0000be80    0000033c   0000033c    r-x .text.9
  0000c1bc    0000c1bc    00000004   00000004    r-- .const.9
  0000c1c0    0000c1c0    0000018c   0000018c    r-x .text.10
  0000c34c    0000c34c    00000004   00000004    r-- .const.10
  0000c350    0000c350    0000017c   0000017c    r-x .text.11
  0000c4cc    0000c4cc    00000004   00000004    r-- .const.11
  0000c4d0    0000c4d0    000002ec   000002ec    r-x .text.12
  0000c7bc    0000c7bc    00000004   00000004    r-- .const.12
  0000c7c0    0000c7c0    00000174   00000174    r-x .text.13
  0000c934    0000c934    00000004   00000004    r-- .const.13
  0000c938    0000c938    000002e4   000002e4    r-x .text.14
  0000cc1c    0000cc1c    00000004   00000004    r-- .const.14
  0000cc20    0000cc20    0000016c   0000016c    r-x .text.15
  0000cd8c    0000cd8c    00000004   00000004    r-- .const.15
  0000cd90    0000cd90    0000016c   0000016c    r-x .text.16
  0000cefc    0000cefc    00000004   00000004    r-- .const.16
  0000cf00    0000cf00    000002cc   000002cc    r-x .text.17
  0000d1cc    0000d1cc    00000004   00000004    r-- .const.17
  0000d1d0    0000d1d0    00000164   00000164    r-x .text.18
  0000d334    0000d334    00000004   00000004    r-- .const.18
  0000d338    0000d338    0000015c   0000015c    r-x .text.19
  0000d494    0000d494    00000004   00000004    r-- .const.19
  0000d498    0000d498    00000154   00000154    r-x .text.20
  0000d5ec    0000d5ec    00000004   00000004    r-- .const.20
  0000d5f0    0000d5f0    0000014c   0000014c    r-x .text.21
  0000d73c    0000d73c    00000004   00000004    r-- .const.21
  0000d740    0000d740    0000014c   0000014c    r-x .text.22
  0000d88c    0000d88c    00000004   00000004    r-- .const.22
  0000d890    0000d890    0000014c   0000014c    r-x .text.23
  0000d9dc    0000d9dc    00000004   00000004    r-- .const.23
  0000d9e0    0000d9e0    00000144   00000144    r-x .text.24
  0000db24    0000db24    00000004   00000004    r-- .const.24
  0000db28    0000db28    00000144   00000144    r-x .text.25
  0000dc6c    0000dc6c    00000004   00000004    r-- .const.25
  0000dc70    0000dc70    0000027c   0000027c    r-x .text.26
  0000deec    0000deec    00000004   00000004    r-- .const.26
  0000def0    0000def0    0000013c   0000013c    r-x .text.27
  0000e02c    0000e02c    00000004   00000004    r-- .const.27
  0000e030    0000e030    000003a4   000003a4    r-x .text.28
  0000e3d4    0000e3d4    00000004   00000004    r-- .const.28
  0000e3d8    0000e3d8    00000124   00000124    r-x .text.29
  0000e4fc    0000e4fc    00000004   00000004    r-- .const.29
  0000e500    0000e500    0000035c   0000035c    r-x .text.30
  0000e85c    0000e85c    00000004   00000004    r-- .const.30
  0000e860    0000e860    00000234   00000234    r-x .text.31
  0000ea94    0000ea94    00000004   00000004    r-- .const.31
  0000ea98    0000ea98    00000114   00000114    r-x .text.32
  0000ebac    0000ebac    00000004   00000004    r-- .const.32
  0000ebb0    0000ebb0    00000624   00000624    r-x .text.33
  0000f1d4    0000f1d4    00000004   00000004    r-- .const.33
  0000f1d8    0000f1d8    00000764   00000764    r-x .text.34
  0000f93c    0000f93c    00000004   00000004    r-- .const.34
  0000f940    0000f940    000004bc   000004bc    r-x .text.35
  0000fdfc    0000fdfc    00000004   00000004    r-- .const.35
  0000fe00    0000fe00    000000c4   000000c4    r-x .text.36
  0000fec4    0000fec4    00000004   00000004    r-- .const.36
  0000fec8    0000fec8    00000474   00000474    r-x .text.37
  0001033c    0001033c    00000004   00000004    r-- .const.37
  00010340    00010340    000000b4   000000b4    r-x .text.38
  000103f4    000103f4    00000004   00000004    r-- .const.38
  000103f8    000103f8    000000b4   000000b4    r-x .text.39
  000104ac    000104ac    00000004   00000004    r-- .const.39
  000104b0    000104b0    000000b4   000000b4    r-x .text.40
  00010564    00010564    00000004   00000004    r-- .const.40
  00010568    00010568    000000b4   000000b4    r-x .text.41
  0001061c    0001061c    00000004   00000004    r-- .const.41
  00010620    00010620    000000ac   000000ac    r-x .text.42
  000106cc    000106cc    00000004   00000004    r-- .const.42
  000106d0    000106d0    00000154   00000154    r-x .text.43
  00010824    00010824    00000004   00000004    r-- .const.43
  00010828    00010828    000001ec   000001ec    r-x .text.44
  00010a14    00010a14    00000004   00000004    r-- .const.44
  00010a18    00010a18    0000045c   0000045c    r-x .text.45
  00010e74    00010e74    00000004   00000004    r-- .const.45
  00010e78    00010e78    0000009c   0000009c    r-x .text.46
  00010f14    00010f14    00000004   00000004    r-- .const.46
  00010f18    00010f18    00000394   00000394    r-x .text.47
  000112ac    000112ac    00000004   00000004    r-- .const.47
  000112b0    000112b0    00000124   00000124    r-x .text.48
  000113d4    000113d4    00000004   00000004    r-- .const.48
  000113d8    000113d8    0000019c   0000019c    r-x .text.49
  00011574    00011574    00000004   00000004    r-- .const.49
  00011578    00011578    0000017c   0000017c    r-x .text.50
  000116f4    000116f4    00000004   00000004    r-- .const.50
  000116f8    000116f8    000005ac   000005ac    r-x .text.51
  00011ca4    00011ca4    00000004   00000004    r-- .const.51
  00011ca8    00011ca8    000004c4   000004c4    r-x .text.52
  0001216c    0001216c    00000004   00000004    r-- .const.52
  00012170    00012170    0000017c   0000017c    r-x .text.53
  000122ec    000122ec    00000004   00000004    r-- .const.53
  000122f0    000122f0    0000005c   0000005c    r-x .text.54
  0001234c    0001234c    00000004   00000004    r-- .const.54
  00012350    00012350    0000005c   0000005c    r-x .text.55
  000123ac    000123ac    00000004   00000004    r-- .const.55
  000123b0    000123b0    0000005c   0000005c    r-x .text.56
  0001240c    0001240c    00000004   00000004    r-- .const.56
  00012410    00012410    00000113   00000113    r-x .text.57
  00012524    00012524    00000004   00000004    r-- .const.57
  00012528    00012528    0000015c   0000015c    r-x .text.58
  00012684    00012684    00000004   00000004    r-- .const.58
  00012688    00012688    00000054   00000054    r-x .text.59
  000126dc    000126dc    00000004   00000004    r-- .const.59
  000126e0    000126e0    0000036c   0000036c    r-x .text.60
  00012a4c    00012a4c    00000004   00000004    r-- .const.60
  00012a50    00012a50    0000004c   0000004c    r-x .text.61
  00012a9c    00012a9c    00000004   00000004    r-- .const.61
  00012aa0    00012aa0    000000e4   000000e4    r-x .text.62
  00012b84    00012b84    00000004   00000004    r-- .const.62
  00012b88    00012b88    0000004c   0000004c    r-x .text.63
  00012bd4    00012bd4    00000004   00000004    r-- .const.63
  00012bd8    00012bd8    0000039c   0000039c    r-x .text.64
  00012f74    00012f74    00000004   00000004    r-- .const.64
  00012f78    00012f78    00000044   00000044    r-x .text.65
  00012fbc    00012fbc    00000004   00000004    r-- .const.65
  00012fc0    00012fc0    00000044   00000044    r-x .text.66
  00013004    00013004    00000004   00000004    r-- .const.66
  00013008    00013008    00000044   00000044    r-x .text.67
  0001304c    0001304c    00000004   00000004    r-- .const.67
  00013050    00013050    0000020c   0000020c    r-x .text.68
  0001325c    0001325c    00000004   00000004    r-- .const.68
  00013260    00013260    000004f4   000004f4    r-x .text.69
  00013754    00013754    00000004   00000004    r-- .const.69
  00013758    00013758    0000003c   0000003c    r-x .text.70
  00013794    00013794    00000004   00000004    r-- .const.70
  00013798    00013798    0000003c   0000003c    r-x .text.71
  000137d4    000137d4    00000004   00000004    r-- .const.71
  000137d8    000137d8    000000b4   000000b4    r-x .text.72
  0001388c    0001388c    00000004   00000004    r-- .const.72
  00013890    00013890    0000003c   0000003c    r-x .text.73
  000138cc    000138cc    00000004   00000004    r-- .const.73
  000138d0    000138d0    0000003c   0000003c    r-x .text.74
  0001390c    0001390c    00000004   00000004    r-- .const.74
  00013910    00013910    0000003c   0000003c    r-x .text.75
  0001394c    0001394c    00000004   00000004    r-- .const.75
  00013950    00013950    0000003c   0000003c    r-x .text.76
  0001398c    0001398c    00000004   00000004    r-- .const.76
  00013990    00013990    0000038c   0000038c    r-x .text.77
  00013d1c    00013d1c    00000004   00000004    r-- .const.77
  00013d20    00013d20    00000034   00000034    r-x .text.78
  00013d54    00013d54    00000004   00000004    r-- .const.78
  00013d58    00013d58    0000009c   0000009c    r-x .text.79
  00013df4    00013df4    00000004   00000004    r-- .const.79
  00013df8    00013df8    00000a84   00000a84    r-x .text.80
  0001487c    0001487c    00000004   00000004    r-- .const.80
  00014880    00014880    00000024   00000024    r-x .text.81
  000148a4    000148a4    00000004   00000004    r-- .const.81
  000148a8    000148a8    0000006c   0000006c    r-x .text.82
  00014914    00014914    00000004   00000004    r-- .const.82
  00014918    00014918    00000334   00000334    r-x .text.83
  00014c4c    00014c4c    00000004   00000004    r-- .const.83
  00014c50    00014c50    000002cc   000002cc    r-x .text.84
  00014f1c    00014f1c    00000004   00000004    r-- .const.84
  00014f20    00014f20    0000008c   0000008c    r-x .text.85
  00014fac    00014fac    00000004   00000004    r-- .const.85
  00014fb0    00014fb0    0000001c   0000001c    r-x .text.86
  00014fcc    00014fcc    00000004   00000004    r-- .const.86
  00014fd0    00014fd0    000002ec   000002ec    r-x .text.87
  000152bc    000152bc    00000004   00000004    r-- .const.87
  000152c0    000152c0    00000014   00000014    r-x .text.88
  000152d4    000152d4    00000004   00000004    r-- .const.88
  000152d8    000152d8    00000014   00000014    r-x .text.89
  000152ec    000152ec    00000004   00000004    r-- .const.89
  000152f0    000152f0    000000dc   000000dc    r-x .text.90
  000153cc    000153cc    00000004   00000004    r-- .const.90
  000153d0    000153d0    00000294   00000294    r-x .text.91
  00015664    00015664    00000004   00000004    r-- .const.91
  00015668    00015668    0000000c   0000000c    r-x .text.92
  00015674    00015674    00000004   00000004    r-- .const.92
  00015678    00015678    0000000c   0000000c    r-x .text.93
  00015684    00015684    00000004   00000004    r-- .const.93
  00015688    00015688    0000000c   0000000c    r-x .text.94
  00015694    00015694    00000004   00000004    r-- .const.94
  00015698    00015698    00000084   00000084    r-x .text.95
  0001571c    0001571c    00000004   00000004    r-- .const.95
  00015720    00015720    0000003c   0000003c    r-x .text.96
  0001575c    0001575c    00000004   00000004    r-- .const.96
  00015760    00015760    0000000c   0000000c    r-x .text.97
  0001576c    0001576c    00000004   00000004    r-- .const.97
  00015770    00015770    000000f2   000000f2    r-x .text.98
  00015864    00015864    00000004   00000004    r-- .const.98
  00015868    00015868    0000013c   0000013c    r-x .text.99
  000159a4    000159a4    00000004   00000004    r-- .const.99
  000159a8    000159a8    00000004   00000004    r-x .text.100
  000159ac    000159ac    00000004   00000004    r-- .const.100
  000159b0    000159b0    00000004   00000004    r-x .text.101
  000159b4    000159b4    00000004   00000004    r-- .const.101
  000159b8    000159b8    00000004   00000004    r-x .text.102
  000159bc    000159bc    00000004   00000004    r-- .const.102
  000159c0    000159c0    00000004   00000004    r-x .text.103
  000159c4    000159c4    00000004   00000004    r-- .const.103
  000159c8    000159c8    00000004   00000004    r-x .text.104
  000159cc    000159cc    00000004   00000004    r-- .const.104
  000159d0    000159d0    00000004   00000004    r-x .text.105
  000159d4    000159d4    00000004   00000004    r-- .const.105
  000159d8    000159d8    00000004   00000004    r-x .text.106
  000159dc    000159dc    00000004   00000004    r-- .const.106
  000159e0    000159e0    00000004   00000004    r-x .text.107
  000159e4    000159e4    00000004   00000004    r-- .const.107
  000159e8    000159e8    00000004   00000004    r-x .text.108
  000159ec    000159ec    00000004   00000004    r-- .const.108
  000159f0    000159f0    00000004   00000004    r-x .text.109
  000159f4    000159f4    00000004   00000004    r-- .const.109
  000159f8    000159f8    00000002   00000002    r-x .text.110
  000159fc    000159fc    00000004   00000004    r-- .const.110
  00015a00    00015a00    00000002   00000002    r-x .text.111
  00015a04    00015a04    00000004   00000004    r-- .const.111
  00015a08    00015a08    00000002   00000002    r-x .text.112
  00015a0c    00015a0c    00004301   00004301    r-- .const.112
  00019d10    00019d10    00001710   00001710    r-- .cinit
80000000    80000000    00086814   00000000    rw-
  80000000    80000000    00084160   00000000    rw- .bss
  80084160    80084160    000016b4   00000000    rw- .data
  80085814    80085814    00001000   00000000    rw- .stack
9f000000    9f000000    00008000   00000000    rw-
  9f000000    9f000000    00008000   00000000    rw- .tracebuf
9f060000    9f060000    00000200   00000000    rw-
  9f060000    9f060000    00000200   00000000    rw- .errorbuf
9f070000    9f070000    0001027c   00000000    rw-
  9f070000    9f070000    0001027c   00000000    rw- .ti_sysbios_family_arm_ducati_smp_Power


SECTION ALLOCATION MAP

 output                                  attributes/
section   page    origin      length       input sections
--------  ----  ----------  ----------   ----------------
.bss       0    80000000    00084160     UNINITIALIZED
                  80000000    00040000     messageq_multimulti_pem4.oem4 (.bss:ti_sysbios_heaps_HeapBuf_Instance_State_1_buf__A)
                  80040000    00020000     messageq_multimulti_pem4.oem4 (.bss:ti_sysbios_heaps_HeapBuf_Instance_State_0_buf__A)
                  80060000    00020000     messageq_multimulti_pem4.oem4 (.bss:ti_sysbios_heaps_HeapMem_Instance_State_0_buf__A)
                  80080000    00002000     messageq_multimulti_pem4.oem4 (.bss:taskStackSection)
                  80082000    00001000     messageq_multimulti_pem4.oem4 (.bss:ti_sysbios_family_arm_ducati_Core_Module_State_0_core1HwiStack__A)
                  80083000    00001000     sysbios.aem4 : BIOS.obj (.bss:ti_sysbios_family_arm_m3_Hwi_vnvic)
                  80084000    00000140     messageq_multimulti_pem4.oem4 (.bss:ti_sysbios_family_arm_m3_Hwi_dispatchTable)
                  80084140    00000004     (.common:endIdx$3)
                  80084144    00000004     (.common:startIdx$2)
                  80084148    00000004     (.common:ti_sysbios_knl_Swi_Instance_State_0_hookEnv__A)
                  8008414c    00000004     (.common:ti_sysbios_knl_Task_Instance_State_0_hookEnv__A)
                  80084150    00000004     (.common:ti_sysbios_knl_Task_Instance_State_1_hookEnv__A)
                  80084154    00000004     (.common:ti_sysbios_knl_Task_Instance_State_2_hookEnv__A)
                  80084158    00000004     (.common:ti_sysbios_knl_Task_Instance_State_3_hookEnv__A)
                  8008415c    00000004     (.common:timeStampSecCharLen$4)

.neardata 
*          0    80084160    00000000     UNINITIALIZED

.rodata    0    80084160    00000000     UNINITIALIZED

.stack     0    80085814    00001000     UNINITIALIZED
                  80085814    00001000     --HOLE--

.cinit     0    00019d10    00001710     
                  00019d10    000016bc     (.cinit..data.load) [load image]
                  0001b3cc    00000004     --HOLE-- [fill = 0]
                  0001b3d0    00000008     (.cinit..bss.load) [load image, compression = zero_init]
                  0001b3d8    00000008     (.cinit..errorbuf.load) [load image, compression = zero_init]
                  0001b3e0    00000008     (.cinit..ti_sysbios_family_arm_ducati_smp_Power.load) [load image, compression = zero_init]
                  0001b3e8    00000008     (.cinit..tracebuf.load) [load image, compression = zero_init]
                  0001b3f0    00000008     (__TI_handler_table)
                  0001b3f8    00000028     (__TI_cinit_table)

.init_array 
*          0    00004000    00000000     UNINITIALIZED

.bootVecs 
*          0    00000000    00000008     DSECT
                  00000000    00000008     boot.aem4 : boot.oem4 (.bootVecs)

.vecs      0    00000400    00000000     DSECT

.ducatiPowerBoot 
*          0    00000000    000000e0     
                  00000000    000000e0     sysbios.aem4 : smp_Power_resumeCpu.obj (.ducatiPowerBoot)

.resetVecs 
*          0    00000400    00000140     
                  00000400    00000140     messageq_multimulti_pem4.oem4 (.resetVecs)

.resource_table 
*          0    00003000    0000044c     
                  00003000    0000044c     messageq_multimulti_pem4.oem4 (.resource_table)

.tracebuf 
*          0    9f000000    00008000     UNINITIALIZED
                  9f000000    00008000     messageq_multimulti_pem4.oem4 (.tracebuf)

.errorbuf 
*          0    9f060000    00000200     UNINITIALIZED
                  9f060000    00000200     messageq_multimulti_pem4.oem4 (.errorbuf)

.ti_sysbios_family_arm_ducati_smp_Power 
*          0    9f070000    0001027c     UNINITIALIZED
                  9f070000    0001027c     sysbios.aem4 : BIOS.obj (.ti_sysbios_family_arm_ducati_smp_Power)

xdc.meta   0    00004000    00000121     COPY SECTION
                  00004000    00000121     messageq_multimulti_pem4.oem4 (xdc.meta)

.text.1    0    00004000    00005ecc     
                  00004000    000010a6     rtsv7M4_T_le_eabi.lib : _printfi.obj (.text)
                  000050a6    00000002                           : i_div0.obj (.text)
                  000050a8    0000077c     sysbios.aem4 : BIOS.obj (.text:ti_sysbios_family_arm_ducati_smp_Power_doSuspend__I)
                  00005824    00000734     ti.deh_vayu_smp.aem4 : Deh.oem4 (.text:ti_deh_Deh_excHandler__F)
                  00005f58    000005b4     ipc.aem4 : Ipc.obj (.text:RPMessage_send)
                  0000650c    00000004     messageq_multimulti_pem4.oem4 (.text:ti_sysbios_family_arm_m3_TaskSupport_Module__startupDone__S)
                  00006510    000004c0     ipc.aem4 : Ipc.obj (.text:ti_ipc_namesrv_NameServerRemoteRpmsg_get__F)
                  000069d0    000003f0              : Ipc.obj (.text:MessageQ_put)
                  00006dc0    00000394     sysbios.aem4 : BIOS.obj (.text:ti_sysbios_heaps_HeapBuf_Instance_init__E)
                  00007154    00000004     messageq_multimulti_pem4.oem4 (.text:ti_sysbios_family_shared_vayu_IntXbar_Module__startupDone__S)
                  00007158    00000370     ipc.aem4 : Ipc.obj (.text:NameServerRemote_processMessage)
                  000074c8    00000358              : Ipc.obj (.text:VirtQueue_create)
                  00007820    00000354     sysbios.aem4 : BIOS.obj (.text:ti_sysbios_knl_Task_schedule__I)
                  00007b74    0000034c     ti.targets.arm.rtsarm.aem4 : System.oem4 (.text:xdc_runtime_System_doPrint__I)
                  00007ec0    0000030c     ipc.aem4 : Ipc.obj (.text:RPMessage_swiFxn$15)
                  000081cc    00000004     messageq_multimulti_pem4.oem4 (.text:ti_sysbios_hal_ammu_AMMU_Module__startupDone__S)
                  000081d0    00000304     sysbios.aem4 : BIOS.obj (.text:ti_sysbios_knl_Semaphore_pend__E)
                  000084d4    00000004     ti.targets.arm.rtsarm.aem4 : Error.oem4 (.text:xdc_runtime_Error_getSite__E)
                  000084d8    000002f4     ipc.aem4 : Ipc.obj (.text:ti_sdo_ipc_family_vayu_NotifySetup_Module_startup__E)
                  000087cc    00000004     ti.targets.arm.rtsarm.aem4 : System.oem4 (.text:xdc_runtime_System_aprintf_va__F)
                  000087d0    000002d4     ipc.aem4 : Ipc.obj (.text:RPMessage_init)
                  00008aa4    00000004     ti.targets.arm.rtsarm.aem4 : System.oem4 (.text:xdc_runtime_System_printf_va__F)
                  00008aa8    00000298     ipc.aem4 : Ipc.obj (.text:VirtQueue_startup)
                  00008d40    00000298     messageq_multimulti.oem4 (.text:loopbackFxn)
                  00008fd8    00000294     ipc.aem4 : Ipc.obj (.text:NameServer_add)
                  0000926c    00000004     ti.targets.arm.rtsarm.aem4 : System.oem4 (.text:xdc_runtime_System_sprintf_va__F)
                  00009270    0000028c     ipc.aem4 : Ipc.obj (.text:RPMessage_create)
                  000094fc    00000004     messageq_multimulti_pem4.oem4 (.text:xdc_runtime_knl_GateThread_Module__startupDone__S)
                  00009500    00000284     ipc.aem4 : Ipc.obj (.text:transportCallbackFxn$8)
                  00009784    00000002     messageq_multimulti_pem4.oem4 (.text:ti_sysbios_BIOS_nullFunc__I)
                  00009786    00000002     ti.trace_smp.aem4 : SysMin.oem4 (.text:ti_trace_SysMin_flush__E)
                  00009788    0000027c     sysbios.aem4 : BIOS.obj (.text:ti_sysbios_knl_Task_Instance_finalize__E)
                  00009a04    00000274     ti.deh_vayu_smp.aem4 : Watchdog.oem4 (.text:ti_deh_Watchdog_init__F)
                  00009c78    00000254     sysbios.aem4 : BIOS.obj (.text:ti_sysbios_heaps_HeapMem_free__E)

.const.1   0    00009ecc    00000004     
                  00009ecc    00000004     messageq_multimulti_pem4.oem4 (.const:ti_ipc_namesrv_NameServerRemoteRpmsg_Module__diagsEnabled__C)

.text.2    0    00009ed0    00000244     
                  00009ed0    00000244     ipc.aem4 : Ipc.obj (.text:ti_ipc_transports_TransportRpmsg_Instance_init__E)

.const.2   0    0000a114    00000004     
                  0000a114    00000004     messageq_multimulti_pem4.oem4 (.const:ti_ipc_namesrv_NameServerRemoteRpmsg_Module__diagsIncluded__C)

.text.3    0    0000a118    000006a4     
                  0000a118    00000240     sysbios.aem4 : BIOS.obj (.text:ti_sysbios_heaps_HeapMem_alloc__E)
                  0000a358    0000023c     ipc.aem4 : Ipc.obj (.text:MessageQ_free)
                  0000a594    00000228     ti.trace_smp.aem4 : SysMin.oem4 (.text:ti_trace_SysMin_putch__E)

.const.3   0    0000a7bc    00000004     
                  0000a7bc    00000004     messageq_multimulti_pem4.oem4 (.const:ti_ipc_namesrv_NameServerRemoteRpmsg_Module__diagsMask__C)

.text.4    0    0000a7c0    0000064c     
                  0000a7c0    00000224     ipc.aem4 : Ipc.obj (.text:ti_sdo_ipc_MessageQ_Instance_init__E)
                  0000a9e4    0000021c     messageq_multimulti_pem4.oem4 (.text:xdc_runtime_System_printfExtend__I)
                  0000ac00    0000020c     sysbios.aem4 : BIOS.obj (.text:ti_sysbios_knl_Task_Instance_init__E)

.const.4   0    0000ae0c    00000004     
                  0000ae0c    00000004     messageq_multimulti_pem4.oem4 (.const:ti_ipc_namesrv_NameServerRemoteRpmsg_Module__loggerFxn1__C)

.text.5    0    0000ae10    000005dc     
                  0000ae10    000001fc     sysbios.aem4 : BIOS.obj (.text:ti_sysbios_heaps_HeapBuf_free__E)
                  0000b00c    000001f4     rtsv7M4_T_le_eabi.lib : ull_div_t2.obj (.text)
                  0000b200    000001ec     sysbios.aem4 : BIOS.obj (.text:ti_sysbios_hal_unicache_Cache_startup__I)

.const.5   0    0000b3ec    00000004     
                  0000b3ec    00000004     messageq_multimulti_pem4.oem4 (.const:ti_ipc_namesrv_NameServerRemoteRpmsg_Module__loggerFxn2__C)

.text.6    0    0000b3f0    000001dc     
                  0000b3f0    000001dc     ipc.aem4 : Ipc.obj (.text:IpcMgr_ipcStartup)

.const.6   0    0000b5cc    00000004     
                  0000b5cc    00000004     messageq_multimulti_pem4.oem4 (.const:ti_ipc_namesrv_NameServerRemoteRpmsg_Module__loggerFxn4__C)

.text.7    0    0000b5d0    000001dc     
                  0000b5d0    000001dc     sysbios.aem4 : BIOS.obj (.text:ti_sysbios_knl_Task_setPri__E)

.const.7   0    0000b7ac    00000004     
                  0000b7ac    00000004     messageq_multimulti_pem4.oem4 (.const:ti_ipc_namesrv_NameServerRemoteRpmsg_Module__loggerFxn8__C)

.text.8    0    0000b7b0    000006cc     
                  0000b7b0    000001b8     sysbios.aem4 : BIOS.obj (.text:ti_sysbios_gates_GateMutexPri_enter__E)
                  0000b968    000001b8                  : BIOS.obj (.text:ti_sysbios_knl_Task_startCore__E)
                  0000bb20    000001b6     rtsv7M4_T_le_eabi.lib : fd_add_t2.obj (.text)
                  0000bcd6    00000002     --HOLE-- [fill = 0]
                  0000bcd8    000001a4     ipc.aem4 : Ipc.obj (.text:ti_ipc_transports_TransportRpmsg_Instance_finalize__E)

.const.8   0    0000be7c    00000004     
                  0000be7c    00000004     messageq_multimulti_pem4.oem4 (.const:ti_ipc_namesrv_NameServerRemoteRpmsg_Module__loggerObj__C)

.text.9    0    0000be80    0000033c     
                  0000be80    000001a0     sysbios.aem4 : BIOS.obj (.text:ti_sysbios_knl_Swi_run__I)
                  0000c020    0000019c                  : BIOS.obj (.text:ti_sysbios_family_arm_m3_Hwi_clearInterrupt__E)

.const.9   0    0000c1bc    00000004     
                  0000c1bc    00000004     messageq_multimulti_pem4.oem4 (.const:ti_ipc_namesrv_NameServerRemoteRpmsg_timeout__C)

.text.10   0    0000c1c0    0000018c     
                  0000c1c0    0000018c     sysbios.aem4 : BIOS.obj (.text:ti_sysbios_timers_dmtimer_Timer_checkFreq__I)

.const.10 
*          0    0000c34c    00000004     
                  0000c34c    00000004     messageq_multimulti_pem4.oem4 (.const:ti_ipc_transports_TransportRpmsgSetup_Module__diagsEnabled__C)

.text.11   0    0000c350    0000017c     
                  0000c350    0000017c     ipc.aem4 : Ipc.obj (.text:VirtQueue_isr)

.const.11 
*          0    0000c4cc    00000004     
                  0000c4cc    00000004     messageq_multimulti_pem4.oem4 (.const:ti_ipc_transports_TransportRpmsgSetup_Module__diagsIncluded__C)

.text.12   0    0000c4d0    000002ec     
                  0000c4d0    00000178     ipc.aem4 : Ipc.obj (.text:ti_sdo_ipc_MessageQ_registerTransport__F)
                  0000c648    00000174              : Ipc.obj (.text:ti_sdo_utils_NameServer_registerRemoteDriver__E)

.const.12 
*          0    0000c7bc    00000004     
                  0000c7bc    00000004     messageq_multimulti_pem4.oem4 (.const:ti_ipc_transports_TransportRpmsgSetup_Module__diagsMask__C)

.text.13   0    0000c7c0    00000174     
                  0000c7c0    00000174     sysbios.aem4 : BIOS.obj (.text:ti_sysbios_family_arm_ducati_Core_hwiFunc__I)

.const.13 
*          0    0000c934    00000004     
                  0000c934    00000004     messageq_multimulti_pem4.oem4 (.const:ti_ipc_transports_TransportRpmsgSetup_Module__loggerFxn2__C)

.text.14   0    0000c938    000002e4     
                  0000c938    00000174     sysbios.aem4 : BIOS.obj (.text:ti_sysbios_family_arm_m3_Hwi_excBusFault__I)
                  0000caac    00000170     ti.pm_smp_vayu.aem4 : IpcPower.oem4 (.text:IpcPower_registerCallback)

.const.14 
*          0    0000cc1c    00000004     
                  0000cc1c    00000004     messageq_multimulti_pem4.oem4 (.const:ti_ipc_transports_TransportRpmsgSetup_Module__loggerObj__C)

.text.15   0    0000cc20    0000016c     
                  0000cc20    0000016c     ipc.aem4 : Ipc.obj (.text:ti_sdo_ipc_MessageQ_unregisterTransport__F)

.const.15 
*          0    0000cd8c    00000004     
                  0000cd8c    00000004     messageq_multimulti_pem4.oem4 (.const:ti_ipc_transports_TransportRpmsg_Module__diagsEnabled__C)

.text.16   0    0000cd90    0000016c     
                  0000cd90    0000016c     sysbios.aem4 : BIOS.obj (.text:ti_sysbios_family_arm_m3_Hwi_updateNvic__I)

.const.16 
*          0    0000cefc    00000004     
                  0000cefc    00000004     messageq_multimulti_pem4.oem4 (.const:ti_ipc_transports_TransportRpmsg_Module__diagsIncluded__C)

.text.17   0    0000cf00    000002cc     
                  0000cf00    00000168     sysbios.aem4 : BIOS.obj (.text:ti_sysbios_heaps_HeapBuf_alloc__E)
                  0000d068    00000164     ipc.aem4 : Ipc.obj (.text:sendMessage$14)

.const.17 
*          0    0000d1cc    00000004     
                  0000d1cc    00000004     messageq_multimulti_pem4.oem4 (.const:ti_ipc_transports_TransportRpmsg_Module__diagsMask__C)

.text.18   0    0000d1d0    00000164     
                  0000d1d0    00000164     ipc.aem4 : Ipc.obj (.text:ti_sdo_utils_NameServer_unregisterRemoteDriver__E)

.const.18 
*          0    0000d334    00000004     
                  0000d334    00000004     messageq_multimulti_pem4.oem4 (.const:ti_ipc_transports_TransportRpmsg_Module__loggerFxn1__C)

.text.19   0    0000d338    0000015c     
                  0000d338    0000015c     sysbios.aem4 : BIOS.obj (.text:ti_sysbios_family_arm_m3_Hwi_Module_startup__E)

.const.19 
*          0    0000d494    00000004     
                  0000d494    00000004     messageq_multimulti_pem4.oem4 (.const:ti_ipc_transports_TransportRpmsg_Module__loggerFxn2__C)

.text.20   0    0000d498    00000154     
                  0000d498    00000154     sysbios.aem4 : BIOS.obj (.text:ti_sysbios_family_arm_m3_Hwi_excUsageFault__I)

.const.20 
*          0    0000d5ec    00000004     
                  0000d5ec    00000004     messageq_multimulti_pem4.oem4 (.const:ti_ipc_transports_TransportRpmsg_Module__loggerFxn4__C)

.text.21   0    0000d5f0    0000014c     
                  0000d5f0    0000014c     ipc.aem4 : Ipc.obj (.text:MessageQ_alloc)

.const.21 
*          0    0000d73c    00000004     
                  0000d73c    00000004     messageq_multimulti_pem4.oem4 (.const:ti_ipc_transports_TransportRpmsg_Module__loggerFxn8__C)

.text.22   0    0000d740    0000014c     
                  0000d740    0000014c     ipc.aem4 : Ipc.obj (.text:ti_sdo_ipc_MessageQ_Instance_finalize__E)

.const.22 
*          0    0000d88c    00000004     
                  0000d88c    00000004     messageq_multimulti_pem4.oem4 (.const:ti_ipc_transports_TransportRpmsg_Module__loggerObj__C)

.text.23   0    0000d890    0000014c     
                  0000d890    0000014c     sysbios.aem4 : BIOS.obj (.text:ti_sysbios_family_shared_vayu_IntXbar_connect__E)

.const.23 
*          0    0000d9dc    00000004     
                  0000d9dc    00000004     messageq_multimulti_pem4.oem4 (.const:ti_sdo_ipc_MessageQ_A_cannotFreeStaticMsg__C)

.text.24   0    0000d9e0    00000144     
                  0000d9e0    00000144     ipc.aem4 : Ipc.obj (.text:ti_sdo_ipc_family_vayu_InterruptIpu_intRegister__E)

.const.24 
*          0    0000db24    00000004     
                  0000db24    00000004     messageq_multimulti_pem4.oem4 (.const:ti_sdo_ipc_MessageQ_A_heapIdInvalid__C)

.text.25   0    0000db28    00000144     
                  0000db28    00000144     sysbios.aem4 : BIOS.obj (.text:ti_sysbios_knl_Semaphore_post__E)

.const.25 
*          0    0000dc6c    00000004     
                  0000dc6c    00000004     messageq_multimulti_pem4.oem4 (.const:ti_sdo_ipc_MessageQ_A_invalidMsg__C)

.text.26   0    0000dc70    0000027c     
                  0000dc70    00000140     sysbios.aem4 : BIOS.obj (.text:ti_sysbios_knl_Clock_workFunc__E)
                  0000ddb0    0000013c                  : BIOS.obj (.text:ti_sysbios_family_arm_m3_Hwi_dispatchC__I)

.const.26 
*          0    0000deec    00000004     
                  0000deec    00000004     messageq_multimulti_pem4.oem4 (.const:ti_sdo_ipc_MessageQ_A_invalidObj__C)

.text.27   0    0000def0    0000013c     
                  0000def0    0000013c     sysbios.aem4 : BIOS.obj (.text:ti_sysbios_heaps_HeapMem_Instance_init__E)

.const.27 
*          0    0000e02c    00000004     
                  0000e02c    00000004     messageq_multimulti_pem4.oem4 (.const:ti_sdo_ipc_MessageQ_A_invalidQueueId__C)

.text.28   0    0000e030    000003a4     
                  0000e030    00000138     sysbios.aem4 : BIOS.obj (.text:ti_sysbios_family_arm_m3_Hwi_excMemFault__I)
                  0000e168    00000136     rtsv7M4_T_le_eabi.lib : fd_div_t2.obj (.text)
                  0000e29e    00000002     --HOLE-- [fill = 0]
                  0000e2a0    00000134     ipc.aem4 : Ipc.obj (.text:ti_sdo_ipc_family_vayu_InterruptIpu_intSend__E)

.const.28 
*          0    0000e3d4    00000004     
                  0000e3d4    00000004     messageq_multimulti_pem4.oem4 (.const:ti_sdo_ipc_MessageQ_A_procIdInvalid__C)

.text.29   0    0000e3d8    00000124     
                  0000e3d8    00000124     ipc.aem4 : Ipc.obj (.text:MessageQ_get)

.const.29 
*          0    0000e4fc    00000004     
                  0000e4fc    00000004     messageq_multimulti_pem4.oem4 (.const:ti_sdo_ipc_MessageQ_A_unregisteredTransport__C)

.text.30   0    0000e500    0000035c     
                  0000e500    00000120     ipc.aem4 : Ipc.obj (.text:NameServer_getLocal)
                  0000e620    00000120     sysbios.aem4 : BIOS.obj (.text:ti_sysbios_timers_dmtimer_Timer_deviceConfig__I)
                  0000e740    0000011c     ipc.aem4 : Ipc.obj (.text:VirtQueue_kick)

.const.30 
*          0    0000e85c    00000004     
                  0000e85c    00000004     messageq_multimulti_pem4.oem4 (.const:ti_sdo_ipc_MessageQ_E_indexNotAvailable__C)

.text.31   0    0000e860    00000234     
                  0000e860    0000011c     sysbios.aem4 : BIOS.obj (.text:ti_sysbios_hal_unicache_Cache_inv__E)
                  0000e97c    00000118     ti.targets.arm.rtsarm.aem4 : Error.oem4 (.text:xdc_runtime_Error_policyDefault__E)

.const.31 
*          0    0000ea94    00000004     
                  0000ea94    00000004     messageq_multimulti_pem4.oem4 (.const:ti_sdo_ipc_MessageQ_E_maxReached__C)

.text.32   0    0000ea98    00000114     
                  0000ea98    00000114     ipc.aem4 : Ipc.obj (.text:ti_ipc_transports_TransportRpmsg_put__E)

.const.32 
*          0    0000ebac    00000004     
                  0000ebac    00000004     messageq_multimulti_pem4.oem4 (.const:ti_sdo_ipc_MessageQ_E_nameFailed__C)

.text.33   0    0000ebb0    00000624     
                  0000ebb0    00000110     ipc.aem4 : Ipc.obj (.text:callback_availBufReady$15)
                  0000ecc0    00000110     rtsv7M4_T_le_eabi.lib : xdscale.obj (.text)
                  0000edd0    00000108     ipc.aem4 : Ipc.obj (.text:ti_sdo_ipc_family_vayu_InterruptIpu_intClear__E)
                  0000eed8    00000100     sysbios.aem4 : BIOS.obj (.text:ti_sysbios_knl_Swi_Instance_init__E)
                  0000efd8    00000100     ti.targets.arm.rtsarm.aem4 : Core-mem.oem4 (.text:xdc_runtime_Core_createObject__I)
                  0000f0d8    000000fc     rtsv7M4_T_le_eabi.lib : fd_mul_t2.obj (.text)

.const.33 
*          0    0000f1d4    00000004     
                  0000f1d4    00000004     messageq_multimulti_pem4.oem4 (.const:ti_sdo_ipc_MessageQ_Instance_State_highList__O)

.text.34   0    0000f1d8    00000764     
                  0000f1d8    000000f8     sysbios.aem4 : BIOS.obj (.text:ti_sysbios_family_arm_ducati_Core_core1Startup__I)
                  0000f2d0    000000f8                  : BIOS.obj (.text:ti_sysbios_knl_Swi_post__E)
                  0000f3c8    000000f8                  : BIOS.obj (.text:ti_sysbios_knl_Task_postInit__I)
                  0000f4c0    000000f8     ti.targets.arm.rtsarm.aem4 : Log.oem4 (.text:xdc_runtime_Log_doPrint__E)
                  0000f5b8    000000f8                                : Startup.oem4 (.text:xdc_runtime_Startup_startMods__I)
                  0000f6b0    000000e8     ti.deh_vayu_smp.aem4 : StackDbg.oem4 (.text:ti_deh_StackDbg_walkStack__F)
                  0000f798    000000d4     sysbios.aem4 : BIOS.obj (.text:ti_sysbios_family_arm_ducati_Core_atexit__I)
                  0000f86c    000000d0                  : m3_Hwi_asm.obj (.text:ti_sysbios_family_arm_m3_Hwi_dispatch__I)

.const.34 
*          0    0000f93c    00000004     
                  0000f93c    00000004     messageq_multimulti_pem4.oem4 (.const:ti_sdo_ipc_MessageQ_Instance_State_normalList__O)

.text.35   0    0000f940    000004bc     
                  0000f940    000000d0     sysbios.aem4 : BIOS.obj (.text:ti_sysbios_knl_Task_unblockI__E)
                  0000fa10    000000cc     messageq_multimulti_pem4.oem4 (.text:ti_sysbios_BIOS_rtsUnlock__I)
                  0000fadc    000000cc     ti.targets.arm.rtsarm.aem4 : Core-smem.oem4 (.text:xdc_runtime_Core_constructObject__I)
                  0000fba8    000000c8     ipc.aem4 : Ipc.obj (.text:ti_ipc_transports_TransportRpmsgSetup_attach__E)
                  0000fc70    000000c8     sysbios.aem4 : BIOS.obj (.text:ti_sysbios_timers_dmtimer_Timer_setPeriodMicroSecs__E)
                  0000fd38    000000c4     ipc.aem4 : Ipc.obj (.text:MultiProc_getId)

.const.35 
*          0    0000fdfc    00000004     
                  0000fdfc    00000004     messageq_multimulti_pem4.oem4 (.const:ti_sdo_ipc_MessageQ_LM_free__C)

.text.36   0    0000fe00    000000c4     
                  0000fe00    000000c4     sysbios.aem4 : BIOS.obj (.text:ti_sysbios_knl_Task_exit__E)

.const.36 
*          0    0000fec4    00000004     
                  0000fec4    00000004     messageq_multimulti_pem4.oem4 (.const:ti_sdo_ipc_MessageQ_LM_get__C)

.text.37   0    0000fec8    00000474     
                  0000fec8    000000c0     ipc.aem4 : Ipc.obj (.text:ti_ipc_namesrv_NameServerRemoteRpmsg_detach__E)
                  0000ff88    000000c0     sysbios.aem4 : BIOS.obj (.text:ti_sysbios_family_arm_m3_Hwi_initNVIC__E)
                  00010048    000000c0                  : BIOS.obj (.text:ti_sysbios_gates_GateMutex_enter__E)
                  00010108    000000be     ti.deh_vayu_smp.aem4 : Deh.oem4 (.text:printStackEntry)
                  000101c6    000000be     rtsv7M4_T_le_eabi.lib : xdnorm.obj (.text)
                  00010284    000000b8     ti.deh_vayu_smp.aem4 : StackDbg.oem4 (.text:__decode_bl32)

.const.37 
*          0    0001033c    00000004     
                  0001033c    00000004     messageq_multimulti_pem4.oem4 (.const:ti_sdo_ipc_MessageQ_LM_putLocal__C)

.text.38   0    00010340    000000b4     
                  00010340    000000b4     sysbios.aem4 : BIOS.obj (.text:ti_sysbios_family_arm_m3_Hwi_excDebugMon__I)

.const.38 
*          0    000103f4    00000004     
                  000103f4    00000004     messageq_multimulti_pem4.oem4 (.const:ti_sdo_ipc_MessageQ_Module__diagsEnabled__C)

.text.39   0    000103f8    000000b4     
                  000103f8    000000b4     sysbios.aem4 : BIOS.obj (.text:ti_sysbios_family_arm_m3_Hwi_excHardFault__I)

.const.39 
*          0    000104ac    00000004     
                  000104ac    00000004     messageq_multimulti_pem4.oem4 (.const:ti_sdo_ipc_MessageQ_Module__diagsIncluded__C)

.text.40   0    000104b0    000000b4     
                  000104b0    000000b4     sysbios.aem4 : BIOS.obj (.text:ti_sysbios_family_shared_vayu_IntXbar_initXbarRegs__I)

.const.40 
*          0    00010564    00000004     
                  00010564    00000004     messageq_multimulti_pem4.oem4 (.const:ti_sdo_ipc_MessageQ_Module__diagsMask__C)

.text.41   0    00010568    000000b4     
                  00010568    000000b4     sysbios.aem4 : BIOS.obj (.text:ti_sysbios_knl_Task_checkStacks__E)

.const.41 
*          0    0001061c    00000004     
                  0001061c    00000004     messageq_multimulti_pem4.oem4 (.const:ti_sdo_ipc_MessageQ_Module__loggerFxn4__C)

.text.42   0    00010620    000000ac     
                  00010620    000000ac     ipc.aem4 : Ipc.obj (.text:ti_sdo_utils_NameServer_Module_startup__E)

.const.42 
*          0    000106cc    00000004     
                  000106cc    00000004     messageq_multimulti_pem4.oem4 (.const:ti_sdo_ipc_MessageQ_Module__loggerObj__C)

.text.43   0    000106d0    00000154     
                  000106d0    000000ac     sysbios.aem4 : BIOS.obj (.text:ti_sysbios_family_arm_ducati_GateSmp_enter__E)
                  0001077c    000000a8     ti.deh_vayu_smp.aem4 : Deh.oem4 (.text:dump_hex)

.const.43 
*          0    00010824    00000004     
                  00010824    00000004     messageq_multimulti_pem4.oem4 (.const:ti_sdo_ipc_MessageQ_Object__count__C)

.text.44   0    00010828    000001ec     
                  00010828    000000a8     ipc.aem4 : Ipc.obj (.text:ti_ipc_namesrv_NameServerRemoteRpmsg_Instance_init__E)
                  000108d0    000000a4     sysbios.aem4 : BIOS.obj (.text:ti_sysbios_family_arm_ducati_GateSmp_sync__E)
                  00010974    000000a0     auto_init.aem4 : auto_init.oem4 (.text)

.const.44 
*          0    00010a14    00000004     
                  00010a14    00000004     messageq_multimulti_pem4.oem4 (.const:ti_sdo_ipc_MessageQ_Object__heap__C)

.text.45   0    00010a18    0000045c     
                  00010a18    000000a0     ipc.aem4 : Ipc.obj (.text:ti_ipc_namesrv_NameServerRemoteRpmsg_attach__E)
                  00010ab8    000000a0              : Ipc.obj (.text:ti_sdo_ipc_family_vayu_NotifySetup_dispatchIsr__I)
                  00010b58    000000a0     sysbios.aem4 : BIOS.obj (.text:ti_sysbios_gates_GateSwi_enter__E)
                  00010bf8    000000a0                  : BIOS.obj (.text:ti_sysbios_knl_Swi_Instance_finalize__E)
                  00010c98    000000a0                  : BIOS.obj (.text:ti_sysbios_knl_Task_Module_startup__E)
                  00010d38    000000a0     ti.targets.arm.rtsarm.aem4 : Text.oem4 (.text:xdc_runtime_Text_putMod__E)
                  00010dd8    0000009c     rtsv7M4_T_le_eabi.lib : memcpy_t2.obj (.text)

.const.45 
*          0    00010e74    00000004     
                  00010e74    00000004     messageq_multimulti_pem4.oem4 (.const:ti_sdo_ipc_MessageQ_Object__table__C)

.text.46   0    00010e78    0000009c     
                  00010e78    0000009c     ipc.aem4 : Ipc.obj (.text:ti_sdo_ipc_family_vayu_NotifySetup_plugHwi__F)

.const.46 
*          0    00010f14    00000004     
                  00010f14    00000004     messageq_multimulti_pem4.oem4 (.const:ti_sdo_ipc_MessageQ_maxRuntimeEntries__C)

.text.47   0    00010f18    00000394     
                  00010f18    0000009c     sysbios.aem4 : BIOS.obj (.text:ti_sysbios_knl_Semaphore_Instance_init__E)
                  00010fb4    0000009a     ti.targets.arm.rtsarm.aem4 : Text.oem4 (.text:xdc_runtime_Text_putSite__E)
                  0001104e    00000002     --HOLE-- [fill = 0]
                  00011050    00000098     ipc.aem4 : Ipc.obj (.text:MessageQ_create)
                  000110e8    00000098              : Ipc.obj (.text:ti_sdo_ipc_family_vayu_InterruptIpu_intEnable__E)
                  00011180    00000098     sysbios.aem4 : BIOS.obj (.text:ti_sysbios_syncs_SyncSem_Instance_init__E)
                  00011218    00000094                  : BIOS.obj (.text:ti_sysbios_family_arm_m3_Hwi_Instance_init__E)

.const.47 
*          0    000112ac    00000004     
                  000112ac    00000004     messageq_multimulti_pem4.oem4 (.const:ti_sdo_ipc_MessageQ_numReservedEntries__C)

.text.48   0    000112b0    00000124     
                  000112b0    00000094     sysbios.aem4 : BIOS.obj (.text:ti_sysbios_knl_Task_blockI__E)
                  00011344    00000090     messageq_multimulti.oem4 (.text:main)

.const.48 
*          0    000113d4    00000004     
                  000113d4    00000004     messageq_multimulti_pem4.oem4 (.const:ti_sdo_ipc_family_vayu_InterruptIpu_Module__diagsEnabled__C)

.text.49   0    000113d8    0000019c     
                  000113d8    00000090     sysbios.aem4 : BIOS.obj (.text:ti_sysbios_timers_dmtimer_Timer_start__E)
                  00011468    00000086     rtsv7M4_T_le_eabi.lib : fd_cmp_t2.obj (.text:__aeabi_cdcmple)
                  000114ee    00000086                           : fd_cmp_t2.obj (.text:__aeabi_cdrcmple)

.const.49 
*          0    00011574    00000004     
                  00011574    00000004     messageq_multimulti_pem4.oem4 (.const:ti_sdo_ipc_family_vayu_InterruptIpu_Module__diagsIncluded__C)

.text.50   0    00011578    0000017c     
                  00011578    00000080     sysbios.aem4 : BIOS.obj (.text:ti_sysbios_family_shared_vayu_IntXbar_initIntXbar__I)
                  000115f8    00000080                  : BIOS.obj (.text:ti_sysbios_knl_Swi_Module_startup__E)
                  00011678    0000007c     ipc.aem4 : Ipc.obj (.text:NameServer_getHandle)

.const.50 
*          0    000116f4    00000004     
                  000116f4    00000004     messageq_multimulti_pem4.oem4 (.const:ti_sdo_ipc_family_vayu_InterruptIpu_Module__diagsMask__C)

.text.51   0    000116f8    000005ac     
                  000116f8    0000007c     ipc.aem4 : Ipc.obj (.text:ti_sdo_ipc_MessageQ_Module_startup__E)
                  00011774    0000007a     rtsv7M4_T_le_eabi.lib : memset_t2.obj (.text)
                  000117ee    00000002     --HOLE-- [fill = 0]
                  000117f0    00000078     sysbios.aem4 : BIOS.obj (.text:ti_sysbios_gates_GateMutexPri_leave__E)
                  00011868    00000070     messageq_multimulti_pem4.oem4 (.text:ti_ipc_transports_TransportRpmsg_Object__create__S)
                  000118d8    00000070     sysbios.aem4 : BIOS.obj (.text:ti_sysbios_family_arm_m3_Hwi_disableInterrupt__E)
                  00011948    00000070                  : BIOS.obj (.text:ti_sysbios_family_arm_m3_Hwi_enableInterrupt__E)
                  000119b8    0000006e     ti.deh_vayu_smp.aem4 : Watchdog.oem4 (.text:initTimer)
                  00011a26    00000002     --HOLE-- [fill = 0]
                  00011a28    0000006c     sysbios.aem4 : BIOS.obj (.text:ti_sysbios_family_arm_ducati_Timer_Module_startup__E)
                  00011a94    0000006c     ti.targets.arm.rtsarm.aem4 : Error.oem4 (.text:xdc_runtime_Error_print__E)
                  00011b00    0000006c                                : Memory.oem4 (.text:xdc_runtime_Memory_alloc__E)
                  00011b6c    00000068     messageq_multimulti_pem4.oem4 (.text:ti_ipc_transports_TransportRpmsg_create)
                  00011bd4    00000068     messageq_multimulti_pem4.oem4 (.text:ti_sysbios_family_arm_m3_Hwi_create)
                  00011c3c    00000068     messageq_multimulti_pem4.oem4 (.text:ti_sysbios_heaps_HeapBuf_Object__create__S)

.const.51 
*          0    00011ca4    00000004     
                  00011ca4    00000004     messageq_multimulti_pem4.oem4 (.const:ti_sdo_ipc_family_vayu_InterruptIpu_ducatiCtrlBaseAddr__C)

.text.52   0    00011ca8    000004c4     
                  00011ca8    00000068     sysbios.aem4 : BIOS.obj (.text:ti_sysbios_knl_Swi_restoreHwi__E)
                  00011d10    00000068     messageq_multimulti_pem4.oem4 (.text:ti_sysbios_syncs_SyncSem_Object__create__S)
                  00011d78    00000068     sysbios.aem4 : BIOS.obj (.text:ti_sysbios_timers_dmtimer_Timer_getHandle__E)
                  00011de0    00000068                  : BIOS.obj (.text:ti_sysbios_timers_dmtimer_Timer_initDevice__I)
                  00011e48    00000068     messageq_multimulti_pem4.oem4 (.text:xdc_runtime_knl_GateThread_Object__create__S)
                  00011eb0    00000066     rtsv7M4_T_le_eabi.lib : xdunscal.obj (.text)
                  00011f16    00000066     ti.targets.arm.rtsarm.aem4 : Core-mem.oem4 (.text:xdc_runtime_Core_deleteObject__I)
                  00011f7c    00000064     messageq_multimulti_pem4.oem4 (.text:ti_sdo_ipc_MessageQ_create)
                  00011fe0    00000064     messageq_multimulti_pem4.oem4 (.text:ti_sysbios_knl_Swi_create)
                  00012044    00000064     messageq_multimulti_pem4.oem4 (.text:ti_sysbios_knl_Task_create)
                  000120a8    00000064     ti.targets.arm.rtsarm.aem4 : System.oem4 (.text:xdc_runtime_System_formatNum__I)
                  0001210c    00000060     rtsv7M4_T_le_eabi.lib : sprintf.obj (.text)

.const.52 
*          0    0001216c    00000004     
                  0001216c    00000004     messageq_multimulti_pem4.oem4 (.const:ti_sdo_ipc_family_vayu_InterruptIpu_ipu1_0ProcId__C)

.text.53   0    00012170    0000017c     
                  00012170    00000060     sysbios.aem4 : BIOS.obj (.text:ti_sysbios_knl_Clock_logTick__E)
                  000121d0    00000060     messageq_multimulti_pem4.oem4 (.text:ti_sysbios_syncs_SyncSem_create)
                  00012230    00000060     messageq_multimulti_pem4.oem4 (.text:xdc_runtime_knl_GateThread_create)
                  00012290    0000005c     ti.deh_vayu_smp.aem4 : Watchdog.oem4 (.text:ti_deh_Watchdog_restore__I)

.const.53 
*          0    000122ec    00000004     
                  000122ec    00000004     messageq_multimulti_pem4.oem4 (.const:ti_sdo_ipc_family_vayu_InterruptIpu_ipu1_1ProcId__C)

.text.54   0    000122f0    0000005c     
                  000122f0    0000005c     sysbios.aem4 : BIOS.obj (.text:ti_sysbios_family_arm_ducati_smp_Power_taskFxnCore1__I)

.const.54 
*          0    0001234c    00000004     
                  0001234c    00000004     messageq_multimulti_pem4.oem4 (.const:ti_sdo_ipc_family_vayu_InterruptIpu_ipu2_0ProcId__C)

.text.55   0    00012350    0000005c     
                  00012350    0000005c     sysbios.aem4 : BIOS.obj (.text:ti_sysbios_family_arm_m3_Hwi_postInit__I)

.const.55 
*          0    000123ac    00000004     
                  000123ac    00000004     messageq_multimulti_pem4.oem4 (.const:ti_sdo_ipc_family_vayu_InterruptIpu_ipu2_1ProcId__C)

.text.56   0    000123b0    0000005c     
                  000123b0    0000005c     sysbios.aem4 : BIOS.obj (.text:ti_sysbios_knl_Swi_schedule__I)

.const.56 
*          0    0001240c    00000004     
                  0001240c    00000004     messageq_multimulti_pem4.oem4 (.const:ti_sdo_ipc_interfaces_IMessageQTransport_Interface__BASE__C)

.text.57   0    00012410    00000113     
                  00012410    0000005c     sysbios.aem4 : BIOS.obj (.text:ti_sysbios_knl_Task_block__E)
                  0001246c    0000005c     ti.targets.arm.rtsarm.aem4 : Registry.oem4 (.text:xdc_runtime_Registry_addModule__E)
                  000124c8    0000005b                                : Text.oem4 (.text:xdc_runtime_Text_putLab__E)

.const.57 
*          0    00012524    00000004     
                  00012524    00000004     messageq_multimulti_pem4.oem4 (.const:ti_sdo_ipc_interfaces_INetworkTransport_Interface__BASE__C)

.text.58   0    00012528    0000015c     
                  00012528    00000058     sysbios.aem4 : BIOS.obj (.text:ti_sysbios_family_arm_ducati_smp_Power_taskFxnCore0__I)
                  00012580    00000058                  : BIOS.obj (.text:ti_sysbios_knl_Swi_postInit__I)
                  000125d8    00000056     rtsv7M4_T_le_eabi.lib : ltoa.obj (.text)
                  0001262e    00000002     --HOLE-- [fill = 0]
                  00012630    00000054     sysbios.aem4 : BIOS.obj (.text:ti_sysbios_family_arm_m3_Hwi_getCoreStackInfo__E)

.const.58 
*          0    00012684    00000004     
                  00012684    00000004     messageq_multimulti_pem4.oem4 (.const:ti_sdo_ipc_interfaces_ITransport_Interface__BASE__C)

.text.59   0    00012688    00000054     
                  00012688    00000054     sysbios.aem4 : BIOS.obj (.text:ti_sysbios_heaps_HeapBuf_Module_startup__E)

.const.59 
*          0    000126dc    00000004     
                  000126dc    00000004     messageq_multimulti_pem4.oem4 (.const:ti_sdo_utils_INameServerRemote_Interface__BASE__C)

.text.60   0    000126e0    0000036c     
                  000126e0    00000054     sysbios.aem4 : BIOS.obj (.text:ti_sysbios_timers_dmtimer_Timer_Module_startup__E)
                  00012734    00000054     ti.targets.arm.rtsarm.aem4 : Assert.oem4 (.text:xdc_runtime_Assert_raise__I)
                  00012788    00000050     sysbios.aem4 : BIOS.obj (.text:ti_sysbios_family_arm_m3_Hwi_enableFxn__E)
                  000127d8    00000050                  : BIOS.obj (.text:ti_sysbios_family_arm_m3_Hwi_restoreFxn__E)
                  00012828    00000050                  : BIOS.obj (.text:ti_sysbios_family_arm_m3_Hwi_setPriority__E)
                  00012878    00000050                  : BIOS.obj (.text:ti_sysbios_knl_Task_allBlockedFunction__I)
                  000128c8    00000050     ti.targets.arm.rtsarm.aem4 : Startup.oem4 (.text:xdc_runtime_Startup_exec__E)
                  00012918    00000050                                : Text.oem4 (.text:xdc_runtime_Text_visitRope2__I)
                  00012968    0000004c     rtsv7M4_T_le_eabi.lib : atoi.obj (.text)
                  000129b4    0000004c                           : cpy_tbl.obj (.text)
                  00012a00    0000004c     ti.deh_vayu_smp.aem4 : Watchdog.oem4 (.text:ti_deh_Watchdog_start__I)

.const.60 
*          0    00012a4c    00000004     
                  00012a4c    00000004     messageq_multimulti_pem4.oem4 (.const:ti_sdo_utils_MultiProc_A_invalidMultiProcId__C)

.text.61   0    00012a50    0000004c     
                  00012a50    0000004c     ipc.aem4 : Ipc.obj (.text:ti_sdo_ipc_family_vayu_InterruptIpu_intShmDucatiStub__I)

.const.61 
*          0    00012a9c    00000004     
                  00012a9c    00000004     messageq_multimulti_pem4.oem4 (.const:ti_sdo_utils_MultiProc_A_invalidProcName__C)

.text.62   0    00012aa0    000000e4     
                  00012aa0    0000004c     sysbios.aem4 : BIOS.obj (.text:ti_sysbios_family_arm_ducati_TimestampProvider_Module_startup__E)
                  00012aec    0000004c                  : m3_TaskSupport_asm.obj (.text:ti_sysbios_family_arm_m3_TaskSupport_buildTaskStack)
                  00012b38    0000004c                  : BIOS.obj (.text:ti_sysbios_heaps_HeapMem_getStats__E)

.const.62 
*          0    00012b84    00000004     
                  00012b84    00000004     messageq_multimulti_pem4.oem4 (.const:ti_sdo_utils_MultiProc_Module__diagsEnabled__C)

.text.63   0    00012b88    0000004c     
                  00012b88    0000004c     sysbios.aem4 : BIOS.obj (.text:ti_sysbios_knl_Swi_restore__E)

.const.63 
*          0    00012bd4    00000004     
                  00012bd4    00000004     messageq_multimulti_pem4.oem4 (.const:ti_sdo_utils_MultiProc_Module__diagsIncluded__C)

.text.64   0    00012bd8    0000039c     
                  00012bd8    0000004c     sysbios.aem4 : BIOS.obj (.text:ti_sysbios_knl_Swi_runLoop__I)
                  00012c24    0000004a     ti.targets.arm.rtsarm.aem4 : LoggerSys.oem4 (.text:xdc_runtime_LoggerSys_write8__E)
                  00012c6e    00000048     rtsv7M4_T_le_eabi.lib : fd_toi_t2.obj (.text)
                  00012cb6    00000002     --HOLE-- [fill = 0]
                  00012cb8    00000048     ti.deh_vayu_smp.aem4 : Watchdog.oem4 (.text:ti_deh_Watchdog_isException__F)
                  00012d00    00000048     messageq_multimulti_pem4.oem4 (.text:ti_ipc_namesrv_NameServerRemoteRpmsg_Object__create__S)
                  00012d48    00000048     sysbios.aem4 : BIOS.obj (.text:ti_sysbios_family_arm_m3_Hwi_excReserved__I)
                  00012d90    00000048                  : m3_Hwi_asm_switch.obj (.text:ti_sysbios_family_arm_m3_Hwi_initStacks__E)
                  00012dd8    00000046     rtsv7M4_T_le_eabi.lib : ldexp.obj (.text)
                  00012e1e    00000046     ti.targets.arm.rtsarm.aem4 : Core-params.oem4 (.text:xdc_runtime_Core_assignParams__I)
                  00012e64    00000044     boot.aem4 : boot.oem4 (.text)
                  00012ea8    00000044     rtsv7M4_T_le_eabi.lib : exit.obj (.text)
                  00012eec    00000044     messageq_multimulti_pem4.oem4 (.text:ti_ipc_namesrv_NameServerRemoteRpmsg_create)
                  00012f30    00000044     sysbios.aem4 : BIOS.obj (.text:ti_sysbios_family_arm_ducati_Timer_start__E)

.const.64 
*          0    00012f74    00000004     
                  00012f74    00000004     messageq_multimulti_pem4.oem4 (.const:ti_sdo_utils_MultiProc_Module__diagsMask__C)

.text.65   0    00012f78    00000044     
                  00012f78    00000044     sysbios.aem4 : BIOS.obj (.text:ti_sysbios_family_arm_ducati_TimestampProvider_get32__E)

.const.65 
*          0    00012fbc    00000004     
                  00012fbc    00000004     messageq_multimulti_pem4.oem4 (.const:ti_sdo_utils_MultiProc_nameList__C)

.text.66   0    00012fc0    00000044     
                  00012fc0    00000044     sysbios.aem4 : BIOS.obj (.text:ti_sysbios_family_arm_ducati_Wugen_enableInterrupt__E)

.const.66 
*          0    00013004    00000004     
                  00013004    00000004     messageq_multimulti_pem4.oem4 (.const:ti_sdo_utils_NameServer_A_invArgument__C)

.text.67   0    00013008    00000044     
                  00013008    00000044     sysbios.aem4 : BIOS.obj (.text:ti_sysbios_knl_Idle_run__E)

.const.67 
*          0    0001304c    00000004     
                  0001304c    00000004     messageq_multimulti_pem4.oem4 (.const:ti_sdo_utils_NameServer_A_invalidLen__C)

.text.68   0    00013050    0000020c     
                  00013050    00000044     sysbios.aem4 : BIOS.obj (.text:ti_sysbios_timers_dmtimer_Timer_startup__E)
                  00013094    00000044     ti.targets.arm.rtsarm.aem4 : Error.oem4 (.text:xdc_runtime_Error_setX__E)
                  000130d8    00000044                                : Text.oem4 (.text:xdc_runtime_Text_xprintf__I)
                  0001311c    00000040     ti.pm_smp_vayu.aem4 : IpcPower.oem4 (.text:IpcPower_idle)
                  0001315c    00000040     rtsv7M4_T_le_eabi.lib : signal.obj (.text)
                  0001319c    00000040                           : u_divt2.obj (.text)
                  000131dc    00000040     messageq_multimulti_pem4.oem4 (.text:ti_sdo_ipc_MessageQ_Object__get__S)
                  0001321c    00000040     messageq_multimulti_pem4.oem4 (.text:ti_sdo_utils_NameServer_Object__get__S)

.const.68 
*          0    0001325c    00000004     
                  0001325c    00000004     messageq_multimulti_pem4.oem4 (.const:ti_sdo_utils_NameServer_E_entryExists__C)

.text.69   0    00013260    000004f4     
                  00013260    00000040     sysbios.aem4 : BIOS.obj (.text:ti_sysbios_family_arm_ducati_Core_unlock__E)
                  000132a0    00000040     messageq_multimulti_pem4.oem4 (.text:ti_sysbios_family_arm_ducati_GateSmp_Object__create__S)
                  000132e0    00000040     messageq_multimulti_pem4.oem4 (.text:ti_sysbios_family_arm_m3_Hwi_Object__get__S)
                  00013320    00000040     messageq_multimulti_pem4.oem4 (.text:ti_sysbios_gates_GateHwi_Object__create__S)
                  00013360    00000040     messageq_multimulti_pem4.oem4 (.text:ti_sysbios_gates_GateMutexPri_Object__create__S)
                  000133a0    00000040     messageq_multimulti_pem4.oem4 (.text:ti_sysbios_gates_GateMutex_Object__create__S)
                  000133e0    00000040     messageq_multimulti_pem4.oem4 (.text:ti_sysbios_gates_GateSwi_Object__create__S)
                  00013420    00000040     sysbios.aem4 : BIOS.obj (.text:ti_sysbios_hal_unicache_Cache_seizeRegs__I)
                  00013460    00000040     messageq_multimulti_pem4.oem4 (.text:ti_sysbios_heaps_HeapBuf_Object__get__S)
                  000134a0    00000040     messageq_multimulti_pem4.oem4 (.text:ti_sysbios_heaps_HeapMem_Object__create__S)
                  000134e0    00000040     messageq_multimulti_pem4.oem4 (.text:ti_sysbios_heaps_HeapMem_Object__get__S)
                  00013520    00000040     messageq_multimulti_pem4.oem4 (.text:ti_sysbios_knl_Semaphore_create)
                  00013560    00000040     messageq_multimulti_pem4.oem4 (.text:ti_sysbios_knl_Swi_Object__get__S)
                  000135a0    00000040     messageq_multimulti_pem4.oem4 (.text:ti_sysbios_knl_Task_Object__get__S)
                  000135e0    00000040     sysbios.aem4 : BIOS.obj (.text:ti_sysbios_knl_Task_processVitalTaskFlag__I)
                  00013620    00000040     messageq_multimulti_pem4.oem4 (.text:ti_sysbios_xdcruntime_GateThreadSupport_Object__create__S)
                  00013660    00000040     messageq_multimulti_pem4.oem4 (.text:xdc_runtime_LoggerSys_Object__create__S)
                  000136a0    0000003c     ti.pm_smp_vayu.aem4 : IpcPower.oem4 (.text:IpcPower_callUserFxns)
                  000136dc    0000003c     ti.deh_vayu_smp.aem4 : Watchdog.oem4 (.text:ti_deh_Watchdog_stop__I)
                  00013718    0000003c     messageq_multimulti_pem4.oem4 (.text:ti_sdo_utils_List_create)

.const.69 
*          0    00013754    00000004     
                  00013754    00000004     messageq_multimulti_pem4.oem4 (.const:ti_sdo_utils_NameServer_E_maxReached__C)

.text.70   0    00013758    0000003c     
                  00013758    0000003c     sysbios.aem4 : BIOS.obj (.text:ti_sysbios_family_arm_ducati_Timer_initDevice__I)

.const.70 
*          0    00013794    00000004     
                  00013794    00000004     messageq_multimulti_pem4.oem4 (.const:ti_sdo_utils_NameServer_Instance_State_freeList__O)

.text.71   0    00013798    0000003c     
                  00013798    0000003c     sysbios.aem4 : BIOS.obj (.text:ti_sysbios_family_arm_m3_Hwi_excSvCall__I)

.const.71 
*          0    000137d4    00000004     
                  000137d4    00000004     messageq_multimulti_pem4.oem4 (.const:ti_sdo_utils_NameServer_Instance_State_nameList__O)

.text.72   0    000137d8    000000b4     
                  000137d8    0000003c     sysbios.aem4 : BIOS.obj (.text:ti_sysbios_family_arm_m3_TaskSupport_start__E)
                  00013814    0000003c     messageq_multimulti_pem4.oem4 (.text:ti_sysbios_gates_GateHwi_create)
                  00013850    0000003c     sysbios.aem4 : BIOS.obj (.text:ti_sysbios_hal_Hwi_checkStack)

.const.72 
*          0    0001388c    00000004     
                  0001388c    00000004     messageq_multimulti_pem4.oem4 (.const:ti_sdo_utils_NameServer_Module__diagsEnabled__C)

.text.73   0    00013890    0000003c     
                  00013890    0000003c     sysbios.aem4 : BIOS.obj (.text:ti_sysbios_heaps_HeapBuf_postInit__I)

.const.73 
*          0    000138cc    00000004     
                  000138cc    00000004     messageq_multimulti_pem4.oem4 (.const:ti_sdo_utils_NameServer_Module__diagsIncluded__C)

.text.74   0    000138d0    0000003c     
                  000138d0    0000003c     sysbios.aem4 : BIOS.obj (.text:ti_sysbios_heaps_HeapMem_init__I)

.const.74 
*          0    0001390c    00000004     
                  0001390c    00000004     messageq_multimulti_pem4.oem4 (.const:ti_sdo_utils_NameServer_Module__diagsMask__C)

.text.75   0    00013910    0000003c     
                  00013910    0000003c     sysbios.aem4 : BIOS.obj (.text:ti_sysbios_knl_Semaphore_pendTimeout__I)

.const.75 
*          0    0001394c    00000004     
                  0001394c    00000004     messageq_multimulti_pem4.oem4 (.const:ti_sdo_utils_NameServer_Object__count__C)

.text.76   0    00013950    0000003c     
                  00013950    0000003c     sysbios.aem4 : BIOS.obj (.text:ti_sysbios_knl_Task_restore__E)

.const.76 
*          0    0001398c    00000004     
                  0001398c    00000004     messageq_multimulti_pem4.oem4 (.const:ti_sdo_utils_NameServer_Object__table__C)

.text.77   0    00013990    0000038c     
                  00013990    0000003c     sysbios.aem4 : BIOS.obj (.text:ti_sysbios_syncs_SyncSem_wait__E)
                  000139cc    0000003c     messageq_multimulti_pem4.oem4 (.text:ti_sysbios_timers_dmtimer_Timer_Object__get__S)
                  00013a08    0000003c     sysbios.aem4 : BIOS.obj (.text:ti_sysbios_timers_dmtimer_Timer_stop__E)
                  00013a44    0000003c     ti.trace_smp.aem4 : SysMin.oem4 (.text:ti_trace_SysMin_abort__E)
                  00013a80    00000038                       : SysMin.oem4 (.text:SysMin_output)
                  00013ab8    00000038     ti.deh_vayu_smp.aem4 : Watchdog.oem4 (.text:ti_deh_Watchdog_kick__I)
                  00013af0    00000038     messageq_multimulti_pem4.oem4 (.text:ti_ipc_remoteproc_Resource_init__I)
                  00013b28    00000038     sysbios.aem4 : BIOS.obj (.text:ti_sysbios_family_arm_ducati_TimestampProvider_get64__E)
                  00013b60    00000038                  : BIOS.obj (.text:ti_sysbios_family_arm_m3_Hwi_excNoIsr__I)
                  00013b98    00000038                  : BIOS.obj (.text:ti_sysbios_hal_Hwi_initStack)
                  00013bd0    00000038                  : BIOS.obj (.text:ti_sysbios_hal_unicache_Cache_wbAll__E)
                  00013c08    00000038     messageq_multimulti_pem4.oem4 (.text:ti_sysbios_knl_Clock_doTick__I)
                  00013c40    00000038     messageq_multimulti_pem4.oem4 (.text:ti_sysbios_knl_Queue_Object__get__S)
                  00013c78    00000038     sysbios.aem4 : BIOS.obj (.text:ti_sysbios_timers_dmtimer_Timer_postInit__I)
                  00013cb0    00000038     ti.targets.arm.rtsarm.aem4 : System.oem4 (.text:xdc_runtime_System_atexit__E)
                  00013ce8    00000034     rtsv7M4_T_le_eabi.lib : feraiseexcept.obj (.text)

.const.77 
*          0    00013d1c    00000004     
                  00013d1c    00000004     messageq_multimulti_pem4.oem4 (.const:ti_sysbios_BIOS_installedErrorHook__C)

.text.78   0    00013d20    00000034     
                  00013d20    00000034     sysbios.aem4 : BIOS.obj (.text:ti_sysbios_family_arm_m3_Hwi_excNmi__I)

.const.78 
*          0    00013d54    00000004     
                  00013d54    00000004     messageq_multimulti_pem4.oem4 (.const:ti_sysbios_family_arm_ducati_Core_core1HwiStackSize__C)

.text.79   0    00013d58    0000009c     
                  00013d58    00000034     sysbios.aem4 : BIOS.obj (.text:ti_sysbios_heaps_HeapBuf_getStats__E)
                  00013d8c    00000034     messageq_multimulti_pem4.oem4 (.text:ti_sysbios_knl_Semaphore_construct)
                  00013dc0    00000034     sysbios.aem4 : BIOS.obj (.text:ti_sysbios_knl_Swi_restoreSMP__I)

.const.79 
*          0    00013df4    00000004     
                  00013df4    00000004     messageq_multimulti_pem4.oem4 (.const:ti_sysbios_family_arm_ducati_Core_gate__C)

.text.80   0    00013df8    00000a84     
                  00013df8    00000034     sysbios.aem4 : BIOS.obj (.text:ti_sysbios_knl_Task_restoreHwi__E)
                  00013e2c    00000034     ti.targets.arm.rtsarm.aem4 : Core-label.oem4 (.text:xdc_runtime_Core_assignLabel__I)
                  00013e60    00000033                                : Text.oem4 (.text:xdc_runtime_Text_printVisFxn__I)
                  00013e93    00000001     --HOLE-- [fill = 0]
                  00013e94    00000032     sysbios.aem4 : smp_Power_saveCpu.obj (.text:ti_sysbios_family_arm_ducati_smp_Power)
                  00013ec6    00000030     rtsv7M4_T_le_eabi.lib : strncpy.obj (.text)
                  00013ef6    00000002     --HOLE-- [fill = 0]
                  00013ef8    00000030                           : xferaise.obj (.text)
                  00013f28    00000030     messageq_multimulti_pem4.oem4 (.text:ti_sdo_utils_List_construct)
                  00013f58    00000030     messageq_multimulti_pem4.oem4 (.text:ti_sysbios_BIOS_atExitFunc__I)
                  00013f88    00000030     messageq_multimulti_pem4.oem4 (.text:ti_sysbios_BIOS_errorRaiseHook__I)
                  00013fb8    00000030     messageq_multimulti_pem4.oem4 (.text:ti_sysbios_BIOS_rtsLock__I)
                  00013fe8    00000030     sysbios.aem4 : BIOS.obj (.text:ti_sysbios_family_arm_ducati_Core_startCore1__I)
                  00014018    00000030                  : BIOS.obj (.text:ti_sysbios_family_arm_ducati_Timer_startup__E)
                  00014048    00000030     messageq_multimulti_pem4.oem4 (.text:ti_sysbios_gates_GateMutexPri_construct)
                  00014078    00000030     messageq_multimulti_pem4.oem4 (.text:ti_sysbios_knl_Queue_construct)
                  000140a8    00000030     sysbios.aem4 : BIOS.obj (.text:ti_sysbios_knl_Task_self__E)
                  000140d8    00000030     ti.targets.arm.rtsarm.aem4 : System.oem4 (.text:xdc_runtime_System_processAtExit__E)
                  00014108    0000002e     rtsv7M4_T_le_eabi.lib : i_tofd_t2.obj (.text)
                  00014136    0000002e                           : raise.obj (.text)
                  00014164    0000002e     messageq_multimulti_pem4.oem4 (.text:xdc_runtime_System_sprintf__E)
                  00014192    00000002     --HOLE-- [fill = 0]
                  00014194    0000002c     ti.pm_smp_vayu.aem4 : IpcPower.oem4 (.text:IpcPower_postResume)
                  000141c0    0000002c     ti.deh_vayu_smp.aem4 : StackDbg.oem4 (.text:decode_bl32)
                  000141ec    0000002c     messageq_multimulti_pem4.oem4 (.text:ti_ipc_transports_TransportRpmsg_Params__init__S)
                  00014218    0000002c     messageq_multimulti_pem4.oem4 (.text:ti_sdo_ipc_MessageQ_Params__init__S)
                  00014244    0000002c     messageq_multimulti_pem4.oem4 (.text:ti_sysbios_BIOS_startFunc__I)
                  00014270    0000002c     sysbios.aem4 : BIOS.obj (.text:ti_sysbios_family_arm_m3_Hwi_Instance_finalize__E)
                  0001429c    0000002c     messageq_multimulti_pem4.oem4 (.text:ti_sysbios_family_arm_m3_Hwi_Params__init__S)
                  000142c8    0000002c     messageq_multimulti_pem4.oem4 (.text:ti_sysbios_gates_GateHwi_Params__init__S)
                  000142f4    0000002c     messageq_multimulti_pem4.oem4 (.text:ti_sysbios_knl_Semaphore_Params__init__S)
                  00014320    0000002c     messageq_multimulti_pem4.oem4 (.text:ti_sysbios_knl_Task_Params__init__S)
                  0001434c    0000002c     ti.targets.arm.rtsarm.aem4 : Text.oem4 (.text:xdc_runtime_Text_cordText__E)
                  00014378    0000002a     rtsv7M4_T_le_eabi.lib : xdclass.obj (.text)
                  000143a2    0000002a     messageq_multimulti_pem4.oem4 (.text:ti_ipc_namesrv_NameServerRemoteRpmsg_get__E)
                  000143cc    0000002a     ti.targets.arm.rtsarm.aem4 : System.oem4 (.text:xdc_runtime_System_putchar__I)
                  000143f6    00000002     --HOLE-- [fill = 0]
                  000143f8    00000028     messageq_multimulti_pem4.oem4 (.text:ti_ipc_namesrv_NameServerRemoteRpmsg_Object__delete__S)
                  00014420    00000028     messageq_multimulti_pem4.oem4 (.text:ti_ipc_namesrv_NameServerRemoteRpmsg_Object__next__S)
                  00014448    00000028     messageq_multimulti_pem4.oem4 (.text:ti_ipc_transports_TransportRpmsg_Object__delete__S)
                  00014470    00000028     messageq_multimulti_pem4.oem4 (.text:ti_sdo_ipc_MessageQ_Object__delete__S)
                  00014498    00000028     messageq_multimulti_pem4.oem4 (.text:ti_sdo_utils_NameServer_Object__next__S)
                  000144c0    00000028     sysbios.aem4 : BIOS.obj (.text:ti_sysbios_family_arm_ducati_TimestampProvider_getFreq__E)
                  000144e8    00000028     messageq_multimulti_pem4.oem4 (.text:ti_sysbios_gates_GateMutexPri_Object__delete__S)
                  00014510    00000028     messageq_multimulti_pem4.oem4 (.text:ti_sysbios_gates_GateMutex_Object__delete__S)
                  00014538    00000028     messageq_multimulti_pem4.oem4 (.text:ti_sysbios_heaps_HeapBuf_Object__delete__S)
                  00014560    00000028     sysbios.aem4 : BIOS.obj (.text:ti_sysbios_knl_Clock_addI__E)
                  00014588    00000028     messageq_multimulti_pem4.oem4 (.text:ti_sysbios_knl_Semaphore_Object__delete__S)
                  000145b0    00000028     messageq_multimulti_pem4.oem4 (.text:ti_sysbios_knl_Swi_Object__delete__S)
                  000145d8    00000028     messageq_multimulti_pem4.oem4 (.text:ti_sysbios_syncs_SyncSem_Object__delete__S)
                  00014600    00000028     messageq_multimulti_pem4.oem4 (.text:ti_sysbios_xdcruntime_GateThreadSupport_Object__delete__S)
                  00014628    00000028     ti.trace_smp.aem4 : SysMin.oem4 (.text:ti_trace_SysMin_Module_startup__E)
                  00014650    00000028     messageq_multimulti_pem4.oem4 (.text:xdc_runtime_System_aprintf__E)
                  00014678    00000028     messageq_multimulti_pem4.oem4 (.text:xdc_runtime_System_printf__E)
                  000146a0    00000028     messageq_multimulti_pem4.oem4 (.text:xdc_runtime_knl_GateThread_Object__delete__S)
                  000146c8    00000026     ti.targets.arm.rtsarm.aem4 : System.oem4 (.text:xdc_runtime_System_avprintf__E)
                  000146ee    00000026     messageq_multimulti_pem4.oem4 (.text:xdc_runtime_knl_GateThread_Proxy_Object__create__S)
                  00014714    00000024     ti.deh_vayu_smp.aem4 : Watchdog.oem4 (.text:ti_deh_Watchdog_taskSwitch__F)
                  00014738    00000024     messageq_multimulti_pem4.oem4 (.text:ti_ipc_namesrv_NameServerRemoteRpmsg_Object__first__S)
                  0001475c    00000024     messageq_multimulti_pem4.oem4 (.text:ti_sdo_utils_NameServer_Object__first__S)
                  00014780    00000024     messageq_multimulti_pem4.oem4 (.text:ti_sysbios_BIOS_registerRTSLock__I)
                  000147a4    00000024     messageq_multimulti_pem4.oem4 (.text:ti_sysbios_family_arm_ducati_GateSmp_Object__delete__S)
                  000147c8    00000024     sysbios.aem4 : m3_Hwi_asm.obj (.text:ti_sysbios_family_arm_m3_Hwi_pendSV__I)
                  000147ec    00000024     messageq_multimulti_pem4.oem4 (.text:ti_sysbios_gates_GateHwi_Object__delete__S)
                  00014810    00000024     messageq_multimulti_pem4.oem4 (.text:ti_sysbios_gates_GateSwi_Object__delete__S)
                  00014834    00000024     messageq_multimulti_pem4.oem4 (.text:ti_sysbios_heaps_HeapMem_Object__delete__S)
                  00014858    00000024     sysbios.aem4 : BIOS.obj (.text:ti_sysbios_knl_Queue_get__E)

.const.80 
*          0    0001487c    00000004     
                  0001487c    00000004     messageq_multimulti_pem4.oem4 (.const:ti_sysbios_family_arm_ducati_Core_ipuId__C)

.text.81   0    00014880    00000024     
                  00014880    00000024     sysbios.aem4 : BIOS.obj (.text:ti_sysbios_knl_Queue_put__E)

.const.81 
*          0    000148a4    00000004     
                  000148a4    00000004     messageq_multimulti_pem4.oem4 (.const:ti_sysbios_family_arm_ducati_GateSmp_A_nestedEnter__C)

.text.82   0    000148a8    0000006c     
                  000148a8    00000024     sysbios.aem4 : BIOS.obj (.text:ti_sysbios_knl_Swi_disable__E)
                  000148cc    00000024     messageq_multimulti_pem4.oem4 (.text:ti_sysbios_knl_Task_Handle__label__S)
                  000148f0    00000024     sysbios.aem4 : BIOS.obj (.text:ti_sysbios_knl_Task_disable__E)

.const.82 
*          0    00014914    00000004     
                  00014914    00000004     messageq_multimulti_pem4.oem4 (.const:ti_sysbios_family_arm_ducati_GateSmp_Module__diagsEnabled__C)

.text.83   0    00014918    00000334     
                  00014918    00000024     sysbios.aem4 : BIOS.obj (.text:ti_sysbios_timers_dmtimer_Timer_stub__E)
                  0001493c    00000024     messageq_multimulti_pem4.oem4 (.text:xdc_runtime_LoggerSys_Object__delete__S)
                  00014960    00000024     ti.targets.arm.rtsarm.aem4 : LoggerSys.oem4 (.text:xdc_runtime_LoggerSys_write4__E)
                  00014984    00000024                                : System.oem4 (.text:xdc_runtime_System_vprintf__E)
                  000149a8    00000022     rtsv7M4_T_le_eabi.lib : frexp.obj (.text)
                  000149ca    00000022     messageq_multimulti_pem4.oem4 (.text:ti_deh_StackDbg_walkStack__E)
                  000149ec    00000022     ti.deh_vayu_smp.aem4 : Watchdog.oem4 (.text:ti_deh_Watchdog_swiPrehook__F)
                  00014a0e    00000022     messageq_multimulti_pem4.oem4 (.text:ti_ipc_namesrv_NameServerRemoteRpmsg_Handle__label__S)
                  00014a30    00000022     messageq_multimulti_pem4.oem4 (.text:ti_ipc_transports_TransportRpmsg_Handle__label__S)
                  00014a52    00000022     messageq_multimulti_pem4.oem4 (.text:ti_sysbios_family_arm_ducati_GateSmp_Handle__label__S)
                  00014a74    00000022     messageq_multimulti_pem4.oem4 (.text:ti_sysbios_gates_GateHwi_Handle__label__S)
                  00014a96    00000022     messageq_multimulti_pem4.oem4 (.text:ti_sysbios_gates_GateMutexPri_Handle__label__S)
                  00014ab8    00000022     messageq_multimulti_pem4.oem4 (.text:ti_sysbios_gates_GateMutex_Handle__label__S)
[...]
00019c54  xdc_runtime_Registry_Module__loggerObj__C                               
00019c58  xdc_runtime_Startup_execImpl__C                                         
00019c5c  xdc_runtime_Startup_maxPasses__C                                        
00019c60  xdc_runtime_Startup_sfxnRts__C                                          
00019c64  xdc_runtime_Startup_sfxnTab__C                                          
00019c68  xdc_runtime_Startup_startModsFxn__C                                     
00019c6c  xdc_runtime_System_Module__gateObj__C                                   
00019c70  xdc_runtime_System_abortFxn__C                                          
00019c74  xdc_runtime_System_exitFxn__C                                           
00019c78  xdc_runtime_System_extendFxn__C                                         
00019c7c  xdc_runtime_System_maxAtexitHandlers__C                                 
00019c80  xdc_runtime_Text_charTab__C                                             
00019c84  xdc_runtime_Text_nameEmpty__C                                           
00019c88  xdc_runtime_Text_nameStatic__C                                          
00019c8c  xdc_runtime_Text_nameUnknown__C                                         
00019c90  xdc_runtime_Text_nodeTab__C                                             
00019c94  xdc_runtime_Text_visitRopeFxn__C                                        
00019c98  xdc_runtime_knl_ISync_Interface__BASE__C                                
00019c9c  ti_ipc_namesrv_NameServerRemoteRpmsg_Module__loggerDefined__C           
00019c9e  ti_ipc_transports_TransportRpmsgSetup_Module__id__C                     
00019ca0  ti_ipc_transports_TransportRpmsgSetup_Module__loggerDefined__C          
00019ca2  ti_ipc_transports_TransportRpmsg_Module__id__C                          
00019ca4  ti_ipc_transports_TransportRpmsg_Module__loggerDefined__C               
00019ca6  ti_sdo_ipc_MessageQ_Module__id__C                                       
00019ca8  ti_sdo_ipc_MessageQ_Module__loggerDefined__C                            
00019caa  ti_sdo_ipc_family_vayu_InterruptIpu_Module__id__C                       
00019cac  ti_sdo_utils_MultiProc_Module__id__C                                    
00019cae  ti_sdo_utils_MultiProc_numProcessors__C                                 
00019cb0  ti_sdo_utils_MultiProc_numProcsInCluster__C                             
00019cb2  ti_sdo_utils_NameServer_Module__id__C                                   
00019cb4  ti_sysbios_BIOS_smpEnabled__C                                           
00019cb6  ti_sysbios_BIOS_swiEnabled__C                                           
00019cb8  ti_sysbios_BIOS_taskEnabled__C                                          
00019cba  ti_sysbios_family_arm_ducati_Core_syncExits__C                          
00019cbc  ti_sysbios_family_arm_ducati_GateSmp_Module__id__C                      
00019cbe  ti_sysbios_family_arm_m3_Hwi_Module__id__C                              
00019cc0  ti_sysbios_family_arm_m3_Hwi_Module__loggerDefined__C                   
00019cc2  ti_sysbios_family_shared_vayu_IntXbar_Module__id__C                     
00019cc4  ti_sysbios_gates_GateMutexPri_Module__id__C                             
00019cc6  ti_sysbios_gates_GateMutex_Module__id__C                                
00019cc8  ti_sysbios_gates_GateSwi_Module__id__C                                  
00019cca  ti_sysbios_hal_Hwi_Module__id__C                                        
00019ccc  ti_sysbios_hal_ammu_AMMU_configureAmmu__C                               
00019cce  ti_sysbios_hal_unicache_Cache_configureCache__C                         
00019cd0  ti_sysbios_hal_unicache_Cache_enableCache__C                            
00019cd2  ti_sysbios_hal_unicache_Cache_l2CacheSupported__C                       
00019cd4  ti_sysbios_heaps_HeapBuf_Module__id__C                                  
00019cd6  ti_sysbios_heaps_HeapBuf_trackMaxAllocs__C                              
00019cd8  ti_sysbios_heaps_HeapMem_Module__id__C                                  
00019cda  ti_sysbios_knl_Clock_Module__id__C                                      
00019cdc  ti_sysbios_knl_Clock_Module__loggerDefined__C                           
00019cde  ti_sysbios_knl_Semaphore_Module__id__C                                  
00019ce0  ti_sysbios_knl_Semaphore_Module__loggerDefined__C                       
00019ce2  ti_sysbios_knl_Swi_Module__id__C                                        
00019ce4  ti_sysbios_knl_Swi_Module__loggerDefined__C                             
00019ce6  ti_sysbios_knl_Task_Module__id__C                                       
00019ce8  ti_sysbios_knl_Task_Module__loggerDefined__C                            
00019cea  ti_sysbios_knl_Task_initStackFlag__C                                    
00019cec  ti_sysbios_syncs_SyncSem_Module__id__C                                  
00019cee  ti_sysbios_timers_dmtimer_Timer_Module__id__C                           
00019cf0  ti_sysbios_timers_dmtimer_Timer_checkFrequency__C                       
00019cf2  ti_sysbios_timers_dmtimer_Timer_startupNeeded__C                        
00019cf4  ti_trace_SysMin_flushAtExit__C                                          
00019cf6  xdc_runtime_Core_Module__id__C                                          
00019cf8  xdc_runtime_Error_Module__loggerDefined__C                              
00019cfa  xdc_runtime_Error_maxDepth__C                                           
00019cfc  xdc_runtime_Main_Module__id__C                                          
00019cfe  xdc_runtime_Main_Module__loggerDefined__C                               
00019d00  xdc_runtime_Memory_Module__id__C                                        
00019d02  xdc_runtime_Registry_Module__loggerDefined__C                           
00019d04  xdc_runtime_Text_charCnt__C                                             
00019d06  xdc_runtime_Text_isLoaded__C                                            
00019d08  xdc_runtime_Text_registryModsLastId__C                                  
00019d0a  xdc_runtime_Text_unnamedModsLastId__C                                   
00019d0c  xdc_runtime_Error_policy__C                                             
00019d10  __TI_static_base__                                                      
0001b3f0  __TI_Handler_Table_Base                                                 
0001b3f8  __TI_CINIT_Base                                                         
0001b3f8  __TI_Handler_Table_Limit                                                
0001b420  __TI_CINIT_Limit                                                        
40000000  ti_sysbios_hal_unicache_Cache_cache                                     
40000400  ti_sysbios_family_arm_ducati_CTM_ctm                                    
40000800  ti_sysbios_hal_ammu_AMMU_mmu                                            
80000000  ti_sysbios_heaps_HeapBuf_Instance_State_1_buf__A                        
80040000  ti_sysbios_heaps_HeapBuf_Instance_State_0_buf__A                        
80060000  ti_sysbios_heaps_HeapMem_Instance_State_0_buf__A                        
80080000  ti_sysbios_knl_Task_Instance_State_0_stack__A                           
80080800  ti_sysbios_knl_Task_Instance_State_1_stack__A                           
80081000  ti_sysbios_knl_Task_Instance_State_2_stack__A                           
80081800  ti_sysbios_knl_Task_Instance_State_3_stack__A                           
80082000  ti_sysbios_family_arm_ducati_Core_Module_State_0_core1HwiStack__A       
80083000  ti_sysbios_family_arm_m3_Hwi_vnvic                                      
80084000  ti_sysbios_family_arm_m3_Hwi_dispatchTable                              
80084148  ti_sysbios_knl_Swi_Instance_State_0_hookEnv__A                          
8008414c  ti_sysbios_knl_Task_Instance_State_0_hookEnv__A                         
80084150  ti_sysbios_knl_Task_Instance_State_1_hookEnv__A                         
80084154  ti_sysbios_knl_Task_Instance_State_2_hookEnv__A                         
80084158  ti_sysbios_knl_Task_Instance_State_3_hookEnv__A                         
8008417c  ti_ipc_family_vayu__Desc                                                
80084188  intInfo                                                                 
80084194  ti_ipc_rpmsg_RPMessage__Desc                                            
8008479c  xdc_runtime_Diags_dictElems                                             
800847ac  ti_deh_Deh_Module__state__V                                             
800847b8  ti_deh_StackDbg_Module__state__V                                        
800847c0  ti_deh_Watchdog_Module_State_0_device__A                                
800847e0  ti_deh_Watchdog_Module_State_0_status__A                                
800847e4  ti_deh_Watchdog_Module__state__V                                        
800847f0  ti_ipc_namesrv_NameServerRemoteRpmsg_Module__root__V                    
800847f8  ti_ipc_namesrv_NameServerRemoteRpmsg_Module__state__V                   
80084808  ti_ipc_remoteproc_Resource_Module__state__V                             
8008480c  ti_ipc_transports_TransportRpmsg_Module__root__V                        
80084814  ti_ipc_transports_TransportRpmsgSetup_Module_State_0_handles__A         
80084828  ti_ipc_transports_TransportRpmsgSetup_Module__state__V                  
8008482c  ti_sdo_ipc_MessageQ_Module__root__V                                     
80084834  ti_sdo_ipc_MessageQ_Module_State_0_heaps__A                             
80084854  ti_sdo_ipc_family_vayu_NotifySetup_Module_State_0_numPlugged__A         
80084874  ti_sdo_ipc_transports_TransportNetworkDummy_Module__root__V             
8008487c  ti_sdo_utils_List_Module__root__V                                       
80084884  ti_sdo_utils_MultiProc_Module_State_0_clusterProcList__A                
80084890  ti_sdo_utils_MultiProc_Module__state__V                                 
80084898  ti_sdo_utils_NameServer_Module__root__V                                 
800848a0  ti_sdo_utils_NameServer_Module_State_0_nsRemoteHandle__A                
800848b4  ti_sdo_utils_NameServer_Module__state__V                                
800848c0  ti_sdo_utils_NameServerRemoteNull_Module__root__V                       
800848c8  ti_sysbios_BIOS_Module_State_0_smpThreadType__A                         
800848cc  ti_sysbios_family_arm_ducati_Core_Module__state__V                      
800848e0  ti_sysbios_family_arm_ducati_GateSmp_Module__root__V                    
800848e8  ti_sysbios_family_arm_ducati_Timer_Module__root__V                      
800848f0  ti_sysbios_family_arm_ducati_Timer_Module__state__V                     
800848fc  ti_sysbios_family_arm_ducati_smp_Power_Module__state__V                 
80084914  ti_sysbios_family_arm_m3_Hwi_Module__root__V                            
8008491c  ti_sysbios_family_arm_m3_Hwi_Module_State_0_excActive__A                
80084920  ti_sysbios_family_arm_m3_Hwi_Module_State_0_excContext__A               
80084928  ti_sysbios_family_arm_m3_Hwi_Module_State_0_excStack__A                 
80084930  ti_sysbios_family_arm_m3_Hwi_Module_State_0_intAffinityMasks_0__A       
80084938  ti_sysbios_family_arm_m3_Hwi_Module_State_0_intAffinityMasks_1__A       
80084940  ti_sysbios_family_arm_m3_Hwi_Module_State_0_intAffinityMasks__A         
80084948  ti_sysbios_family_shared_vayu_IntXbar_Module__state__V                  
8008494c  ti_sysbios_gates_GateHwi_Module__root__V                                
80084954  ti_sysbios_gates_GateHwi_Object__table__V                               
8008495c  ti_sysbios_gates_GateMutex_Module__root__V                              
80084964  ti_sysbios_gates_GateMutexPri_Module__root__V                           
8008496c  ti_sysbios_gates_GateSwi_Module__root__V                                
80084974  ti_sysbios_gates_GateSwi_Object__table__V                               
80084978  ti_sysbios_hal_Hwi_Module__root__V                                      
80084980  ti_sysbios_hal_Hwi_Object__table__V                                     
80084990  ti_sysbios_hal_Timer_Module__root__V                                    
80084998  ti_sysbios_heaps_HeapBuf_Module__root__V                                
800849a0  ti_sysbios_heaps_HeapBuf_Module__state__V                               
800849a4  ti_sysbios_heaps_HeapMem_Module__root__V                                
800849ac  ti_sysbios_heaps_HeapMem_Object__table__V                               
800849c4  ti_sysbios_knl_Clock_Module__root__V                                    
800849cc  ti_sysbios_knl_Queue_Module__root__V                                    
800849d4  ti_sysbios_knl_Semaphore_Module__root__V                                
800849dc  ti_sysbios_knl_Swi_Module__root__V                                      
800849e4  ti_sysbios_knl_Swi_Module__state__V                                     
80084a00  ti_sysbios_knl_Task_Module__root__V                                     
80084a08  ti_sysbios_knl_Task_Module_State_0_smpCurSet__A                         
80084a14  ti_sysbios_knl_Task_Module_State_0_smpCurMask__A                        
80084a1c  ti_sysbios_knl_Task_Module_State_0_smpCurTask__A                        
80084a24  ti_sysbios_knl_Task_Module_State_0_smpReadyQ__A                         
80084a30  ti_sysbios_knl_Task_Module_State_0_idleTask__A                          
80084a38  ti_sysbios_syncs_SyncSem_Module__root__V                                
80084a40  ti_sysbios_timers_dmtimer_Timer_Module__root__V                         
80084a48  ti_sysbios_timers_dmtimer_Timer_Module__state__V                        
80084a5c  ti_sysbios_xdcruntime_GateThreadSupport_Module__root__V                 
80084a64  ti_trace_SysMin_Module__state__V                                        
80084a7c  xdc_runtime_Error_Module__state__V                                      
80084a80  xdc_runtime_LoggerSys_Module__root__V                                   
80084a88  xdc_runtime_LoggerSys_Object__table__V                                  
80084a90  xdc_runtime_Memory_Module__state__V                                     
80084a94  xdc_runtime_Registry_Module__root__V                                    
80084a98  xdc_runtime_Registry_Module__state__V                                   
80084aa0  xdc_runtime_Startup_Module__state__V                                    
80084aa8  xdc_runtime_System_Module__state__V                                     
80084ab0  xdc_runtime_Text_Module__state__V                                       
80084ab8  xdc_runtime_knl_GateThread_Module__root__V                              
80084ac0  __xdc__init__addr                                                       
80084ac4  ti_trace_SysMin_Module_State_0_lineBuffers__A                           
80084ccc  ti_sysbios_knl_Task_Module_State_0_readyQ__A                            
80084e4c  TSK_idle                                                                
80084e4c  ti_sysbios_knl_Task_Object__table__V                                    
80084f8c  ti_sysbios_timers_dmtimer_Timer_Module_State_0_device__A                
80085100  _Denorm                                                                 
80085110  _Eps                                                                    
80085120  _Hugeval                                                                
80085130  _Inf                                                                    
80085140  _Nan                                                                    
80085150  _Snan                                                                   
80085160  _Rteps                                                                  
80085170  _Xbig                                                                   
80085178  _Zero                                                                   
80085180  ti_sysbios_knl_Swi_Module_State_0_readyQ__A                             
80085200  ti_sysbios_timers_dmtimer_Timer_Module_State_0_intFreqs__A              
80085280  ti_sysbios_family_shared_vayu_IntXbar_Module_State_0_intXbar__A         
800852f4  ti_sdo_ipc_MessageQ_Module__state__V                                    
8008535c  ti_sysbios_timers_dmtimer_Timer_Object__table__V                        
800853b8  ti_sdo_ipc_family_vayu_InterruptIpu_Module__state__V                    
80085410  ti_sysbios_gates_GateMutex_Object__table__V                             
80085464  ti_sdo_ipc_family_vayu_NotifySetup_Module__state__V                     
800854b4  ti_sysbios_family_arm_m3_Hwi_Module_State_0_intAffinity__A              
80085504  ti_sysbios_heaps_HeapBuf_Object__table__V                               
80085554  ti_sysbios_family_arm_m3_Hwi_Object__table__V                           
8008559c  ti_sysbios_knl_Task_Module__state__V                                    
800855e0  ti_sysbios_timers_dmtimer_Timer_Module_State_0_handles__A               
80085620  ti_sdo_utils_NameServer_Object__table__V                                
8008565c  ti_sysbios_knl_Semaphore_Object__table__V                               
80085698  ti_sysbios_family_arm_ducati_GateSmp_Object__table__V                   
800856d0  ti_sysbios_family_arm_m3_Hwi_Module__state__V                           
80085704  ti_sysbios_knl_Swi_Object__table__V                                     
80085734  ti_sysbios_knl_Clock_Module__state__V                                   
80085760  ti_sdo_ipc_MessageQ_Module_State_0_transports__A                        
80085788  ti_sysbios_BIOS_Module__state__V                                        
800857ac  xdc_runtime_System_Module_State_0_atexitHandlers__A                     
800857d0  IpcPower_idleCount                                                      
800857d8  IpcPower_suspendCount                                                   
800857dc  IpcPower_resumeCount                                                    
800857e0  IpcPower_clockFxn                                                       
800857f4  _lock                                                                   
800857f8  _unlock                                                                 
800857fc  __TI_cleanup_ptr                                                        
80085800  __TI_dtors_ptr                                                          
80085804  _Fenv                                                                   
80085808  _Tls_setup__Fenv                                                        
8008580c  _Errno                                                                  
80085810  main_func_sp                                                            
80085814  __stack                                                                 
80086814  __STACK_END                                                             
9f000000  ti_trace_SysMin_Module_State_0_outbuf__A                                
9f007ff8  ti_trace_SysMin_Module_State_0_writeidx__A                              
9f007ffc  ti_trace_SysMin_Module_State_0_readidx__A                               
9f060000  ti_deh_Deh_Module_State_0_outbuf__A                                     
9f070000  ti_sysbios_family_arm_ducati_smp_Power_savedContext                     
9f07027c  ti_sysbios_family_arm_ducati_smp_Power_savedRAM                         
e000e000  ti_sysbios_family_arm_m3_Hwi_nvic                                       
ffffffff  __binit__                                                               
ffffffff  __c_args__                                                              
ffffffff  binit                                                                   
UNDEFED   SHT$$INIT_ARRAY$$Base                                                   
UNDEFED   SHT$$INIT_ARRAY$$Limit                                                  

[1237 symbols]
