******************************************************************************
                  TI ARM Linker Unix v5.2.5                    
******************************************************************************
>> Linked Fri Sep 18 12:50:23 2015

OUTPUT FILE NAME:   <bin/ti_platforms_evmDRA7XX_ipu2/messageq_single.xem4>
ENTRY POINT SYMBOL: "ti_sysbios_family_arm_ducati_smp_Power_reset"  address: 00000011


MEMORY CONFIGURATION

         name            origin    length      used     unused   attr    fill
----------------------  --------  ---------  --------  --------  ----  --------
  L2_ROM                00000000   00004000  0000066c  00003994  RWIX
  EXT_CODE              00004000   005fc000  00017502  005e4afe  RW X
  L2_RAM                20000000   00010000  00000000  00010000  RWIX
  OCMC_RAM1             40300000   00080000  00000000  00080000  RWIX
  OCMC_RAM2             40400000   00100000  00000000  00100000  RWIX
  OCMC_RAM3             40500000   00100000  00000000  00100000  RWIX
  EXT_DATA              80000000   00600000  00086810  005797f0  RW  
  EXT_HEAP              80600000   02a00000  00000000  02a00000  RW  
  TRACE_BUF             9f000000   00060000  00008000  00058000  RW  
  EXC_DATA              9f060000   00010000  00000200  0000fe00  RW  
  PM_DATA               9f070000   00020000  0001027c  0000fd84  RW X


SEGMENT ALLOCATION MAP

run origin  load origin   length   init length attrs members
----------  ----------- ---------- ----------- ----- -------
00000000    00000000    000000e0   000000e0    r-x
  00000000    00000000    000000e0   000000e0    r-x .ducatiPowerBoot
00000400    00000400    00000140   00000140    r--
  00000400    00000400    00000140   00000140    r-- .resetVecs
00003000    00003000    0000044c   0000044c    rw-
  00003000    00003000    0000044c   0000044c    rw- .resource_table
00004000    00004000    00017510   00017510    r-x
  00004000    00004000    00005fdc   00005fdc    r-x .text.1
  00009fdc    00009fdc    00000004   00000004    r-- .const.1
  00009fe0    00009fe0    00000244   00000244    r-x .text.2
  0000a224    0000a224    00000004   00000004    r-- .const.2
  0000a228    0000a228    000006a4   000006a4    r-x .text.3
  0000a8cc    0000a8cc    00000004   00000004    r-- .const.3
  0000a8d0    0000a8d0    0000064c   0000064c    r-x .text.4
  0000af1c    0000af1c    00000004   00000004    r-- .const.4
  0000af20    0000af20    000005dc   000005dc    r-x .text.5
  0000b4fc    0000b4fc    00000004   00000004    r-- .const.5
  0000b500    0000b500    000001dc   000001dc    r-x .text.6
  0000b6dc    0000b6dc    00000004   00000004    r-- .const.6
  0000b6e0    0000b6e0    000001dc   000001dc    r-x .text.7
  0000b8bc    0000b8bc    00000004   00000004    r-- .const.7
  0000b8c0    0000b8c0    000006cc   000006cc    r-x .text.8
  0000bf8c    0000bf8c    00000004   00000004    r-- .const.8
  0000bf90    0000bf90    0000033c   0000033c    r-x .text.9
  0000c2cc    0000c2cc    00000004   00000004    r-- .const.9
  0000c2d0    0000c2d0    0000018c   0000018c    r-x .text.10
  0000c45c    0000c45c    00000004   00000004    r-- .const.10
  0000c460    0000c460    0000017c   0000017c    r-x .text.11
  0000c5dc    0000c5dc    00000004   00000004    r-- .const.11
  0000c5e0    0000c5e0    000002ec   000002ec    r-x .text.12
  0000c8cc    0000c8cc    00000004   00000004    r-- .const.12
  0000c8d0    0000c8d0    00000174   00000174    r-x .text.13
  0000ca44    0000ca44    00000004   00000004    r-- .const.13
  0000ca48    0000ca48    000002e4   000002e4    r-x .text.14
  0000cd2c    0000cd2c    00000004   00000004    r-- .const.14
  0000cd30    0000cd30    0000016c   0000016c    r-x .text.15
  0000ce9c    0000ce9c    00000004   00000004    r-- .const.15
  0000cea0    0000cea0    0000016c   0000016c    r-x .text.16
  0000d00c    0000d00c    00000004   00000004    r-- .const.16
  0000d010    0000d010    000002cc   000002cc    r-x .text.17
  0000d2dc    0000d2dc    00000004   00000004    r-- .const.17
  0000d2e0    0000d2e0    00000164   00000164    r-x .text.18
  0000d444    0000d444    00000004   00000004    r-- .const.18
  0000d448    0000d448    0000015c   0000015c    r-x .text.19
  0000d5a4    0000d5a4    00000004   00000004    r-- .const.19
  0000d5a8    0000d5a8    00000154   00000154    r-x .text.20
  0000d6fc    0000d6fc    00000004   00000004    r-- .const.20
  0000d700    0000d700    0000014c   0000014c    r-x .text.21
  0000d84c    0000d84c    00000004   00000004    r-- .const.21
  0000d850    0000d850    0000014c   0000014c    r-x .text.22
  0000d99c    0000d99c    00000004   00000004    r-- .const.22
  0000d9a0    0000d9a0    0000014c   0000014c    r-x .text.23
  0000daec    0000daec    00000004   00000004    r-- .const.23
  0000daf0    0000daf0    00000144   00000144    r-x .text.24
  0000dc34    0000dc34    00000004   00000004    r-- .const.24
  0000dc38    0000dc38    00000144   00000144    r-x .text.25
  0000dd7c    0000dd7c    00000004   00000004    r-- .const.25
  0000dd80    0000dd80    0000027c   0000027c    r-x .text.26
  0000dffc    0000dffc    00000004   00000004    r-- .const.26
  0000e000    0000e000    0000013c   0000013c    r-x .text.27
  0000e13c    0000e13c    00000004   00000004    r-- .const.27
  0000e140    0000e140    000003a4   000003a4    r-x .text.28
  0000e4e4    0000e4e4    00000004   00000004    r-- .const.28
  0000e4e8    0000e4e8    00000124   00000124    r-x .text.29
  0000e60c    0000e60c    00000004   00000004    r-- .const.29
  0000e610    0000e610    0000035c   0000035c    r-x .text.30
  0000e96c    0000e96c    00000004   00000004    r-- .const.30
  0000e970    0000e970    00000234   00000234    r-x .text.31
  0000eba4    0000eba4    00000004   00000004    r-- .const.31
  0000eba8    0000eba8    00000114   00000114    r-x .text.32
  0000ecbc    0000ecbc    00000004   00000004    r-- .const.32
  0000ecc0    0000ecc0    00000624   00000624    r-x .text.33
  0000f2e4    0000f2e4    00000004   00000004    r-- .const.33
  0000f2e8    0000f2e8    00000764   00000764    r-x .text.34
  0000fa4c    0000fa4c    00000004   00000004    r-- .const.34
  0000fa50    0000fa50    0000019c   0000019c    r-x .text.35
  0000fbec    0000fbec    00000004   00000004    r-- .const.35
  0000fbf0    0000fbf0    0000031c   0000031c    r-x .text.36
  0000ff0c    0000ff0c    00000004   00000004    r-- .const.36
  0000ff10    0000ff10    000000c4   000000c4    r-x .text.37
  0000ffd4    0000ffd4    00000004   00000004    r-- .const.37
  0000ffd8    0000ffd8    00000474   00000474    r-x .text.38
  0001044c    0001044c    00000004   00000004    r-- .const.38
  00010450    00010450    000000b4   000000b4    r-x .text.39
  00010504    00010504    00000004   00000004    r-- .const.39
  00010508    00010508    000000b4   000000b4    r-x .text.40
  000105bc    000105bc    00000004   00000004    r-- .const.40
  000105c0    000105c0    000000b4   000000b4    r-x .text.41
  00010674    00010674    00000004   00000004    r-- .const.41
  00010678    00010678    000000b4   000000b4    r-x .text.42
  0001072c    0001072c    00000004   00000004    r-- .const.42
  00010730    00010730    000000ac   000000ac    r-x .text.43
  000107dc    000107dc    00000004   00000004    r-- .const.43
  000107e0    000107e0    00000154   00000154    r-x .text.44
  00010934    00010934    00000004   00000004    r-- .const.44
  00010938    00010938    000001ec   000001ec    r-x .text.45
  00010b24    00010b24    00000004   00000004    r-- .const.45
  00010b28    00010b28    00000594   00000594    r-x .text.46
  000110bc    000110bc    00000004   00000004    r-- .const.46
  000110c0    000110c0    00000394   00000394    r-x .text.47
  00011454    00011454    00000004   00000004    r-- .const.47
  00011458    00011458    00000094   00000094    r-x .text.48
  000114ec    000114ec    00000004   00000004    r-- .const.48
  000114f0    000114f0    0000019c   0000019c    r-x .text.49
  0001168c    0001168c    00000004   00000004    r-- .const.49
  00011690    00011690    0000017c   0000017c    r-x .text.50
  0001180c    0001180c    00000004   00000004    r-- .const.50
  00011810    00011810    000005ac   000005ac    r-x .text.51
  00011dbc    00011dbc    00000004   00000004    r-- .const.51
  00011dc0    00011dc0    000004c4   000004c4    r-x .text.52
  00012284    00012284    00000004   00000004    r-- .const.52
  00012288    00012288    00000234   00000234    r-x .text.53
  000124bc    000124bc    00000004   00000004    r-- .const.53
  000124c0    000124c0    0000005c   0000005c    r-x .text.54
  0001251c    0001251c    00000004   00000004    r-- .const.54
  00012520    00012520    0000005c   0000005c    r-x .text.55
  0001257c    0001257c    00000004   00000004    r-- .const.55
  00012580    00012580    00000113   00000113    r-x .text.56
  00012694    00012694    00000004   00000004    r-- .const.56
  00012698    00012698    0000015c   0000015c    r-x .text.57
  000127f4    000127f4    00000004   00000004    r-- .const.57
  000127f8    000127f8    00000054   00000054    r-x .text.58
  0001284c    0001284c    00000004   00000004    r-- .const.58
  00012850    00012850    0000036c   0000036c    r-x .text.59
  00012bbc    00012bbc    00000004   00000004    r-- .const.59
  00012bc0    00012bc0    0000004c   0000004c    r-x .text.60
  00012c0c    00012c0c    00000004   00000004    r-- .const.60
  00012c10    00012c10    000000e4   000000e4    r-x .text.61
  00012cf4    00012cf4    00000004   00000004    r-- .const.61
  00012cf8    00012cf8    0000004c   0000004c    r-x .text.62
  00012d44    00012d44    00000004   00000004    r-- .const.62
  00012d48    00012d48    0000039c   0000039c    r-x .text.63
  000130e4    000130e4    00000004   00000004    r-- .const.63
  000130e8    000130e8    00000044   00000044    r-x .text.64
  0001312c    0001312c    00000004   00000004    r-- .const.64
  00013130    00013130    00000044   00000044    r-x .text.65
  00013174    00013174    00000004   00000004    r-- .const.65
  00013178    00013178    00000044   00000044    r-x .text.66
  000131bc    000131bc    00000004   00000004    r-- .const.66
  000131c0    000131c0    0000020c   0000020c    r-x .text.67
  000133cc    000133cc    00000004   00000004    r-- .const.67
  000133d0    000133d0    000004f4   000004f4    r-x .text.68
  000138c4    000138c4    00000004   00000004    r-- .const.68
  000138c8    000138c8    0000003c   0000003c    r-x .text.69
  00013904    00013904    00000004   00000004    r-- .const.69
  00013908    00013908    0000003c   0000003c    r-x .text.70
  00013944    00013944    00000004   00000004    r-- .const.70
  00013948    00013948    000000b4   000000b4    r-x .text.71
  000139fc    000139fc    00000004   00000004    r-- .const.71
  00013a00    00013a00    0000003c   0000003c    r-x .text.72
  00013a3c    00013a3c    00000004   00000004    r-- .const.72
  00013a40    00013a40    0000003c   0000003c    r-x .text.73
  00013a7c    00013a7c    00000004   00000004    r-- .const.73
  00013a80    00013a80    0000003c   0000003c    r-x .text.74
  00013abc    00013abc    00000004   00000004    r-- .const.74
  00013ac0    00013ac0    0000003c   0000003c    r-x .text.75
  00013afc    00013afc    00000004   00000004    r-- .const.75
  00013b00    00013b00    0000038c   0000038c    r-x .text.76
  00013e8c    00013e8c    00000004   00000004    r-- .const.76
  00013e90    00013e90    00000034   00000034    r-x .text.77
  00013ec4    00013ec4    00000004   00000004    r-- .const.77
  00013ec8    00013ec8    0000009c   0000009c    r-x .text.78
  00013f64    00013f64    00000004   00000004    r-- .const.78
  00013f68    00013f68    00000674   00000674    r-x .text.79
  000145dc    000145dc    00000004   00000004    r-- .const.79
  000145e0    000145e0    000003bc   000003bc    r-x .text.80
  0001499c    0001499c    00000004   00000004    r-- .const.80
  000149a0    000149a0    00000024   00000024    r-x .text.81
  000149c4    000149c4    00000004   00000004    r-- .const.81
  000149c8    000149c8    0000006c   0000006c    r-x .text.82
  00014a34    00014a34    00000004   00000004    r-- .const.82
  00014a38    00014a38    00000334   00000334    r-x .text.83
  00014d6c    00014d6c    00000004   00000004    r-- .const.83
  00014d70    00014d70    000002cc   000002cc    r-x .text.84
  0001503c    0001503c    00000004   00000004    r-- .const.84
  00015040    00015040    0000008c   0000008c    r-x .text.85
  000150cc    000150cc    00000004   00000004    r-- .const.85
  000150d0    000150d0    0000001c   0000001c    r-x .text.86
  000150ec    000150ec    00000004   00000004    r-- .const.86
  000150f0    000150f0    000002ec   000002ec    r-x .text.87
  000153dc    000153dc    00000004   00000004    r-- .const.87
  000153e0    000153e0    00000014   00000014    r-x .text.88
  000153f4    000153f4    00000004   00000004    r-- .const.88
  000153f8    000153f8    000000dc   000000dc    r-x .text.89
  000154d4    000154d4    00000004   00000004    r-- .const.89
  000154d8    000154d8    00000294   00000294    r-x .text.90
  0001576c    0001576c    00000004   00000004    r-- .const.90
  00015770    00015770    0000000c   0000000c    r-x .text.91
  0001577c    0001577c    00000004   00000004    r-- .const.91
  00015780    00015780    0000000c   0000000c    r-x .text.92
  0001578c    0001578c    00000004   00000004    r-- .const.92
  00015790    00015790    00000084   00000084    r-x .text.93
  00015814    00015814    00000004   00000004    r-- .const.93
  00015818    00015818    0000003c   0000003c    r-x .text.94
  00015854    00015854    00000004   00000004    r-- .const.94
  00015858    00015858    0000000c   0000000c    r-x .text.95
  00015864    00015864    00000004   00000004    r-- .const.95
  00015868    00015868    00000224   00000224    r-x .text.96
  00015a8c    00015a8c    00000004   00000004    r-- .const.96
  00015a90    00015a90    00000004   00000004    r-x .text.97
  00015a94    00015a94    00000004   00000004    r-- .const.97
  00015a98    00015a98    00000004   00000004    r-x .text.98
  00015a9c    00015a9c    00000004   00000004    r-- .const.98
  00015aa0    00015aa0    00000004   00000004    r-x .text.99
  00015aa4    00015aa4    00000004   00000004    r-- .const.99
  00015aa8    00015aa8    00000004   00000004    r-x .text.100
  00015aac    00015aac    00000004   00000004    r-- .const.100
  00015ab0    00015ab0    00000004   00000004    r-x .text.101
  00015ab4    00015ab4    00000004   00000004    r-- .const.101
  00015ab8    00015ab8    00000004   00000004    r-x .text.102
  00015abc    00015abc    00000004   00000004    r-- .const.102
  00015ac0    00015ac0    00000004   00000004    r-x .text.103
  00015ac4    00015ac4    00000004   00000004    r-- .const.103
  00015ac8    00015ac8    00000004   00000004    r-x .text.104
  00015acc    00015acc    00000004   00000004    r-- .const.104
  00015ad0    00015ad0    00000004   00000004    r-x .text.105
  00015ad4    00015ad4    00000004   00000004    r-- .const.105
  00015ad8    00015ad8    00000004   00000004    r-x .text.106
  00015adc    00015adc    00000004   00000004    r-- .const.106
  00015ae0    00015ae0    00000002   00000002    r-x .text.107
  00015ae4    00015ae4    00000004   00000004    r-- .const.107
  00015ae8    00015ae8    00000002   00000002    r-x .text.108
  00015aec    00015aec    00000004   00000004    r-- .const.108
  00015af0    00015af0    00000002   00000002    r-x .text.109
  00015af4    00015af4    0000430d   0000430d    r-- .const.109
  00019e08    00019e08    00001708   00001708    r-- .cinit
80000000    80000000    00086810   00000000    rw-
  80000000    80000000    00084160   00000000    rw- .bss
  80084160    80084160    000016b0   00000000    rw- .data
  80085810    80085810    00001000   00000000    rw- .stack
9f000000    9f000000    00008000   00000000    rw-
  9f000000    9f000000    00008000   00000000    rw- .tracebuf
9f060000    9f060000    00000200   00000000    rw-
  9f060000    9f060000    00000200   00000000    rw- .errorbuf
9f070000    9f070000    0001027c   00000000    rw-
  9f070000    9f070000    0001027c   00000000    rw- .ti_sysbios_family_arm_ducati_smp_Power


SECTION ALLOCATION MAP

 output                                  attributes/
section   page    origin      length       input sections
--------  ----  ----------  ----------   ----------------
.bss       0    80000000    00084160     UNINITIALIZED
                  80000000    00040000     messageq_single_pem4.oem4 (.bss:ti_sysbios_heaps_HeapBuf_Instance_State_1_buf__A)
                  80040000    00020000     messageq_single_pem4.oem4 (.bss:ti_sysbios_heaps_HeapBuf_Instance_State_0_buf__A)
                  80060000    00020000     messageq_single_pem4.oem4 (.bss:ti_sysbios_heaps_HeapMem_Instance_State_0_buf__A)
                  80080000    00002000     messageq_single_pem4.oem4 (.bss:taskStackSection)
                  80082000    00001000     messageq_single_pem4.oem4 (.bss:ti_sysbios_family_arm_ducati_Core_Module_State_0_core1HwiStack__A)
                  80083000    00001000     sysbios.aem4 : BIOS.obj (.bss:ti_sysbios_family_arm_m3_Hwi_vnvic)
                  80084000    00000140     messageq_single_pem4.oem4 (.bss:ti_sysbios_family_arm_m3_Hwi_dispatchTable)
                  80084140    00000004     (.common:endIdx$3)
                  80084144    00000004     (.common:startIdx$2)
                  80084148    00000004     (.common:ti_sysbios_knl_Swi_Instance_State_0_hookEnv__A)
                  8008414c    00000004     (.common:ti_sysbios_knl_Task_Instance_State_0_hookEnv__A)
                  80084150    00000004     (.common:ti_sysbios_knl_Task_Instance_State_1_hookEnv__A)
                  80084154    00000004     (.common:ti_sysbios_knl_Task_Instance_State_2_hookEnv__A)
                  80084158    00000004     (.common:ti_sysbios_knl_Task_Instance_State_3_hookEnv__A)
                  8008415c    00000004     (.common:timeStampSecCharLen$4)

.neardata 
*          0    80084160    00000000     UNINITIALIZED

.rodata    0    80084160    00000000     UNINITIALIZED

.stack     0    80085810    00001000     UNINITIALIZED
                  80085810    00001000     --HOLE--

.cinit     0    00019e08    00001708     
                  00019e08    000016b8     (.cinit..data.load) [load image]
                  0001b4c0    00000008     (.cinit..bss.load) [load image, compression = zero_init]
                  0001b4c8    00000008     (.cinit..errorbuf.load) [load image, compression = zero_init]
                  0001b4d0    00000008     (.cinit..ti_sysbios_family_arm_ducati_smp_Power.load) [load image, compression = zero_init]
                  0001b4d8    00000008     (.cinit..tracebuf.load) [load image, compression = zero_init]
                  0001b4e0    00000008     (__TI_handler_table)
                  0001b4e8    00000028     (__TI_cinit_table)

.init_array 
*          0    00004000    00000000     UNINITIALIZED

.bootVecs 
*          0    00000000    00000008     DSECT
                  00000000    00000008     boot.aem4 : boot.oem4 (.bootVecs)

.vecs      0    00000400    00000000     DSECT

.ducatiPowerBoot 
*          0    00000000    000000e0     
                  00000000    000000e0     sysbios.aem4 : smp_Power_resumeCpu.obj (.ducatiPowerBoot)

.resetVecs 
*          0    00000400    00000140     
                  00000400    00000140     messageq_single_pem4.oem4 (.resetVecs)

.resource_table 
*          0    00003000    0000044c     
                  00003000    0000044c     messageq_single_pem4.oem4 (.resource_table)

.tracebuf 
*          0    9f000000    00008000     UNINITIALIZED
                  9f000000    00008000     messageq_single_pem4.oem4 (.tracebuf)

.errorbuf 
*          0    9f060000    00000200     UNINITIALIZED
                  9f060000    00000200     messageq_single_pem4.oem4 (.errorbuf)

.ti_sysbios_family_arm_ducati_smp_Power 
*          0    9f070000    0001027c     UNINITIALIZED
                  9f070000    0001027c     sysbios.aem4 : BIOS.obj (.ti_sysbios_family_arm_ducati_smp_Power)

xdc.meta   0    00004000    0000011d     COPY SECTION
                  00004000    0000011d     messageq_single_pem4.oem4 (xdc.meta)

.text.1    0    00004000    00005fdc     
                  00004000    000010a6     rtsv7M4_T_le_eabi.lib : _printfi.obj (.text)
                  000050a6    00000002                           : i_div0.obj (.text)
                  000050a8    0000077c     sysbios.aem4 : BIOS.obj (.text:ti_sysbios_family_arm_ducati_smp_Power_doSuspend__I)
                  00005824    00000734     ti.deh_vayu_smp.aem4 : Deh.oem4 (.text:ti_deh_Deh_excHandler__F)
                  00005f58    000005b4     ipc.aem4 : Ipc.obj (.text:RPMessage_send)
                  0000650c    00000004     messageq_single_pem4.oem4 (.text:ti_sysbios_family_arm_m3_TaskSupport_Module__startupDone__S)
                  00006510    000004c0     ipc.aem4 : Ipc.obj (.text:ti_ipc_namesrv_NameServerRemoteRpmsg_get__F)
                  000069d0    000003f0              : Ipc.obj (.text:MessageQ_put)
                  00006dc0    000003a8     messageq_single.oem4 (.text:tsk1Fxn)
                  00007168    00000394     sysbios.aem4 : BIOS.obj (.text:ti_sysbios_heaps_HeapBuf_Instance_init__E)
                  000074fc    00000004     messageq_single_pem4.oem4 (.text:ti_sysbios_family_shared_vayu_IntXbar_Module__startupDone__S)
                  00007500    00000370     ipc.aem4 : Ipc.obj (.text:NameServerRemote_processMessage)
                  00007870    00000358              : Ipc.obj (.text:VirtQueue_create)
                  00007bc8    00000354     sysbios.aem4 : BIOS.obj (.text:ti_sysbios_knl_Task_schedule__I)
                  00007f1c    0000034c     ti.targets.arm.rtsarm.aem4 : System.oem4 (.text:xdc_runtime_System_doPrint__I)
                  00008268    0000030c     ipc.aem4 : Ipc.obj (.text:RPMessage_swiFxn$15)
                  00008574    00000004     messageq_single_pem4.oem4 (.text:ti_sysbios_hal_ammu_AMMU_Module__startupDone__S)
                  00008578    00000304     sysbios.aem4 : BIOS.obj (.text:ti_sysbios_knl_Semaphore_pend__E)
                  0000887c    00000004     ti.targets.arm.rtsarm.aem4 : Error.oem4 (.text:xdc_runtime_Error_getSite__E)
                  00008880    000002f4     ipc.aem4 : Ipc.obj (.text:ti_sdo_ipc_family_vayu_NotifySetup_Module_startup__E)
                  00008b74    00000004     ti.targets.arm.rtsarm.aem4 : System.oem4 (.text:xdc_runtime_System_aprintf_va__F)
                  00008b78    000002d4     ipc.aem4 : Ipc.obj (.text:RPMessage_init)
                  00008e4c    00000004     ti.targets.arm.rtsarm.aem4 : System.oem4 (.text:xdc_runtime_System_printf_va__F)
                  00008e50    00000298     ipc.aem4 : Ipc.obj (.text:VirtQueue_startup)
                  000090e8    00000294              : Ipc.obj (.text:NameServer_add)
                  0000937c    00000004     ti.targets.arm.rtsarm.aem4 : System.oem4 (.text:xdc_runtime_System_sprintf_va__F)
                  00009380    0000028c     ipc.aem4 : Ipc.obj (.text:RPMessage_create)
                  0000960c    00000004     messageq_single_pem4.oem4 (.text:xdc_runtime_knl_GateThread_Module__startupDone__S)
                  00009610    00000284     ipc.aem4 : Ipc.obj (.text:transportCallbackFxn$8)
                  00009894    00000002     messageq_single_pem4.oem4 (.text:ti_sysbios_BIOS_nullFunc__I)
                  00009896    00000002     ti.trace_smp.aem4 : SysMin.oem4 (.text:ti_trace_SysMin_flush__E)
                  00009898    0000027c     sysbios.aem4 : BIOS.obj (.text:ti_sysbios_knl_Task_Instance_finalize__E)
                  00009b14    00000274     ti.deh_vayu_smp.aem4 : Watchdog.oem4 (.text:ti_deh_Watchdog_init__F)
                  00009d88    00000254     sysbios.aem4 : BIOS.obj (.text:ti_sysbios_heaps_HeapMem_free__E)

.const.1   0    00009fdc    00000004     
                  00009fdc    00000004     messageq_single_pem4.oem4 (.const:ti_ipc_namesrv_NameServerRemoteRpmsg_Module__diagsEnabled__C)

.text.2    0    00009fe0    00000244     
                  00009fe0    00000244     ipc.aem4 : Ipc.obj (.text:ti_ipc_transports_TransportRpmsg_Instance_init__E)

.const.2   0    0000a224    00000004     
                  0000a224    00000004     messageq_single_pem4.oem4 (.const:ti_ipc_namesrv_NameServerRemoteRpmsg_Module__diagsIncluded__C)

.text.3    0    0000a228    000006a4     
                  0000a228    00000240     sysbios.aem4 : BIOS.obj (.text:ti_sysbios_heaps_HeapMem_alloc__E)
                  0000a468    0000023c     ipc.aem4 : Ipc.obj (.text:MessageQ_free)
                  0000a6a4    00000228     ti.trace_smp.aem4 : SysMin.oem4 (.text:ti_trace_SysMin_putch__E)

.const.3   0    0000a8cc    00000004     
                  0000a8cc    00000004     messageq_single_pem4.oem4 (.const:ti_ipc_namesrv_NameServerRemoteRpmsg_Module__diagsMask__C)

.text.4    0    0000a8d0    0000064c     
                  0000a8d0    00000224     ipc.aem4 : Ipc.obj (.text:ti_sdo_ipc_MessageQ_Instance_init__E)
                  0000aaf4    0000021c     messageq_single_pem4.oem4 (.text:xdc_runtime_System_printfExtend__I)
                  0000ad10    0000020c     sysbios.aem4 : BIOS.obj (.text:ti_sysbios_knl_Task_Instance_init__E)

.const.4   0    0000af1c    00000004     
                  0000af1c    00000004     messageq_single_pem4.oem4 (.const:ti_ipc_namesrv_NameServerRemoteRpmsg_Module__loggerFxn1__C)

.text.5    0    0000af20    000005dc     
                  0000af20    000001fc     sysbios.aem4 : BIOS.obj (.text:ti_sysbios_heaps_HeapBuf_free__E)
                  0000b11c    000001f4     rtsv7M4_T_le_eabi.lib : ull_div_t2.obj (.text)
                  0000b310    000001ec     sysbios.aem4 : BIOS.obj (.text:ti_sysbios_hal_unicache_Cache_startup__I)

.const.5   0    0000b4fc    00000004     
                  0000b4fc    00000004     messageq_single_pem4.oem4 (.const:ti_ipc_namesrv_NameServerRemoteRpmsg_Module__loggerFxn2__C)

.text.6    0    0000b500    000001dc     
                  0000b500    000001dc     ipc.aem4 : Ipc.obj (.text:IpcMgr_ipcStartup)

.const.6   0    0000b6dc    00000004     
                  0000b6dc    00000004     messageq_single_pem4.oem4 (.const:ti_ipc_namesrv_NameServerRemoteRpmsg_Module__loggerFxn4__C)

.text.7    0    0000b6e0    000001dc     
                  0000b6e0    000001dc     sysbios.aem4 : BIOS.obj (.text:ti_sysbios_knl_Task_setPri__E)

.const.7   0    0000b8bc    00000004     
                  0000b8bc    00000004     messageq_single_pem4.oem4 (.const:ti_ipc_namesrv_NameServerRemoteRpmsg_Module__loggerFxn8__C)

.text.8    0    0000b8c0    000006cc     
                  0000b8c0    000001b8     sysbios.aem4 : BIOS.obj (.text:ti_sysbios_gates_GateMutexPri_enter__E)
                  0000ba78    000001b8                  : BIOS.obj (.text:ti_sysbios_knl_Task_startCore__E)
                  0000bc30    000001b6     rtsv7M4_T_le_eabi.lib : fd_add_t2.obj (.text)
                  0000bde6    00000002     --HOLE-- [fill = 0]
                  0000bde8    000001a4     ipc.aem4 : Ipc.obj (.text:ti_ipc_transports_TransportRpmsg_Instance_finalize__E)

.const.8   0    0000bf8c    00000004     
                  0000bf8c    00000004     messageq_single_pem4.oem4 (.const:ti_ipc_namesrv_NameServerRemoteRpmsg_Module__loggerObj__C)

.text.9    0    0000bf90    0000033c     
                  0000bf90    000001a0     sysbios.aem4 : BIOS.obj (.text:ti_sysbios_knl_Swi_run__I)
                  0000c130    0000019c                  : BIOS.obj (.text:ti_sysbios_family_arm_m3_Hwi_clearInterrupt__E)

.const.9   0    0000c2cc    00000004     
                  0000c2cc    00000004     messageq_single_pem4.oem4 (.const:ti_ipc_namesrv_NameServerRemoteRpmsg_timeout__C)

.text.10   0    0000c2d0    0000018c     
                  0000c2d0    0000018c     sysbios.aem4 : BIOS.obj (.text:ti_sysbios_timers_dmtimer_Timer_checkFreq__I)

.const.10 
*          0    0000c45c    00000004     
                  0000c45c    00000004     messageq_single_pem4.oem4 (.const:ti_ipc_transports_TransportRpmsgSetup_Module__diagsEnabled__C)

.text.11   0    0000c460    0000017c     
                  0000c460    0000017c     ipc.aem4 : Ipc.obj (.text:VirtQueue_isr)

.const.11 
*          0    0000c5dc    00000004     
                  0000c5dc    00000004     messageq_single_pem4.oem4 (.const:ti_ipc_transports_TransportRpmsgSetup_Module__diagsIncluded__C)

.text.12   0    0000c5e0    000002ec     
                  0000c5e0    00000178     ipc.aem4 : Ipc.obj (.text:ti_sdo_ipc_MessageQ_registerTransport__F)
                  0000c758    00000174              : Ipc.obj (.text:ti_sdo_utils_NameServer_registerRemoteDriver__E)

.const.12 
*          0    0000c8cc    00000004     
                  0000c8cc    00000004     messageq_single_pem4.oem4 (.const:ti_ipc_transports_TransportRpmsgSetup_Module__diagsMask__C)

.text.13   0    0000c8d0    00000174     
                  0000c8d0    00000174     sysbios.aem4 : BIOS.obj (.text:ti_sysbios_family_arm_ducati_Core_hwiFunc__I)

.const.13 
*          0    0000ca44    00000004     
                  0000ca44    00000004     messageq_single_pem4.oem4 (.const:ti_ipc_transports_TransportRpmsgSetup_Module__loggerFxn2__C)

.text.14   0    0000ca48    000002e4     
                  0000ca48    00000174     sysbios.aem4 : BIOS.obj (.text:ti_sysbios_family_arm_m3_Hwi_excBusFault__I)
                  0000cbbc    00000170     ti.pm_smp_vayu.aem4 : IpcPower.oem4 (.text:IpcPower_registerCallback)

.const.14 
*          0    0000cd2c    00000004     
                  0000cd2c    00000004     messageq_single_pem4.oem4 (.const:ti_ipc_transports_TransportRpmsgSetup_Module__loggerObj__C)

.text.15   0    0000cd30    0000016c     
                  0000cd30    0000016c     ipc.aem4 : Ipc.obj (.text:ti_sdo_ipc_MessageQ_unregisterTransport__F)

.const.15 
*          0    0000ce9c    00000004     
                  0000ce9c    00000004     messageq_single_pem4.oem4 (.const:ti_ipc_transports_TransportRpmsg_Module__diagsEnabled__C)

.text.16   0    0000cea0    0000016c     
                  0000cea0    0000016c     sysbios.aem4 : BIOS.obj (.text:ti_sysbios_family_arm_m3_Hwi_updateNvic__I)

.const.16 
*          0    0000d00c    00000004     
                  0000d00c    00000004     messageq_single_pem4.oem4 (.const:ti_ipc_transports_TransportRpmsg_Module__diagsIncluded__C)

.text.17   0    0000d010    000002cc     
                  0000d010    00000168     sysbios.aem4 : BIOS.obj (.text:ti_sysbios_heaps_HeapBuf_alloc__E)
                  0000d178    00000164     ipc.aem4 : Ipc.obj (.text:sendMessage$14)

.const.17 
*          0    0000d2dc    00000004     
                  0000d2dc    00000004     messageq_single_pem4.oem4 (.const:ti_ipc_transports_TransportRpmsg_Module__diagsMask__C)

.text.18   0    0000d2e0    00000164     
                  0000d2e0    00000164     ipc.aem4 : Ipc.obj (.text:ti_sdo_utils_NameServer_unregisterRemoteDriver__E)

.const.18 
*          0    0000d444    00000004     
                  0000d444    00000004     messageq_single_pem4.oem4 (.const:ti_ipc_transports_TransportRpmsg_Module__loggerFxn1__C)

.text.19   0    0000d448    0000015c     
                  0000d448    0000015c     sysbios.aem4 : BIOS.obj (.text:ti_sysbios_family_arm_m3_Hwi_Module_startup__E)

.const.19 
*          0    0000d5a4    00000004     
                  0000d5a4    00000004     messageq_single_pem4.oem4 (.const:ti_ipc_transports_TransportRpmsg_Module__loggerFxn2__C)

.text.20   0    0000d5a8    00000154     
                  0000d5a8    00000154     sysbios.aem4 : BIOS.obj (.text:ti_sysbios_family_arm_m3_Hwi_excUsageFault__I)

.const.20 
*          0    0000d6fc    00000004     
                  0000d6fc    00000004     messageq_single_pem4.oem4 (.const:ti_ipc_transports_TransportRpmsg_Module__loggerFxn4__C)

.text.21   0    0000d700    0000014c     
                  0000d700    0000014c     ipc.aem4 : Ipc.obj (.text:MessageQ_alloc)

.const.21 
*          0    0000d84c    00000004     
                  0000d84c    00000004     messageq_single_pem4.oem4 (.const:ti_ipc_transports_TransportRpmsg_Module__loggerFxn8__C)

.text.22   0    0000d850    0000014c     
                  0000d850    0000014c     ipc.aem4 : Ipc.obj (.text:ti_sdo_ipc_MessageQ_Instance_finalize__E)

.const.22 
*          0    0000d99c    00000004     
                  0000d99c    00000004     messageq_single_pem4.oem4 (.const:ti_ipc_transports_TransportRpmsg_Module__loggerObj__C)

.text.23   0    0000d9a0    0000014c     
                  0000d9a0    0000014c     sysbios.aem4 : BIOS.obj (.text:ti_sysbios_family_shared_vayu_IntXbar_connect__E)

.const.23 
*          0    0000daec    00000004     
                  0000daec    00000004     messageq_single_pem4.oem4 (.const:ti_sdo_ipc_MessageQ_A_cannotFreeStaticMsg__C)

.text.24   0    0000daf0    00000144     
                  0000daf0    00000144     ipc.aem4 : Ipc.obj (.text:ti_sdo_ipc_family_vayu_InterruptIpu_intRegister__E)

.const.24 
*          0    0000dc34    00000004     
                  0000dc34    00000004     messageq_single_pem4.oem4 (.const:ti_sdo_ipc_MessageQ_A_heapIdInvalid__C)

.text.25   0    0000dc38    00000144     
                  0000dc38    00000144     sysbios.aem4 : BIOS.obj (.text:ti_sysbios_knl_Semaphore_post__E)

.const.25 
*          0    0000dd7c    00000004     
                  0000dd7c    00000004     messageq_single_pem4.oem4 (.const:ti_sdo_ipc_MessageQ_A_invalidMsg__C)

.text.26   0    0000dd80    0000027c     
                  0000dd80    00000140     sysbios.aem4 : BIOS.obj (.text:ti_sysbios_knl_Clock_workFunc__E)
                  0000dec0    0000013c                  : BIOS.obj (.text:ti_sysbios_family_arm_m3_Hwi_dispatchC__I)

.const.26 
*          0    0000dffc    00000004     
                  0000dffc    00000004     messageq_single_pem4.oem4 (.const:ti_sdo_ipc_MessageQ_A_invalidObj__C)

.text.27   0    0000e000    0000013c     
                  0000e000    0000013c     sysbios.aem4 : BIOS.obj (.text:ti_sysbios_heaps_HeapMem_Instance_init__E)

.const.27 
*          0    0000e13c    00000004     
                  0000e13c    00000004     messageq_single_pem4.oem4 (.const:ti_sdo_ipc_MessageQ_A_invalidQueueId__C)

.text.28   0    0000e140    000003a4     
                  0000e140    00000138     sysbios.aem4 : BIOS.obj (.text:ti_sysbios_family_arm_m3_Hwi_excMemFault__I)
                  0000e278    00000136     rtsv7M4_T_le_eabi.lib : fd_div_t2.obj (.text)
                  0000e3ae    00000002     --HOLE-- [fill = 0]
                  0000e3b0    00000134     ipc.aem4 : Ipc.obj (.text:ti_sdo_ipc_family_vayu_InterruptIpu_intSend__E)

.const.28 
*          0    0000e4e4    00000004     
                  0000e4e4    00000004     messageq_single_pem4.oem4 (.const:ti_sdo_ipc_MessageQ_A_procIdInvalid__C)

.text.29   0    0000e4e8    00000124     
                  0000e4e8    00000124     ipc.aem4 : Ipc.obj (.text:MessageQ_get)

.const.29 
*          0    0000e60c    00000004     
                  0000e60c    00000004     messageq_single_pem4.oem4 (.const:ti_sdo_ipc_MessageQ_A_unregisteredTransport__C)

.text.30   0    0000e610    0000035c     
                  0000e610    00000120     ipc.aem4 : Ipc.obj (.text:NameServer_getLocal)
                  0000e730    00000120     sysbios.aem4 : BIOS.obj (.text:ti_sysbios_timers_dmtimer_Timer_deviceConfig__I)
                  0000e850    0000011c     ipc.aem4 : Ipc.obj (.text:VirtQueue_kick)

.const.30 
*          0    0000e96c    00000004     
                  0000e96c    00000004     messageq_single_pem4.oem4 (.const:ti_sdo_ipc_MessageQ_E_indexNotAvailable__C)

.text.31   0    0000e970    00000234     
                  0000e970    0000011c     sysbios.aem4 : BIOS.obj (.text:ti_sysbios_hal_unicache_Cache_inv__E)
                  0000ea8c    00000118     ti.targets.arm.rtsarm.aem4 : Error.oem4 (.text:xdc_runtime_Error_policyDefault__E)

.const.31 
*          0    0000eba4    00000004     
                  0000eba4    00000004     messageq_single_pem4.oem4 (.const:ti_sdo_ipc_MessageQ_E_maxReached__C)

.text.32   0    0000eba8    00000114     
                  0000eba8    00000114     ipc.aem4 : Ipc.obj (.text:ti_ipc_transports_TransportRpmsg_put__E)

.const.32 
*          0    0000ecbc    00000004     
                  0000ecbc    00000004     messageq_single_pem4.oem4 (.const:ti_sdo_ipc_MessageQ_E_nameFailed__C)

.text.33   0    0000ecc0    00000624     
                  0000ecc0    00000110     ipc.aem4 : Ipc.obj (.text:callback_availBufReady$15)
                  0000edd0    00000110     rtsv7M4_T_le_eabi.lib : xdscale.obj (.text)
                  0000eee0    00000108     ipc.aem4 : Ipc.obj (.text:ti_sdo_ipc_family_vayu_InterruptIpu_intClear__E)
                  0000efe8    00000100     sysbios.aem4 : BIOS.obj (.text:ti_sysbios_knl_Swi_Instance_init__E)
                  0000f0e8    00000100     ti.targets.arm.rtsarm.aem4 : Core-mem.oem4 (.text:xdc_runtime_Core_createObject__I)
                  0000f1e8    000000fc     rtsv7M4_T_le_eabi.lib : fd_mul_t2.obj (.text)

.const.33 
*          0    0000f2e4    00000004     
                  0000f2e4    00000004     messageq_single_pem4.oem4 (.const:ti_sdo_ipc_MessageQ_Instance_State_highList__O)

.text.34   0    0000f2e8    00000764     
                  0000f2e8    000000f8     sysbios.aem4 : BIOS.obj (.text:ti_sysbios_family_arm_ducati_Core_core1Startup__I)
                  0000f3e0    000000f8                  : BIOS.obj (.text:ti_sysbios_knl_Swi_post__E)
                  0000f4d8    000000f8                  : BIOS.obj (.text:ti_sysbios_knl_Task_postInit__I)
                  0000f5d0    000000f8     ti.targets.arm.rtsarm.aem4 : Log.oem4 (.text:xdc_runtime_Log_doPrint__E)
                  0000f6c8    000000f8                                : Startup.oem4 (.text:xdc_runtime_Startup_startMods__I)
                  0000f7c0    000000e8     ti.deh_vayu_smp.aem4 : StackDbg.oem4 (.text:ti_deh_StackDbg_walkStack__F)
                  0000f8a8    000000d4     sysbios.aem4 : BIOS.obj (.text:ti_sysbios_family_arm_ducati_Core_atexit__I)
                  0000f97c    000000d0                  : m3_Hwi_asm.obj (.text:ti_sysbios_family_arm_m3_Hwi_dispatch__I)

.const.34 
*          0    0000fa4c    00000004     
                  0000fa4c    00000004     messageq_single_pem4.oem4 (.const:ti_sdo_ipc_MessageQ_Instance_State_normalList__O)

.text.35   0    0000fa50    0000019c     
                  0000fa50    000000d0     sysbios.aem4 : BIOS.obj (.text:ti_sysbios_knl_Task_unblockI__E)
                  0000fb20    000000cc     ti.targets.arm.rtsarm.aem4 : Core-smem.oem4 (.text:xdc_runtime_Core_constructObject__I)

.const.35 
*          0    0000fbec    00000004     
                  0000fbec    00000004     messageq_single_pem4.oem4 (.const:ti_sdo_ipc_MessageQ_LM_free__C)

.text.36   0    0000fbf0    0000031c     
                  0000fbf0    000000c8     ipc.aem4 : Ipc.obj (.text:ti_ipc_transports_TransportRpmsgSetup_attach__E)
                  0000fcb8    000000c8     messageq_single_pem4.oem4 (.text:ti_sysbios_BIOS_rtsUnlock__I)
                  0000fd80    000000c8     sysbios.aem4 : BIOS.obj (.text:ti_sysbios_timers_dmtimer_Timer_setPeriodMicroSecs__E)
                  0000fe48    000000c4     ipc.aem4 : Ipc.obj (.text:MultiProc_getId)

.const.36 
*          0    0000ff0c    00000004     
                  0000ff0c    00000004     messageq_single_pem4.oem4 (.const:ti_sdo_ipc_MessageQ_LM_get__C)

.text.37   0    0000ff10    000000c4     
                  0000ff10    000000c4     sysbios.aem4 : BIOS.obj (.text:ti_sysbios_knl_Task_exit__E)

.const.37 
*          0    0000ffd4    00000004     
                  0000ffd4    00000004     messageq_single_pem4.oem4 (.const:ti_sdo_ipc_MessageQ_LM_putLocal__C)

.text.38   0    0000ffd8    00000474     
                  0000ffd8    000000c0     ipc.aem4 : Ipc.obj (.text:ti_ipc_namesrv_NameServerRemoteRpmsg_detach__E)
                  00010098    000000c0     sysbios.aem4 : BIOS.obj (.text:ti_sysbios_family_arm_m3_Hwi_initNVIC__E)
                  00010158    000000c0                  : BIOS.obj (.text:ti_sysbios_gates_GateMutex_enter__E)
                  00010218    000000be     ti.deh_vayu_smp.aem4 : Deh.oem4 (.text:printStackEntry)
                  000102d6    000000be     rtsv7M4_T_le_eabi.lib : xdnorm.obj (.text)
                  00010394    000000b8     ti.deh_vayu_smp.aem4 : StackDbg.oem4 (.text:__decode_bl32)

.const.38 
*          0    0001044c    00000004     
                  0001044c    00000004     messageq_single_pem4.oem4 (.const:ti_sdo_ipc_MessageQ_Module__diagsEnabled__C)

.text.39   0    00010450    000000b4     
                  00010450    000000b4     sysbios.aem4 : BIOS.obj (.text:ti_sysbios_family_arm_m3_Hwi_excDebugMon__I)

.const.39 
*          0    00010504    00000004     
                  00010504    00000004     messageq_single_pem4.oem4 (.const:ti_sdo_ipc_MessageQ_Module__diagsIncluded__C)

.text.40   0    00010508    000000b4     
                  00010508    000000b4     sysbios.aem4 : BIOS.obj (.text:ti_sysbios_family_arm_m3_Hwi_excHardFault__I)

.const.40 
*          0    000105bc    00000004     
                  000105bc    00000004     messageq_single_pem4.oem4 (.const:ti_sdo_ipc_MessageQ_Module__diagsMask__C)

.text.41   0    000105c0    000000b4     
                  000105c0    000000b4     sysbios.aem4 : BIOS.obj (.text:ti_sysbios_family_shared_vayu_IntXbar_initXbarRegs__I)

.const.41 
*          0    00010674    00000004     
                  00010674    00000004     messageq_single_pem4.oem4 (.const:ti_sdo_ipc_MessageQ_Module__loggerFxn4__C)

.text.42   0    00010678    000000b4     
                  00010678    000000b4     sysbios.aem4 : BIOS.obj (.text:ti_sysbios_knl_Task_checkStacks__E)

.const.42 
*          0    0001072c    00000004     
                  0001072c    00000004     messageq_single_pem4.oem4 (.const:ti_sdo_ipc_MessageQ_Module__loggerObj__C)

.text.43   0    00010730    000000ac     
                  00010730    000000ac     ipc.aem4 : Ipc.obj (.text:ti_sdo_utils_NameServer_Module_startup__E)

.const.43 
*          0    000107dc    00000004     
                  000107dc    00000004     messageq_single_pem4.oem4 (.const:ti_sdo_ipc_MessageQ_Object__count__C)

.text.44   0    000107e0    00000154     
                  000107e0    000000ac     sysbios.aem4 : BIOS.obj (.text:ti_sysbios_family_arm_ducati_GateSmp_enter__E)
                  0001088c    000000a8     ti.deh_vayu_smp.aem4 : Deh.oem4 (.text:dump_hex)

.const.44 
*          0    00010934    00000004     
                  00010934    00000004     messageq_single_pem4.oem4 (.const:ti_sdo_ipc_MessageQ_Object__heap__C)

.text.45   0    00010938    000001ec     
                  00010938    000000a8     ipc.aem4 : Ipc.obj (.text:ti_ipc_namesrv_NameServerRemoteRpmsg_Instance_init__E)
                  000109e0    000000a4     sysbios.aem4 : BIOS.obj (.text:ti_sysbios_family_arm_ducati_GateSmp_sync__E)
                  00010a84    000000a0     auto_init.aem4 : auto_init.oem4 (.text)

.const.45 
*          0    00010b24    00000004     
                  00010b24    00000004     messageq_single_pem4.oem4 (.const:ti_sdo_ipc_MessageQ_Object__table__C)

.text.46   0    00010b28    00000594     
                  00010b28    000000a0     ipc.aem4 : Ipc.obj (.text:ti_ipc_namesrv_NameServerRemoteRpmsg_attach__E)
                  00010bc8    000000a0              : Ipc.obj (.text:ti_sdo_ipc_family_vayu_NotifySetup_dispatchIsr__I)
                  00010c68    000000a0     sysbios.aem4 : BIOS.obj (.text:ti_sysbios_gates_GateSwi_enter__E)
                  00010d08    000000a0                  : BIOS.obj (.text:ti_sysbios_knl_Swi_Instance_finalize__E)
                  00010da8    000000a0                  : BIOS.obj (.text:ti_sysbios_knl_Task_Module_startup__E)
                  00010e48    000000a0     ti.targets.arm.rtsarm.aem4 : Text.oem4 (.text:xdc_runtime_Text_putMod__E)
                  00010ee8    0000009c     ipc.aem4 : Ipc.obj (.text:MultiProc_getName)
                  00010f84    0000009c     rtsv7M4_T_le_eabi.lib : memcpy_t2.obj (.text)
                  00011020    0000009c     ipc.aem4 : Ipc.obj (.text:ti_sdo_ipc_family_vayu_NotifySetup_plugHwi__F)

.const.46 
*          0    000110bc    00000004     
                  000110bc    00000004     messageq_single_pem4.oem4 (.const:ti_sdo_ipc_MessageQ_maxRuntimeEntries__C)

.text.47   0    000110c0    00000394     
                  000110c0    0000009c     sysbios.aem4 : BIOS.obj (.text:ti_sysbios_knl_Semaphore_Instance_init__E)
                  0001115c    0000009a     ti.targets.arm.rtsarm.aem4 : Text.oem4 (.text:xdc_runtime_Text_putSite__E)
                  000111f6    00000002     --HOLE-- [fill = 0]
                  000111f8    00000098     ipc.aem4 : Ipc.obj (.text:MessageQ_create)
                  00011290    00000098              : Ipc.obj (.text:ti_sdo_ipc_family_vayu_InterruptIpu_intEnable__E)
                  00011328    00000098     sysbios.aem4 : BIOS.obj (.text:ti_sysbios_syncs_SyncSem_Instance_init__E)
                  000113c0    00000094                  : BIOS.obj (.text:ti_sysbios_family_arm_m3_Hwi_Instance_init__E)

.const.47 
*          0    00011454    00000004     
                  00011454    00000004     messageq_single_pem4.oem4 (.const:ti_sdo_ipc_MessageQ_numReservedEntries__C)

.text.48   0    00011458    00000094     
                  00011458    00000094     sysbios.aem4 : BIOS.obj (.text:ti_sysbios_knl_Task_blockI__E)

.const.48 
*          0    000114ec    00000004     
                  000114ec    00000004     messageq_single_pem4.oem4 (.const:ti_sdo_ipc_family_vayu_InterruptIpu_Module__diagsEnabled__C)

.text.49   0    000114f0    0000019c     
                  000114f0    00000090     sysbios.aem4 : BIOS.obj (.text:ti_sysbios_timers_dmtimer_Timer_start__E)
                  00011580    00000086     rtsv7M4_T_le_eabi.lib : fd_cmp_t2.obj (.text:__aeabi_cdcmple)
                  00011606    00000086                           : fd_cmp_t2.obj (.text:__aeabi_cdrcmple)

.const.49 
*          0    0001168c    00000004     
                  0001168c    00000004     messageq_single_pem4.oem4 (.const:ti_sdo_ipc_family_vayu_InterruptIpu_Module__diagsIncluded__C)

.text.50   0    00011690    0000017c     
                  00011690    00000080     sysbios.aem4 : BIOS.obj (.text:ti_sysbios_family_shared_vayu_IntXbar_initIntXbar__I)
                  00011710    00000080                  : BIOS.obj (.text:ti_sysbios_knl_Swi_Module_startup__E)
                  00011790    0000007c     ipc.aem4 : Ipc.obj (.text:NameServer_getHandle)

.const.50 
*          0    0001180c    00000004     
                  0001180c    00000004     messageq_single_pem4.oem4 (.const:ti_sdo_ipc_family_vayu_InterruptIpu_Module__diagsMask__C)

.text.51   0    00011810    000005ac     
                  00011810    0000007c     ipc.aem4 : Ipc.obj (.text:ti_sdo_ipc_MessageQ_Module_startup__E)
                  0001188c    0000007a     rtsv7M4_T_le_eabi.lib : memset_t2.obj (.text)
                  00011906    00000002     --HOLE-- [fill = 0]
                  00011908    00000078     sysbios.aem4 : BIOS.obj (.text:ti_sysbios_gates_GateMutexPri_leave__E)
                  00011980    00000070     messageq_single_pem4.oem4 (.text:ti_ipc_transports_TransportRpmsg_Object__create__S)
                  000119f0    00000070     sysbios.aem4 : BIOS.obj (.text:ti_sysbios_family_arm_m3_Hwi_disableInterrupt__E)
                  00011a60    00000070                  : BIOS.obj (.text:ti_sysbios_family_arm_m3_Hwi_enableInterrupt__E)
                  00011ad0    0000006e     ti.deh_vayu_smp.aem4 : Watchdog.oem4 (.text:initTimer)
                  00011b3e    00000002     --HOLE-- [fill = 0]
                  00011b40    0000006c     sysbios.aem4 : BIOS.obj (.text:ti_sysbios_family_arm_ducati_Timer_Module_startup__E)
                  00011bac    0000006c     ti.targets.arm.rtsarm.aem4 : Error.oem4 (.text:xdc_runtime_Error_print__E)
                  00011c18    0000006c                                : Memory.oem4 (.text:xdc_runtime_Memory_alloc__E)
                  00011c84    00000068     messageq_single_pem4.oem4 (.text:ti_ipc_transports_TransportRpmsg_create)
                  00011cec    00000068     messageq_single_pem4.oem4 (.text:ti_sysbios_family_arm_m3_Hwi_create)
                  00011d54    00000068     messageq_single_pem4.oem4 (.text:ti_sysbios_heaps_HeapBuf_Object__create__S)

.const.51 
*          0    00011dbc    00000004     
                  00011dbc    00000004     messageq_single_pem4.oem4 (.const:ti_sdo_ipc_family_vayu_InterruptIpu_ducatiCtrlBaseAddr__C)

.text.52   0    00011dc0    000004c4     
                  00011dc0    00000068     sysbios.aem4 : BIOS.obj (.text:ti_sysbios_knl_Swi_restoreHwi__E)
                  00011e28    00000068     messageq_single_pem4.oem4 (.text:ti_sysbios_syncs_SyncSem_Object__create__S)
                  00011e90    00000068     sysbios.aem4 : BIOS.obj (.text:ti_sysbios_timers_dmtimer_Timer_getHandle__E)
                  00011ef8    00000068                  : BIOS.obj (.text:ti_sysbios_timers_dmtimer_Timer_initDevice__I)
                  00011f60    00000068     messageq_single_pem4.oem4 (.text:xdc_runtime_knl_GateThread_Object__create__S)
                  00011fc8    00000066     rtsv7M4_T_le_eabi.lib : xdunscal.obj (.text)
                  0001202e    00000066     ti.targets.arm.rtsarm.aem4 : Core-mem.oem4 (.text:xdc_runtime_Core_deleteObject__I)
                  00012094    00000064     messageq_single_pem4.oem4 (.text:ti_sdo_ipc_MessageQ_create)
                  000120f8    00000064     messageq_single_pem4.oem4 (.text:ti_sysbios_knl_Swi_create)
                  0001215c    00000064     messageq_single_pem4.oem4 (.text:ti_sysbios_knl_Task_create)
                  000121c0    00000064     ti.targets.arm.rtsarm.aem4 : System.oem4 (.text:xdc_runtime_System_formatNum__I)
                  00012224    00000060     rtsv7M4_T_le_eabi.lib : sprintf.obj (.text)

.const.52 
*          0    00012284    00000004     
                  00012284    00000004     messageq_single_pem4.oem4 (.const:ti_sdo_ipc_family_vayu_InterruptIpu_ipu1_0ProcId__C)

.text.53   0    00012288    00000234     
                  00012288    00000060     sysbios.aem4 : BIOS.obj (.text:ti_sysbios_knl_Clock_logTick__E)
                  000122e8    00000060     messageq_single_pem4.oem4 (.text:ti_sysbios_syncs_SyncSem_create)
                  00012348    00000060     messageq_single_pem4.oem4 (.text:xdc_runtime_knl_GateThread_create)
                  000123a8    0000005c     messageq_single.oem4 (.text:main)
                  00012404    0000005c     ti.deh_vayu_smp.aem4 : Watchdog.oem4 (.text:ti_deh_Watchdog_restore__I)
                  00012460    0000005c     sysbios.aem4 : BIOS.obj (.text:ti_sysbios_family_arm_ducati_smp_Power_taskFxnCore1__I)

.const.53 
*          0    000124bc    00000004     
                  000124bc    00000004     messageq_single_pem4.oem4 (.const:ti_sdo_ipc_family_vayu_InterruptIpu_ipu1_1ProcId__C)

.text.54   0    000124c0    0000005c     
                  000124c0    0000005c     sysbios.aem4 : BIOS.obj (.text:ti_sysbios_family_arm_m3_Hwi_postInit__I)

.const.54 
*          0    0001251c    00000004     
                  0001251c    00000004     messageq_single_pem4.oem4 (.const:ti_sdo_ipc_family_vayu_InterruptIpu_ipu2_0ProcId__C)

.text.55   0    00012520    0000005c     
                  00012520    0000005c     sysbios.aem4 : BIOS.obj (.text:ti_sysbios_knl_Swi_schedule__I)

.const.55 
*          0    0001257c    00000004     
                  0001257c    00000004     messageq_single_pem4.oem4 (.const:ti_sdo_ipc_family_vayu_InterruptIpu_ipu2_1ProcId__C)

.text.56   0    00012580    00000113     
                  00012580    0000005c     sysbios.aem4 : BIOS.obj (.text:ti_sysbios_knl_Task_block__E)
                  000125dc    0000005c     ti.targets.arm.rtsarm.aem4 : Registry.oem4 (.text:xdc_runtime_Registry_addModule__E)
                  00012638    0000005b                                : Text.oem4 (.text:xdc_runtime_Text_putLab__E)

.const.56 
*          0    00012694    00000004     
                  00012694    00000004     messageq_single_pem4.oem4 (.const:ti_sdo_ipc_interfaces_IMessageQTransport_Interface__BASE__C)

.text.57   0    00012698    0000015c     
                  00012698    00000058     sysbios.aem4 : BIOS.obj (.text:ti_sysbios_family_arm_ducati_smp_Power_taskFxnCore0__I)
                  000126f0    00000058                  : BIOS.obj (.text:ti_sysbios_knl_Swi_postInit__I)
                  00012748    00000056     rtsv7M4_T_le_eabi.lib : ltoa.obj (.text)
                  0001279e    00000002     --HOLE-- [fill = 0]
                  000127a0    00000054     sysbios.aem4 : BIOS.obj (.text:ti_sysbios_family_arm_m3_Hwi_getCoreStackInfo__E)

.const.57 
*          0    000127f4    00000004     
                  000127f4    00000004     messageq_single_pem4.oem4 (.const:ti_sdo_ipc_interfaces_INetworkTransport_Interface__BASE__C)

.text.58   0    000127f8    00000054     
                  000127f8    00000054     sysbios.aem4 : BIOS.obj (.text:ti_sysbios_heaps_HeapBuf_Module_startup__E)

.const.58 
*          0    0001284c    00000004     
                  0001284c    00000004     messageq_single_pem4.oem4 (.const:ti_sdo_ipc_interfaces_ITransport_Interface__BASE__C)

.text.59   0    00012850    0000036c     
                  00012850    00000054     sysbios.aem4 : BIOS.obj (.text:ti_sysbios_timers_dmtimer_Timer_Module_startup__E)
                  000128a4    00000054     ti.targets.arm.rtsarm.aem4 : Assert.oem4 (.text:xdc_runtime_Assert_raise__I)
                  000128f8    00000050     sysbios.aem4 : BIOS.obj (.text:ti_sysbios_family_arm_m3_Hwi_enableFxn__E)
                  00012948    00000050                  : BIOS.obj (.text:ti_sysbios_family_arm_m3_Hwi_restoreFxn__E)
                  00012998    00000050                  : BIOS.obj (.text:ti_sysbios_family_arm_m3_Hwi_setPriority__E)
                  000129e8    00000050                  : BIOS.obj (.text:ti_sysbios_knl_Task_allBlockedFunction__I)
                  00012a38    00000050     ti.targets.arm.rtsarm.aem4 : Startup.oem4 (.text:xdc_runtime_Startup_exec__E)
                  00012a88    00000050                                : Text.oem4 (.text:xdc_runtime_Text_visitRope2__I)
                  00012ad8    0000004c     rtsv7M4_T_le_eabi.lib : atoi.obj (.text)
                  00012b24    0000004c                           : cpy_tbl.obj (.text)
                  00012b70    0000004c     ti.deh_vayu_smp.aem4 : Watchdog.oem4 (.text:ti_deh_Watchdog_start__I)

.const.59 
*          0    00012bbc    00000004     
                  00012bbc    00000004     messageq_single_pem4.oem4 (.const:ti_sdo_utils_INameServerRemote_Interface__BASE__C)

.text.60   0    00012bc0    0000004c     
                  00012bc0    0000004c     ipc.aem4 : Ipc.obj (.text:ti_sdo_ipc_family_vayu_InterruptIpu_intShmDucatiStub__I)

.const.60 
*          0    00012c0c    00000004     
                  00012c0c    00000004     messageq_single_pem4.oem4 (.const:ti_sdo_utils_MultiProc_A_invalidMultiProcId__C)

.text.61   0    00012c10    000000e4     
                  00012c10    0000004c     sysbios.aem4 : BIOS.obj (.text:ti_sysbios_family_arm_ducati_TimestampProvider_Module_startup__E)
                  00012c5c    0000004c                  : m3_TaskSupport_asm.obj (.text:ti_sysbios_family_arm_m3_TaskSupport_buildTaskStack)
                  00012ca8    0000004c                  : BIOS.obj (.text:ti_sysbios_heaps_HeapMem_getStats__E)

.const.61 
*          0    00012cf4    00000004     
                  00012cf4    00000004     messageq_single_pem4.oem4 (.const:ti_sdo_utils_MultiProc_A_invalidProcName__C)

.text.62   0    00012cf8    0000004c     
                  00012cf8    0000004c     sysbios.aem4 : BIOS.obj (.text:ti_sysbios_knl_Swi_restore__E)

.const.62 
*          0    00012d44    00000004     
                  00012d44    00000004     messageq_single_pem4.oem4 (.const:ti_sdo_utils_MultiProc_Module__diagsEnabled__C)

.text.63   0    00012d48    0000039c     
                  00012d48    0000004c     sysbios.aem4 : BIOS.obj (.text:ti_sysbios_knl_Swi_runLoop__I)
                  00012d94    0000004a     ti.targets.arm.rtsarm.aem4 : LoggerSys.oem4 (.text:xdc_runtime_LoggerSys_write8__E)
                  00012dde    00000048     rtsv7M4_T_le_eabi.lib : fd_toi_t2.obj (.text)
                  00012e26    00000002     --HOLE-- [fill = 0]
                  00012e28    00000048     ti.deh_vayu_smp.aem4 : Watchdog.oem4 (.text:ti_deh_Watchdog_isException__F)
                  00012e70    00000048     messageq_single_pem4.oem4 (.text:ti_ipc_namesrv_NameServerRemoteRpmsg_Object__create__S)
                  00012eb8    00000048     sysbios.aem4 : BIOS.obj (.text:ti_sysbios_family_arm_m3_Hwi_excReserved__I)
                  00012f00    00000048                  : m3_Hwi_asm_switch.obj (.text:ti_sysbios_family_arm_m3_Hwi_initStacks__E)
                  00012f48    00000046     rtsv7M4_T_le_eabi.lib : ldexp.obj (.text)
                  00012f8e    00000046     ti.targets.arm.rtsarm.aem4 : Core-params.oem4 (.text:xdc_runtime_Core_assignParams__I)
                  00012fd4    00000044     boot.aem4 : boot.oem4 (.text)
                  00013018    00000044     rtsv7M4_T_le_eabi.lib : exit.obj (.text)
                  0001305c    00000044     messageq_single_pem4.oem4 (.text:ti_ipc_namesrv_NameServerRemoteRpmsg_create)
                  000130a0    00000044     sysbios.aem4 : BIOS.obj (.text:ti_sysbios_family_arm_ducati_Timer_start__E)

.const.63 
*          0    000130e4    00000004     
                  000130e4    00000004     messageq_single_pem4.oem4 (.const:ti_sdo_utils_MultiProc_Module__diagsIncluded__C)

.text.64   0    000130e8    00000044     
                  000130e8    00000044     sysbios.aem4 : BIOS.obj (.text:ti_sysbios_family_arm_ducati_TimestampProvider_get32__E)

.const.64 
*          0    0001312c    00000004     
                  0001312c    00000004     messageq_single_pem4.oem4 (.const:ti_sdo_utils_MultiProc_Module__diagsMask__C)

.text.65   0    00013130    00000044     
                  00013130    00000044     sysbios.aem4 : BIOS.obj (.text:ti_sysbios_family_arm_ducati_Wugen_enableInterrupt__E)

.const.65 
*          0    00013174    00000004     
                  00013174    00000004     messageq_single_pem4.oem4 (.const:ti_sdo_utils_MultiProc_nameList__C)

.text.66   0    00013178    00000044     
                  00013178    00000044     sysbios.aem4 : BIOS.obj (.text:ti_sysbios_knl_Idle_run__E)

.const.66 
*          0    000131bc    00000004     
                  000131bc    00000004     messageq_single_pem4.oem4 (.const:ti_sdo_utils_NameServer_A_invArgument__C)

.text.67   0    000131c0    0000020c     
                  000131c0    00000044     sysbios.aem4 : BIOS.obj (.text:ti_sysbios_timers_dmtimer_Timer_startup__E)
                  00013204    00000044     ti.targets.arm.rtsarm.aem4 : Error.oem4 (.text:xdc_runtime_Error_setX__E)
                  00013248    00000044                                : Text.oem4 (.text:xdc_runtime_Text_xprintf__I)
                  0001328c    00000040     ti.pm_smp_vayu.aem4 : IpcPower.oem4 (.text:IpcPower_idle)
                  000132cc    00000040     rtsv7M4_T_le_eabi.lib : signal.obj (.text)
                  0001330c    00000040                           : u_divt2.obj (.text)
                  0001334c    00000040     messageq_single_pem4.oem4 (.text:ti_sdo_ipc_MessageQ_Object__get__S)
                  0001338c    00000040     messageq_single_pem4.oem4 (.text:ti_sdo_utils_NameServer_Object__get__S)

.const.67 
*          0    000133cc    00000004     
                  000133cc    00000004     messageq_single_pem4.oem4 (.const:ti_sdo_utils_NameServer_A_invalidLen__C)

.text.68   0    000133d0    000004f4     
                  000133d0    00000040     sysbios.aem4 : BIOS.obj (.text:ti_sysbios_family_arm_ducati_Core_unlock__E)
                  00013410    00000040     messageq_single_pem4.oem4 (.text:ti_sysbios_family_arm_ducati_GateSmp_Object__create__S)
                  00013450    00000040     messageq_single_pem4.oem4 (.text:ti_sysbios_family_arm_m3_Hwi_Object__get__S)
                  00013490    00000040     messageq_single_pem4.oem4 (.text:ti_sysbios_gates_GateHwi_Object__create__S)
                  000134d0    00000040     messageq_single_pem4.oem4 (.text:ti_sysbios_gates_GateMutexPri_Object__create__S)
                  00013510    00000040     messageq_single_pem4.oem4 (.text:ti_sysbios_gates_GateMutex_Object__create__S)
                  00013550    00000040     messageq_single_pem4.oem4 (.text:ti_sysbios_gates_GateSwi_Object__create__S)
                  00013590    00000040     sysbios.aem4 : BIOS.obj (.text:ti_sysbios_hal_unicache_Cache_seizeRegs__I)
                  000135d0    00000040     messageq_single_pem4.oem4 (.text:ti_sysbios_heaps_HeapBuf_Object__get__S)
                  00013610    00000040     messageq_single_pem4.oem4 (.text:ti_sysbios_heaps_HeapMem_Object__create__S)
                  00013650    00000040     messageq_single_pem4.oem4 (.text:ti_sysbios_heaps_HeapMem_Object__get__S)
                  00013690    00000040     messageq_single_pem4.oem4 (.text:ti_sysbios_knl_Semaphore_create)
                  000136d0    00000040     messageq_single_pem4.oem4 (.text:ti_sysbios_knl_Swi_Object__get__S)
                  00013710    00000040     messageq_single_pem4.oem4 (.text:ti_sysbios_knl_Task_Object__get__S)
                  00013750    00000040     sysbios.aem4 : BIOS.obj (.text:ti_sysbios_knl_Task_processVitalTaskFlag__I)
                  00013790    00000040     messageq_single_pem4.oem4 (.text:ti_sysbios_xdcruntime_GateThreadSupport_Object__create__S)
                  000137d0    00000040     messageq_single_pem4.oem4 (.text:xdc_runtime_LoggerSys_Object__create__S)
                  00013810    0000003c     ti.pm_smp_vayu.aem4 : IpcPower.oem4 (.text:IpcPower_callUserFxns)
                  0001384c    0000003c     ti.deh_vayu_smp.aem4 : Watchdog.oem4 (.text:ti_deh_Watchdog_stop__I)
                  00013888    0000003c     messageq_single_pem4.oem4 (.text:ti_sdo_utils_List_create)

.const.68 
*          0    000138c4    00000004     
                  000138c4    00000004     messageq_single_pem4.oem4 (.const:ti_sdo_utils_NameServer_E_entryExists__C)

.text.69   0    000138c8    0000003c     
                  000138c8    0000003c     sysbios.aem4 : BIOS.obj (.text:ti_sysbios_family_arm_ducati_Timer_initDevice__I)

.const.69 
*          0    00013904    00000004     
                  00013904    00000004     messageq_single_pem4.oem4 (.const:ti_sdo_utils_NameServer_E_maxReached__C)

.text.70   0    00013908    0000003c     
                  00013908    0000003c     sysbios.aem4 : BIOS.obj (.text:ti_sysbios_family_arm_m3_Hwi_excSvCall__I)

.const.70 
*          0    00013944    00000004     
                  00013944    00000004     messageq_single_pem4.oem4 (.const:ti_sdo_utils_NameServer_Instance_State_freeList__O)

.text.71   0    00013948    000000b4     
                  00013948    0000003c     sysbios.aem4 : BIOS.obj (.text:ti_sysbios_family_arm_m3_TaskSupport_start__E)
                  00013984    0000003c     messageq_single_pem4.oem4 (.text:ti_sysbios_gates_GateHwi_create)
                  000139c0    0000003c     sysbios.aem4 : BIOS.obj (.text:ti_sysbios_hal_Hwi_checkStack)

.const.71 
*          0    000139fc    00000004     
                  000139fc    00000004     messageq_single_pem4.oem4 (.const:ti_sdo_utils_NameServer_Instance_State_nameList__O)

.text.72   0    00013a00    0000003c     
                  00013a00    0000003c     sysbios.aem4 : BIOS.obj (.text:ti_sysbios_heaps_HeapBuf_postInit__I)

.const.72 
*          0    00013a3c    00000004     
                  00013a3c    00000004     messageq_single_pem4.oem4 (.const:ti_sdo_utils_NameServer_Module__diagsEnabled__C)

.text.73   0    00013a40    0000003c     
                  00013a40    0000003c     sysbios.aem4 : BIOS.obj (.text:ti_sysbios_heaps_HeapMem_init__I)

.const.73 
*          0    00013a7c    00000004     
                  00013a7c    00000004     messageq_single_pem4.oem4 (.const:ti_sdo_utils_NameServer_Module__diagsIncluded__C)

.text.74   0    00013a80    0000003c     
                  00013a80    0000003c     sysbios.aem4 : BIOS.obj (.text:ti_sysbios_knl_Semaphore_pendTimeout__I)

.const.74 
*          0    00013abc    00000004     
                  00013abc    00000004     messageq_single_pem4.oem4 (.const:ti_sdo_utils_NameServer_Module__diagsMask__C)

.text.75   0    00013ac0    0000003c     
                  00013ac0    0000003c     sysbios.aem4 : BIOS.obj (.text:ti_sysbios_knl_Task_restore__E)

.const.75 
*          0    00013afc    00000004     
                  00013afc    00000004     messageq_single_pem4.oem4 (.const:ti_sdo_utils_NameServer_Object__count__C)

.text.76   0    00013b00    0000038c     
                  00013b00    0000003c     sysbios.aem4 : BIOS.obj (.text:ti_sysbios_syncs_SyncSem_wait__E)
                  00013b3c    0000003c     messageq_single_pem4.oem4 (.text:ti_sysbios_timers_dmtimer_Timer_Object__get__S)
                  00013b78    0000003c     sysbios.aem4 : BIOS.obj (.text:ti_sysbios_timers_dmtimer_Timer_stop__E)
                  00013bb4    0000003c     ti.trace_smp.aem4 : SysMin.oem4 (.text:ti_trace_SysMin_abort__E)
                  00013bf0    00000038                       : SysMin.oem4 (.text:SysMin_output)
                  00013c28    00000038     ti.deh_vayu_smp.aem4 : Watchdog.oem4 (.text:ti_deh_Watchdog_kick__I)
                  00013c60    00000038     messageq_single_pem4.oem4 (.text:ti_ipc_remoteproc_Resource_init__I)
                  00013c98    00000038     sysbios.aem4 : BIOS.obj (.text:ti_sysbios_family_arm_ducati_TimestampProvider_get64__E)
                  00013cd0    00000038                  : BIOS.obj (.text:ti_sysbios_family_arm_m3_Hwi_excNoIsr__I)
                  00013d08    00000038                  : BIOS.obj (.text:ti_sysbios_hal_Hwi_initStack)
                  00013d40    00000038                  : BIOS.obj (.text:ti_sysbios_hal_unicache_Cache_wbAll__E)
                  00013d78    00000038     messageq_single_pem4.oem4 (.text:ti_sysbios_knl_Clock_doTick__I)
                  00013db0    00000038     messageq_single_pem4.oem4 (.text:ti_sysbios_knl_Queue_Object__get__S)
                  00013de8    00000038     sysbios.aem4 : BIOS.obj (.text:ti_sysbios_timers_dmtimer_Timer_postInit__I)
                  00013e20    00000038     ti.targets.arm.rtsarm.aem4 : System.oem4 (.text:xdc_runtime_System_atexit__E)
                  00013e58    00000034     rtsv7M4_T_le_eabi.lib : feraiseexcept.obj (.text)

.const.76 
*          0    00013e8c    00000004     
                  00013e8c    00000004     messageq_single_pem4.oem4 (.const:ti_sdo_utils_NameServer_Object__table__C)

.text.77   0    00013e90    00000034     
                  00013e90    00000034     sysbios.aem4 : BIOS.obj (.text:ti_sysbios_family_arm_m3_Hwi_excNmi__I)

.const.77 
*          0    00013ec4    00000004     
                  00013ec4    00000004     messageq_single_pem4.oem4 (.const:ti_sysbios_BIOS_installedErrorHook__C)

.text.78   0    00013ec8    0000009c     
                  00013ec8    00000034     sysbios.aem4 : BIOS.obj (.text:ti_sysbios_heaps_HeapBuf_getStats__E)
                  00013efc    00000034     messageq_single_pem4.oem4 (.text:ti_sysbios_knl_Semaphore_construct)
                  00013f30    00000034     sysbios.aem4 : BIOS.obj (.text:ti_sysbios_knl_Swi_restoreSMP__I)

.const.78 
*          0    00013f64    00000004     
                  00013f64    00000004     messageq_single_pem4.oem4 (.const:ti_sysbios_family_arm_ducati_Core_core1HwiStackSize__C)

.text.79   0    00013f68    00000674     
                  00013f68    00000034     sysbios.aem4 : BIOS.obj (.text:ti_sysbios_knl_Task_restoreHwi__E)
                  00013f9c    00000034     ti.targets.arm.rtsarm.aem4 : Core-label.oem4 (.text:xdc_runtime_Core_assignLabel__I)
                  00013fd0    00000033                                : Text.oem4 (.text:xdc_runtime_Text_printVisFxn__I)
                  00014003    00000001     --HOLE-- [fill = 0]
                  00014004    00000032     sysbios.aem4 : smp_Power_saveCpu.obj (.text:ti_sysbios_family_arm_ducati_smp_Power)
                  00014036    00000030     rtsv7M4_T_le_eabi.lib : strncpy.obj (.text)
                  00014066    00000002     --HOLE-- [fill = 0]
                  00014068    00000030                           : xferaise.obj (.text)
                  00014098    00000030     messageq_single_pem4.oem4 (.text:ti_sdo_utils_List_construct)
                  000140c8    00000030     messageq_single_pem4.oem4 (.text:ti_sysbios_BIOS_atExitFunc__I)
                  000140f8    00000030     messageq_single_pem4.oem4 (.text:ti_sysbios_BIOS_errorRaiseHook__I)
                  00014128    00000030     messageq_single_pem4.oem4 (.text:ti_sysbios_BIOS_rtsLock__I)
                  00014158    00000030     sysbios.aem4 : BIOS.obj (.text:ti_sysbios_family_arm_ducati_Core_startCore1__I)
                  00014188    00000030                  : BIOS.obj (.text:ti_sysbios_family_arm_ducati_Timer_startup__E)
                  000141b8    00000030     messageq_single_pem4.oem4 (.text:ti_sysbios_gates_GateMutexPri_construct)
                  000141e8    00000030     messageq_single_pem4.oem4 (.text:ti_sysbios_knl_Queue_construct)
                  00014218    00000030     sysbios.aem4 : BIOS.obj (.text:ti_sysbios_knl_Task_self__E)
                  00014248    00000030     ti.targets.arm.rtsarm.aem4 : System.oem4 (.text:xdc_runtime_System_processAtExit__E)
                  00014278    0000002e     rtsv7M4_T_le_eabi.lib : i_tofd_t2.obj (.text)
                  000142a6    0000002e                           : raise.obj (.text)
                  000142d4    0000002e     messageq_single_pem4.oem4 (.text:xdc_runtime_System_sprintf__E)
                  00014302    00000002     --HOLE-- [fill = 0]
                  00014304    0000002c     ti.pm_smp_vayu.aem4 : IpcPower.oem4 (.text:IpcPower_postResume)
                  00014330    0000002c     ti.deh_vayu_smp.aem4 : StackDbg.oem4 (.text:decode_bl32)
                  0001435c    0000002c     messageq_single_pem4.oem4 (.text:ti_ipc_transports_TransportRpmsg_Params__init__S)
                  00014388    0000002c     messageq_single_pem4.oem4 (.text:ti_sdo_ipc_MessageQ_Params__init__S)
                  000143b4    0000002c     messageq_single_pem4.oem4 (.text:ti_sysbios_BIOS_startFunc__I)
                  000143e0    0000002c     sysbios.aem4 : BIOS.obj (.text:ti_sysbios_family_arm_m3_Hwi_Instance_finalize__E)
                  0001440c    0000002c     messageq_single_pem4.oem4 (.text:ti_sysbios_family_arm_m3_Hwi_Params__init__S)
                  00014438    0000002c     messageq_single_pem4.oem4 (.text:ti_sysbios_gates_GateHwi_Params__init__S)
                  00014464    0000002c     messageq_single_pem4.oem4 (.text:ti_sysbios_knl_Semaphore_Params__init__S)
                  00014490    0000002c     ti.targets.arm.rtsarm.aem4 : Text.oem4 (.text:xdc_runtime_Text_cordText__E)
                  000144bc    0000002a     rtsv7M4_T_le_eabi.lib : xdclass.obj (.text)
                  000144e6    0000002a     messageq_single_pem4.oem4 (.text:ti_ipc_namesrv_NameServerRemoteRpmsg_get__E)
                  00014510    0000002a     ti.targets.arm.rtsarm.aem4 : System.oem4 (.text:xdc_runtime_System_putchar__I)
                  0001453a    00000002     --HOLE-- [fill = 0]
                  0001453c    00000028     messageq_single_pem4.oem4 (.text:ti_ipc_namesrv_NameServerRemoteRpmsg_Object__delete__S)
                  00014564    00000028     messageq_single_pem4.oem4 (.text:ti_ipc_namesrv_NameServerRemoteRpmsg_Object__next__S)
                  0001458c    00000028     messageq_single_pem4.oem4 (.text:ti_ipc_transports_TransportRpmsg_Object__delete__S)
                  000145b4    00000028     messageq_single_pem4.oem4 (.text:ti_sdo_utils_NameServer_Object__next__S)

.const.79 
*          0    000145dc    00000004     
                  000145dc    00000004     messageq_single_pem4.oem4 (.const:ti_sysbios_family_arm_ducati_Core_gate__C)

.text.80   0    000145e0    000003bc     
                  000145e0    00000028     sysbios.aem4 : BIOS.obj (.text:ti_sysbios_family_arm_ducati_TimestampProvider_getFreq__E)
                  00014608    00000028     messageq_single_pem4.oem4 (.text:ti_sysbios_gates_GateMutexPri_Object__delete__S)
                  00014630    00000028     messageq_single_pem4.oem4 (.text:ti_sysbios_gates_GateMutex_Object__delete__S)
                  00014658    00000028     messageq_single_pem4.oem4 (.text:ti_sysbios_heaps_HeapBuf_Object__delete__S)
                  00014680    00000028     sysbios.aem4 : BIOS.obj (.text:ti_sysbios_knl_Clock_addI__E)
                  000146a8    00000028     messageq_single_pem4.oem4 (.text:ti_sysbios_knl_Semaphore_Object__delete__S)
                  000146d0    00000028     messageq_single_pem4.oem4 (.text:ti_sysbios_knl_Swi_Object__delete__S)
                  000146f8    00000028     messageq_single_pem4.oem4 (.text:ti_sysbios_syncs_SyncSem_Object__delete__S)
                  00014720    00000028     messageq_single_pem4.oem4 (.text:ti_sysbios_xdcruntime_GateThreadSupport_Object__delete__S)
                  00014748    00000028     ti.trace_smp.aem4 : SysMin.oem4 (.text:ti_trace_SysMin_Module_startup__E)
                  00014770    00000028     messageq_single_pem4.oem4 (.text:xdc_runtime_System_aprintf__E)
                  00014798    00000028     messageq_single_pem4.oem4 (.text:xdc_runtime_System_printf__E)
                  000147c0    00000028     messageq_single_pem4.oem4 (.text:xdc_runtime_knl_GateThread_Object__delete__S)
                  000147e8    00000026     ti.targets.arm.rtsarm.aem4 : System.oem4 (.text:xdc_runtime_System_avprintf__E)
                  0001480e    00000026     messageq_single_pem4.oem4 (.text:xdc_runtime_knl_GateThread_Proxy_Object__create__S)
                  00014834    00000024     ti.deh_vayu_smp.aem4 : Watchdog.oem4 (.text:ti_deh_Watchdog_taskSwitch__F)
                  00014858    00000024     messageq_single_pem4.oem4 (.text:ti_ipc_namesrv_NameServerRemoteRpmsg_Object__first__S)
                  0001487c    00000024     messageq_single_pem4.oem4 (.text:ti_sdo_utils_NameServer_Object__first__S)
                  000148a0    00000024     messageq_single_pem4.oem4 (.text:ti_sysbios_BIOS_registerRTSLock__I)
                  000148c4    00000024     messageq_single_pem4.oem4 (.text:ti_sysbios_family_arm_ducati_GateSmp_Object__delete__S)
                  000148e8    00000024     sysbios.aem4 : m3_Hwi_asm.obj (.text:ti_sysbios_family_arm_m3_Hwi_pendSV__I)
                  0001490c    00000024     messageq_single_pem4.oem4 (.text:ti_sysbios_gates_GateHwi_Object__delete__S)
                  00014930    00000024     messageq_single_pem4.oem4 (.text:ti_sysbios_gates_GateSwi_Object__delete__S)
                  00014954    00000024     messageq_single_pem4.oem4 (.text:ti_sysbios_heaps_HeapMem_Object__delete__S)
                  00014978    00000024     sysbios.aem4 : BIOS.obj (.text:ti_sysbios_knl_Queue_get__E)

.const.80 
*          0    0001499c    00000004     
                  0001499c    00000004     messageq_single_pem4.oem4 (.const:ti_sysbios_family_arm_ducati_Core_ipuId__C)

.text.81   0    000149a0    00000024     
                  000149a0    00000024     sysbios.aem4 : BIOS.obj (.text:ti_sysbios_knl_Queue_put__E)

.const.81 
*          0    000149c4    00000004     
                  000149c4    00000004     messageq_single_pem4.oem4 (.const:ti_sysbios_family_arm_ducati_GateSmp_A_nestedEnter__C)

.text.82   0    000149c8    0000006c     
                  000149c8    00000024     sysbios.aem4 : BIOS.obj (.text:ti_sysbios_knl_Swi_disable__E)
                  000149ec    00000024     messageq_single_pem4.oem4 (.text:ti_sysbios_knl_Task_Handle__label__S)
                  00014a10    00000024     sysbios.aem4 : BIOS.obj (.text:ti_sysbios_knl_Task_disable__E)

.const.82 
*          0    00014a34    00000004     
                  00014a34    00000004     messageq_single_pem4.oem4 (.const:ti_sysbios_family_arm_ducati_GateSmp_Module__diagsEnabled__C)

.text.83   0    00014a38    00000334     
                  00014a38    00000024     sysbios.aem4 : BIOS.obj (.text:ti_sysbios_timers_dmtimer_Timer_stub__E)
                  00014a5c    00000024     messageq_single_pem4.oem4 (.text:xdc_runtime_LoggerSys_Object__delete__S)
                  00014a80    00000024     ti.targets.arm.rtsarm.aem4 : LoggerSys.oem4 (.text:xdc_runtime_LoggerSys_write4__E)
                  00014aa4    00000024                                : System.oem4 (.text:xdc_runtime_System_vprintf__E)
                  00014ac8    00000022     rtsv7M4_T_le_eabi.lib : frexp.obj (.text)
                  00014aea    00000022     messageq_single_pem4.oem4 (.text:ti_deh_StackDbg_walkStack__E)
                  00014b0c    00000022     ti.deh_vayu_smp.aem4 : Watchdog.oem4 (.text:ti_deh_Watchdog_swiPrehook__F)
                  00014b2e    00000022     messageq_single_pem4.oem4 (.text:ti_ipc_namesrv_NameServerRemoteRpmsg_Handle__label__S)
                  00014b50    00000022     messageq_single_pem4.oem4 (.text:ti_ipc_transports_TransportRpmsg_Handle__label__S)
                  00014b72    00000022     messageq_single_pem4.oem4 (.text:ti_sysbios_family_arm_ducati_GateSmp_Handle__label__S)
                  00014b94    00000022     messageq_single_pem4.oem4 (.text:ti_sysbios_gates_GateHwi_Handle__label__S)
                  00014bb6    00000022     messageq_single_pem4.oem4 (.text:ti_sysbios_gates_GateMutexPri_Handle__label__S)
                  00014bd8    00000022     messageq_single_pem4.oem4 (.text:ti_sysbios_gates_GateMutex_Handle__label__S)
                  00014bfa    00000022     messageq_single_pem4.oem4 (.text:ti_sysbios_gates_GateSwi_Handle__label__S)
                  00014c1c    00000022     messageq_single_pem4.oem4 (.text:ti_sysbios_heaps_HeapBuf_Handle__label__S)
                  00014c3e    00000022     messageq_single_pem4.oem4 (.text:ti_sysbios_heaps_HeapMem_Handle__label__S)
                  00014c60    00000022     messageq_single_pem4.oem4 (.text:ti_sysbios_knl_Swi_Handle__label__S)
                  00014c82    00000022     messageq_single_pem4.oem4 (.text:ti_sysbios_syncs_SyncSem_Handle__label__S)
                  00014ca4    00000022     messageq_single_pem4.oem4 (.text:xdc_runtime_LoggerSys_Handle__label__S)
                  00014cc6    00000022     ti.targets.arm.rtsarm.aem4 : Registry.oem4 (.text:xdc_runtime_Registry_findByNameInList__I)
                  00014ce8    00000022     messageq_single_pem4.oem4 (.text:xdc_runtime_knl_GateThread_Handle__label__S)
                  00014d0a    00000022     messageq_single_pem4.oem4 (.text:xdc_runtime_knl_GateThread_Proxy_create)
                  00014d2c    00000020     ti.deh_vayu_smp.aem4 : Deh.oem4 (.text:ti_deh_Deh_Module_startup__E)
                  00014d4c    00000020                          : Watchdog.oem4 (.text:ti_deh_Watchdog_idleBegin__F)

.const.83 
*          0    00014d6c    00000004     
[...]
00019d48  xdc_runtime_Registry_Module__loggerObj__C                               
00019d4c  xdc_runtime_Startup_execImpl__C                                         
00019d50  xdc_runtime_Startup_maxPasses__C                                        
00019d54  xdc_runtime_Startup_sfxnRts__C                                          
00019d58  xdc_runtime_Startup_sfxnTab__C                                          
00019d5c  xdc_runtime_Startup_startModsFxn__C                                     
00019d60  xdc_runtime_System_Module__gateObj__C                                   
00019d64  xdc_runtime_System_abortFxn__C                                          
00019d68  xdc_runtime_System_exitFxn__C                                           
00019d6c  xdc_runtime_System_extendFxn__C                                         
00019d70  xdc_runtime_System_maxAtexitHandlers__C                                 
00019d74  xdc_runtime_Text_charTab__C                                             
00019d78  xdc_runtime_Text_nameEmpty__C                                           
00019d7c  xdc_runtime_Text_nameStatic__C                                          
00019d80  xdc_runtime_Text_nameUnknown__C                                         
00019d84  xdc_runtime_Text_nodeTab__C                                             
00019d88  xdc_runtime_Text_visitRopeFxn__C                                        
00019d8c  xdc_runtime_knl_ISync_Interface__BASE__C                                
00019d90  ti_ipc_namesrv_NameServerRemoteRpmsg_Module__loggerDefined__C           
00019d92  ti_ipc_transports_TransportRpmsgSetup_Module__id__C                     
00019d94  ti_ipc_transports_TransportRpmsgSetup_Module__loggerDefined__C          
00019d96  ti_ipc_transports_TransportRpmsg_Module__id__C                          
00019d98  ti_ipc_transports_TransportRpmsg_Module__loggerDefined__C               
00019d9a  ti_sdo_ipc_MessageQ_Module__id__C                                       
00019d9c  ti_sdo_ipc_MessageQ_Module__loggerDefined__C                            
00019d9e  ti_sdo_ipc_family_vayu_InterruptIpu_Module__id__C                       
00019da0  ti_sdo_utils_MultiProc_Module__id__C                                    
00019da2  ti_sdo_utils_MultiProc_numProcessors__C                                 
00019da4  ti_sdo_utils_MultiProc_numProcsInCluster__C                             
00019da6  ti_sdo_utils_NameServer_Module__id__C                                   
00019da8  ti_sysbios_BIOS_smpEnabled__C                                           
00019daa  ti_sysbios_BIOS_swiEnabled__C                                           
00019dac  ti_sysbios_BIOS_taskEnabled__C                                          
00019dae  ti_sysbios_family_arm_ducati_Core_syncExits__C                          
00019db0  ti_sysbios_family_arm_ducati_GateSmp_Module__id__C                      
00019db2  ti_sysbios_family_arm_m3_Hwi_Module__id__C                              
00019db4  ti_sysbios_family_arm_m3_Hwi_Module__loggerDefined__C                   
00019db6  ti_sysbios_family_shared_vayu_IntXbar_Module__id__C                     
00019db8  ti_sysbios_gates_GateMutexPri_Module__id__C                             
00019dba  ti_sysbios_gates_GateMutex_Module__id__C                                
00019dbc  ti_sysbios_gates_GateSwi_Module__id__C                                  
00019dbe  ti_sysbios_hal_Hwi_Module__id__C                                        
00019dc0  ti_sysbios_hal_ammu_AMMU_configureAmmu__C                               
00019dc2  ti_sysbios_hal_unicache_Cache_configureCache__C                         
00019dc4  ti_sysbios_hal_unicache_Cache_enableCache__C                            
00019dc6  ti_sysbios_hal_unicache_Cache_l2CacheSupported__C                       
00019dc8  ti_sysbios_heaps_HeapBuf_Module__id__C                                  
00019dca  ti_sysbios_heaps_HeapBuf_trackMaxAllocs__C                              
00019dcc  ti_sysbios_heaps_HeapMem_Module__id__C                                  
00019dce  ti_sysbios_knl_Clock_Module__id__C                                      
00019dd0  ti_sysbios_knl_Clock_Module__loggerDefined__C                           
00019dd2  ti_sysbios_knl_Semaphore_Module__id__C                                  
00019dd4  ti_sysbios_knl_Semaphore_Module__loggerDefined__C                       
00019dd6  ti_sysbios_knl_Swi_Module__id__C                                        
00019dd8  ti_sysbios_knl_Swi_Module__loggerDefined__C                             
00019dda  ti_sysbios_knl_Task_Module__id__C                                       
00019ddc  ti_sysbios_knl_Task_Module__loggerDefined__C                            
00019dde  ti_sysbios_knl_Task_initStackFlag__C                                    
00019de0  ti_sysbios_syncs_SyncSem_Module__id__C                                  
00019de2  ti_sysbios_timers_dmtimer_Timer_Module__id__C                           
00019de4  ti_sysbios_timers_dmtimer_Timer_checkFrequency__C                       
00019de6  ti_sysbios_timers_dmtimer_Timer_startupNeeded__C                        
00019de8  ti_trace_SysMin_flushAtExit__C                                          
00019dea  xdc_runtime_Core_Module__id__C                                          
00019dec  xdc_runtime_Error_Module__loggerDefined__C                              
00019dee  xdc_runtime_Error_maxDepth__C                                           
00019df0  xdc_runtime_Main_Module__id__C                                          
00019df2  xdc_runtime_Main_Module__loggerDefined__C                               
00019df4  xdc_runtime_Memory_Module__id__C                                        
00019df6  xdc_runtime_Registry_Module__loggerDefined__C                           
00019df8  xdc_runtime_Text_charCnt__C                                             
00019dfa  xdc_runtime_Text_isLoaded__C                                            
00019dfc  xdc_runtime_Text_registryModsLastId__C                                  
00019dfe  xdc_runtime_Text_unnamedModsLastId__C                                   
00019e00  xdc_runtime_Error_policy__C                                             
00019e08  __TI_static_base__                                                      
0001b4e0  __TI_Handler_Table_Base                                                 
0001b4e8  __TI_CINIT_Base                                                         
0001b4e8  __TI_Handler_Table_Limit                                                
0001b510  __TI_CINIT_Limit                                                        
40000000  ti_sysbios_hal_unicache_Cache_cache                                     
40000400  ti_sysbios_family_arm_ducati_CTM_ctm                                    
40000800  ti_sysbios_hal_ammu_AMMU_mmu                                            
80000000  ti_sysbios_heaps_HeapBuf_Instance_State_1_buf__A                        
80040000  ti_sysbios_heaps_HeapBuf_Instance_State_0_buf__A                        
80060000  ti_sysbios_heaps_HeapMem_Instance_State_0_buf__A                        
80080000  ti_sysbios_knl_Task_Instance_State_0_stack__A                           
80080800  ti_sysbios_knl_Task_Instance_State_1_stack__A                           
80081000  ti_sysbios_knl_Task_Instance_State_2_stack__A                           
80081800  ti_sysbios_knl_Task_Instance_State_3_stack__A                           
80082000  ti_sysbios_family_arm_ducati_Core_Module_State_0_core1HwiStack__A       
80083000  ti_sysbios_family_arm_m3_Hwi_vnvic                                      
80084000  ti_sysbios_family_arm_m3_Hwi_dispatchTable                              
80084148  ti_sysbios_knl_Swi_Instance_State_0_hookEnv__A                          
8008414c  ti_sysbios_knl_Task_Instance_State_0_hookEnv__A                         
80084150  ti_sysbios_knl_Task_Instance_State_1_hookEnv__A                         
80084154  ti_sysbios_knl_Task_Instance_State_2_hookEnv__A                         
80084158  ti_sysbios_knl_Task_Instance_State_3_hookEnv__A                         
8008417c  ti_ipc_family_vayu__Desc                                                
80084188  intInfo                                                                 
80084194  ti_ipc_rpmsg_RPMessage__Desc                                            
8008479c  xdc_runtime_Diags_dictElems                                             
800847ac  ti_deh_Deh_Module__state__V                                             
800847b8  ti_deh_StackDbg_Module__state__V                                        
800847c0  ti_deh_Watchdog_Module_State_0_device__A                                
800847e0  ti_deh_Watchdog_Module_State_0_status__A                                
800847e4  ti_deh_Watchdog_Module__state__V                                        
800847f0  ti_ipc_namesrv_NameServerRemoteRpmsg_Module__root__V                    
800847f8  ti_ipc_namesrv_NameServerRemoteRpmsg_Module__state__V                   
80084808  ti_ipc_remoteproc_Resource_Module__state__V                             
8008480c  ti_ipc_transports_TransportRpmsg_Module__root__V                        
80084814  ti_ipc_transports_TransportRpmsgSetup_Module_State_0_handles__A         
80084828  ti_ipc_transports_TransportRpmsgSetup_Module__state__V                  
8008482c  ti_sdo_ipc_MessageQ_Module__root__V                                     
80084834  ti_sdo_ipc_MessageQ_Module_State_0_heaps__A                             
80084854  ti_sdo_ipc_family_vayu_NotifySetup_Module_State_0_numPlugged__A         
80084874  ti_sdo_ipc_transports_TransportNetworkDummy_Module__root__V             
8008487c  ti_sdo_utils_List_Module__root__V                                       
80084884  ti_sdo_utils_MultiProc_Module_State_0_clusterProcList__A                
80084890  ti_sdo_utils_MultiProc_Module__state__V                                 
80084898  ti_sdo_utils_NameServer_Module__root__V                                 
800848a0  ti_sdo_utils_NameServer_Module_State_0_nsRemoteHandle__A                
800848b4  ti_sdo_utils_NameServer_Module__state__V                                
800848c0  ti_sdo_utils_NameServerRemoteNull_Module__root__V                       
800848c8  ti_sysbios_BIOS_Module_State_0_smpThreadType__A                         
800848cc  ti_sysbios_family_arm_ducati_Core_Module__state__V                      
800848e0  ti_sysbios_family_arm_ducati_GateSmp_Module__root__V                    
800848e8  ti_sysbios_family_arm_ducati_Timer_Module__root__V                      
800848f0  ti_sysbios_family_arm_ducati_Timer_Module__state__V                     
800848fc  ti_sysbios_family_arm_ducati_smp_Power_Module__state__V                 
80084914  ti_sysbios_family_arm_m3_Hwi_Module__root__V                            
8008491c  ti_sysbios_family_arm_m3_Hwi_Module_State_0_excActive__A                
80084920  ti_sysbios_family_arm_m3_Hwi_Module_State_0_excContext__A               
80084928  ti_sysbios_family_arm_m3_Hwi_Module_State_0_excStack__A                 
80084930  ti_sysbios_family_arm_m3_Hwi_Module_State_0_intAffinityMasks_0__A       
80084938  ti_sysbios_family_arm_m3_Hwi_Module_State_0_intAffinityMasks_1__A       
80084940  ti_sysbios_family_arm_m3_Hwi_Module_State_0_intAffinityMasks__A         
80084948  ti_sysbios_family_shared_vayu_IntXbar_Module__state__V                  
8008494c  ti_sysbios_gates_GateHwi_Module__root__V                                
80084954  ti_sysbios_gates_GateHwi_Object__table__V                               
8008495c  ti_sysbios_gates_GateMutex_Module__root__V                              
80084964  ti_sysbios_gates_GateMutexPri_Module__root__V                           
8008496c  ti_sysbios_gates_GateSwi_Module__root__V                                
80084974  ti_sysbios_gates_GateSwi_Object__table__V                               
80084978  ti_sysbios_hal_Hwi_Module__root__V                                      
80084980  ti_sysbios_hal_Hwi_Object__table__V                                     
80084990  ti_sysbios_hal_Timer_Module__root__V                                    
80084998  ti_sysbios_heaps_HeapBuf_Module__root__V                                
800849a0  ti_sysbios_heaps_HeapBuf_Module__state__V                               
800849a4  ti_sysbios_heaps_HeapMem_Module__root__V                                
800849ac  ti_sysbios_heaps_HeapMem_Object__table__V                               
800849c4  ti_sysbios_knl_Clock_Module__root__V                                    
800849cc  ti_sysbios_knl_Queue_Module__root__V                                    
800849d4  ti_sysbios_knl_Semaphore_Module__root__V                                
800849dc  ti_sysbios_knl_Swi_Module__root__V                                      
800849e4  ti_sysbios_knl_Swi_Module__state__V                                     
80084a00  ti_sysbios_knl_Task_Module__root__V                                     
80084a08  ti_sysbios_knl_Task_Module_State_0_smpCurSet__A                         
80084a14  ti_sysbios_knl_Task_Module_State_0_smpCurMask__A                        
80084a1c  ti_sysbios_knl_Task_Module_State_0_smpCurTask__A                        
80084a24  ti_sysbios_knl_Task_Module_State_0_smpReadyQ__A                         
80084a30  ti_sysbios_knl_Task_Module_State_0_idleTask__A                          
80084a38  ti_sysbios_syncs_SyncSem_Module__root__V                                
80084a40  ti_sysbios_timers_dmtimer_Timer_Module__root__V                         
80084a48  ti_sysbios_timers_dmtimer_Timer_Module__state__V                        
80084a5c  ti_sysbios_xdcruntime_GateThreadSupport_Module__root__V                 
80084a64  ti_trace_SysMin_Module__state__V                                        
80084a7c  xdc_runtime_Error_Module__state__V                                      
80084a80  xdc_runtime_LoggerSys_Module__root__V                                   
80084a88  xdc_runtime_LoggerSys_Object__table__V                                  
80084a90  xdc_runtime_Memory_Module__state__V                                     
80084a94  xdc_runtime_Registry_Module__root__V                                    
80084a98  xdc_runtime_Registry_Module__state__V                                   
80084aa0  xdc_runtime_Startup_Module__state__V                                    
80084aa8  xdc_runtime_System_Module__state__V                                     
80084ab0  xdc_runtime_Text_Module__state__V                                       
80084ab8  xdc_runtime_knl_GateThread_Module__root__V                              
80084ac0  __xdc__init__addr                                                       
80084ac4  ti_trace_SysMin_Module_State_0_lineBuffers__A                           
80084ccc  ti_sysbios_knl_Task_Module_State_0_readyQ__A                            
80084e4c  TSK_idle                                                                
80084e4c  ti_sysbios_knl_Task_Object__table__V                                    
80084f8c  ti_sysbios_timers_dmtimer_Timer_Module_State_0_device__A                
800850fc  _Errno                                                                  
80085100  _Denorm                                                                 
80085110  _Eps                                                                    
80085120  _Hugeval                                                                
80085130  _Inf                                                                    
80085140  _Nan                                                                    
80085150  _Snan                                                                   
80085160  _Rteps                                                                  
80085170  _Xbig                                                                   
80085178  _Zero                                                                   
80085180  ti_sysbios_knl_Swi_Module_State_0_readyQ__A                             
80085200  ti_sysbios_timers_dmtimer_Timer_Module_State_0_intFreqs__A              
80085280  ti_sysbios_family_shared_vayu_IntXbar_Module_State_0_intXbar__A         
800852f4  ti_sdo_ipc_MessageQ_Module__state__V                                    
8008535c  ti_sysbios_timers_dmtimer_Timer_Object__table__V                        
800853b8  ti_sdo_ipc_family_vayu_InterruptIpu_Module__state__V                    
80085410  ti_sysbios_gates_GateMutex_Object__table__V                             
80085464  ti_sdo_ipc_family_vayu_NotifySetup_Module__state__V                     
800854b4  ti_sysbios_family_arm_m3_Hwi_Module_State_0_intAffinity__A              
80085504  ti_sysbios_heaps_HeapBuf_Object__table__V                               
80085554  ti_sysbios_family_arm_m3_Hwi_Object__table__V                           
8008559c  ti_sysbios_knl_Task_Module__state__V                                    
800855e0  ti_sysbios_timers_dmtimer_Timer_Module_State_0_handles__A               
80085620  ti_sdo_utils_NameServer_Object__table__V                                
8008565c  ti_sysbios_knl_Semaphore_Object__table__V                               
80085698  ti_sysbios_family_arm_ducati_GateSmp_Object__table__V                   
800856d0  ti_sysbios_family_arm_m3_Hwi_Module__state__V                           
80085704  ti_sysbios_knl_Swi_Object__table__V                                     
80085734  ti_sysbios_knl_Clock_Module__state__V                                   
80085760  ti_sdo_ipc_MessageQ_Module_State_0_transports__A                        
80085788  ti_sysbios_BIOS_Module__state__V                                        
800857ac  xdc_runtime_System_Module_State_0_atexitHandlers__A                     
800857d0  IpcPower_idleCount                                                      
800857d8  IpcPower_suspendCount                                                   
800857dc  IpcPower_resumeCount                                                    
800857e0  IpcPower_clockFxn                                                       
800857f4  _lock                                                                   
800857f8  _unlock                                                                 
800857fc  __TI_cleanup_ptr                                                        
80085800  __TI_dtors_ptr                                                          
80085804  _Fenv                                                                   
80085808  _Tls_setup__Fenv                                                        
8008580c  main_func_sp                                                            
80085810  __stack                                                                 
80086810  __STACK_END                                                             
9f000000  ti_trace_SysMin_Module_State_0_outbuf__A                                
9f007ff8  ti_trace_SysMin_Module_State_0_writeidx__A                              
9f007ffc  ti_trace_SysMin_Module_State_0_readidx__A                               
9f060000  ti_deh_Deh_Module_State_0_outbuf__A                                     
9f070000  ti_sysbios_family_arm_ducati_smp_Power_savedContext                     
9f07027c  ti_sysbios_family_arm_ducati_smp_Power_savedRAM                         
e000e000  ti_sysbios_family_arm_m3_Hwi_nvic                                       
ffffffff  __binit__                                                               
ffffffff  __c_args__                                                              
ffffffff  binit                                                                   
UNDEFED   SHT$$INIT_ARRAY$$Base                                                   
UNDEFED   SHT$$INIT_ARRAY$$Limit                                                  

[1234 symbols]
