******************************************************************************
                  TI ARM Linker Unix v5.2.5                    
******************************************************************************
>> Linked Fri Sep 18 12:50:20 2015

OUTPUT FILE NAME:   <bin/ti_platforms_evmDRA7XX_ipu2/ping_tasks.xem4>
ENTRY POINT SYMBOL: "ti_sysbios_family_arm_ducati_smp_Power_reset"  address: 00000011


MEMORY CONFIGURATION

         name            origin    length      used     unused   attr    fill
----------------------  --------  ---------  --------  --------  ----  --------
  L2_ROM                00000000   00004000  0000066c  00003994  RWIX
  EXT_CODE              00004000   005fc000  000130cb  005e8f35  RW X
  L2_RAM                20000000   00010000  00000000  00010000  RWIX
  OCMC_RAM1             40300000   00080000  00000000  00080000  RWIX
  OCMC_RAM2             40400000   00100000  00000000  00100000  RWIX
  OCMC_RAM3             40500000   00100000  00000000  00100000  RWIX
  EXT_DATA              80000000   00600000  00066460  00599ba0  RW  
  EXT_HEAP              80600000   02a00000  00000000  02a00000  RW  
  TRACE_BUF             9f000000   00060000  00008000  00058000  RW  
  EXC_DATA              9f060000   00010000  00000200  0000fe00  RW  
  PM_DATA               9f070000   00020000  0001027c  0000fd84  RW X


SEGMENT ALLOCATION MAP

run origin  load origin   length   init length attrs members
----------  ----------- ---------- ----------- ----- -------
00000000    00000000    000000e0   000000e0    r-x
  00000000    00000000    000000e0   000000e0    r-x .ducatiPowerBoot
00000400    00000400    00000140   00000140    r--
  00000400    00000400    00000140   00000140    r-- .resetVecs
00003000    00003000    0000044c   0000044c    rw-
  00003000    00003000    0000044c   0000044c    rw- .resource_table
00004000    00004000    000130d8   000130d8    r-x
  00004000    00004000    0000556c   0000556c    r-x .text.1
  0000956c    0000956c    00000004   00000004    r-- .const.1
  00009570    00009570    0000020c   0000020c    r-x .text.2
  0000977c    0000977c    00000004   00000004    r-- .const.2
  00009780    00009780    000005dc   000005dc    r-x .text.3
  00009d5c    00009d5c    00000004   00000004    r-- .const.3
  00009d60    00009d60    000006ac   000006ac    r-x .text.4
  0000a40c    0000a40c    00000004   00000004    r-- .const.4
  0000a410    0000a410    0000018c   0000018c    r-x .text.5
  0000a59c    0000a59c    00000004   00000004    r-- .const.5
  0000a5a0    0000a5a0    0000017c   0000017c    r-x .text.6
  0000a71c    0000a71c    00000004   00000004    r-- .const.6
  0000a720    0000a720    00000174   00000174    r-x .text.7
  0000a894    0000a894    00000004   00000004    r-- .const.7
  0000a898    0000a898    000002e4   000002e4    r-x .text.8
  0000ab7c    0000ab7c    00000004   00000004    r-- .const.8
  0000ab80    0000ab80    0000016c   0000016c    r-x .text.9
  0000acec    0000acec    00000004   00000004    r-- .const.9
  0000acf0    0000acf0    000002cc   000002cc    r-x .text.10
  0000afbc    0000afbc    00000004   00000004    r-- .const.10
  0000afc0    0000afc0    0000015c   0000015c    r-x .text.11
  0000b11c    0000b11c    00000004   00000004    r-- .const.11
  0000b120    0000b120    00000154   00000154    r-x .text.12
  0000b274    0000b274    00000004   00000004    r-- .const.12
  0000b278    0000b278    0000014c   0000014c    r-x .text.13
  0000b3c4    0000b3c4    00000004   00000004    r-- .const.13
  0000b3c8    0000b3c8    00000144   00000144    r-x .text.14
  0000b50c    0000b50c    00000004   00000004    r-- .const.14
  0000b510    0000b510    00000144   00000144    r-x .text.15
  0000b654    0000b654    00000004   00000004    r-- .const.15
  0000b658    0000b658    0000027c   0000027c    r-x .text.16
  0000b8d4    0000b8d4    00000004   00000004    r-- .const.16
  0000b8d8    0000b8d8    0000013c   0000013c    r-x .text.17
  0000ba14    0000ba14    00000004   00000004    r-- .const.17
  0000ba18    0000ba18    000003a4   000003a4    r-x .text.18
  0000bdbc    0000bdbc    00000004   00000004    r-- .const.18
  0000bdc0    0000bdc0    0000023c   0000023c    r-x .text.19
  0000bffc    0000bffc    00000004   00000004    r-- .const.19
  0000c000    0000c000    00000234   00000234    r-x .text.20
  0000c234    0000c234    00000004   00000004    r-- .const.20
  0000c238    0000c238    0000043c   0000043c    r-x .text.21
  0000c674    0000c674    00000004   00000004    r-- .const.21
  0000c678    0000c678    00000404   00000404    r-x .text.22
  0000ca7c    0000ca7c    00000004   00000004    r-- .const.22
  0000ca80    0000ca80    00000764   00000764    r-x .text.23
  0000d1e4    0000d1e4    00000004   00000004    r-- .const.23
  0000d1e8    0000d1e8    0000019c   0000019c    r-x .text.24
  0000d384    0000d384    00000004   00000004    r-- .const.24
  0000d388    0000d388    00000314   00000314    r-x .text.25
  0000d69c    0000d69c    00000004   00000004    r-- .const.25
  0000d6a0    0000d6a0    000003b4   000003b4    r-x .text.26
  0000da54    0000da54    00000004   00000004    r-- .const.26
  0000da58    0000da58    000000b4   000000b4    r-x .text.27
  0000db0c    0000db0c    00000004   00000004    r-- .const.27
  0000db10    0000db10    000000b4   000000b4    r-x .text.28
  0000dbc4    0000dbc4    00000004   00000004    r-- .const.28
  0000dbc8    0000dbc8    000000b4   000000b4    r-x .text.29
  0000dc7c    0000dc7c    00000004   00000004    r-- .const.29
  0000dc80    0000dc80    000000b4   000000b4    r-x .text.30
  0000dd34    0000dd34    00000004   00000004    r-- .const.30
  0000dd38    0000dd38    00000154   00000154    r-x .text.31
  0000de8c    0000de8c    00000004   00000004    r-- .const.31
  0000de90    0000de90    00000144   00000144    r-x .text.32
  0000dfd4    0000dfd4    00000004   00000004    r-- .const.32
  0000dfd8    0000dfd8    00000454   00000454    r-x .text.33
  0000e42c    0000e42c    00000004   00000004    r-- .const.33
  0000e430    0000e430    00000264   00000264    r-x .text.34
  0000e694    0000e694    00000004   00000004    r-- .const.34
  0000e698    0000e698    00000094   00000094    r-x .text.35
  0000e72c    0000e72c    00000004   00000004    r-- .const.35
  0000e730    0000e730    0000019c   0000019c    r-x .text.36
  0000e8cc    0000e8cc    00000004   00000004    r-- .const.36
  0000e8d0    0000e8d0    000004e4   000004e4    r-x .text.37
  0000edb4    0000edb4    00000004   00000004    r-- .const.37
  0000edb8    0000edb8    00000504   00000504    r-x .text.38
  0000f2bc    0000f2bc    00000004   00000004    r-- .const.38
  0000f2c0    0000f2c0    0000005c   0000005c    r-x .text.39
  0000f31c    0000f31c    00000004   00000004    r-- .const.39
  0000f320    0000f320    00000113   00000113    r-x .text.40
  0000f434    0000f434    00000004   00000004    r-- .const.40
  0000f438    0000f438    0000015c   0000015c    r-x .text.41
  0000f594    0000f594    00000004   00000004    r-- .const.41
  0000f598    0000f598    00000054   00000054    r-x .text.42
  0000f5ec    0000f5ec    00000004   00000004    r-- .const.42
  0000f5f0    0000f5f0    000003bc   000003bc    r-x .text.43
  0000f9ac    0000f9ac    00000004   00000004    r-- .const.43
  0000f9b0    0000f9b0    0000004c   0000004c    r-x .text.44
  0000f9fc    0000f9fc    00000004   00000004    r-- .const.44
  0000fa00    0000fa00    000000e4   000000e4    r-x .text.45
  0000fae4    0000fae4    00000004   00000004    r-- .const.45
  0000fae8    0000fae8    0000004c   0000004c    r-x .text.46
  0000fb34    0000fb34    00000004   00000004    r-- .const.46
  0000fb38    0000fb38    000002cc   000002cc    r-x .text.47
  0000fe04    0000fe04    00000004   00000004    r-- .const.47
  0000fe08    0000fe08    00000044   00000044    r-x .text.48
  0000fe4c    0000fe4c    00000004   00000004    r-- .const.48
  0000fe50    0000fe50    00000044   00000044    r-x .text.49
  0000fe94    0000fe94    00000004   00000004    r-- .const.49
  0000fe98    0000fe98    00000044   00000044    r-x .text.50
  0000fedc    0000fedc    00000004   00000004    r-- .const.50
  0000fee0    0000fee0    00000044   00000044    r-x .text.51
  0000ff24    0000ff24    00000004   00000004    r-- .const.51
  0000ff28    0000ff28    0000018c   0000018c    r-x .text.52
  000100b4    000100b4    00000004   00000004    r-- .const.52
  000100b8    000100b8    00000434   00000434    r-x .text.53
  000104ec    000104ec    00000004   00000004    r-- .const.53
  000104f0    000104f0    0000003c   0000003c    r-x .text.54
  0001052c    0001052c    00000004   00000004    r-- .const.54
  00010530    00010530    0000003c   0000003c    r-x .text.55
  0001056c    0001056c    00000004   00000004    r-- .const.55
  00010570    00010570    000000b4   000000b4    r-x .text.56
  00010624    00010624    00000004   00000004    r-- .const.56
  00010628    00010628    0000003c   0000003c    r-x .text.57
  00010664    00010664    00000004   00000004    r-- .const.57
  00010668    00010668    0000003c   0000003c    r-x .text.58
  000106a4    000106a4    00000004   00000004    r-- .const.58
  000106a8    000106a8    0000003c   0000003c    r-x .text.59
  000106e4    000106e4    00000004   00000004    r-- .const.59
  000106e8    000106e8    0000042c   0000042c    r-x .text.60
  00010b14    00010b14    00000004   00000004    r-- .const.60
  00010b18    00010b18    0000009c   0000009c    r-x .text.61
  00010bb4    00010bb4    00000004   00000004    r-- .const.61
  00010bb8    00010bb8    000004ec   000004ec    r-x .text.62
  000110a4    000110a4    00000004   00000004    r-- .const.62
  000110a8    000110a8    0000028c   0000028c    r-x .text.63
  00011334    00011334    00000004   00000004    r-- .const.63
  00011338    00011338    00000024   00000024    r-x .text.64
  0001135c    0001135c    00000004   00000004    r-- .const.64
  00011360    00011360    0000006c   0000006c    r-x .text.65
  000113cc    000113cc    00000004   00000004    r-- .const.65
  000113d0    000113d0    0000049c   0000049c    r-x .text.66
  0001186c    0001186c    00000004   00000004    r-- .const.66
  00011870    00011870    0000001c   0000001c    r-x .text.67
  0001188c    0001188c    00000004   00000004    r-- .const.67
  00011890    00011890    0000008c   0000008c    r-x .text.68
  0001191c    0001191c    00000004   00000004    r-- .const.68
  00011920    00011920    00000294   00000294    r-x .text.69
  00011bb4    00011bb4    00000004   00000004    r-- .const.69
  00011bb8    00011bb8    00000014   00000014    r-x .text.70
  00011bcc    00011bcc    00000004   00000004    r-- .const.70
  00011bd0    00011bd0    00000014   00000014    r-x .text.71
  00011be4    00011be4    00000004   00000004    r-- .const.71
  00011be8    00011be8    0000003c   0000003c    r-x .text.72
  00011c24    00011c24    00000004   00000004    r-- .const.72
  00011c28    00011c28    0000002a   0000002a    r-x .text.73
  00011c54    00011c54    00000004   00000004    r-- .const.73
  00011c58    00011c58    00000012   00000012    r-x .text.74
  00011c6c    00011c6c    00000004   00000004    r-- .const.74
  00011c70    00011c70    00000044   00000044    r-x .text.75
  00011cb4    00011cb4    00000004   00000004    r-- .const.75
  00011cb8    00011cb8    000001dc   000001dc    r-x .text.76
  00011e94    00011e94    00000004   00000004    r-- .const.76
  00011e98    00011e98    0000003c   0000003c    r-x .text.77
  00011ed4    00011ed4    00000004   00000004    r-- .const.77
  00011ed8    00011ed8    0000000c   0000000c    r-x .text.78
  00011ee4    00011ee4    00000004   00000004    r-- .const.78
  00011ee8    00011ee8    0000000c   0000000c    r-x .text.79
  00011ef4    00011ef4    00000004   00000004    r-- .const.79
  00011ef8    00011ef8    0000006c   0000006c    r-x .text.80
  00011f64    00011f64    00000004   00000004    r-- .const.80
  00011f68    00011f68    000001dc   000001dc    r-x .text.81
  00012144    00012144    00000004   00000004    r-- .const.81
  00012148    00012148    00000004   00000004    r-x .text.82
  0001214c    0001214c    00000004   00000004    r-- .const.82
  00012150    00012150    00000004   00000004    r-x .text.83
  00012154    00012154    00000004   00000004    r-- .const.83
  00012158    00012158    00000004   00000004    r-x .text.84
  0001215c    0001215c    00000004   00000004    r-- .const.84
  00012160    00012160    00000004   00000004    r-x .text.85
  00012164    00012164    00000004   00000004    r-- .const.85
  00012168    00012168    00000004   00000004    r-x .text.86
  0001216c    0001216c    00000004   00000004    r-- .const.86
  00012170    00012170    00000002   00000002    r-x .text.87
  00012174    00012174    00003c06   00003c06    r-- .const.87
  00015d80    00015d80    00001358   00001358    r-- .cinit
80000000    80000000    00066460   00000000    rw-
  80000000    80000000    00064160   00000000    rw- .bss
  80064160    80064160    00001300   00000000    rw- .data
  80065460    80065460    00001000   00000000    rw- .stack
9f000000    9f000000    00008000   00000000    rw-
  9f000000    9f000000    00008000   00000000    rw- .tracebuf
9f060000    9f060000    00000200   00000000    rw-
  9f060000    9f060000    00000200   00000000    rw- .errorbuf
9f070000    9f070000    0001027c   00000000    rw-
  9f070000    9f070000    0001027c   00000000    rw- .ti_sysbios_family_arm_ducati_smp_Power


SECTION ALLOCATION MAP

 output                                  attributes/
section   page    origin      length       input sections
--------  ----  ----------  ----------   ----------------
.bss       0    80000000    00064160     UNINITIALIZED
                  80000000    00040000     ping_tasks_pem4.oem4 (.bss:ti_sysbios_heaps_HeapBuf_Instance_State_0_buf__A)
                  80040000    00020000     ping_tasks_pem4.oem4 (.bss:ti_sysbios_heaps_HeapMem_Instance_State_0_buf__A)
                  80060000    00002000     ping_tasks_pem4.oem4 (.bss:taskStackSection)
                  80062000    00001000     ping_tasks_pem4.oem4 (.bss:ti_sysbios_family_arm_ducati_Core_Module_State_0_core1HwiStack__A)
                  80063000    00001000     sysbios.aem4 : BIOS.obj (.bss:ti_sysbios_family_arm_m3_Hwi_vnvic)
                  80064000    00000140     ping_tasks_pem4.oem4 (.bss:ti_sysbios_family_arm_m3_Hwi_dispatchTable)
                  80064140    00000004     (.common:endIdx$3)
                  80064144    00000004     (.common:startIdx$2)
                  80064148    00000004     (.common:ti_sysbios_knl_Swi_Instance_State_0_hookEnv__A)
                  8006414c    00000004     (.common:ti_sysbios_knl_Task_Instance_State_0_hookEnv__A)
                  80064150    00000004     (.common:ti_sysbios_knl_Task_Instance_State_1_hookEnv__A)
                  80064154    00000004     (.common:ti_sysbios_knl_Task_Instance_State_2_hookEnv__A)
                  80064158    00000004     (.common:ti_sysbios_knl_Task_Instance_State_3_hookEnv__A)
                  8006415c    00000004     (.common:timeStampSecCharLen$4)

.neardata 
*          0    80064160    00000000     UNINITIALIZED

.rodata    0    80064160    00000000     UNINITIALIZED

.stack     0    80065460    00001000     UNINITIALIZED
                  80065460    00001000     --HOLE--

.cinit     0    00015d80    00001358     
                  00015d80    00001308     (.cinit..data.load) [load image]
                  00017088    00000008     (.cinit..bss.load) [load image, compression = zero_init]
                  00017090    00000008     (.cinit..errorbuf.load) [load image, compression = zero_init]
                  00017098    00000008     (.cinit..ti_sysbios_family_arm_ducati_smp_Power.load) [load image, compression = zero_init]
                  000170a0    00000008     (.cinit..tracebuf.load) [load image, compression = zero_init]
                  000170a8    00000008     (__TI_handler_table)
                  000170b0    00000028     (__TI_cinit_table)

.init_array 
*          0    00004000    00000000     UNINITIALIZED

.bootVecs 
*          0    00000000    00000008     DSECT
                  00000000    00000008     boot.aem4 : boot.oem4 (.bootVecs)

.vecs      0    00000400    00000000     DSECT

.ducatiPowerBoot 
*          0    00000000    000000e0     
                  00000000    000000e0     sysbios.aem4 : smp_Power_resumeCpu.obj (.ducatiPowerBoot)

.resetVecs 
*          0    00000400    00000140     
                  00000400    00000140     ping_tasks_pem4.oem4 (.resetVecs)

.resource_table 
*          0    00003000    0000044c     
                  00003000    0000044c     ping_tasks_pem4.oem4 (.resource_table)

.tracebuf 
*          0    9f000000    00008000     UNINITIALIZED
                  9f000000    00008000     ping_tasks_pem4.oem4 (.tracebuf)

.errorbuf 
*          0    9f060000    00000200     UNINITIALIZED
                  9f060000    00000200     ping_tasks_pem4.oem4 (.errorbuf)

.ti_sysbios_family_arm_ducati_smp_Power 
*          0    9f070000    0001027c     UNINITIALIZED
                  9f070000    0001027c     sysbios.aem4 : BIOS.obj (.ti_sysbios_family_arm_ducati_smp_Power)

xdc.meta   0    00004000    00000118     COPY SECTION
                  00004000    00000118     ping_tasks_pem4.oem4 (xdc.meta)

.text.1    0    00004000    0000556c     
                  00004000    000010a6     rtsv7M4_T_le_eabi.lib : _printfi.obj (.text)
                  000050a6    00000002                           : i_div0.obj (.text)
                  000050a8    00000734     ti.deh_vayu_smp.aem4 : Deh.oem4 (.text:ti_deh_Deh_excHandler__F)
                  000057dc    00000004     ping_tasks_pem4.oem4 (.text:ti_sysbios_family_arm_m3_TaskSupport_Module__startupDone__S)
                  000057e0    00000724     sysbios.aem4 : BIOS.obj (.text:ti_sysbios_family_arm_ducati_smp_Power_doSuspend__I)
                  00005f04    00000004     ping_tasks_pem4.oem4 (.text:ti_sysbios_family_shared_vayu_IntXbar_Module__startupDone__S)
                  00005f08    000005b4     ipc.aem4 : Ipc.obj (.text:RPMessage_send)
                  000064bc    00000004     ping_tasks_pem4.oem4 (.text:ti_sysbios_hal_ammu_AMMU_Module__startupDone__S)
                  000064c0    00000394     sysbios.aem4 : BIOS.obj (.text:ti_sysbios_heaps_HeapBuf_Instance_init__E)
                  00006854    00000004     ti.targets.arm.rtsarm.aem4 : Error.oem4 (.text:xdc_runtime_Error_getSite__E)
                  00006858    00000358     ipc.aem4 : Ipc.obj (.text:VirtQueue_create)
                  00006bb0    00000354     sysbios.aem4 : BIOS.obj (.text:ti_sysbios_knl_Task_schedule__I)
                  00006f04    0000034c     ti.targets.arm.rtsarm.aem4 : System.oem4 (.text:xdc_runtime_System_doPrint__I)
                  00007250    0000030c     ipc.aem4 : Ipc.obj (.text:RPMessage_swiFxn$9)
                  0000755c    00000004     ti.targets.arm.rtsarm.aem4 : System.oem4 (.text:xdc_runtime_System_aprintf_va__F)
                  00007560    00000308     sysbios.aem4 : BIOS.obj (.text:ti_sysbios_knl_Semaphore_pend__E)
                  00007868    000002b0     ipc.aem4 : Ipc.obj (.text:RPMessage_recv)
                  00007b18    000002b0              : Ipc.obj (.text:ti_sdo_ipc_family_vayu_NotifySetup_Module_startup__E)
                  00007dc8    00000298              : Ipc.obj (.text:VirtQueue_startup)
                  00008060    00000290              : Ipc.obj (.text:RPMessage_init)
                  000082f0    0000027c              : Ipc.obj (.text:RPMessage_create)
                  0000856c    00000004     ti.targets.arm.rtsarm.aem4 : System.oem4 (.text:xdc_runtime_System_printf_va__F)
                  00008570    0000027c     sysbios.aem4 : BIOS.obj (.text:ti_sysbios_knl_Task_Instance_finalize__E)
                  000087ec    00000274     ti.deh_vayu_smp.aem4 : Watchdog.oem4 (.text:ti_deh_Watchdog_init__F)
                  00008a60    00000254     sysbios.aem4 : BIOS.obj (.text:ti_sysbios_heaps_HeapMem_free__E)
                  00008cb4    00000002     ping_tasks_pem4.oem4 (.text:ti_sysbios_BIOS_nullFunc__I)
                  00008cb6    00000002     ti.trace_smp.aem4 : SysMin.oem4 (.text:ti_trace_SysMin_flush__E)
                  00008cb8    00000240     sysbios.aem4 : BIOS.obj (.text:ti_sysbios_heaps_HeapMem_alloc__E)
                  00008ef8    00000230     ipc.aem4 : Ipc.obj (.text:RPMessage_delete)
                  00009128    00000228     ti.trace_smp.aem4 : SysMin.oem4 (.text:ti_trace_SysMin_putch__E)
                  00009350    0000021c     ping_tasks_pem4.oem4 (.text:xdc_runtime_System_printfExtend__I)

.const.1   0    0000956c    00000004     
                  0000956c    00000004     ping_tasks_pem4.oem4 (.const:ti_sdo_ipc_family_vayu_InterruptIpu_Module__diagsEnabled__C)

.text.2    0    00009570    0000020c     
                  00009570    0000020c     sysbios.aem4 : BIOS.obj (.text:ti_sysbios_knl_Task_Instance_init__E)

.const.2   0    0000977c    00000004     
                  0000977c    00000004     ping_tasks_pem4.oem4 (.const:ti_sdo_ipc_family_vayu_InterruptIpu_Module__diagsIncluded__C)

.text.3    0    00009780    000005dc     
                  00009780    000001fc     sysbios.aem4 : BIOS.obj (.text:ti_sysbios_heaps_HeapBuf_free__E)
                  0000997c    000001f4     rtsv7M4_T_le_eabi.lib : ull_div_t2.obj (.text)
                  00009b70    000001ec     sysbios.aem4 : BIOS.obj (.text:ti_sysbios_hal_unicache_Cache_startup__I)

.const.3   0    00009d5c    00000004     
                  00009d5c    00000004     ping_tasks_pem4.oem4 (.const:ti_sdo_ipc_family_vayu_InterruptIpu_Module__diagsMask__C)

.text.4    0    00009d60    000006ac     
                  00009d60    000001b8     sysbios.aem4 : BIOS.obj (.text:ti_sysbios_knl_Task_startCore__E)
                  00009f18    000001b6     rtsv7M4_T_le_eabi.lib : fd_add_t2.obj (.text)
                  0000a0ce    00000002     --HOLE-- [fill = 0]
                  0000a0d0    000001a0     sysbios.aem4 : BIOS.obj (.text:ti_sysbios_knl_Swi_run__I)
                  0000a270    0000019c                  : BIOS.obj (.text:ti_sysbios_family_arm_m3_Hwi_clearInterrupt__E)

.const.4   0    0000a40c    00000004     
                  0000a40c    00000004     ping_tasks_pem4.oem4 (.const:ti_sdo_ipc_family_vayu_InterruptIpu_ducatiCtrlBaseAddr__C)

.text.5    0    0000a410    0000018c     
                  0000a410    0000018c     sysbios.aem4 : BIOS.obj (.text:ti_sysbios_timers_dmtimer_Timer_checkFreq__I)

.const.5   0    0000a59c    00000004     
                  0000a59c    00000004     ping_tasks_pem4.oem4 (.const:ti_sdo_ipc_family_vayu_InterruptIpu_ipu1_0ProcId__C)

.text.6    0    0000a5a0    0000017c     
                  0000a5a0    0000017c     ipc.aem4 : Ipc.obj (.text:VirtQueue_isr)

.const.6   0    0000a71c    00000004     
                  0000a71c    00000004     ping_tasks_pem4.oem4 (.const:ti_sdo_ipc_family_vayu_InterruptIpu_ipu1_1ProcId__C)

.text.7    0    0000a720    00000174     
                  0000a720    00000174     sysbios.aem4 : BIOS.obj (.text:ti_sysbios_family_arm_ducati_Core_hwiFunc__I)

.const.7   0    0000a894    00000004     
                  0000a894    00000004     ping_tasks_pem4.oem4 (.const:ti_sdo_ipc_family_vayu_InterruptIpu_ipu2_0ProcId__C)

.text.8    0    0000a898    000002e4     
                  0000a898    00000174     sysbios.aem4 : BIOS.obj (.text:ti_sysbios_family_arm_m3_Hwi_excBusFault__I)
                  0000aa0c    00000170     ti.pm_smp_vayu.aem4 : IpcPower.oem4 (.text:IpcPower_registerCallback)

.const.8   0    0000ab7c    00000004     
                  0000ab7c    00000004     ping_tasks_pem4.oem4 (.const:ti_sdo_ipc_family_vayu_InterruptIpu_ipu2_1ProcId__C)

.text.9    0    0000ab80    0000016c     
                  0000ab80    0000016c     sysbios.aem4 : BIOS.obj (.text:ti_sysbios_family_arm_m3_Hwi_updateNvic__I)

.const.9   0    0000acec    00000004     
                  0000acec    00000004     ping_tasks_pem4.oem4 (.const:ti_sdo_utils_MultiProc_A_invalidMultiProcId__C)

.text.10   0    0000acf0    000002cc     
                  0000acf0    00000168     sysbios.aem4 : BIOS.obj (.text:ti_sysbios_heaps_HeapBuf_alloc__E)
                  0000ae58    00000164     ipc.aem4 : Ipc.obj (.text:sendMessage$8)

.const.10 
*          0    0000afbc    00000004     
                  0000afbc    00000004     ping_tasks_pem4.oem4 (.const:ti_sdo_utils_MultiProc_A_invalidProcName__C)

.text.11   0    0000afc0    0000015c     
                  0000afc0    0000015c     sysbios.aem4 : BIOS.obj (.text:ti_sysbios_family_arm_m3_Hwi_Module_startup__E)

.const.11 
*          0    0000b11c    00000004     
                  0000b11c    00000004     ping_tasks_pem4.oem4 (.const:ti_sdo_utils_MultiProc_Module__diagsEnabled__C)

.text.12   0    0000b120    00000154     
                  0000b120    00000154     sysbios.aem4 : BIOS.obj (.text:ti_sysbios_family_arm_m3_Hwi_excUsageFault__I)

.const.12 
*          0    0000b274    00000004     
                  0000b274    00000004     ping_tasks_pem4.oem4 (.const:ti_sdo_utils_MultiProc_Module__diagsIncluded__C)

.text.13   0    0000b278    0000014c     
                  0000b278    0000014c     sysbios.aem4 : BIOS.obj (.text:ti_sysbios_family_shared_vayu_IntXbar_connect__E)

.const.13 
*          0    0000b3c4    00000004     
                  0000b3c4    00000004     ping_tasks_pem4.oem4 (.const:ti_sdo_utils_MultiProc_Module__diagsMask__C)

.text.14   0    0000b3c8    00000144     
                  0000b3c8    00000144     ipc.aem4 : Ipc.obj (.text:ti_sdo_ipc_family_vayu_InterruptIpu_intRegister__E)

.const.14 
*          0    0000b50c    00000004     
                  0000b50c    00000004     ping_tasks_pem4.oem4 (.const:ti_sdo_utils_MultiProc_nameList__C)

.text.15   0    0000b510    00000144     
                  0000b510    00000144     sysbios.aem4 : BIOS.obj (.text:ti_sysbios_knl_Semaphore_post__E)

.const.15 
*          0    0000b654    00000004     
                  0000b654    00000004     ping_tasks_pem4.oem4 (.const:ti_sysbios_BIOS_installedErrorHook__C)

.text.16   0    0000b658    0000027c     
                  0000b658    00000140     sysbios.aem4 : BIOS.obj (.text:ti_sysbios_knl_Clock_workFunc__E)
                  0000b798    0000013c                  : BIOS.obj (.text:ti_sysbios_family_arm_m3_Hwi_dispatchC__I)

.const.16 
*          0    0000b8d4    00000004     
                  0000b8d4    00000004     ping_tasks_pem4.oem4 (.const:ti_sysbios_family_arm_ducati_Core_core1HwiStackSize__C)

.text.17   0    0000b8d8    0000013c     
                  0000b8d8    0000013c     sysbios.aem4 : BIOS.obj (.text:ti_sysbios_heaps_HeapMem_Instance_init__E)

.const.17 
*          0    0000ba14    00000004     
                  0000ba14    00000004     ping_tasks_pem4.oem4 (.const:ti_sysbios_family_arm_ducati_Core_gate__C)

.text.18   0    0000ba18    000003a4     
                  0000ba18    00000138     sysbios.aem4 : BIOS.obj (.text:ti_sysbios_family_arm_m3_Hwi_excMemFault__I)
                  0000bb50    00000136     rtsv7M4_T_le_eabi.lib : fd_div_t2.obj (.text)
                  0000bc86    00000002     --HOLE-- [fill = 0]
                  0000bc88    00000134     ipc.aem4 : Ipc.obj (.text:ti_sdo_ipc_family_vayu_InterruptIpu_intSend__E)

.const.18 
*          0    0000bdbc    00000004     
                  0000bdbc    00000004     ping_tasks_pem4.oem4 (.const:ti_sysbios_family_arm_ducati_Core_ipuId__C)

.text.19   0    0000bdc0    0000023c     
                  0000bdc0    00000120     sysbios.aem4 : BIOS.obj (.text:ti_sysbios_timers_dmtimer_Timer_deviceConfig__I)
                  0000bee0    0000011c     ipc.aem4 : Ipc.obj (.text:VirtQueue_kick)

.const.19 
*          0    0000bffc    00000004     
                  0000bffc    00000004     ping_tasks_pem4.oem4 (.const:ti_sysbios_family_arm_ducati_GateSmp_A_nestedEnter__C)

.text.20   0    0000c000    00000234     
                  0000c000    0000011c     sysbios.aem4 : BIOS.obj (.text:ti_sysbios_hal_unicache_Cache_inv__E)
                  0000c11c    00000118     ti.targets.arm.rtsarm.aem4 : Error.oem4 (.text:xdc_runtime_Error_policyDefault__E)

.const.20 
*          0    0000c234    00000004     
                  0000c234    00000004     ping_tasks_pem4.oem4 (.const:ti_sysbios_family_arm_ducati_GateSmp_Module__diagsEnabled__C)

.text.21   0    0000c238    0000043c     
                  0000c238    00000110     ipc.aem4 : Ipc.obj (.text:callback_availBufReady$9)
                  0000c348    00000110     ping_tasks.oem4 (.text:copyTaskFxn)
                  0000c458    00000110     rtsv7M4_T_le_eabi.lib : xdscale.obj (.text)
                  0000c568    0000010c     ipc.aem4 : Ipc.obj (.text:IpcMgr_rpmsgStartup)

.const.21 
*          0    0000c674    00000004     
                  0000c674    00000004     ping_tasks_pem4.oem4 (.const:ti_sysbios_family_arm_ducati_GateSmp_Module__diagsIncluded__C)

.text.22   0    0000c678    00000404     
                  0000c678    00000108     ipc.aem4 : Ipc.obj (.text:ti_sdo_ipc_family_vayu_InterruptIpu_intClear__E)
                  0000c780    00000100     sysbios.aem4 : BIOS.obj (.text:ti_sysbios_knl_Swi_Instance_init__E)
                  0000c880    00000100     ti.targets.arm.rtsarm.aem4 : Core-mem.oem4 (.text:xdc_runtime_Core_createObject__I)
                  0000c980    000000fc     rtsv7M4_T_le_eabi.lib : fd_mul_t2.obj (.text)

.const.22 
*          0    0000ca7c    00000004     
                  0000ca7c    00000004     ping_tasks_pem4.oem4 (.const:ti_sysbios_family_arm_ducati_GateSmp_Module__diagsMask__C)

.text.23   0    0000ca80    00000764     
                  0000ca80    000000f8     sysbios.aem4 : BIOS.obj (.text:ti_sysbios_family_arm_ducati_Core_core1Startup__I)
                  0000cb78    000000f8                  : BIOS.obj (.text:ti_sysbios_knl_Swi_post__E)
                  0000cc70    000000f8                  : BIOS.obj (.text:ti_sysbios_knl_Task_postInit__I)
                  0000cd68    000000f8     ti.targets.arm.rtsarm.aem4 : Log.oem4 (.text:xdc_runtime_Log_doPrint__E)
                  0000ce60    000000f8                                : Startup.oem4 (.text:xdc_runtime_Startup_startMods__I)
                  0000cf58    000000e8     ti.deh_vayu_smp.aem4 : StackDbg.oem4 (.text:ti_deh_StackDbg_walkStack__F)
                  0000d040    000000d4     sysbios.aem4 : BIOS.obj (.text:ti_sysbios_family_arm_ducati_Core_atexit__I)
                  0000d114    000000d0                  : m3_Hwi_asm.obj (.text:ti_sysbios_family_arm_m3_Hwi_dispatch__I)

.const.23 
*          0    0000d1e4    00000004     
                  0000d1e4    00000004     ping_tasks_pem4.oem4 (.const:ti_sysbios_family_arm_ducati_Timer_startupNeeded__C)

.text.24   0    0000d1e8    0000019c     
                  0000d1e8    000000d0     sysbios.aem4 : BIOS.obj (.text:ti_sysbios_knl_Task_unblockI__E)
                  0000d2b8    000000cc     ti.targets.arm.rtsarm.aem4 : Core-smem.oem4 (.text:xdc_runtime_Core_constructObject__I)

.const.24 
*          0    0000d384    00000004     
                  0000d384    00000004     ping_tasks_pem4.oem4 (.const:ti_sysbios_family_arm_ducati_smp_Power_gate__C)

.text.25   0    0000d388    00000314     
                  0000d388    000000c8     sysbios.aem4 : BIOS.obj (.text:ti_sysbios_timers_dmtimer_Timer_setPeriodMicroSecs__E)
                  0000d450    000000c4     ipc.aem4 : Ipc.obj (.text:MultiProc_getId)
                  0000d514    000000c4     ping_tasks_pem4.oem4 (.text:ti_sysbios_BIOS_rtsUnlock__I)
                  0000d5d8    000000c4     sysbios.aem4 : BIOS.obj (.text:ti_sysbios_knl_Task_exit__E)

.const.25 
*          0    0000d69c    00000004     
                  0000d69c    00000004     ping_tasks_pem4.oem4 (.const:ti_sysbios_family_arm_ducati_smp_Power_postSuspendHooks__A)

.text.26   0    0000d6a0    000003b4     
                  0000d6a0    000000c0     sysbios.aem4 : BIOS.obj (.text:ti_sysbios_family_arm_m3_Hwi_initNVIC__E)
                  0000d760    000000c0                  : BIOS.obj (.text:ti_sysbios_gates_GateMutex_enter__E)
                  0000d820    000000be     ti.deh_vayu_smp.aem4 : Deh.oem4 (.text:printStackEntry)
                  0000d8de    000000be     rtsv7M4_T_le_eabi.lib : xdnorm.obj (.text)
                  0000d99c    000000b8     ti.deh_vayu_smp.aem4 : StackDbg.oem4 (.text:__decode_bl32)

.const.26 
*          0    0000da54    00000004     
                  0000da54    00000004     ping_tasks_pem4.oem4 (.const:ti_sysbios_family_arm_ducati_smp_Power_preSuspendHooks__A)

.text.27   0    0000da58    000000b4     
                  0000da58    000000b4     sysbios.aem4 : BIOS.obj (.text:ti_sysbios_family_arm_m3_Hwi_excDebugMon__I)

.const.27 
*          0    0000db0c    00000004     
                  0000db0c    00000004     ping_tasks_pem4.oem4 (.const:ti_sysbios_family_arm_ducati_smp_Power_sdmaRegs__C)

.text.28   0    0000db10    000000b4     
                  0000db10    000000b4     sysbios.aem4 : BIOS.obj (.text:ti_sysbios_family_arm_m3_Hwi_excHardFault__I)

.const.28 
*          0    0000dbc4    00000004     
                  0000dbc4    00000004     ping_tasks_pem4.oem4 (.const:ti_sysbios_family_arm_ducati_smp_Power_semCore0__C)

.text.29   0    0000dbc8    000000b4     
                  0000dbc8    000000b4     sysbios.aem4 : BIOS.obj (.text:ti_sysbios_family_shared_vayu_IntXbar_initXbarRegs__I)

.const.29 
*          0    0000dc7c    00000004     
                  0000dc7c    00000004     ping_tasks_pem4.oem4 (.const:ti_sysbios_family_arm_ducati_smp_Power_semCore1__C)

.text.30   0    0000dc80    000000b4     
                  0000dc80    000000b4     sysbios.aem4 : BIOS.obj (.text:ti_sysbios_knl_Task_checkStacks__E)

.const.30 
*          0    0000dd34    00000004     
                  0000dd34    00000004     ping_tasks_pem4.oem4 (.const:ti_sysbios_family_arm_m3_Hwi_E_NMI__C)

.text.31   0    0000dd38    00000154     
                  0000dd38    000000ac     sysbios.aem4 : BIOS.obj (.text:ti_sysbios_family_arm_ducati_GateSmp_enter__E)
                  0000dde4    000000a8     ti.deh_vayu_smp.aem4 : Deh.oem4 (.text:dump_hex)

.const.31 
*          0    0000de8c    00000004     
                  0000de8c    00000004     ping_tasks_pem4.oem4 (.const:ti_sysbios_family_arm_m3_Hwi_E_alreadyDefined__C)

.text.32   0    0000de90    00000144     
                  0000de90    000000a4     sysbios.aem4 : BIOS.obj (.text:ti_sysbios_family_arm_ducati_GateSmp_sync__E)
                  0000df34    000000a0     auto_init.aem4 : auto_init.oem4 (.text)

.const.32 
*          0    0000dfd4    00000004     
                  0000dfd4    00000004     ping_tasks_pem4.oem4 (.const:ti_sysbios_family_arm_m3_Hwi_E_busFault__C)

.text.33   0    0000dfd8    00000454     
                  0000dfd8    000000a0     ipc.aem4 : Ipc.obj (.text:ti_sdo_ipc_family_vayu_NotifySetup_dispatchIsr__I)
                  0000e078    000000a0     sysbios.aem4 : BIOS.obj (.text:ti_sysbios_knl_Swi_Instance_finalize__E)
                  0000e118    000000a0                  : BIOS.obj (.text:ti_sysbios_knl_Task_Module_startup__E)
                  0000e1b8    000000a0     ti.targets.arm.rtsarm.aem4 : Text.oem4 (.text:xdc_runtime_Text_putMod__E)
                  0000e258    0000009c     ipc.aem4 : Ipc.obj (.text:MultiProc_getName)
                  0000e2f4    0000009c     rtsv7M4_T_le_eabi.lib : memcpy_t2.obj (.text)
                  0000e390    0000009c     ipc.aem4 : Ipc.obj (.text:ti_sdo_ipc_family_vayu_NotifySetup_plugHwi__F)

.const.33 
*          0    0000e42c    00000004     
                  0000e42c    00000004     ping_tasks_pem4.oem4 (.const:ti_sysbios_family_arm_m3_Hwi_E_debugMon__C)

.text.34   0    0000e430    00000264     
                  0000e430    0000009c     sysbios.aem4 : BIOS.obj (.text:ti_sysbios_knl_Semaphore_Instance_init__E)
                  0000e4cc    0000009a     ti.targets.arm.rtsarm.aem4 : Text.oem4 (.text:xdc_runtime_Text_putSite__E)
                  0000e566    00000002     --HOLE-- [fill = 0]
                  0000e568    00000098     ipc.aem4 : Ipc.obj (.text:ti_sdo_ipc_family_vayu_InterruptIpu_intEnable__E)
                  0000e600    00000094     sysbios.aem4 : BIOS.obj (.text:ti_sysbios_family_arm_m3_Hwi_Instance_init__E)

.const.34 
*          0    0000e694    00000004     
                  0000e694    00000004     ping_tasks_pem4.oem4 (.const:ti_sysbios_family_arm_m3_Hwi_E_hardFault__C)

.text.35   0    0000e698    00000094     
                  0000e698    00000094     sysbios.aem4 : BIOS.obj (.text:ti_sysbios_knl_Task_blockI__E)

.const.35 
*          0    0000e72c    00000004     
                  0000e72c    00000004     ping_tasks_pem4.oem4 (.const:ti_sysbios_family_arm_m3_Hwi_E_memFault__C)

.text.36   0    0000e730    0000019c     
                  0000e730    00000090     sysbios.aem4 : BIOS.obj (.text:ti_sysbios_timers_dmtimer_Timer_start__E)
                  0000e7c0    00000086     rtsv7M4_T_le_eabi.lib : fd_cmp_t2.obj (.text:__aeabi_cdcmple)
                  0000e846    00000086                           : fd_cmp_t2.obj (.text:__aeabi_cdrcmple)

.const.36 
*          0    0000e8cc    00000004     
                  0000e8cc    00000004     ping_tasks_pem4.oem4 (.const:ti_sysbios_family_arm_m3_Hwi_E_noIsr__C)

.text.37   0    0000e8d0    000004e4     
                  0000e8d0    00000080     sysbios.aem4 : BIOS.obj (.text:ti_sysbios_family_shared_vayu_IntXbar_initIntXbar__I)
                  0000e950    00000080                  : BIOS.obj (.text:ti_sysbios_knl_Swi_Module_startup__E)
                  0000e9d0    0000007a     rtsv7M4_T_le_eabi.lib : memset_t2.obj (.text)
                  0000ea4a    00000006     ti.targets.arm.rtsarm.aem4 : xdc_noinit.oem4 (.text:__xdc__init)
                  0000ea50    00000070     sysbios.aem4 : BIOS.obj (.text:ti_sysbios_family_arm_m3_Hwi_disableInterrupt__E)
                  0000eac0    00000070                  : BIOS.obj (.text:ti_sysbios_family_arm_m3_Hwi_enableInterrupt__E)
                  0000eb30    0000006e     ti.deh_vayu_smp.aem4 : Watchdog.oem4 (.text:initTimer)
                  0000eb9e    00000002     --HOLE-- [fill = 0]
                  0000eba0    0000006c     sysbios.aem4 : BIOS.obj (.text:ti_sysbios_family_arm_ducati_Timer_Module_startup__E)
                  0000ec0c    0000006c     ti.targets.arm.rtsarm.aem4 : Error.oem4 (.text:xdc_runtime_Error_print__E)
                  0000ec78    0000006c                                : Memory.oem4 (.text:xdc_runtime_Memory_alloc__E)
                  0000ece4    00000068     ping_tasks_pem4.oem4 (.text:ti_sysbios_family_arm_m3_Hwi_create)
                  0000ed4c    00000068     ping_tasks_pem4.oem4 (.text:ti_sysbios_heaps_HeapBuf_Object__create__S)

.const.37 
*          0    0000edb4    00000004     
                  0000edb4    00000004     ping_tasks_pem4.oem4 (.const:ti_sysbios_family_arm_m3_Hwi_E_reserved__C)

.text.38   0    0000edb8    00000504     
                  0000edb8    00000068     sysbios.aem4 : BIOS.obj (.text:ti_sysbios_knl_Swi_restoreHwi__E)
                  0000ee20    00000068                  : BIOS.obj (.text:ti_sysbios_timers_dmtimer_Timer_getHandle__E)
                  0000ee88    00000068                  : BIOS.obj (.text:ti_sysbios_timers_dmtimer_Timer_initDevice__I)
                  0000eef0    00000066     rtsv7M4_T_le_eabi.lib : xdunscal.obj (.text)
                  0000ef56    00000066     ti.targets.arm.rtsarm.aem4 : Core-mem.oem4 (.text:xdc_runtime_Core_deleteObject__I)
                  0000efbc    00000064     ping_tasks_pem4.oem4 (.text:ti_sysbios_knl_Swi_create)
                  0000f020    00000064     ping_tasks_pem4.oem4 (.text:ti_sysbios_knl_Task_create)
                  0000f084    00000064     ti.targets.arm.rtsarm.aem4 : System.oem4 (.text:xdc_runtime_System_formatNum__I)
                  0000f0e8    00000060     rtsv7M4_T_le_eabi.lib : sprintf.obj (.text)
                  0000f148    00000060     sysbios.aem4 : BIOS.obj (.text:ti_sysbios_knl_Clock_logTick__E)
                  0000f1a8    0000005c     ping_tasks.oem4 (.text:start_ping_tasks)
                  0000f204    0000005c     ti.deh_vayu_smp.aem4 : Watchdog.oem4 (.text:ti_deh_Watchdog_restore__I)
                  0000f260    0000005c     sysbios.aem4 : BIOS.obj (.text:ti_sysbios_family_arm_ducati_smp_Power_taskFxnCore1__I)

.const.38 
*          0    0000f2bc    00000004     
                  0000f2bc    00000004     ping_tasks_pem4.oem4 (.const:ti_sysbios_family_arm_m3_Hwi_E_svCall__C)

.text.39   0    0000f2c0    0000005c     
                  0000f2c0    0000005c     sysbios.aem4 : BIOS.obj (.text:ti_sysbios_family_arm_m3_Hwi_postInit__I)

.const.39 
*          0    0000f31c    00000004     
                  0000f31c    00000004     ping_tasks_pem4.oem4 (.const:ti_sysbios_family_arm_m3_Hwi_E_usageFault__C)

.text.40   0    0000f320    00000113     
                  0000f320    0000005c     sysbios.aem4 : BIOS.obj (.text:ti_sysbios_knl_Swi_schedule__I)
                  0000f37c    0000005c     ti.targets.arm.rtsarm.aem4 : Registry.oem4 (.text:xdc_runtime_Registry_addModule__E)
                  0000f3d8    0000005b                                : Text.oem4 (.text:xdc_runtime_Text_putLab__E)

.const.40 
*          0    0000f434    00000004     
                  0000f434    00000004     ping_tasks_pem4.oem4 (.const:ti_sysbios_family_arm_m3_Hwi_LD_end__C)

.text.41   0    0000f438    0000015c     
                  0000f438    00000058     sysbios.aem4 : BIOS.obj (.text:ti_sysbios_family_arm_ducati_smp_Power_taskFxnCore0__I)
                  0000f490    00000058                  : BIOS.obj (.text:ti_sysbios_knl_Swi_postInit__I)
                  0000f4e8    00000056     rtsv7M4_T_le_eabi.lib : ltoa.obj (.text)
                  0000f53e    00000002     --HOLE-- [fill = 0]
                  0000f540    00000054     sysbios.aem4 : BIOS.obj (.text:ti_sysbios_family_arm_m3_Hwi_getCoreStackInfo__E)

.const.41 
*          0    0000f594    00000004     
                  0000f594    00000004     ping_tasks_pem4.oem4 (.const:ti_sysbios_family_arm_m3_Hwi_LM_begin__C)

.text.42   0    0000f598    00000054     
                  0000f598    00000054     sysbios.aem4 : BIOS.obj (.text:ti_sysbios_heaps_HeapBuf_Module_startup__E)

.const.42 
*          0    0000f5ec    00000004     
                  0000f5ec    00000004     ping_tasks_pem4.oem4 (.const:ti_sysbios_family_arm_m3_Hwi_Module__diagsEnabled__C)

.text.43   0    0000f5f0    000003bc     
                  0000f5f0    00000054     sysbios.aem4 : BIOS.obj (.text:ti_sysbios_timers_dmtimer_Timer_Module_startup__E)
                  0000f644    00000054     ti.targets.arm.rtsarm.aem4 : Assert.oem4 (.text:xdc_runtime_Assert_raise__I)
                  0000f698    00000050     sysbios.aem4 : BIOS.obj (.text:ti_sysbios_family_arm_m3_Hwi_enableFxn__E)
                  0000f6e8    00000050                  : BIOS.obj (.text:ti_sysbios_family_arm_m3_Hwi_restoreFxn__E)
                  0000f738    00000050                  : BIOS.obj (.text:ti_sysbios_family_arm_m3_Hwi_setPriority__E)
                  0000f788    00000050                  : BIOS.obj (.text:ti_sysbios_knl_Task_allBlockedFunction__I)
                  0000f7d8    00000050     ti.targets.arm.rtsarm.aem4 : Startup.oem4 (.text:xdc_runtime_Startup_exec__E)
                  0000f828    00000050                                : Text.oem4 (.text:xdc_runtime_Text_visitRope2__I)
                  0000f878    0000004f     ipc.aem4 : Ipc.obj (.text:NameMap_register)
                  0000f8c7    00000001     --HOLE-- [fill = 0]
                  0000f8c8    0000004c     rtsv7M4_T_le_eabi.lib : atoi.obj (.text)
                  0000f914    0000004c                           : cpy_tbl.obj (.text)
                  0000f960    0000004c     ti.deh_vayu_smp.aem4 : Watchdog.oem4 (.text:ti_deh_Watchdog_start__I)

.const.43 
*          0    0000f9ac    00000004     
                  0000f9ac    00000004     ping_tasks_pem4.oem4 (.const:ti_sysbios_family_arm_m3_Hwi_Module__diagsIncluded__C)

.text.44   0    0000f9b0    0000004c     
                  0000f9b0    0000004c     ipc.aem4 : Ipc.obj (.text:ti_sdo_ipc_family_vayu_InterruptIpu_intShmDucatiStub__I)

.const.44 
*          0    0000f9fc    00000004     
                  0000f9fc    00000004     ping_tasks_pem4.oem4 (.const:ti_sysbios_family_arm_m3_Hwi_Module__diagsMask__C)

.text.45   0    0000fa00    000000e4     
                  0000fa00    0000004c     sysbios.aem4 : BIOS.obj (.text:ti_sysbios_family_arm_ducati_TimestampProvider_Module_startup__E)
                  0000fa4c    0000004c                  : m3_TaskSupport_asm.obj (.text:ti_sysbios_family_arm_m3_TaskSupport_buildTaskStack)
                  0000fa98    0000004c                  : BIOS.obj (.text:ti_sysbios_heaps_HeapMem_getStats__E)

.const.45 
*          0    0000fae4    00000004     
                  0000fae4    00000004     ping_tasks_pem4.oem4 (.const:ti_sysbios_family_arm_m3_Hwi_Module__loggerFxn1__C)

.text.46   0    0000fae8    0000004c     
                  0000fae8    0000004c     sysbios.aem4 : BIOS.obj (.text:ti_sysbios_knl_Swi_restore__E)

.const.46 
*          0    0000fb34    00000004     
                  0000fb34    00000004     ping_tasks_pem4.oem4 (.const:ti_sysbios_family_arm_m3_Hwi_Module__loggerFxn8__C)

.text.47   0    0000fb38    000002cc     
                  0000fb38    0000004c     sysbios.aem4 : BIOS.obj (.text:ti_sysbios_knl_Swi_runLoop__I)
                  0000fb84    0000004a     ti.targets.arm.rtsarm.aem4 : LoggerSys.oem4 (.text:xdc_runtime_LoggerSys_write8__E)
                  0000fbce    00000048     rtsv7M4_T_le_eabi.lib : fd_toi_t2.obj (.text)
                  0000fc16    00000002     --HOLE-- [fill = 0]
                  0000fc18    00000048     ti.deh_vayu_smp.aem4 : Watchdog.oem4 (.text:ti_deh_Watchdog_isException__F)
                  0000fc60    00000048     sysbios.aem4 : BIOS.obj (.text:ti_sysbios_family_arm_m3_Hwi_excReserved__I)
                  0000fca8    00000048                  : m3_Hwi_asm_switch.obj (.text:ti_sysbios_family_arm_m3_Hwi_initStacks__E)
                  0000fcf0    00000046     rtsv7M4_T_le_eabi.lib : ldexp.obj (.text)
                  0000fd36    00000046     ti.targets.arm.rtsarm.aem4 : Core-params.oem4 (.text:xdc_runtime_Core_assignParams__I)
                  0000fd7c    00000044     boot.aem4 : boot.oem4 (.text)
                  0000fdc0    00000044     rtsv7M4_T_le_eabi.lib : exit.obj (.text)

.const.47 
*          0    0000fe04    00000004     
                  0000fe04    00000004     ping_tasks_pem4.oem4 (.const:ti_sysbios_family_arm_m3_Hwi_Module__loggerObj__C)

.text.48   0    0000fe08    00000044     
                  0000fe08    00000044     sysbios.aem4 : BIOS.obj (.text:ti_sysbios_family_arm_ducati_Timer_start__E)

.const.48 
*          0    0000fe4c    00000004     
                  0000fe4c    00000004     ping_tasks_pem4.oem4 (.const:ti_sysbios_family_arm_m3_Hwi_NUM_INTERRUPTS__C)

.text.49   0    0000fe50    00000044     
                  0000fe50    00000044     sysbios.aem4 : BIOS.obj (.text:ti_sysbios_family_arm_ducati_TimestampProvider_get32__E)

.const.49 
*          0    0000fe94    00000004     
                  0000fe94    00000004     ping_tasks_pem4.oem4 (.const:ti_sysbios_family_arm_m3_Hwi_Object__count__C)

.text.50   0    0000fe98    00000044     
                  0000fe98    00000044     sysbios.aem4 : BIOS.obj (.text:ti_sysbios_family_arm_ducati_Wugen_enableInterrupt__E)

.const.50 
*          0    0000fedc    00000004     
                  0000fedc    00000004     ping_tasks_pem4.oem4 (.const:ti_sysbios_family_arm_m3_Hwi_Object__table__C)

.text.51   0    0000fee0    00000044     
                  0000fee0    00000044     sysbios.aem4 : BIOS.obj (.text:ti_sysbios_knl_Idle_run__E)

.const.51 
*          0    0000ff24    00000004     
                  0000ff24    00000004     ping_tasks_pem4.oem4 (.const:ti_sysbios_family_arm_m3_Hwi_ccr__C)

.text.52   0    0000ff28    0000018c     
                  0000ff28    00000044     sysbios.aem4 : BIOS.obj (.text:ti_sysbios_timers_dmtimer_Timer_startup__E)
                  0000ff6c    00000044     ti.targets.arm.rtsarm.aem4 : Error.oem4 (.text:xdc_runtime_Error_setX__E)
                  0000ffb0    00000044                                : Text.oem4 (.text:xdc_runtime_Text_xprintf__I)
                  0000fff4    00000040     ti.pm_smp_vayu.aem4 : IpcPower.oem4 (.text:IpcPower_idle)
                  00010034    00000040     rtsv7M4_T_le_eabi.lib : signal.obj (.text)
                  00010074    00000040                           : u_divt2.obj (.text)

.const.52 
*          0    000100b4    00000004     
                  000100b4    00000004     ping_tasks_pem4.oem4 (.const:ti_sysbios_family_arm_m3_Hwi_disablePriority__C)

.text.53   0    000100b8    00000434     
                  000100b8    00000040     sysbios.aem4 : BIOS.obj (.text:ti_sysbios_family_arm_ducati_Core_unlock__E)
                  000100f8    00000040     ping_tasks_pem4.oem4 (.text:ti_sysbios_family_arm_ducati_GateSmp_Object__create__S)
                  00010138    00000040     ping_tasks_pem4.oem4 (.text:ti_sysbios_family_arm_m3_Hwi_Object__get__S)
                  00010178    00000040     ping_tasks_pem4.oem4 (.text:ti_sysbios_gates_GateHwi_Object__create__S)
                  000101b8    00000040     ping_tasks_pem4.oem4 (.text:ti_sysbios_gates_GateMutex_Object__create__S)
                  000101f8    00000040     sysbios.aem4 : BIOS.obj (.text:ti_sysbios_hal_unicache_Cache_seizeRegs__I)
                  00010238    00000040     ping_tasks_pem4.oem4 (.text:ti_sysbios_heaps_HeapBuf_Object__get__S)
                  00010278    00000040     ping_tasks_pem4.oem4 (.text:ti_sysbios_heaps_HeapMem_Object__create__S)
                  000102b8    00000040     ping_tasks_pem4.oem4 (.text:ti_sysbios_heaps_HeapMem_Object__get__S)
                  000102f8    00000040     ping_tasks_pem4.oem4 (.text:ti_sysbios_knl_Semaphore_create)
                  00010338    00000040     ping_tasks_pem4.oem4 (.text:ti_sysbios_knl_Swi_Object__get__S)
                  00010378    00000040     ping_tasks_pem4.oem4 (.text:ti_sysbios_knl_Task_Object__get__S)
                  000103b8    00000040     sysbios.aem4 : BIOS.obj (.text:ti_sysbios_knl_Task_processVitalTaskFlag__I)
                  000103f8    00000040     ping_tasks_pem4.oem4 (.text:xdc_runtime_LoggerSys_Object__create__S)
                  00010438    0000003c     ti.pm_smp_vayu.aem4 : IpcPower.oem4 (.text:IpcPower_callUserFxns)
                  00010474    0000003c     ti.deh_vayu_smp.aem4 : Watchdog.oem4 (.text:ti_deh_Watchdog_stop__I)
                  000104b0    0000003c     ping_tasks_pem4.oem4 (.text:ti_sdo_utils_List_create)

.const.53 
*          0    000104ec    00000004     
                  000104ec    00000004     ping_tasks_pem4.oem4 (.const:ti_sysbios_family_arm_m3_Hwi_excHandlerFunc__C)

.text.54   0    000104f0    0000003c     
                  000104f0    0000003c     sysbios.aem4 : BIOS.obj (.text:ti_sysbios_family_arm_ducati_Timer_initDevice__I)

.const.54 
*          0    0001052c    00000004     
                  0001052c    00000004     ping_tasks_pem4.oem4 (.const:ti_sysbios_family_arm_m3_Hwi_nullIsrFunc__C)

.text.55   0    00010530    0000003c     
                  00010530    0000003c     sysbios.aem4 : BIOS.obj (.text:ti_sysbios_family_arm_m3_Hwi_excSvCall__I)

.const.55 
*          0    0001056c    00000004     
                  0001056c    00000004     ping_tasks_pem4.oem4 (.const:ti_sysbios_family_arm_m3_Hwi_priGroup__C)

.text.56   0    00010570    000000b4     
                  00010570    0000003c     sysbios.aem4 : BIOS.obj (.text:ti_sysbios_family_arm_m3_TaskSupport_start__E)
                  000105ac    0000003c     ping_tasks_pem4.oem4 (.text:ti_sysbios_gates_GateHwi_create)
                  000105e8    0000003c     sysbios.aem4 : BIOS.obj (.text:ti_sysbios_hal_Hwi_checkStack)

.const.56 
*          0    00010624    00000004     
                  00010624    00000004     ping_tasks_pem4.oem4 (.const:ti_sysbios_family_arm_m3_TaskSupport_stackAlignment__C)

.text.57   0    00010628    0000003c     
                  00010628    0000003c     sysbios.aem4 : BIOS.obj (.text:ti_sysbios_heaps_HeapBuf_postInit__I)

.const.57 
*          0    00010664    00000004     
                  00010664    00000004     ping_tasks_pem4.oem4 (.const:ti_sysbios_family_shared_vayu_IntXbar_A_badBenelliIpuId__C)

.text.58   0    00010668    0000003c     
                  00010668    0000003c     sysbios.aem4 : BIOS.obj (.text:ti_sysbios_heaps_HeapMem_init__I)

.const.58 
*          0    000106a4    00000004     
                  000106a4    00000004     ping_tasks_pem4.oem4 (.const:ti_sysbios_family_shared_vayu_IntXbar_A_badBenelliXbarInstanceNum__C)

.text.59   0    000106a8    0000003c     
                  000106a8    0000003c     sysbios.aem4 : BIOS.obj (.text:ti_sysbios_knl_Semaphore_pendTimeout__I)

.const.59 
*          0    000106e4    00000004     
                  000106e4    00000004     ping_tasks_pem4.oem4 (.const:ti_sysbios_family_shared_vayu_IntXbar_A_badIntSourceIdx__C)

.text.60   0    000106e8    0000042c     
                  000106e8    0000003c     sysbios.aem4 : BIOS.obj (.text:ti_sysbios_knl_Task_restore__E)
                  00010724    0000003c     ping_tasks_pem4.oem4 (.text:ti_sysbios_timers_dmtimer_Timer_Object__get__S)
                  00010760    0000003c     sysbios.aem4 : BIOS.obj (.text:ti_sysbios_timers_dmtimer_Timer_stop__E)
                  0001079c    0000003c     ti.trace_smp.aem4 : SysMin.oem4 (.text:ti_trace_SysMin_abort__E)
                  000107d8    00000038                       : SysMin.oem4 (.text:SysMin_output)
                  00010810    00000038     ti.deh_vayu_smp.aem4 : Watchdog.oem4 (.text:ti_deh_Watchdog_kick__I)
                  00010848    00000038     ping_tasks_pem4.oem4 (.text:ti_ipc_remoteproc_Resource_init__I)
                  00010880    00000038     sysbios.aem4 : BIOS.obj (.text:ti_sysbios_family_arm_ducati_TimestampProvider_get64__E)
                  000108b8    00000038                  : BIOS.obj (.text:ti_sysbios_family_arm_m3_Hwi_excNoIsr__I)
                  000108f0    00000038                  : BIOS.obj (.text:ti_sysbios_hal_Hwi_initStack)
                  00010928    00000038                  : BIOS.obj (.text:ti_sysbios_hal_unicache_Cache_invAll__E)
                  00010960    00000038                  : BIOS.obj (.text:ti_sysbios_hal_unicache_Cache_wbAll__E)
                  00010998    00000038     ping_tasks_pem4.oem4 (.text:ti_sysbios_knl_Clock_doTick__I)
                  000109d0    00000038     ping_tasks_pem4.oem4 (.text:ti_sysbios_knl_Queue_Object__get__S)
                  00010a08    00000038     sysbios.aem4 : BIOS.obj (.text:ti_sysbios_timers_dmtimer_Timer_postInit__I)
                  00010a40    00000038     ti.targets.arm.rtsarm.aem4 : System.oem4 (.text:xdc_runtime_System_atexit__E)
                  00010a78    00000034     ping_tasks_main.oem4 (.text:main)
                  00010aac    00000034     rtsv7M4_T_le_eabi.lib : feraiseexcept.obj (.text)
                  00010ae0    00000034     sysbios.aem4 : BIOS.obj (.text:ti_sysbios_family_arm_m3_Hwi_excNmi__I)

.const.60 
*          0    00010b14    00000004     
                  00010b14    00000004     ping_tasks_pem4.oem4 (.const:ti_sysbios_family_shared_vayu_IntXbar_Module__diagsEnabled__C)

.text.61   0    00010b18    0000009c     
                  00010b18    00000034     sysbios.aem4 : BIOS.obj (.text:ti_sysbios_heaps_HeapBuf_getStats__E)
                  00010b4c    00000034     ping_tasks_pem4.oem4 (.text:ti_sysbios_knl_Semaphore_construct)
                  00010b80    00000034     sysbios.aem4 : BIOS.obj (.text:ti_sysbios_knl_Swi_restoreSMP__I)

.const.61 
*          0    00010bb4    00000004     
                  00010bb4    00000004     ping_tasks_pem4.oem4 (.const:ti_sysbios_family_shared_vayu_IntXbar_Module__diagsIncluded__C)

.text.62   0    00010bb8    000004ec     
                  00010bb8    00000034     sysbios.aem4 : BIOS.obj (.text:ti_sysbios_knl_Task_restoreHwi__E)
                  00010bec    00000034     ti.targets.arm.rtsarm.aem4 : Core-label.oem4 (.text:xdc_runtime_Core_assignLabel__I)
                  00010c20    00000033                                : Text.oem4 (.text:xdc_runtime_Text_printVisFxn__I)
                  00010c53    00000001     --HOLE-- [fill = 0]
                  00010c54    00000032     sysbios.aem4 : smp_Power_saveCpu.obj (.text:ti_sysbios_family_arm_ducati_smp_Power)
                  00010c86    00000030     rtsv7M4_T_le_eabi.lib : strncpy.obj (.text)
                  00010cb6    00000002     --HOLE-- [fill = 0]
                  00010cb8    00000030                           : xferaise.obj (.text)
                  00010ce8    00000030     ping_tasks_pem4.oem4 (.text:ti_sysbios_BIOS_atExitFunc__I)
                  00010d18    00000030     ping_tasks_pem4.oem4 (.text:ti_sysbios_BIOS_errorRaiseHook__I)
                  00010d48    00000030     ping_tasks_pem4.oem4 (.text:ti_sysbios_BIOS_rtsLock__I)
                  00010d78    00000030     sysbios.aem4 : BIOS.obj (.text:ti_sysbios_family_arm_ducati_Core_startCore1__I)
                  00010da8    00000030                  : BIOS.obj (.text:ti_sysbios_family_arm_ducati_Timer_startup__E)
                  00010dd8    00000030     ping_tasks_pem4.oem4 (.text:ti_sysbios_knl_Queue_construct)
                  00010e08    00000030     sysbios.aem4 : BIOS.obj (.text:ti_sysbios_knl_Task_self__E)
                  00010e38    00000030     ti.targets.arm.rtsarm.aem4 : System.oem4 (.text:xdc_runtime_System_processAtExit__E)
                  00010e68    0000002e     rtsv7M4_T_le_eabi.lib : i_tofd_t2.obj (.text)
                  00010e96    0000002e                           : raise.obj (.text)
                  00010ec4    0000002c     ti.pm_smp_vayu.aem4 : IpcPower.oem4 (.text:IpcPower_postResume)
                  00010ef0    0000002c     ti.deh_vayu_smp.aem4 : StackDbg.oem4 (.text:decode_bl32)
                  00010f1c    0000002c     ping_tasks_pem4.oem4 (.text:ti_sysbios_BIOS_startFunc__I)
                  00010f48    0000002c     sysbios.aem4 : BIOS.obj (.text:ti_sysbios_family_arm_m3_Hwi_Instance_finalize__E)
                  00010f74    0000002c     ping_tasks_pem4.oem4 (.text:ti_sysbios_family_arm_m3_Hwi_Params__init__S)
                  00010fa0    0000002c     ping_tasks_pem4.oem4 (.text:ti_sysbios_gates_GateHwi_Params__init__S)
                  00010fcc    0000002c     ping_tasks_pem4.oem4 (.text:ti_sysbios_knl_Semaphore_Params__init__S)
                  00010ff8    0000002c     ping_tasks_pem4.oem4 (.text:ti_sysbios_knl_Task_Params__init__S)
                  00011024    0000002c     ti.targets.arm.rtsarm.aem4 : Text.oem4 (.text:xdc_runtime_Text_cordText__E)
                  00011050    0000002a     rtsv7M4_T_le_eabi.lib : xdclass.obj (.text)
                  0001107a    0000002a     ti.targets.arm.rtsarm.aem4 : System.oem4 (.text:xdc_runtime_System_putchar__I)

.const.62 
*          0    000110a4    00000004     
                  000110a4    00000004     ping_tasks_pem4.oem4 (.const:ti_sysbios_family_shared_vayu_IntXbar_Module__diagsMask__C)

.text.63   0    000110a8    0000028c     
                  000110a8    00000028     sysbios.aem4 : BIOS.obj (.text:ti_sysbios_family_arm_ducati_TimestampProvider_getFreq__E)
                  000110d0    00000028     ping_tasks_pem4.oem4 (.text:ti_sysbios_gates_GateMutex_Object__delete__S)
                  000110f8    00000028     ping_tasks_pem4.oem4 (.text:ti_sysbios_heaps_HeapBuf_Object__delete__S)
                  00011120    00000028     sysbios.aem4 : BIOS.obj (.text:ti_sysbios_knl_Clock_addI__E)
                  00011148    00000028                  : BIOS.obj (.text:ti_sysbios_knl_Queue_put__E)
                  00011170    00000028     ping_tasks_pem4.oem4 (.text:ti_sysbios_knl_Semaphore_Object__delete__S)
                  00011198    00000028     ti.trace_smp.aem4 : SysMin.oem4 (.text:ti_trace_SysMin_Module_startup__E)
                  000111c0    00000028     ping_tasks_pem4.oem4 (.text:xdc_runtime_System_aprintf__E)
                  000111e8    00000028     ping_tasks_pem4.oem4 (.text:xdc_runtime_System_printf__E)
                  00011210    00000026     ti.targets.arm.rtsarm.aem4 : System.oem4 (.text:xdc_runtime_System_avprintf__E)
                  00011236    00000024     ti.deh_vayu_smp.aem4 : Watchdog.oem4 (.text:ti_deh_Watchdog_taskSwitch__F)
                  0001125a    00000002     --HOLE-- [fill = 0]
                  0001125c    00000024     ping_tasks_pem4.oem4 (.text:ti_sdo_utils_List_Object__delete__S)
                  00011280    00000024     ping_tasks_pem4.oem4 (.text:ti_sysbios_BIOS_registerRTSLock__I)
                  000112a4    00000024     ping_tasks_pem4.oem4 (.text:ti_sysbios_family_arm_ducati_GateSmp_Object__delete__S)
                  000112c8    00000024     sysbios.aem4 : m3_Hwi_asm.obj (.text:ti_sysbios_family_arm_m3_Hwi_pendSV__I)
                  000112ec    00000024     ping_tasks_pem4.oem4 (.text:ti_sysbios_gates_GateHwi_Object__delete__S)
                  00011310    00000024     ping_tasks_pem4.oem4 (.text:ti_sysbios_heaps_HeapMem_Object__delete__S)

.const.63 
*          0    00011334    00000004     
                  00011334    00000004     ping_tasks_pem4.oem4 (.const:ti_sysbios_family_shared_vayu_IntXbar_mmrBaseAddr__C)

.text.64   0    00011338    00000024     
                  00011338    00000024     sysbios.aem4 : BIOS.obj (.text:ti_sysbios_knl_Queue_get__E)

.const.64 
*          0    0001135c    00000004     
                  0001135c    00000004     ping_tasks_pem4.oem4 (.const:ti_sysbios_gates_GateMutex_A_badContext__C)

.text.65   0    00011360    0000006c     
                  00011360    00000024     sysbios.aem4 : BIOS.obj (.text:ti_sysbios_knl_Swi_disable__E)
                  00011384    00000024     ping_tasks_pem4.oem4 (.text:ti_sysbios_knl_Task_Handle__label__S)
                  000113a8    00000024     sysbios.aem4 : BIOS.obj (.text:ti_sysbios_knl_Task_disable__E)

.const.65 
*          0    000113cc    00000004     
                  000113cc    00000004     ping_tasks_pem4.oem4 (.const:ti_sysbios_gates_GateMutex_Instance_State_sem__O)

.text.66   0    000113d0    0000049c     
                  000113d0    00000024     sysbios.aem4 : BIOS.obj (.text:ti_sysbios_timers_dmtimer_Timer_stub__E)
                  000113f4    00000024     ping_tasks_pem4.oem4 (.text:xdc_runtime_LoggerSys_Object__delete__S)
                  00011418    00000024     ti.targets.arm.rtsarm.aem4 : LoggerSys.oem4 (.text:xdc_runtime_LoggerSys_write4__E)
                  0001143c    00000024                                : System.oem4 (.text:xdc_runtime_System_vprintf__E)
                  00011460    00000022     rtsv7M4_T_le_eabi.lib : frexp.obj (.text)
                  00011482    00000022     ping_tasks_pem4.oem4 (.text:ti_deh_StackDbg_walkStack__E)
                  000114a4    00000022     ti.deh_vayu_smp.aem4 : Watchdog.oem4 (.text:ti_deh_Watchdog_swiPrehook__F)
                  000114c6    00000022     ping_tasks_pem4.oem4 (.text:ti_sysbios_family_arm_ducati_GateSmp_Handle__label__S)
                  000114e8    00000022     ping_tasks_pem4.oem4 (.text:ti_sysbios_gates_GateHwi_Handle__label__S)
                  0001150a    00000022     ping_tasks_pem4.oem4 (.text:ti_sysbios_gates_GateMutex_Handle__label__S)
                  0001152c    00000022     ping_tasks_pem4.oem4 (.text:ti_sysbios_heaps_HeapBuf_Handle__label__S)
                  0001154e    00000022     ping_tasks_pem4.oem4 (.text:ti_sysbios_heaps_HeapMem_Handle__label__S)
                  00011570    00000022     ping_tasks_pem4.oem4 (.text:ti_sysbios_knl_Swi_Handle__label__S)
                  00011592    00000022     ping_tasks_pem4.oem4 (.text:xdc_runtime_LoggerSys_Handle__label__S)
                  000115b4    00000022     ti.targets.arm.rtsarm.aem4 : Registry.oem4 (.text:xdc_runtime_Registry_findByNameInList__I)
                  000115d6    00000002     --HOLE-- [fill = 0]
                  000115d8    00000020     ti.deh_vayu_smp.aem4 : Deh.oem4 (.text:ti_deh_Deh_Module_startup__E)
                  000115f8    00000020                          : Watchdog.oem4 (.text:ti_deh_Watchdog_idleBegin__F)
                  00011618    00000020     ping_tasks_pem4.oem4 (.text:ti_sysbios_BIOS_removeRTSLock__I)
                  00011638    00000020     sysbios.aem4 : BIOS.obj (.text:ti_sysbios_family_arm_ducati_Timer_setPeriod__E)
                  00011658    00000020                  : BIOS.obj (.text:ti_sysbios_family_arm_ducati_Timer_stop__E)
                  00011678    00000020                  : m3_Hwi_asm.obj (.text:ti_sysbios_family_arm_m3_Hwi_excHandlerAsm__I)
                  00011698    00000020     ping_tasks_pem4.oem4 (.text:ti_sysbios_hal_Cache_CacheProxy_inv__E)
                  000116b8    00000020     ping_tasks_pem4.oem4 (.text:ti_sysbios_knl_Semaphore_Object__destruct__S)
                  000116d8    00000020     sysbios.aem4 : BIOS.obj (.text:ti_sysbios_timers_dmtimer_Timer_getFreq__E)
                  000116f8    00000020     ti.trace_smp.aem4 : SysMin.oem4 (.text:ti_trace_SysMin_exit__E)
                  00011718    00000020     ping_tasks_pem4.oem4 (.text:xdc_runtime_IHeap_alloc)
                  00011738    00000020     ti.targets.arm.rtsarm.aem4 : LoggerSys.oem4 (.text:xdc_runtime_LoggerSys_write2__E)
                  00011758    00000020                                : Registry.oem4 (.text:xdc_runtime_Registry_findById__E)
                  00011778    00000020     ping_tasks_pem4.oem4 (.text:xdc_runtime_Text_visitRope__I)
                  00011798    0000001e     sysbios.aem4 : m3_Hwi_asm_switch.obj (.text:ti_sysbios_family_xxx_Hwi_switchAndRunFunc)
                  000117b6    0000001e     ping_tasks_pem4.oem4 (.text:ti_sysbios_knl_Task_SupportProxy_start__E)
                  000117d4    0000001e     ti.targets.arm.rtsarm.aem4 : LoggerSys.oem4 (.text:xdc_runtime_LoggerSys_write0__E)
                  000117f2    0000001e                                : LoggerSys.oem4 (.text:xdc_runtime_LoggerSys_write1__E)
                  00011810    0000001e     ping_tasks_pem4.oem4 (.text:xdc_runtime_Memory_HeapProxy_alloc__E)
                  0001182e    0000001c     rtsv7M4_T_le_eabi.lib : memccpy.obj (.text)
                  0001184a    00000006     ti.targets.arm.rtsarm.aem4 : LoggerSys.oem4 (.text:xdc_runtime_LoggerSys_Instance_init__E)
                  00011850    0000001c     ipc.aem4 : Ipc.obj (.text:ti_ipc_family_vayu_VirtQueue_cacheWb)

.const.66 
*          0    0001186c    00000004     
                  0001186c    00000004     ping_tasks_pem4.oem4 (.const:ti_sysbios_gates_GateMutex_Module__diagsEnabled__C)

.text.67   0    00011870    0000001c     
                  00011870    0000001c     ipc.aem4 : Ipc.obj (.text:ti_sdo_ipc_family_vayu_InterruptIpu_intShmMbxStub__I)

.const.67 
*          0    0001188c    00000004     
                  0001188c    00000004     ping_tasks_pem4.oem4 (.const:ti_sysbios_gates_GateMutex_Module__diagsIncluded__C)

.text.68   0    00011890    0000008c     
                  00011890    0000001c     sysbios.aem4 : BIOS.obj (.text:ti_sysbios_family_arm_ducati_GateSmp_leave__E)
                  000118ac    0000001c     ping_tasks_pem4.oem4 (.text:ti_sysbios_family_arm_ducati_Timer_Module__startupDone__F)
                  000118c8    0000001c     ping_tasks_pem4.oem4 (.text:ti_sysbios_family_arm_ducati_Wugen_Module__startupDone__F)
                  000118e4    0000001c     ping_tasks_pem4.oem4 (.text:ti_sysbios_family_arm_m3_Hwi_Module__startupDone__F)
                  00011900    0000001c     ping_tasks_pem4.oem4 (.text:ti_sysbios_family_shared_vayu_TimerSupport_Module__startupDone__F)

.const.68 
*          0    0001191c    00000004     
                  0001191c    00000004     ping_tasks_pem4.oem4 (.const:ti_sysbios_gates_GateMutex_Module__diagsMask__C)

.text.69   0    00011920    00000294     
                  00011920    0000001c     sysbios.aem4 : BIOS.obj (.text:ti_sysbios_gates_GateMutex_Instance_init__E)
                  0001193c    0000001c     ping_tasks_pem4.oem4 (.text:ti_sysbios_knl_Queue_Object__destruct__S)
                  00011958    0000001c     ping_tasks_pem4.oem4 (.text:ti_sysbios_timers_dmtimer_Timer_Module__startupDone__F)
                  00011974    0000001c     ti.targets.arm.rtsarm.aem4 : Error.oem4 (.text:xdc_runtime_Error_raiseX__E)
                  00011990    0000001c                                : Memory.oem4 (.text:xdc_runtime_Memory_valloc__E)
                  000119ac    0000001c     ping_tasks_pem4.oem4 (.text:xdc_runtime_Startup_exec__I)
                  000119c8    0000001c     ti.targets.arm.rtsarm.aem4 : System.oem4 (.text:xdc_runtime_System_abort__E)
                  000119e4    0000001a     ping_tasks_pem4.oem4 (.text:xdc_runtime_IHeap_free)
                  000119fe    00000002     --HOLE-- [fill = 0]
                  00011a00    00000018     ti.pm_smp_vayu.aem4 : IpcPower.oem4 (.text:IpcPower_preSuspend)
                  00011a18    00000018     rtsv7M4_T_le_eabi.lib : args_main.obj (.text)
                  00011a30    00000018                           : strcmp.obj (.text)
                  00011a48    00000018     ping_tasks_pem4.oem4 (.text:ti_sdo_ipc_family_vayu_NotifySetup_plugHwi__E)
                  00011a60    00000018     sysbios.aem4 : BIOS.obj (.text:ti_sysbios_BIOS_setThreadType__E)
                  00011a78    00000018                  : BIOS.obj (.text:ti_sysbios_gates_GateMutex_leave__E)
                  00011a90    00000018     ping_tasks_pem4.oem4 (.text:ti_sysbios_hal_Hwi_HwiProxy_getCoreStackInfo__E)
                  00011aa8    00000018     sysbios.aem4 : BIOS.obj (.text:ti_sysbios_knl_Task_enter__I)
                  00011ac0    00000018     ti.targets.arm.rtsarm.aem4 : Error.oem4 (.text:xdc_runtime_Error_check__E)
                  00011ad8    00000018                                : System.oem4 (.text:xdc_runtime_System_exit__E)
                  00011af0    00000018                                : Text.oem4 (.text:xdc_runtime_Text_ropeText__E)
                  00011b08    00000016     rtsv7M4_T_le_eabi.lib : strchr.obj (.text)
                  00011b1e    00000016     ping_tasks_pem4.oem4 (.text:ti_sysbios_BIOS_exitFunc__I)
                  00011b34    00000016     ti.deh_vayu_smp.aem4 : Watchdog.oem4 (.text:ti_sysbios_family_arm_m3_Hwi_Params_init)
                  00011b4a    00000016                          : Deh.oem4 (.text:ti_sysbios_knl_Swi_Handle_name)
                  00011b60    00000016                          : Deh.oem4 (.text:ti_sysbios_knl_Task_Handle_name)
                  00011b76    00000016     ping_tasks.oem4 (.text:ti_sysbios_knl_Task_Params_init)
                  00011b8c    00000014     rtsv7M4_T_le_eabi.lib : _lock.obj (.text)
                  00011ba0    00000014                           : strlen.obj (.text)

.const.69 
*          0    00011bb4    00000004     
                  00011bb4    00000004     ping_tasks_pem4.oem4 (.const:ti_sysbios_hal_Hwi_E_stackOverflow__C)

.text.70   0    00011bb8    00000014     
                  00011bb8    00000014     sysbios.aem4 : BIOS.obj (.text:ti_sysbios_BIOS_getThreadType__E)

.const.70 
*          0    00011bcc    00000004     
                  00011bcc    00000004     ping_tasks_pem4.oem4 (.const:ti_sysbios_hal_ammu_AMMU_numLargePages__C)

.text.71   0    00011bd0    00000014     
                  00011bd0    00000014     sysbios.aem4 : BIOS.obj (.text:ti_sysbios_family_arm_ducati_Core_Module_startup__E)

.const.71 
*          0    00011be4    00000004     
                  00011be4    00000004     ping_tasks_pem4.oem4 (.const:ti_sysbios_hal_ammu_AMMU_numLinePages__C)

.text.72   0    00011be8    0000003c     
                  00011be8    00000014     sysbios.aem4 : BIOS.obj (.text:ti_sysbios_family_arm_m3_Hwi_switchFromBootStack__E)
                  00011bfc    00000014     ping_tasks_pem4.oem4 (.text:ti_sysbios_knl_Clock_Module_State_clockQ)
                  00011c10    00000014     ping_tasks_pem4.oem4 (.text:xdc_runtime_Memory_HeapProxy_free__E)

.const.72 
*          0    00011c24    00000004     
                  00011c24    00000004     ping_tasks_pem4.oem4 (.const:ti_sysbios_hal_ammu_AMMU_numMediumPages__C)

.text.73   0    00011c28    0000002a     
                  00011c28    00000012     sysbios.aem4 : BIOS.obj (.text:ti_sysbios_family_shared_vayu_TimerSupport_Module_startup__E)
                  00011c3a    00000006     ti.targets.arm.rtsarm.aem4 : System.oem4 (.text:xdc_runtime_System_Module_startup__E)
                  00011c40    00000012     sysbios.aem4 : BIOS.obj (.text:ti_sysbios_hal_Hwi_Module_startup__E)

.const.73 
*          0    00011c54    00000004     
                  00011c54    00000004     ping_tasks_pem4.oem4 (.const:ti_sysbios_hal_ammu_AMMU_numSmallPages__C)

.text.74   0    00011c58    00000012     
                  00011c58    00000012     sysbios.aem4 : BIOS.obj (.text:ti_sysbios_hal_Timer_Module_startup__E)

.const.74 
*          0    00011c6c    00000004     
                  00011c6c    00000004     ping_tasks_pem4.oem4 (.const:ti_sysbios_hal_unicache_Cache_Module__gateObj__C)

.text.75   0    00011c70    00000044     
                  00011c70    00000012     sysbios.aem4 : BIOS.obj (.text:ti_sysbios_knl_Clock_Module_startup__E)
                  00011c82    00000012     ti.targets.arm.rtsarm.aem4 : System.oem4 (.text:xdc_runtime_System_putch__E)
                  00011c94    00000010     ping_tasks_pem4.oem4 (.text:ti_deh_Deh_excHandler__E)
                  00011ca4    00000010     ping_tasks_pem4.oem4 (.text:ti_deh_Watchdog_taskSwitch__E)

.const.75 
*          0    00011cb4    00000004     
                  00011cb4    00000004     ping_tasks_pem4.oem4 (.const:ti_sysbios_hal_unicache_Cache_l1ocpConfig__C)

.text.76   0    00011cb8    000001dc     
                  00011cb8    00000010     ipc.aem4 : Ipc.obj (.text:ti_sdo_ipc_family_vayu_NotifySetup_interruptTable__F)
                  00011cc8    00000010     ping_tasks_pem4.oem4 (.text:ti_sysbios_BIOS_RtsGateProxy_leave__E)
                  00011cd8    00000010     sysbios.aem4 : BIOS.obj (.text:ti_sysbios_BIOS_start__E)
                  00011ce8    00000010                  : BIOS.obj (.text:ti_sysbios_family_arm_m3_Hwi_excHandler__I)
                  00011cf8    00000010                  : m3_TaskSupport_asm.obj (.text:ti_sysbios_family_arm_m3_TaskSupport_glue)
                  00011d08    00000010                  : m3_TaskSupport_asm.obj (.text:ti_sysbios_family_arm_m3_TaskSupport_swap__E)
                  00011d18    00000010                  : BIOS.obj (.text:ti_sysbios_gates_GateMutex_Instance_finalize__E)
                  00011d28    00000010     ping_tasks_pem4.oem4 (.text:ti_sysbios_hal_unicache_Cache_Module_GateProxy_leave__E)
                  00011d38    00000010     sysbios.aem4 : BIOS.obj (.text:ti_sysbios_heaps_HeapBuf_Instance_finalize__E)
                  00011d48    00000010     ping_tasks_pem4.oem4 (.text:ti_sysbios_heaps_HeapMem_Module_GateProxy_leave__E)
                  00011d58    00000010     sysbios.aem4 : BIOS.obj (.text:ti_sysbios_knl_Semaphore_Instance_finalize__E)
                  00011d68    00000010     ping_tasks_pem4.oem4 (.text:ti_sysbios_knl_Task_SupportProxy_checkStack__E)
                  00011d78    00000010     ping_tasks_pem4.oem4 (.text:ti_sysbios_knl_Task_SupportProxy_swap__E)
                  00011d88    00000010     ti.deh_vayu_smp.aem4 : Watchdog.oem4 (.text:ti_sysbios_timers_dmtimer_Timer_Object_get)
                  00011d98    00000010     ping_tasks_pem4.oem4 (.text:ti_sysbios_timers_dmtimer_Timer_TimerSupportProxy_enable__E)
                  00011da8    00000010     ti.trace_smp.aem4 : SysMin.oem4 (.text:ti_trace_SysMin_ready__E)
                  00011db8    00000010     ti.targets.arm.rtsarm.aem4 : Gate.oem4 (.text:xdc_runtime_Gate_leaveSystem__E)
                  00011dc8    00000010                                : Memory.oem4 (.text:xdc_runtime_Memory_free__E)
                  00011dd8    00000010     ping_tasks_pem4.oem4 (.text:xdc_runtime_System_Module_GateProxy_leave__E)
                  00011de8    00000010     ping_tasks_pem4.oem4 (.text:xdc_runtime_System_SupportProxy_putch__E)
                  00011df8    00000010     ti.targets.arm.rtsarm.aem4 : System.oem4 (.text:xdc_runtime_System_vsnprintf__E)
                  00011e08    0000000e     rtsv7M4_T_le_eabi.lib : copy_decompress_none.obj (.text:decompress:none)
                  00011e16    00000002     --HOLE-- [fill = 0]
                  00011e18    0000000e     sysbios.aem4 : BIOS.obj (.text:ti_sysbios_family_arm_ducati_GateSmp_Instance_init__E)
                  00011e26    00000002     --HOLE-- [fill = 0]
                  00011e28    0000000e                  : BIOS.obj (.text:ti_sysbios_family_shared_vayu_TimerSupport_enable__E)
                  00011e36    00000002     --HOLE-- [fill = 0]
                  00011e38    0000000e                  : BIOS.obj (.text:ti_sysbios_knl_Idle_loop__E)
                  00011e46    00000002     --HOLE-- [fill = 0]
                  00011e48    0000000e                  : BIOS.obj (.text:ti_sysbios_knl_Queue_empty__E)
                  00011e56    00000002     --HOLE-- [fill = 0]
                  00011e58    0000000c     ipc.aem4 : Ipc.obj (.text:MultiProc_self)
                  00011e64    0000000c     rtsv7M4_T_le_eabi.lib : copy_zero_init.obj (.text:decompress:ZI)
                  00011e70    0000000c     ping_tasks_pem4.oem4 (.text:ti_deh_Watchdog_init__E)
                  00011e7c    0000000c     ping_tasks_pem4.oem4 (.text:ti_deh_Watchdog_isException__E)
                  00011e88    0000000c     ping_tasks_pem4.oem4 (.text:ti_deh_Watchdog_swiPrehook__E)

.const.76 
*          0    00011e94    00000004     
                  00011e94    00000004     ping_tasks_pem4.oem4 (.const:ti_sysbios_hal_unicache_Cache_l1secConfig__C)

.text.77   0    00011e98    0000003c     
                  00011e98    0000000c     ipc.aem4 : Ipc.obj (.text:ti_ipc_remoteproc_Resource_Module_startup__E)
                  00011ea4    0000000c     ping_tasks_pem4.oem4 (.text:ti_sdo_ipc_family_vayu_NotifySetup_interruptTable__E)
                  00011eb0    0000000c     ping_tasks_pem4.oem4 (.text:ti_sdo_utils_List_delete)
                  00011ebc    0000000c     ping_tasks_pem4.oem4 (.text:ti_sysbios_BIOS_RtsGateProxy_enter__E)
                  00011ec8    0000000c     sysbios.aem4 : BIOS.obj (.text:ti_sysbios_family_arm_ducati_Core_getId__E)

.const.77 
*          0    00011ed4    00000004     
                  00011ed4    00000004     ping_tasks_pem4.oem4 (.const:ti_sysbios_hal_unicache_Cache_l2ocpConfig__C)

.text.78   0    00011ed8    0000000c     
                  00011ed8    0000000c     sysbios.aem4 : BIOS.obj (.text:ti_sysbios_family_arm_m3_Hwi_disableFxn__E)

.const.78 
*          0    00011ee4    00000004     
                  00011ee4    00000004     ping_tasks_pem4.oem4 (.const:ti_sysbios_hal_unicache_Cache_l2secConfig__C)

.text.79   0    00011ee8    0000000c     
                  00011ee8    0000000c     sysbios.aem4 : BIOS.obj (.text:ti_sysbios_family_arm_m3_TaskSupport_checkStack__E)

.const.79 
*          0    00011ef4    00000004     
[...]
00015c5c  xdc_runtime_Assert_E_assertFailed__C                                    
00015c60  xdc_runtime_Core_A_initializedParams__C                                 
00015c64  xdc_runtime_Core_Module__diagsEnabled__C                                
00015c68  xdc_runtime_Core_Module__diagsIncluded__C                               
00015c6c  xdc_runtime_Core_Module__diagsMask__C                                   
00015c70  xdc_runtime_Error_E_generic__C                                          
00015c74  xdc_runtime_Error_E_memory__C                                           
00015c78  xdc_runtime_Error_Module__diagsEnabled__C                               
00015c7c  xdc_runtime_Error_Module__diagsIncluded__C                              
00015c80  xdc_runtime_Error_Module__diagsMask__C                                  
00015c84  xdc_runtime_Error_Module__loggerFxn8__C                                 
00015c88  xdc_runtime_Error_Module__loggerObj__C                                  
00015c8c  xdc_runtime_Error_policyFxn__C                                          
00015c90  xdc_runtime_Error_raiseHook__C                                          
00015c94  xdc_runtime_IGateProvider_Interface__BASE__C                            
00015c98  xdc_runtime_IHeap_Interface__BASE__C                                    
00015c9c  xdc_runtime_ILogger_Interface__BASE__C                                  
00015ca0  xdc_runtime_IModule_Interface__BASE__C                                  
00015ca4  xdc_runtime_Log_L_error__C                                              
00015ca8  xdc_runtime_Main_Module__diagsEnabled__C                                
00015cac  xdc_runtime_Main_Module__diagsIncluded__C                               
00015cb0  xdc_runtime_Main_Module__diagsMask__C                                   
00015cb4  xdc_runtime_Main_Module__loggerFxn1__C                                  
00015cb8  xdc_runtime_Main_Module__loggerFxn2__C                                  
00015cbc  xdc_runtime_Main_Module__loggerObj__C                                   
00015cc0  xdc_runtime_Memory_defaultHeapInstance__C                               
00015cc4  xdc_runtime_Registry_Module__diagsEnabled__C                            
00015cc8  xdc_runtime_Registry_Module__diagsIncluded__C                           
00015ccc  xdc_runtime_Registry_Module__diagsMask__C                               
00015cd0  xdc_runtime_Registry_Module__loggerFxn1__C                              
00015cd4  xdc_runtime_Registry_Module__loggerFxn2__C                              
00015cd8  xdc_runtime_Registry_Module__loggerFxn4__C                              
00015cdc  xdc_runtime_Registry_Module__loggerFxn8__C                              
00015ce0  xdc_runtime_Registry_Module__loggerObj__C                               
00015ce4  xdc_runtime_Startup_execImpl__C                                         
00015ce8  xdc_runtime_Startup_maxPasses__C                                        
00015cec  xdc_runtime_Startup_sfxnRts__C                                          
00015cf0  xdc_runtime_Startup_sfxnTab__C                                          
00015cf4  xdc_runtime_Startup_startModsFxn__C                                     
00015cf8  xdc_runtime_System_Module__gateObj__C                                   
00015cfc  xdc_runtime_System_abortFxn__C                                          
00015d00  xdc_runtime_System_exitFxn__C                                           
00015d04  xdc_runtime_System_extendFxn__C                                         
00015d08  xdc_runtime_System_maxAtexitHandlers__C                                 
00015d0c  xdc_runtime_Text_charTab__C                                             
00015d10  xdc_runtime_Text_nameEmpty__C                                           
00015d14  xdc_runtime_Text_nameStatic__C                                          
00015d18  xdc_runtime_Text_nameUnknown__C                                         
00015d1c  xdc_runtime_Text_nodeTab__C                                             
00015d20  xdc_runtime_Text_visitRopeFxn__C                                        
00015d24  ti_sdo_utils_MultiProc_numProcessors__C                                 
00015d26  ti_sdo_utils_MultiProc_numProcsInCluster__C                             
00015d28  ti_sysbios_BIOS_smpEnabled__C                                           
00015d2a  ti_sysbios_BIOS_swiEnabled__C                                           
00015d2c  ti_sysbios_BIOS_taskEnabled__C                                          
00015d2e  ti_sysbios_family_arm_ducati_Core_syncExits__C                          
00015d30  ti_sysbios_family_arm_ducati_GateSmp_Module__id__C                      
00015d32  ti_sysbios_family_arm_m3_Hwi_Module__id__C                              
00015d34  ti_sysbios_family_arm_m3_Hwi_Module__loggerDefined__C                   
00015d36  ti_sysbios_family_shared_vayu_IntXbar_Module__id__C                     
00015d38  ti_sysbios_gates_GateMutex_Module__id__C                                
00015d3a  ti_sysbios_hal_Hwi_Module__id__C                                        
00015d3c  ti_sysbios_hal_ammu_AMMU_configureAmmu__C                               
00015d3e  ti_sysbios_hal_unicache_Cache_configureCache__C                         
00015d40  ti_sysbios_hal_unicache_Cache_enableCache__C                            
00015d42  ti_sysbios_hal_unicache_Cache_l2CacheSupported__C                       
00015d44  ti_sysbios_heaps_HeapBuf_Module__id__C                                  
00015d46  ti_sysbios_heaps_HeapBuf_trackMaxAllocs__C                              
00015d48  ti_sysbios_heaps_HeapMem_Module__id__C                                  
00015d4a  ti_sysbios_knl_Clock_Module__id__C                                      
00015d4c  ti_sysbios_knl_Clock_Module__loggerDefined__C                           
00015d4e  ti_sysbios_knl_Semaphore_Module__id__C                                  
00015d50  ti_sysbios_knl_Semaphore_Module__loggerDefined__C                       
00015d52  ti_sysbios_knl_Swi_Module__id__C                                        
00015d54  ti_sysbios_knl_Swi_Module__loggerDefined__C                             
00015d56  ti_sysbios_knl_Task_Module__id__C                                       
00015d58  ti_sysbios_knl_Task_Module__loggerDefined__C                            
00015d5a  ti_sysbios_knl_Task_initStackFlag__C                                    
00015d5c  ti_sysbios_timers_dmtimer_Timer_Module__id__C                           
00015d5e  ti_sysbios_timers_dmtimer_Timer_checkFrequency__C                       
00015d60  ti_sysbios_timers_dmtimer_Timer_startupNeeded__C                        
00015d62  ti_trace_SysMin_flushAtExit__C                                          
00015d64  xdc_runtime_Core_Module__id__C                                          
00015d66  xdc_runtime_Error_Module__loggerDefined__C                              
00015d68  xdc_runtime_Error_maxDepth__C                                           
00015d6a  xdc_runtime_Main_Module__id__C                                          
00015d6c  xdc_runtime_Main_Module__loggerDefined__C                               
00015d6e  xdc_runtime_Memory_Module__id__C                                        
00015d70  xdc_runtime_Registry_Module__loggerDefined__C                           
00015d72  xdc_runtime_Text_charCnt__C                                             
00015d74  xdc_runtime_Text_isLoaded__C                                            
00015d76  xdc_runtime_Text_registryModsLastId__C                                  
00015d78  xdc_runtime_Text_unnamedModsLastId__C                                   
00015d80  __TI_static_base__                                                      
000170a8  __TI_Handler_Table_Base                                                 
000170b0  __TI_CINIT_Base                                                         
000170b0  __TI_Handler_Table_Limit                                                
000170d8  __TI_CINIT_Limit                                                        
40000000  ti_sysbios_hal_unicache_Cache_cache                                     
40000400  ti_sysbios_family_arm_ducati_CTM_ctm                                    
40000800  ti_sysbios_hal_ammu_AMMU_mmu                                            
80000000  ti_sysbios_heaps_HeapBuf_Instance_State_0_buf__A                        
80040000  ti_sysbios_heaps_HeapMem_Instance_State_0_buf__A                        
80060000  ti_sysbios_knl_Task_Instance_State_0_stack__A                           
80060800  ti_sysbios_knl_Task_Instance_State_1_stack__A                           
80061000  ti_sysbios_knl_Task_Instance_State_2_stack__A                           
80061800  ti_sysbios_knl_Task_Instance_State_3_stack__A                           
80062000  ti_sysbios_family_arm_ducati_Core_Module_State_0_core1HwiStack__A       
80063000  ti_sysbios_family_arm_m3_Hwi_vnvic                                      
80064000  ti_sysbios_family_arm_m3_Hwi_dispatchTable                              
80064148  ti_sysbios_knl_Swi_Instance_State_0_hookEnv__A                          
8006414c  ti_sysbios_knl_Task_Instance_State_0_hookEnv__A                         
80064150  ti_sysbios_knl_Task_Instance_State_1_hookEnv__A                         
80064154  ti_sysbios_knl_Task_Instance_State_2_hookEnv__A                         
80064158  ti_sysbios_knl_Task_Instance_State_3_hookEnv__A                         
80064178  ti_ipc_family_vayu__Desc                                                
80064184  intInfo                                                                 
80064190  ti_ipc_rpmsg_RPMessage__Desc                                            
800645b4  xdc_runtime_Diags_dictElems                                             
800645c4  ti_deh_Deh_Module__state__V                                             
800645d0  ti_deh_StackDbg_Module__state__V                                        
800645d8  ti_deh_Watchdog_Module_State_0_device__A                                
800645f8  ti_deh_Watchdog_Module_State_0_status__A                                
800645fc  ti_deh_Watchdog_Module__state__V                                        
80064608  ti_ipc_remoteproc_Resource_Module__state__V                             
8006460c  ti_sdo_ipc_family_vayu_NotifySetup_Module_State_0_numPlugged__A         
8006462c  ti_sdo_utils_List_Module__root__V                                       
80064634  ti_sdo_utils_MultiProc_Module_State_0_clusterProcList__A                
80064640  ti_sdo_utils_MultiProc_Module__state__V                                 
80064648  ti_sdo_utils_NameServerRemoteNull_Module__root__V                       
80064650  ti_sysbios_BIOS_Module_State_0_smpThreadType__A                         
80064654  ti_sysbios_family_arm_ducati_Core_Module__state__V                      
80064668  ti_sysbios_family_arm_ducati_GateSmp_Module__root__V                    
80064670  ti_sysbios_family_arm_ducati_Timer_Module__root__V                      
80064678  ti_sysbios_family_arm_ducati_Timer_Module__state__V                     
80064684  ti_sysbios_family_arm_ducati_smp_Power_Module__state__V                 
8006469c  ti_sysbios_family_arm_m3_Hwi_Module__root__V                            
800646a4  ti_sysbios_family_arm_m3_Hwi_Module_State_0_excActive__A                
800646a8  ti_sysbios_family_arm_m3_Hwi_Module_State_0_excContext__A               
800646b0  ti_sysbios_family_arm_m3_Hwi_Module_State_0_excStack__A                 
800646b8  ti_sysbios_family_arm_m3_Hwi_Module_State_0_intAffinityMasks_0__A       
800646c0  ti_sysbios_family_arm_m3_Hwi_Module_State_0_intAffinityMasks_1__A       
800646c8  ti_sysbios_family_arm_m3_Hwi_Module_State_0_intAffinityMasks__A         
800646d0  ti_sysbios_family_shared_vayu_IntXbar_Module__state__V                  
800646d4  ti_sysbios_gates_GateHwi_Module__root__V                                
800646dc  ti_sysbios_gates_GateHwi_Object__table__V                               
800646e4  ti_sysbios_gates_GateMutex_Module__root__V                              
800646ec  ti_sysbios_gates_GateMutexPri_Module__root__V                           
800646f4  ti_sysbios_gates_GateSwi_Module__root__V                                
800646fc  ti_sysbios_hal_Hwi_Module__root__V                                      
80064704  ti_sysbios_hal_Hwi_Object__table__V                                     
80064714  ti_sysbios_hal_Timer_Module__root__V                                    
8006471c  ti_sysbios_heaps_HeapBuf_Module__root__V                                
80064724  ti_sysbios_heaps_HeapBuf_Module__state__V                               
80064728  ti_sysbios_heaps_HeapMem_Module__root__V                                
80064730  ti_sysbios_heaps_HeapMem_Object__table__V                               
80064748  ti_sysbios_knl_Clock_Module__root__V                                    
80064750  ti_sysbios_knl_Queue_Module__root__V                                    
80064758  ti_sysbios_knl_Semaphore_Module__root__V                                
80064760  ti_sysbios_knl_Swi_Module__root__V                                      
80064768  ti_sysbios_knl_Swi_Module__state__V                                     
80064784  ti_sysbios_knl_Task_Module__root__V                                     
8006478c  ti_sysbios_knl_Task_Module_State_0_smpCurSet__A                         
80064798  ti_sysbios_knl_Task_Module_State_0_smpCurMask__A                        
800647a0  ti_sysbios_knl_Task_Module_State_0_smpCurTask__A                        
800647a8  ti_sysbios_knl_Task_Module_State_0_smpReadyQ__A                         
800647b4  ti_sysbios_knl_Task_Module_State_0_idleTask__A                          
800647bc  ti_sysbios_timers_dmtimer_Timer_Module__root__V                         
800647c4  ti_sysbios_timers_dmtimer_Timer_Module__state__V                        
800647d8  ti_sysbios_xdcruntime_GateThreadSupport_Module__root__V                 
800647e0  ti_trace_SysMin_Module__state__V                                        
800647f8  xdc_runtime_Error_Module__state__V                                      
800647fc  xdc_runtime_LoggerSys_Module__root__V                                   
80064804  xdc_runtime_LoggerSys_Object__table__V                                  
8006480c  xdc_runtime_Memory_Module__state__V                                     
80064810  xdc_runtime_Registry_Module__root__V                                    
80064814  xdc_runtime_Registry_Module__state__V                                   
8006481c  xdc_runtime_Startup_Module__state__V                                    
80064824  xdc_runtime_System_Module__state__V                                     
8006482c  xdc_runtime_Text_Module__state__V                                       
80064834  __xdc__init__addr                                                       
80064838  ti_trace_SysMin_Module_State_0_lineBuffers__A                           
80064a40  ti_sysbios_knl_Task_Module_State_0_readyQ__A                            
80064bc0  TSK_idle                                                                
80064bc0  ti_sysbios_knl_Task_Object__table__V                                    
80064d00  ti_sysbios_timers_dmtimer_Timer_Module_State_0_device__A                
80064e70  _Denorm                                                                 
80064e80  _Eps                                                                    
80064e90  _Hugeval                                                                
80064ea0  _Inf                                                                    
80064eb0  _Nan                                                                    
80064ec0  _Snan                                                                   
80064ed0  _Rteps                                                                  
80064ee0  _Xbig                                                                   
80064ee8  _Zero                                                                   
80064ef0  ti_sysbios_knl_Swi_Module_State_0_readyQ__A                             
80064f70  ti_sysbios_timers_dmtimer_Timer_Module_State_0_intFreqs__A              
80064ff0  ti_sysbios_family_shared_vayu_IntXbar_Module_State_0_intXbar__A         
80065064  ti_sysbios_timers_dmtimer_Timer_Object__table__V                        
800650c0  ti_sdo_ipc_family_vayu_InterruptIpu_Module__state__V                    
80065118  ti_sdo_ipc_family_vayu_NotifySetup_Module__state__V                     
80065168  ti_sysbios_family_arm_m3_Hwi_Module_State_0_intAffinity__A              
800651b8  ti_sysbios_family_arm_m3_Hwi_Object__table__V                           
80065200  ti_sysbios_knl_Task_Module__state__V                                    
80065244  ti_sysbios_timers_dmtimer_Timer_Module_State_0_handles__A               
80065284  ti_sysbios_family_arm_ducati_GateSmp_Object__table__V                   
800652bc  ti_sysbios_gates_GateMutex_Object__table__V                             
800652f4  ti_sysbios_family_arm_m3_Hwi_Module__state__V                           
80065328  ti_sysbios_knl_Swi_Object__table__V                                     
80065358  ti_sysbios_knl_Clock_Module__state__V                                   
80065384  ti_sysbios_heaps_HeapBuf_Object__table__V                               
800653ac  ti_sysbios_knl_Semaphore_Object__table__V                               
800653d4  ti_sysbios_BIOS_Module__state__V                                        
800653f8  xdc_runtime_System_Module_State_0_atexitHandlers__A                     
8006541c  IpcPower_idleCount                                                      
80065424  IpcPower_suspendCount                                                   
80065428  IpcPower_resumeCount                                                    
8006542c  IpcPower_clockFxn                                                       
80065440  _lock                                                                   
80065444  _unlock                                                                 
80065448  __TI_cleanup_ptr                                                        
8006544c  __TI_dtors_ptr                                                          
80065450  _Fenv                                                                   
80065454  _Tls_setup__Fenv                                                        
80065458  _Errno                                                                  
8006545c  main_func_sp                                                            
80065460  __stack                                                                 
80066460  __STACK_END                                                             
9f000000  ti_trace_SysMin_Module_State_0_outbuf__A                                
9f007ff8  ti_trace_SysMin_Module_State_0_writeidx__A                              
9f007ffc  ti_trace_SysMin_Module_State_0_readidx__A                               
9f060000  ti_deh_Deh_Module_State_0_outbuf__A                                     
9f070000  ti_sysbios_family_arm_ducati_smp_Power_savedContext                     
9f07027c  ti_sysbios_family_arm_ducati_smp_Power_savedRAM                         
e000e000  ti_sysbios_family_arm_m3_Hwi_nvic                                       
ffffffff  __binit__                                                               
ffffffff  __c_args__                                                              
ffffffff  binit                                                                   
UNDEFED   SHT$$INIT_ARRAY$$Base                                                   
UNDEFED   SHT$$INIT_ARRAY$$Limit                                                  

[993 symbols]
